Device: cuda
Loading primer conf60 data ...
  Loaded N=6795 samples, 37 users  (34.6s)

========================================================================
  CONFIG A: Landmark FCNN (facs_28, FA) | scheme=3c | strategy=cv5
  Total folds: 5
========================================================================

[Fold 1/5] test_user=104,107,114,118,207,208,211,97  n_tr=4256 n_val=757 n_te=1782
  → mf1=0.5873  wf1=0.8521  acc=0.8805  (39s)

[Fold 2/5] test_user=109,110,113,116,117,200,206,214  n_tr=4453 n_val=715 n_te=1627
  → mf1=0.6062  wf1=0.8945  acc=0.9096  (51s)

[Fold 3/5] test_user=100,101,106,112,202,209,213  n_tr=4817 n_val=1007 n_te=971
  → mf1=0.6463  wf1=0.8982  acc=0.9083  (118s)

[Fold 4/5] test_user=102,103,205,212,215,216,99  n_tr=4523 n_val=1020 n_te=1252
  → mf1=0.5131  wf1=0.7702  acc=0.7955  (113s)

[Fold 5/5] test_user=108,111,115,197,201,203,210  n_tr=4245 n_val=1387 n_te=1163
  → mf1=0.4577  wf1=0.8633  acc=0.8994  (112s)

[✓] cv5 A done: mf1=0.5621 ± 0.0678 (elapsed 434s)

========================================================================
  CONFIG C: Late Fusion TL (facs_28, FA) | scheme=3c | strategy=cv5
  Total folds: 5
========================================================================

[Fold 1/5] test_user=104,107,114,118,207,208,211,97  n_tr=4256 n_val=757 n_te=1782
  → mf1=0.4572  wf1=0.7675  acc=0.7896  (4134s)

[Fold 2/5] test_user=109,110,113,116,117,200,206,214  n_tr=4453 n_val=715 n_te=1627
  → mf1=0.5725  wf1=0.8775  acc=0.8937  (7859s)

[Fold 3/5] test_user=100,101,106,112,202,209,213  n_tr=4817 n_val=1007 n_te=971
  → mf1=0.6488  wf1=0.8987  acc=0.9053  (5912s)

[Fold 4/5] test_user=102,103,205,212,215,216,99  n_tr=4523 n_val=1020 n_te=1252
  → mf1=0.4841  wf1=0.7590  acc=0.7891  (4318s)

[Fold 5/5] test_user=108,111,115,197,201,203,210  n_tr=4245 n_val=1387 n_te=1163
  → mf1=0.4666  wf1=0.8616  acc=0.8977  (4271s)

[✓] cv5 C done: mf1=0.5259 ± 0.0738 (elapsed 26493s)

========================================================================
  CONFIG D: Landmark CNN1D (FB80, FA) | scheme=7c | strategy=cv5
  Total folds: 5
========================================================================

[Fold 1/5] test_user=104,107,114,118,207,208,211,97  n_tr=4256 n_val=757 n_te=1782
  → mf1=0.1497  wf1=0.7325  acc=0.8154  (36s)

[Fold 2/5] test_user=109,110,113,116,117,200,206,214  n_tr=4453 n_val=715 n_te=1627
  → mf1=0.1312  wf1=0.7803  acc=0.8494  (42s)

[Fold 3/5] test_user=100,101,106,112,202,209,213  n_tr=4817 n_val=1007 n_te=971
  → mf1=0.1330  wf1=0.8113  acc=0.8713  (43s)

[Fold 4/5] test_user=102,103,205,212,215,216,99  n_tr=4523 n_val=1020 n_te=1252
  → mf1=0.1251  wf1=0.6819  acc=0.7788  (39s)

[Fold 5/5] test_user=108,111,115,197,201,203,210  n_tr=4245 n_val=1387 n_te=1163
  → mf1=0.1570  wf1=0.8381  acc=0.8899  (41s)

[✓] cv5 D done: mf1=0.1392 ± 0.0121 (elapsed 201s)

========================================================================
  CONFIG F: Late Fusion TL (raw_136, FA) | scheme=7c | strategy=cv5
  Total folds: 5
========================================================================

[Fold 1/5] test_user=104,107,114,118,207,208,211,97  n_tr=4256 n_val=757 n_te=1782
  → mf1=0.3190  wf1=0.8520  acc=0.8704  (4286s)

[Fold 2/5] test_user=109,110,113,116,117,200,206,214  n_tr=4453 n_val=715 n_te=1627
  → mf1=0.3032  wf1=0.8793  acc=0.8771  (5741s)

[Fold 3/5] test_user=100,101,106,112,202,209,213  n_tr=4817 n_val=1007 n_te=971
  → mf1=0.2623  wf1=0.8864  acc=0.8919  (5536s)

[Fold 4/5] test_user=102,103,205,212,215,216,99  n_tr=4523 n_val=1020 n_te=1252
  → mf1=0.2332  wf1=0.7814  acc=0.7995  (5176s)

[Fold 5/5] test_user=108,111,115,197,201,203,210  n_tr=4245 n_val=1387 n_te=1163
  → mf1=0.3277  wf1=0.8882  acc=0.9080  (4227s)

[✓] cv5 F done: mf1=0.2891 ± 0.0358 (elapsed 24966s)

[✓] cv5 complete. Master summary: /mnt/extended-home/fitra_dosen/2025_iris_fer_taufik/MultimodalEmoLearn/models/frontonly_conf60/robustness/cv5/master_summary.json
