Device: cuda
Loading primer conf60 data ...
  Loaded N=6795 samples, 37 users  (33.3s)

========================================================================
  CONFIG E: Intermediate scratch (facs_28, FA) | scheme=7c | strategy=loso
  Total folds: 37
========================================================================

[Fold 1/37] test_user=100  n_tr=6347 n_val=227 n_te=221
  → mf1=0.5926  wf1=0.9465  acc=0.9548  (8289s)

[Fold 2/37] test_user=101  n_tr=6382 n_val=383 n_te=30
  → mf1=0.6104  wf1=0.8242  acc=0.7667  (12842s)

[Fold 3/37] test_user=102  n_tr=6335 n_val=321 n_te=139
  → mf1=0.2489  wf1=0.7348  acc=0.7266  (20534s)

[Fold 4/37] test_user=103  n_tr=6265 n_val=349 n_te=181
  → mf1=0.2659  wf1=0.8346  acc=0.8232  (17673s)

[Fold 5/37] test_user=104  n_tr=6152 n_val=378 n_te=265
  → mf1=0.4683  wf1=0.9089  acc=0.9283  (12841s)

[Fold 6/37] test_user=106  n_tr=6285 n_val=408 n_te=102
  → mf1=0.4259  wf1=0.6827  acc=0.7255  (7094s)

[Fold 7/37] test_user=107  n_tr=6181 n_val=314 n_te=300
  → mf1=0.3040  wf1=0.8616  acc=0.8900  (10837s)

[Fold 8/37] test_user=108  n_tr=6162 n_val=340 n_te=293
  → mf1=0.3960  wf1=0.5957  acc=0.7065  (13623s)

[Fold 9/37] test_user=109  n_tr=6063 n_val=449 n_te=283
  → mf1=0.7485  wf1=0.9324  acc=0.9435  (7384s)

[Fold 10/37] test_user=110  n_tr=6144 n_val=532 n_te=119
  → mf1=0.3489  wf1=0.7412  acc=0.6639  (11519s)

[Fold 11/37] test_user=111  n_tr=6139 n_val=401 n_te=255
  → mf1=0.2943  wf1=0.9356  acc=0.9451  (15182s)

[Fold 12/37] test_user=112  n_tr=6087 n_val=478 n_te=230
  → mf1=1.0000  wf1=1.0000  acc=1.0000  (9669s)

[Fold 13/37] test_user=113  n_tr=5963 n_val=634 n_te=198
  → mf1=0.6641  wf1=0.9773  acc=0.9848  (10218s)

[Fold 14/37] test_user=114  n_tr=6330 n_val=296 n_te=169
  → mf1=0.5723  wf1=0.7921  acc=0.7870  (17209s)

[Fold 15/37] test_user=115  n_tr=6185 n_val=490 n_te=120
  → mf1=0.4958  wf1=0.9916  acc=0.9833  (11779s)

[Fold 16/37] test_user=116  n_tr=6366 n_val=308 n_te=121
  → mf1=0.5448  wf1=0.8166  acc=0.8678  (8768s)

[Fold 17/37] test_user=117  n_tr=6087 n_val=518 n_te=190
  → mf1=0.3278  wf1=0.8575  acc=0.8684  (17731s)

[Fold 18/37] test_user=118  n_tr=6256 n_val=397 n_te=142
  → mf1=0.4086  wf1=0.8513  acc=0.8028  (17537s)

[Fold 19/37] test_user=197  n_tr=6083 n_val=634 n_te=78
  → mf1=1.0000  wf1=1.0000  acc=1.0000  (11608s)

[Fold 20/37] test_user=200  n_tr=6406 n_val=262 n_te=127
  → mf1=0.3293  wf1=0.9725  acc=0.9764  (6735s)

[Fold 21/37] test_user=201  n_tr=6403 n_val=160 n_te=232
  → mf1=0.6659  wf1=0.9935  acc=0.9957  (9438s)

[Fold 22/37] test_user=202  n_tr=6051 n_val=607 n_te=137
  → mf1=0.3013  wf1=0.7456  acc=0.8248  (10123s)

[Fold 23/37] test_user=203  n_tr=6357 n_val=353 n_te=85
  → mf1=0.2470  wf1=0.9531  acc=0.9647  (11291s)

[Fold 24/37] test_user=205  n_tr=6031 n_val=413 n_te=351
  → mf1=0.3081  wf1=0.5387  acc=0.5755  (28535s)

[Fold 25/37] test_user=206  n_tr=6000 n_val=420 n_te=375
  → mf1=0.4777  wf1=0.9554  acc=0.9147  (16636s)

[Fold 26/37] test_user=207  n_tr=6015 n_val=534 n_te=246
  → mf1=0.6142  wf1=0.9798  acc=0.9715  (12119s)

[Fold 27/37] test_user=208  n_tr=6308 n_val=262 n_te=225
  → mf1=0.4829  wf1=0.8305  acc=0.8400  (25683s)

[Fold 28/37] test_user=209  n_tr=6236 n_val=397 n_te=162
  → mf1=1.0000  wf1=1.0000  acc=1.0000  (40633s)

[Fold 29/37] test_user=210  n_tr=6378 n_val=317 n_te=100
  → mf1=0.2283  wf1=0.7670  acc=0.8400  (13012s)

[Fold 30/37] test_user=211  n_tr=6255 n_val=289 n_te=251
  → mf1=0.4498  wf1=0.8383  acc=0.8645  (15485s)

[Fold 31/37] test_user=212  n_tr=6117 n_val=446 n_te=232
  → mf1=0.4515  wf1=0.9382  acc=0.9397  (17005s)

[Fold 32/37] test_user=213  n_tr=6267 n_val=439 n_te=89
  → mf1=0.3082  wf1=0.7789  acc=0.7528  (9001s)

[Fold 33/37] test_user=214  n_tr=6168 n_val=413 n_te=214
  → mf1=0.3219  wf1=0.9078  acc=0.9252  (10596s)

[Fold 34/37] test_user=215  n_tr=6399 n_val=355 n_te=41
  → mf1=0.4654  wf1=0.6697  acc=0.6829  (21602s)

[Fold 35/37] test_user=216  n_tr=6087 n_val=551 n_te=157
  → mf1=0.5648  wf1=0.9430  acc=0.9427  (19541s)

[Fold 36/37] test_user=97  n_tr=6192 n_val=419 n_te=184
  → mf1=0.2451  wf1=0.6100  acc=0.6685  (7934s)

[Fold 37/37] test_user=99  n_tr=6428 n_val=216 n_te=151
  → mf1=0.5082  wf1=0.7783  acc=0.8146  (22523s)

[✓] loso E done: mf1=0.4780 ± 0.2049 (elapsed 540230s)

[✓] loso complete. Master summary: /mnt/extended-home/fitra_dosen/2025_iris_fer_taufik/MultimodalEmoLearn/models/frontonly_conf60/robustness/loso/master_summary.json
