Device: cuda
Loading primer conf60 data ...
  Loaded N=6795 samples, 37 users  (34.5s)

========================================================================
  CONFIG B: Intermediate scratch (facs_28, FA) | scheme=3c | strategy=loso
  Total folds: 37
========================================================================

[Fold 1/37] test_user=100  n_tr=6347 n_val=227 n_te=221
  → mf1=0.3841  wf1=0.8771  acc=0.9095  (7499s)

[Fold 2/37] test_user=101  n_tr=6382 n_val=383 n_te=30
  → mf1=0.4478  wf1=0.9072  acc=0.8667  (21108s)

[Fold 3/37] test_user=102  n_tr=6335 n_val=321 n_te=139
  → mf1=0.4540  wf1=0.6121  acc=0.5971  (12520s)

[Fold 4/37] test_user=103  n_tr=6265 n_val=349 n_te=181
  → mf1=0.4151  wf1=0.8124  acc=0.7901  (20450s)

[Fold 5/37] test_user=104  n_tr=6152 n_val=378 n_te=265
  → mf1=0.6007  wf1=0.9114  acc=0.9170  (18201s)

[Fold 6/37] test_user=106  n_tr=6285 n_val=408 n_te=102
  → mf1=0.5753  wf1=0.6746  acc=0.7059  (7969s)

[Fold 7/37] test_user=107  n_tr=6181 n_val=314 n_te=300
  → mf1=0.5863  wf1=0.8555  acc=0.8733  (14945s)

[Fold 8/37] test_user=108  n_tr=6162 n_val=340 n_te=293
  → mf1=0.5496  wf1=0.6583  acc=0.7235  (14874s)

[Fold 9/37] test_user=109  n_tr=6063 n_val=449 n_te=283
  → mf1=0.7850  wf1=0.9311  acc=0.9293  (8176s)

[Fold 10/37] test_user=110  n_tr=6144 n_val=532 n_te=119
  → mf1=0.2368  wf1=0.5423  acc=0.4202  (13093s)

[Fold 11/37] test_user=111  n_tr=6139 n_val=401 n_te=255
  → mf1=0.4479  wf1=0.9234  acc=0.9294  (16968s)

[Fold 12/37] test_user=112  n_tr=6087 n_val=478 n_te=230
  → mf1=0.8311  wf1=0.9899  acc=0.9913  (10835s)

[Fold 13/37] test_user=113  n_tr=5963 n_val=634 n_te=198
  → mf1=0.6641  wf1=0.9773  acc=0.9848  (15574s)

[Fold 14/37] test_user=114  n_tr=6330 n_val=296 n_te=169
  → mf1=0.6065  wf1=0.8506  acc=0.8876  (7194s)

[Fold 15/37] test_user=115  n_tr=6185 n_val=490 n_te=120
  → mf1=0.4915  wf1=0.9831  acc=0.9667  (13534s)

[Fold 16/37] test_user=116  n_tr=6366 n_val=308 n_te=121
  → mf1=0.7633  wf1=0.8209  acc=0.8595  (13400s)

[Fold 17/37] test_user=117  n_tr=6087 n_val=518 n_te=190
  → mf1=0.5337  wf1=0.8469  acc=0.8368  (16295s)

[Fold 18/37] test_user=118  n_tr=6256 n_val=397 n_te=142
  → mf1=0.4637  wf1=0.8952  acc=0.8662  (13517s)

[Fold 19/37] test_user=197  n_tr=6083 n_val=634 n_te=78
  → mf1=1.0000  wf1=1.0000  acc=1.0000  (22745s)

[Fold 20/37] test_user=200  n_tr=6406 n_val=262 n_te=127
  → mf1=0.3293  wf1=0.9725  acc=0.9764  (7701s)

[Fold 21/37] test_user=201  n_tr=6403 n_val=160 n_te=232
  → mf1=0.6659  wf1=0.9935  acc=0.9957  (16823s)

[Fold 22/37] test_user=202  n_tr=6051 n_val=607 n_te=137
  → mf1=0.4520  wf1=0.7456  acc=0.8248  (13039s)

[Fold 23/37] test_user=203  n_tr=6357 n_val=353 n_te=85
  → mf1=0.3273  wf1=0.9474  acc=0.9647  (16212s)

[Fold 24/37] test_user=205  n_tr=6031 n_val=413 n_te=351
  → mf1=0.4959  wf1=0.6283  acc=0.6781  (14953s)

[Fold 25/37] test_user=206  n_tr=6000 n_val=420 n_te=375
  → mf1=0.4884  wf1=0.9768  acc=0.9547  (16197s)

[Fold 26/37] test_user=207  n_tr=6015 n_val=534 n_te=246
  → mf1=0.5799  wf1=0.9827  acc=0.9797  (13949s)

[Fold 27/37] test_user=208  n_tr=6308 n_val=262 n_te=225
  → mf1=0.6605  wf1=0.8512  acc=0.8622  (39120s)

[Fold 28/37] test_user=209  n_tr=6236 n_val=397 n_te=162
  → mf1=1.0000  wf1=1.0000  acc=1.0000  (24131s)

[Fold 29/37] test_user=210  n_tr=6378 n_val=317 n_te=100
  → mf1=0.3024  wf1=0.7620  acc=0.8300  (12648s)

[Fold 30/37] test_user=211  n_tr=6255 n_val=289 n_te=251
  → mf1=0.3976  wf1=0.8262  acc=0.8606  (13999s)

[Fold 31/37] test_user=212  n_tr=6117 n_val=446 n_te=232
  → mf1=0.5624  wf1=0.9377  acc=0.9440  (13430s)

[Fold 32/37] test_user=213  n_tr=6267 n_val=439 n_te=89
  → mf1=0.5244  wf1=0.7956  acc=0.7753  (11226s)

[Fold 33/37] test_user=214  n_tr=6168 n_val=413 n_te=214
  → mf1=0.6837  wf1=0.9095  acc=0.9206  (28075s)

[Fold 34/37] test_user=215  n_tr=6399 n_val=355 n_te=41
  → mf1=0.5687  wf1=0.6584  acc=0.6585  (14900s)

[Fold 35/37] test_user=216  n_tr=6087 n_val=551 n_te=157
  → mf1=0.7455  wf1=0.9635  acc=0.9682  (13540s)

[Fold 36/37] test_user=97  n_tr=6192 n_val=419 n_te=184
  → mf1=0.5557  wf1=0.6954  acc=0.7011  (7308s)

[Fold 37/37] test_user=99  n_tr=6428 n_val=216 n_te=151
  → mf1=0.5944  wf1=0.7414  acc=0.8013  (8246s)

[✓] loso B done: mf1=0.5614 ± 0.1701 (elapsed 554395s)

[✓] loso complete. Master summary: /mnt/extended-home/fitra_dosen/2025_iris_fer_taufik/MultimodalEmoLearn/models/frontonly_conf60/robustness/loso/master_summary.json
