Device: cuda
Loading primer conf60 data ...
  Loaded N=6795 samples, 37 users  (33.6s)

========================================================================
  CONFIG A: Landmark FCNN (facs_28, FA) | scheme=3c | strategy=loso
  Total folds: 37
========================================================================

[Fold 1/37] test_user=100  n_tr=6347 n_val=227 n_te=221
  → mf1=0.4759  wf1=0.9156  acc=0.9231  (38s)

[Fold 2/37] test_user=101  n_tr=6382 n_val=383 n_te=30
  → mf1=1.0000  wf1=1.0000  acc=1.0000  (120s)

[Fold 3/37] test_user=102  n_tr=6335 n_val=321 n_te=139
  → mf1=0.5968  wf1=0.7815  acc=0.7698  (92s)

[Fold 4/37] test_user=103  n_tr=6265 n_val=349 n_te=181
  → mf1=0.4889  wf1=0.8519  acc=0.8729  (56s)

[Fold 5/37] test_user=104  n_tr=6152 n_val=378 n_te=265
  → mf1=0.5791  wf1=0.8951  acc=0.9057  (110s)

[Fold 6/37] test_user=106  n_tr=6285 n_val=408 n_te=102
  → mf1=0.5903  wf1=0.6961  acc=0.7255  (36s)

[Fold 7/37] test_user=107  n_tr=6181 n_val=314 n_te=300
  → mf1=0.6031  wf1=0.8766  acc=0.8967  (44s)

[Fold 8/37] test_user=108  n_tr=6162 n_val=340 n_te=293
  → mf1=0.5364  wf1=0.6811  acc=0.7406  (58s)

[Fold 9/37] test_user=109  n_tr=6063 n_val=449 n_te=283
  → mf1=0.7944  wf1=0.9382  acc=0.9399  (30s)

[Fold 10/37] test_user=110  n_tr=6144 n_val=532 n_te=119
  → mf1=0.3467  wf1=0.7350  acc=0.6555  (24s)

[Fold 11/37] test_user=111  n_tr=6139 n_val=401 n_te=255
  → mf1=0.4458  wf1=0.9330  acc=0.9490  (37s)

[Fold 12/37] test_user=112  n_tr=6087 n_val=478 n_te=230
  → mf1=1.0000  wf1=1.0000  acc=1.0000  (29s)

[Fold 13/37] test_user=113  n_tr=5963 n_val=634 n_te=198
  → mf1=0.5538  wf1=0.9781  acc=0.9848  (65s)

[Fold 14/37] test_user=114  n_tr=6330 n_val=296 n_te=169
  → mf1=0.5632  wf1=0.8383  acc=0.8817  (56s)

[Fold 15/37] test_user=115  n_tr=6185 n_val=490 n_te=120
  → mf1=0.4979  wf1=0.9958  acc=0.9917  (42s)

[Fold 16/37] test_user=116  n_tr=6366 n_val=308 n_te=121
  → mf1=0.7633  wf1=0.8209  acc=0.8595  (24s)

[Fold 17/37] test_user=117  n_tr=6087 n_val=518 n_te=190
  → mf1=0.5380  wf1=0.8459  acc=0.8421  (35s)

[Fold 18/37] test_user=118  n_tr=6256 n_val=397 n_te=142
  → mf1=0.6654  wf1=0.9894  acc=0.9930  (39s)

[Fold 19/37] test_user=197  n_tr=6083 n_val=634 n_te=78
  → mf1=0.4968  wf1=0.9935  acc=0.9872  (63s)

[Fold 20/37] test_user=200  n_tr=6406 n_val=262 n_te=127
  → mf1=0.4960  wf1=0.9764  acc=0.9843  (26s)

[Fold 21/37] test_user=201  n_tr=6403 n_val=160 n_te=232
  → mf1=0.6659  wf1=0.9935  acc=0.9957  (31s)

[Fold 22/37] test_user=202  n_tr=6051 n_val=607 n_te=137
  → mf1=0.4520  wf1=0.7456  acc=0.8248  (25s)

[Fold 23/37] test_user=203  n_tr=6357 n_val=353 n_te=85
  → mf1=0.3273  wf1=0.9474  acc=0.9647  (68s)

[Fold 24/37] test_user=205  n_tr=6031 n_val=413 n_te=351
  → mf1=0.3357  wf1=0.5280  acc=0.6496  (75s)

[Fold 25/37] test_user=206  n_tr=6000 n_val=420 n_te=375
  → mf1=0.4966  wf1=0.9933  acc=0.9867  (34s)

[Fold 26/37] test_user=207  n_tr=6015 n_val=534 n_te=246
  → mf1=0.6170  wf1=0.9881  acc=0.9878  (73s)

[Fold 27/37] test_user=208  n_tr=6308 n_val=262 n_te=225
  → mf1=0.7082  wf1=0.8756  acc=0.8889  (33s)

[Fold 28/37] test_user=209  n_tr=6236 n_val=397 n_te=162
  → mf1=1.0000  wf1=1.0000  acc=1.0000  (30s)

[Fold 29/37] test_user=210  n_tr=6378 n_val=317 n_te=100
  → mf1=0.3043  wf1=0.7670  acc=0.8400  (21s)

[Fold 30/37] test_user=211  n_tr=6255 n_val=289 n_te=251
  → mf1=0.4438  wf1=0.8301  acc=0.8725  (37s)

[Fold 31/37] test_user=212  n_tr=6117 n_val=446 n_te=232
  → mf1=0.5917  wf1=0.9317  acc=0.9310  (55s)

[Fold 32/37] test_user=213  n_tr=6267 n_val=439 n_te=89
  → mf1=0.5737  wf1=0.8014  acc=0.7753  (41s)

[Fold 33/37] test_user=214  n_tr=6168 n_val=413 n_te=214
  → mf1=0.6829  wf1=0.8902  acc=0.9112  (41s)

[Fold 34/37] test_user=215  n_tr=6399 n_val=355 n_te=41
  → mf1=0.4909  wf1=0.7118  acc=0.7317  (25s)

[Fold 35/37] test_user=216  n_tr=6087 n_val=551 n_te=157
  → mf1=0.5767  wf1=0.9415  acc=0.9554  (27s)

[Fold 36/37] test_user=97  n_tr=6192 n_val=419 n_te=184
  → mf1=0.4522  wf1=0.6612  acc=0.7283  (32s)

[Fold 37/37] test_user=99  n_tr=6428 n_val=216 n_te=151
  → mf1=0.5387  wf1=0.7105  acc=0.7881  (32s)

[✓] loso A done: mf1=0.5754 ± 0.1674 (elapsed 1704s)

========================================================================
  CONFIG C: Late Fusion TL (facs_28, FA) | scheme=3c | strategy=loso
  Total folds: 37
========================================================================

[Fold 1/37] test_user=100  n_tr=6347 n_val=227 n_te=221
  → mf1=0.4269  wf1=0.8735  acc=0.8824  (7927s)

[Fold 2/37] test_user=101  n_tr=6382 n_val=383 n_te=30
  → mf1=0.5556  wf1=0.9778  acc=0.9667  (4567s)

[Fold 3/37] test_user=102  n_tr=6335 n_val=321 n_te=139
  → mf1=0.5931  wf1=0.7993  acc=0.8058  (5967s)

[Fold 4/37] test_user=103  n_tr=6265 n_val=349 n_te=181
  → mf1=0.3137  wf1=0.8320  acc=0.8840  (5542s)

[Fold 5/37] test_user=104  n_tr=6152 n_val=378 n_te=265
  → mf1=0.5728  wf1=0.8903  acc=0.9019  (6397s)

[Fold 6/37] test_user=106  n_tr=6285 n_val=408 n_te=102
  → mf1=0.5566  wf1=0.6598  acc=0.6863  (5027s)

[Fold 7/37] test_user=107  n_tr=6181 n_val=314 n_te=300
  → mf1=0.6088  wf1=0.8828  acc=0.9033  (5767s)

[Fold 8/37] test_user=108  n_tr=6162 n_val=340 n_te=293
  → mf1=0.5284  wf1=0.6683  acc=0.7372  (13546s)

[Fold 9/37] test_user=109  n_tr=6063 n_val=449 n_te=283
  → mf1=0.7677  wf1=0.9268  acc=0.9258  (6506s)

[Fold 10/37] test_user=110  n_tr=6144 n_val=532 n_te=119
  → mf1=0.3202  wf1=0.8880  acc=0.9244  (4302s)

[Fold 11/37] test_user=111  n_tr=6139 n_val=401 n_te=255
  → mf1=0.4458  wf1=0.9330  acc=0.9490  (9196s)

[Fold 12/37] test_user=112  n_tr=6087 n_val=478 n_te=230
  → mf1=0.9275  wf1=0.9953  acc=0.9957  (3912s)

[Fold 13/37] test_user=113  n_tr=5963 n_val=634 n_te=198
  → mf1=0.5538  wf1=0.9781  acc=0.9848  (3922s)

[Fold 14/37] test_user=114  n_tr=6330 n_val=296 n_te=169
  → mf1=0.3939  wf1=0.7862  acc=0.8402  (4269s)

[Fold 15/37] test_user=115  n_tr=6185 n_val=490 n_te=120
  → mf1=1.0000  wf1=1.0000  acc=1.0000  (14445s)

[Fold 16/37] test_user=116  n_tr=6366 n_val=308 n_te=121
  → mf1=0.7633  wf1=0.8209  acc=0.8595  (5525s)

[Fold 17/37] test_user=117  n_tr=6087 n_val=518 n_te=190
  → mf1=0.5153  wf1=0.8175  acc=0.8105  (5136s)

[Fold 18/37] test_user=118  n_tr=6256 n_val=397 n_te=142
  → mf1=0.5863  wf1=0.9642  acc=0.9648  (4929s)

[Fold 19/37] test_user=197  n_tr=6083 n_val=634 n_te=78
  → mf1=1.0000  wf1=1.0000  acc=1.0000  (5179s)

[Fold 20/37] test_user=200  n_tr=6406 n_val=262 n_te=127
  → mf1=0.4960  wf1=0.9764  acc=0.9843  (5318s)

[Fold 21/37] test_user=201  n_tr=6403 n_val=160 n_te=232
  → mf1=0.6659  wf1=0.9935  acc=0.9957  (5921s)

[Fold 22/37] test_user=202  n_tr=6051 n_val=607 n_te=137
  → mf1=0.4520  wf1=0.7456  acc=0.8248  (8012s)

[Fold 23/37] test_user=203  n_tr=6357 n_val=353 n_te=85
  → mf1=0.3273  wf1=0.9474  acc=0.9647  (8776s)

[Fold 24/37] test_user=205  n_tr=6031 n_val=413 n_te=351
  → mf1=0.4196  wf1=0.5419  acc=0.6467  (4159s)

[Fold 25/37] test_user=206  n_tr=6000 n_val=420 n_te=375
  → mf1=0.4980  wf1=0.9960  acc=0.9920  (9924s)

[Fold 26/37] test_user=207  n_tr=6015 n_val=534 n_te=246
  → mf1=0.5535  wf1=0.9858  acc=0.9878  (4230s)

[Fold 27/37] test_user=208  n_tr=6308 n_val=262 n_te=225
  → mf1=0.6473  wf1=0.8533  acc=0.8711  (9093s)

[Fold 28/37] test_user=209  n_tr=6236 n_val=397 n_te=162
  → mf1=1.0000  wf1=1.0000  acc=1.0000  (6564s)

[Fold 29/37] test_user=210  n_tr=6378 n_val=317 n_te=100
  → mf1=0.3043  wf1=0.7670  acc=0.8400  (7097s)

[Fold 30/37] test_user=211  n_tr=6255 n_val=289 n_te=251
  → mf1=0.5350  wf1=0.8316  acc=0.8845  (16513s)

[Fold 31/37] test_user=212  n_tr=6117 n_val=446 n_te=232
  → mf1=0.6050  wf1=0.9260  acc=0.9138  (12281s)

[Fold 32/37] test_user=213  n_tr=6267 n_val=439 n_te=89
  → mf1=0.5244  wf1=0.7956  acc=0.7753  (5262s)

[Fold 33/37] test_user=214  n_tr=6168 n_val=413 n_te=214
  → mf1=0.7608  wf1=0.9257  acc=0.9346  (8366s)

[Fold 34/37] test_user=215  n_tr=6399 n_val=355 n_te=41
  → mf1=0.4990  wf1=0.7176  acc=0.7317  (4734s)

[Fold 35/37] test_user=216  n_tr=6087 n_val=551 n_te=157
  → mf1=0.5767  wf1=0.9415  acc=0.9554  (4428s)

[Fold 36/37] test_user=97  n_tr=6192 n_val=419 n_te=184
  → mf1=0.3998  wf1=0.6260  acc=0.7120  (7775s)

[Fold 37/37] test_user=99  n_tr=6428 n_val=216 n_te=151
  → mf1=0.5166  wf1=0.6973  acc=0.7682  (6115s)

[✓] loso C done: mf1=0.5733 ± 0.1824 (elapsed 256630s)

========================================================================
  CONFIG D: Landmark CNN1D (FB80, FA) | scheme=7c | strategy=loso
  Total folds: 37
========================================================================

[Fold 1/37] test_user=100  n_tr=6347 n_val=227 n_te=221
  → mf1=0.3167  wf1=0.8598  acc=0.9050  (20s)

[Fold 2/37] test_user=101  n_tr=6382 n_val=383 n_te=30
  → mf1=0.4828  wf1=0.9011  acc=0.9333  (19s)

[Fold 3/37] test_user=102  n_tr=6335 n_val=321 n_te=139
  → mf1=0.1345  wf1=0.5457  acc=0.6763  (19s)

[Fold 4/37] test_user=103  n_tr=6265 n_val=349 n_te=181
  → mf1=0.2346  wf1=0.8295  acc=0.8840  (19s)

[Fold 5/37] test_user=104  n_tr=6152 n_val=378 n_te=265
  → mf1=0.2199  wf1=0.6903  acc=0.7849  (20s)

[Fold 6/37] test_user=106  n_tr=6285 n_val=408 n_te=102
  → mf1=0.1483  wf1=0.2500  acc=0.4216  (19s)

[Fold 7/37] test_user=107  n_tr=6181 n_val=314 n_te=300
  → mf1=0.1333  wf1=0.5333  acc=0.6667  (19s)

[Fold 8/37] test_user=108  n_tr=6162 n_val=340 n_te=293
  → mf1=0.2028  wf1=0.5538  acc=0.6826  (18s)

[Fold 9/37] test_user=109  n_tr=6063 n_val=449 n_te=283
  → mf1=0.3140  wf1=0.8389  acc=0.8905  (19s)

[Fold 10/37] test_user=110  n_tr=6144 n_val=532 n_te=119
  → mf1=0.3202  wf1=0.8880  acc=0.9244  (19s)

[Fold 11/37] test_user=111  n_tr=6139 n_val=401 n_te=255
  → mf1=0.2429  wf1=0.9184  acc=0.9451  (19s)

[Fold 12/37] test_user=112  n_tr=6087 n_val=478 n_te=230
  → mf1=0.4956  wf1=0.9740  acc=0.9826  (19s)

[Fold 13/37] test_user=113  n_tr=5963 n_val=634 n_te=198
  → mf1=0.3299  wf1=0.9698  acc=0.9798  (18s)

[Fold 14/37] test_user=114  n_tr=6330 n_val=296 n_te=169
  → mf1=0.3044  wf1=0.7673  acc=0.8402  (19s)

[Fold 15/37] test_user=115  n_tr=6185 n_val=490 n_te=120
  → mf1=1.0000  wf1=1.0000  acc=1.0000  (19s)

[Fold 16/37] test_user=116  n_tr=6366 n_val=308 n_te=121
  → mf1=0.1780  wf1=0.7134  acc=0.8017  (19s)

[Fold 17/37] test_user=117  n_tr=6087 n_val=518 n_te=190
  → mf1=0.0940  wf1=0.0871  acc=0.2316  (18s)

[Fold 18/37] test_user=118  n_tr=6256 n_val=397 n_te=142
  → mf1=0.3237  wf1=0.9163  acc=0.9437  (20s)

[Fold 19/37] test_user=197  n_tr=6083 n_val=634 n_te=78
  → mf1=1.0000  wf1=1.0000  acc=1.0000  (19s)

[Fold 20/37] test_user=200  n_tr=6406 n_val=262 n_te=127
  → mf1=0.4960  wf1=0.9764  acc=0.9843  (20s)

[Fold 21/37] test_user=201  n_tr=6403 n_val=160 n_te=232
  → mf1=0.3319  wf1=0.9871  acc=0.9914  (20s)

[Fold 22/37] test_user=202  n_tr=6051 n_val=607 n_te=137
  → mf1=0.3013  wf1=0.7456  acc=0.8248  (21s)

[Fold 23/37] test_user=203  n_tr=6357 n_val=353 n_te=85
  → mf1=0.3273  wf1=0.9474  acc=0.9647  (19s)

[Fold 24/37] test_user=205  n_tr=6031 n_val=413 n_te=351
  → mf1=0.1937  wf1=0.4901  acc=0.6325  (19s)

[Fold 25/37] test_user=206  n_tr=6000 n_val=420 n_te=375
  → mf1=1.0000  wf1=1.0000  acc=1.0000  (19s)

[Fold 26/37] test_user=207  n_tr=6015 n_val=534 n_te=246
  → mf1=0.3306  wf1=0.9757  acc=0.9837  (18s)

[Fold 27/37] test_user=208  n_tr=6308 n_val=262 n_te=225
  → mf1=0.2249  wf1=0.7358  acc=0.8178  (19s)

[Fold 28/37] test_user=209  n_tr=6236 n_val=397 n_te=162
  → mf1=1.0000  wf1=1.0000  acc=1.0000  (20s)

[Fold 29/37] test_user=210  n_tr=6378 n_val=317 n_te=100
  → mf1=0.2283  wf1=0.7670  acc=0.8400  (21s)

[Fold 30/37] test_user=211  n_tr=6255 n_val=289 n_te=251
  → mf1=0.3121  wf1=0.8245  acc=0.8805  (20s)

[Fold 31/37] test_user=212  n_tr=6117 n_val=446 n_te=232
  → mf1=0.2422  wf1=0.9104  acc=0.9397  (18s)

[Fold 32/37] test_user=213  n_tr=6267 n_val=439 n_te=89
  → mf1=0.1816  wf1=0.7549  acc=0.8315  (19s)

[Fold 33/37] test_user=214  n_tr=6168 n_val=413 n_te=214
  → mf1=0.1325  wf1=0.8017  acc=0.8645  (18s)

[Fold 34/37] test_user=215  n_tr=6399 n_val=355 n_te=41
  → mf1=0.2525  wf1=0.4619  acc=0.6098  (18s)

[Fold 35/37] test_user=216  n_tr=6087 n_val=551 n_te=157
  → mf1=0.3224  wf1=0.9055  acc=0.9363  (19s)

[Fold 36/37] test_user=97  n_tr=6192 n_val=419 n_te=184
  → mf1=0.1595  wf1=0.5287  acc=0.6630  (19s)

[Fold 37/37] test_user=99  n_tr=6428 n_val=216 n_te=151
  → mf1=0.2096  wf1=0.6052  acc=0.7219  (21s)

[✓] loso D done: mf1=0.3438 ± 0.2472 (elapsed 711s)

========================================================================
  CONFIG F: Late Fusion TL (raw_136, FA) | scheme=7c | strategy=loso
  Total folds: 37
========================================================================

[Fold 1/37] test_user=100  n_tr=6347 n_val=227 n_te=221
  → mf1=0.3946  wf1=0.8576  acc=0.8643  (10546s)

[Fold 2/37] test_user=101  n_tr=6382 n_val=383 n_te=30
  → mf1=0.3030  wf1=0.8485  acc=0.8333  (7549s)

[Fold 3/37] test_user=102  n_tr=6335 n_val=321 n_te=139
  → mf1=0.2796  wf1=0.7616  acc=0.7482  (9395s)

[Fold 4/37] test_user=103  n_tr=6265 n_val=349 n_te=181
  → mf1=0.2878  wf1=0.8503  acc=0.8895  (7934s)

[Fold 5/37] test_user=104  n_tr=6152 n_val=378 n_te=265
  → mf1=0.5334  wf1=0.8973  acc=0.9132  (9607s)

[Fold 6/37] test_user=106  n_tr=6285 n_val=408 n_te=102
  → mf1=0.4547  wf1=0.7036  acc=0.7353  (9393s)

[Fold 7/37] test_user=107  n_tr=6181 n_val=314 n_te=300
  → mf1=0.3008  wf1=0.8549  acc=0.8833  (10882s)

[Fold 8/37] test_user=108  n_tr=6162 n_val=340 n_te=293
  → mf1=0.3900  wf1=0.6555  acc=0.7270  (8079s)

[Fold 9/37] test_user=109  n_tr=6063 n_val=449 n_te=283
  → mf1=0.7159  wf1=0.9135  acc=0.9152  (6325s)

[Fold 10/37] test_user=110  n_tr=6144 n_val=532 n_te=119
  → mf1=0.3202  wf1=0.8880  acc=0.9244  (6943s)

[Fold 11/37] test_user=111  n_tr=6139 n_val=401 n_te=255
  → mf1=0.3694  wf1=0.9417  acc=0.9569  (6524s)

[Fold 12/37] test_user=112  n_tr=6087 n_val=478 n_te=230
  → mf1=0.8311  wf1=0.9899  acc=0.9913  (8137s)

[Fold 13/37] test_user=113  n_tr=5963 n_val=634 n_te=198
  → mf1=0.5538  wf1=0.9781  acc=0.9848  (6242s)

[Fold 14/37] test_user=114  n_tr=6330 n_val=296 n_te=169
  → mf1=0.5513  wf1=0.8260  acc=0.8698  (10335s)

[Fold 15/37] test_user=115  n_tr=6185 n_val=490 n_te=120
  → mf1=1.0000  wf1=1.0000  acc=1.0000  (6829s)

[Fold 16/37] test_user=116  n_tr=6366 n_val=308 n_te=121
  → mf1=0.4540  wf1=0.7703  acc=0.8347  (6142s)

[Fold 17/37] test_user=117  n_tr=6087 n_val=518 n_te=190
  → mf1=0.3050  wf1=0.7958  acc=0.7895  (8552s)

[Fold 18/37] test_user=118  n_tr=6256 n_val=397 n_te=142
  → mf1=0.4665  wf1=0.9033  acc=0.8803  (7720s)

[Fold 19/37] test_user=197  n_tr=6083 n_val=634 n_te=78
  → mf1=1.0000  wf1=1.0000  acc=1.0000  (12096s)

[Fold 20/37] test_user=200  n_tr=6406 n_val=262 n_te=127
  → mf1=0.4960  wf1=0.9764  acc=0.9843  (5378s)

[Fold 21/37] test_user=201  n_tr=6403 n_val=160 n_te=232
  → mf1=0.3866  wf1=0.9702  acc=0.9569  (6622s)

[Fold 22/37] test_user=202  n_tr=6051 n_val=607 n_te=137
  → mf1=0.2249  wf1=0.7420  acc=0.8175  (5270s)

[Fold 23/37] test_user=203  n_tr=6357 n_val=353 n_te=85
  → mf1=0.2470  wf1=0.9531  acc=0.9647  (11716s)

[Fold 24/37] test_user=205  n_tr=6031 n_val=413 n_te=351
  → mf1=0.3773  wf1=0.6173  acc=0.6667  (6244s)

[Fold 25/37] test_user=206  n_tr=6000 n_val=420 n_te=375
  → mf1=0.4993  wf1=0.9987  acc=0.9973  (14324s)

[Fold 26/37] test_user=207  n_tr=6015 n_val=534 n_te=246
  → mf1=0.6660  wf1=0.9939  acc=0.9959  (9155s)

[Fold 27/37] test_user=208  n_tr=6308 n_val=262 n_te=225
  → mf1=0.5290  wf1=0.8398  acc=0.8356  (13309s)

[Fold 28/37] test_user=209  n_tr=6236 n_val=397 n_te=162
  → mf1=0.4985  wf1=0.9969  acc=0.9938  (8526s)

[Fold 29/37] test_user=210  n_tr=6378 n_val=317 n_te=100
  → mf1=0.2283  wf1=0.7670  acc=0.8400  (7410s)

[Fold 30/37] test_user=211  n_tr=6255 n_val=289 n_te=251
  → mf1=0.5350  wf1=0.8316  acc=0.8845  (6089s)

[Fold 31/37] test_user=212  n_tr=6117 n_val=446 n_te=232
  → mf1=0.4365  wf1=0.9256  acc=0.9224  (4817s)

[Fold 32/37] test_user=213  n_tr=6267 n_val=439 n_te=89
  → mf1=0.3343  wf1=0.7926  acc=0.7640  (16994s)

[Fold 33/37] test_user=214  n_tr=6168 n_val=413 n_te=214
  → mf1=0.3436  wf1=0.9134  acc=0.9299  (5630s)

[Fold 34/37] test_user=215  n_tr=6399 n_val=355 n_te=41
  → mf1=0.5167  wf1=0.7256  acc=0.7317  (5662s)

[Fold 35/37] test_user=216  n_tr=6087 n_val=551 n_te=157
  → mf1=0.4736  wf1=0.9128  acc=0.9172  (9023s)

[Fold 36/37] test_user=97  n_tr=6192 n_val=419 n_te=184
  → mf1=0.2744  wf1=0.6384  acc=0.7120  (4713s)

[Fold 37/37] test_user=99  n_tr=6428 n_val=216 n_te=151
  → mf1=0.4029  wf1=0.7023  acc=0.7815  (3796s)

[✓] loso F done: mf1=0.4589 ± 0.1858 (elapsed 303909s)

[✓] loso complete. Master summary: /mnt/extended-home/fitra_dosen/2025_iris_fer_taufik/MultimodalEmoLearn/models/frontonly_conf60/robustness/loso/master_summary.json
