Device: cuda
Loading primer conf60 data ...
  Loaded N=6795 samples, 37 users  (12.4s)

========================================================================
  CONFIG A: Landmark FCNN (facs_28, FA) | scheme=3c | strategy=randomsplit
  Total folds: 5
========================================================================

[Fold 1/5] test_user=seed0  n_tr=5432 n_val=677 n_te=686
  → mf1=0.6635  wf1=0.8793  acc=0.8950  (58s)

[Fold 2/5] test_user=seed1  n_tr=5432 n_val=677 n_te=686
  → mf1=0.7219  wf1=0.8988  acc=0.9067  (135s)

[Fold 3/5] test_user=seed2  n_tr=5432 n_val=677 n_te=686
  → mf1=0.7093  wf1=0.8969  acc=0.9082  (80s)

[Fold 4/5] test_user=seed3  n_tr=5432 n_val=677 n_te=686
  → mf1=0.7283  wf1=0.8972  acc=0.9067  (132s)

[Fold 5/5] test_user=seed4  n_tr=5432 n_val=677 n_te=686
  → mf1=0.7215  wf1=0.9029  acc=0.9140  (101s)

[✓] randomsplit A done: mf1=0.7089 ± 0.0235 (elapsed 506s)

========================================================================
  CONFIG C: Late Fusion TL (facs_28, FA) | scheme=3c | strategy=randomsplit
  Total folds: 5
========================================================================

[Fold 1/5] test_user=seed0  n_tr=5432 n_val=677 n_te=686
  → mf1=0.7396  wf1=0.8998  acc=0.9067  (27462s)

[Fold 2/5] test_user=seed1  n_tr=5432 n_val=677 n_te=686
  → mf1=0.7172  wf1=0.9003  acc=0.9111  (7671s)

[Fold 3/5] test_user=seed2  n_tr=5432 n_val=677 n_te=686
  → mf1=0.7073  wf1=0.8936  acc=0.9052  (5961s)

[Fold 4/5] test_user=seed3  n_tr=5432 n_val=677 n_te=686
  → mf1=0.7518  wf1=0.9068  acc=0.9140  (6258s)

[Fold 5/5] test_user=seed4  n_tr=5432 n_val=677 n_te=686
  → mf1=0.7712  wf1=0.9175  acc=0.9257  (6987s)

[✓] randomsplit C done: mf1=0.7374 ± 0.0231 (elapsed 54339s)

========================================================================
  CONFIG D: Landmark CNN1D (FB80, FA) | scheme=7c | strategy=randomsplit
  Total folds: 5
========================================================================

[Fold 1/5] test_user=seed0  n_tr=5432 n_val=677 n_te=686
  → mf1=0.1297  wf1=0.7542  acc=0.8309  (48s)

[Fold 2/5] test_user=seed1  n_tr=5432 n_val=677 n_te=686
  → mf1=0.1297  wf1=0.7542  acc=0.8309  (45s)

[Fold 3/5] test_user=seed2  n_tr=5432 n_val=677 n_te=686
  → mf1=0.1297  wf1=0.7542  acc=0.8309  (45s)

[Fold 4/5] test_user=seed3  n_tr=5432 n_val=677 n_te=686
  → mf1=0.1297  wf1=0.7542  acc=0.8309  (49s)

[Fold 5/5] test_user=seed4  n_tr=5432 n_val=677 n_te=686
  → mf1=0.1297  wf1=0.7542  acc=0.8309  (50s)

[✓] randomsplit D done: mf1=0.1297 ± 0.0000 (elapsed 236s)

========================================================================
  CONFIG F: Late Fusion TL (raw_136, FA) | scheme=7c | strategy=randomsplit
  Total folds: 5
========================================================================

[Fold 1/5] test_user=seed0  n_tr=5432 n_val=677 n_te=686
  → mf1=0.3442  wf1=0.8712  acc=0.8848  (8486s)

[Fold 2/5] test_user=seed1  n_tr=5432 n_val=677 n_te=686
  → mf1=0.3120  wf1=0.8737  acc=0.8834  (10418s)

[Fold 3/5] test_user=seed2  n_tr=5432 n_val=677 n_te=686
  → mf1=0.4514  wf1=0.8877  acc=0.8950  (7052s)

[Fold 4/5] test_user=seed3  n_tr=5432 n_val=677 n_te=686
  → mf1=0.4763  wf1=0.8957  acc=0.9023  (12021s)

[Fold 5/5] test_user=seed4  n_tr=5432 n_val=677 n_te=686
  → mf1=0.4187  wf1=0.9013  acc=0.9111  (8805s)

[✓] randomsplit F done: mf1=0.4005 ± 0.0627 (elapsed 46782s)

[✓] randomsplit complete. Master summary: /mnt/extended-home/fitra_dosen/2025_iris_fer_taufik/MultimodalEmoLearn/models/frontonly_conf60/robustness/randomsplit/master_summary.json
