Device: cuda

JAFFE: N=213, kelas=7, landmark_dim=52 (blendshape_52, TL, B3)

================================================================
  JAFFE 7c — Intermediate facs_plus_bs_80 scratch B2 — randomsplit (5 folds)
================================================================
 Epoch  Train Loss  Train Acc   Val Loss   Val Acc   Val F1         LR
---------------------------------------------------------------------------
     1      2.0492     0.1250     1.9370    0.1200   0.0306   0.000100  (9.0s)
     2      2.0183     0.2188     1.9340    0.2400   0.1599   0.000100  (1.0s)
     3      2.0651     0.1719     1.9304    0.2800   0.1841   0.000100  (1.1s)
     4      1.8884     0.2266     1.9170    0.4000   0.2816   0.000100  (1.0s)
     5      1.8918     0.2578     1.8903    0.4400   0.2839   0.000100  (1.0s)
     6      1.8088     0.2656     1.8691    0.4400   0.2966   0.000100  (1.0s)
     7      1.9022     0.1953     1.8509    0.4000   0.2531   0.000100  (1.0s)
     8      1.8748     0.2422     1.8332    0.4400   0.3224   0.000100  (1.0s)
     9      1.7837     0.2812     1.8313    0.4000   0.2884   0.000100  (0.7s)
    10      1.7517     0.3047     1.8425    0.3600   0.2158   0.000100  (0.7s)
    11      1.6735     0.3594     1.8282    0.3200   0.2033   0.000100  (0.8s)
    12      1.6239     0.3906     1.8022    0.4000   0.2708   0.000100  (0.7s)
    13      1.6182     0.4141     1.7737    0.4000   0.2428   0.000100  (0.8s)
    14      1.4971     0.4609     1.7405    0.4000   0.2381   0.000100  (1.0s)
    15      1.5218     0.4531     1.7039    0.4000   0.2524   0.000100  (1.1s)
    16      1.4838     0.4688     1.6504    0.4800   0.3363   0.000100  (1.1s)
    17      1.4073     0.5859     1.6065    0.5600   0.5680   0.000100  (1.0s)
    18      1.4478     0.5391     1.5818    0.5600   0.5680   0.000100  (1.0s)
    19      1.3402     0.5625     1.5423    0.5600   0.5582   0.000100  (1.0s)
    20      1.2846     0.6328     1.5229    0.5200   0.5376   0.000100  (1.0s)
    21      1.2745     0.6406     1.4879    0.6000   0.6296   0.000100  (1.1s)
    22      1.2034     0.6797     1.4675    0.6000   0.5891   0.000100  (1.1s)
    23      1.2226     0.7031     1.4255    0.5600   0.5524   0.000100  (1.1s)
    24      1.1254     0.7578     1.3936    0.6400   0.6149   0.000100  (1.0s)
    25      1.0303     0.7734     1.3610    0.6400   0.6263   0.000100  (0.7s)
    26      1.0091     0.8438     1.3258    0.6800   0.6564   0.000100  (0.8s)
    27      0.9539     0.8281     1.2986    0.6800   0.6542   0.000100  (0.7s)
    28      0.9256     0.8203     1.2772    0.6400   0.6274   0.000100  (0.8s)
    29      0.8460     0.8516     1.2341    0.6800   0.6551   0.000100  (0.9s)
    30      0.9135     0.8438     1.1979    0.6800   0.6551   0.000100  (1.0s)
    31      0.7982     0.8984     1.1815    0.7200   0.6882   0.000100  (1.1s)
    32      0.7469     0.9375     1.1504    0.7600   0.7121   0.000100  (1.1s)
    33      0.7426     0.9219     1.1235    0.7200   0.6882   0.000100  (1.0s)
    34      0.7052     0.9609     1.1160    0.6800   0.6605   0.000100  (1.0s)
    35      0.6498     0.9609     1.1139    0.6000   0.6011   0.000100  (1.0s)
    36      0.6604     0.9375     1.0969    0.6400   0.6274   0.000100  (1.0s)
    37      0.6259     0.9609     1.0621    0.7600   0.7377   0.000100  (1.1s)
    38      0.5822     0.9531     1.0323    0.7600   0.7377   0.000100  (1.0s)
    39      0.4936     0.9922     1.0112    0.7600   0.7377   0.000100  (1.0s)
    40      0.5694     0.9609     0.9896    0.7600   0.7377   0.000100  (1.1s)
    41      0.5250     0.9844     0.9820    0.7200   0.7018   0.000100  (0.7s)
    42      0.4984     0.9922     0.9686    0.7200   0.6882   0.000100  (0.7s)
    43      0.4701     0.9922     0.9634    0.7200   0.6882   0.000100  (0.8s)
    44      0.4667     0.9844     0.9435    0.7200   0.6939   0.000100  (0.8s)
    45      0.4390     0.9844     0.9133    0.7200   0.6939   0.000100  (0.9s)
    46      0.3993     0.9844     0.8919    0.7200   0.6939   0.000100  (0.9s)
    47      0.3759     0.9844     0.8813    0.7200   0.6939   0.000050  (0.9s)
    48      0.3971     0.9766     0.8860    0.7600   0.7367   0.000050  (1.1s)
    49      0.3809     0.9922     0.8671    0.7600   0.7367   0.000050  (1.0s)
    50      0.3696     1.0000     0.8589    0.7600   0.7367   0.000050  (1.1s)

Best: epoch 37, val_acc=0.7600, val_f1=0.7377
Model saved: /mnt/extended-home/fitra_dosen/2025_iris_fer_taufik/MultimodalEmoLearn/models/benchmark/jaffe_samplelevel/_tmp/m.pth
Test Loss: 0.9955
Test Accuracy: 0.7442
Test Macro F1:    0.7417
Test Micro F1:    0.7442
Test Weighted F1: 0.7410

Classification Report:
              precision    recall  f1-score   support

     neutral       0.60      1.00      0.75         6
       happy       1.00      0.50      0.67         6
         sad       0.50      0.50      0.50         6
       angry       0.83      0.83      0.83         6
     fearful       0.71      0.71      0.71         7
   disgusted       0.80      0.67      0.73         6
   surprised       1.00      1.00      1.00         6

    accuracy                           0.74        43
   macro avg       0.78      0.74      0.74        43
weighted avg       0.78      0.74      0.74        43

    [fold 1/5] macro_f1=0.7417 acc=0.7442 (61s)
 Epoch  Train Loss  Train Acc   Val Loss   Val Acc   Val F1         LR
---------------------------------------------------------------------------
     1      1.9999     0.2500     1.9439    0.1600   0.0726   0.000100  (1.1s)
     2      1.8845     0.2422     1.9467    0.1600   0.1101   0.000100  (1.0s)
     3      1.9631     0.1719     1.9449    0.1600   0.1000   0.000100  (1.0s)
     4      1.9950     0.2266     1.9390    0.2800   0.1817   0.000100  (1.0s)
     5      1.8870     0.2891     1.9299    0.2800   0.1678   0.000100  (1.1s)
     6      1.9130     0.2344     1.9123    0.3200   0.1746   0.000100  (0.7s)
     7      1.8683     0.2500     1.8889    0.3200   0.1746   0.000100  (0.8s)
     8      1.8435     0.2812     1.8559    0.3200   0.2126   0.000100  (0.9s)
     9      1.7190     0.3516     1.8267    0.3200   0.1905   0.000100  (1.1s)
    10      1.7307     0.3672     1.8089    0.4000   0.3080   0.000100  (1.0s)
    11      1.6495     0.3438     1.7872    0.4800   0.4607   0.000100  (1.1s)
    12      1.6402     0.3672     1.7615    0.5200   0.4965   0.000100  (1.1s)
    13      1.6584     0.3984     1.7034    0.5200   0.4483   0.000100  (1.1s)
    14      1.5765     0.4297     1.6544    0.5600   0.5095   0.000100  (1.1s)
    15      1.4129     0.5312     1.6044    0.6000   0.5523   0.000100  (1.0s)
    16      1.4916     0.5156     1.5754    0.6000   0.5523   0.000100  (1.0s)
    17      1.4035     0.5625     1.5310    0.6400   0.5833   0.000100  (1.1s)
    18      1.3609     0.5703     1.4856    0.6400   0.5833   0.000100  (1.1s)
    19      1.3961     0.5312     1.4445    0.6400   0.5833   0.000100  (0.7s)
    20      1.2712     0.6484     1.3840    0.6800   0.6295   0.000100  (0.9s)
    21      1.2097     0.6484     1.3305    0.7200   0.6832   0.000100  (0.9s)
    22      1.1498     0.7422     1.2809    0.7200   0.6781   0.000100  (0.8s)
    23      1.2130     0.6641     1.1995    0.7600   0.7320   0.000100  (0.8s)
    24      1.0990     0.7266     1.1402    0.8000   0.7779   0.000100  (1.1s)
    25      0.9792     0.8047     1.0901    0.8000   0.7779   0.000100  (1.0s)
    26      1.1037     0.7266     1.0623    0.8000   0.7779   0.000100  (1.0s)
    27      1.0234     0.7734     1.0503    0.8000   0.7830   0.000100  (1.1s)
    28      0.9123     0.8203     1.0272    0.8000   0.7830   0.000100  (1.0s)
    29      0.8851     0.8594     0.9914    0.8000   0.7830   0.000100  (1.0s)
    30      0.8335     0.9141     0.9547    0.8400   0.8354   0.000100  (1.1s)
    31      0.7549     0.9219     0.9392    0.8400   0.8354   0.000100  (1.0s)
    32      0.7610     0.9297     0.8999    0.8000   0.7779   0.000100  (1.0s)
    33      0.7120     0.9219     0.8916    0.8000   0.7741   0.000100  (1.0s)
    34      0.7113     0.9219     0.8891    0.8000   0.7741   0.000100  (0.8s)
    35      0.6435     0.9375     0.8505    0.8000   0.7741   0.000100  (0.8s)
    36      0.6363     0.9375     0.8106    0.8800   0.8748   0.000100  (0.8s)
    37      0.5914     0.9688     0.7804    0.8800   0.8748   0.000100  (0.9s)
    38      0.4941     0.9844     0.7506    0.8800   0.8748   0.000100  (1.1s)
    39      0.5332     0.9766     0.7336    0.8800   0.8590   0.000100  (1.1s)
    40      0.5323     0.9844     0.7401    0.8800   0.8590   0.000100  (1.0s)
    41      0.5122     0.9844     0.7434    0.8800   0.8590   0.000100  (1.1s)
    42      0.4734     0.9766     0.6990    0.8800   0.8590   0.000100  (1.1s)
    43      0.4382     0.9922     0.6723    0.9200   0.9066   0.000100  (1.0s)
    44      0.5116     1.0000     0.6218    0.9200   0.9066   0.000100  (1.1s)
    45      0.3637     1.0000     0.6029    0.9200   0.9066   0.000100  (1.1s)
    46      0.3459     1.0000     0.5927    0.9200   0.9066   0.000100  (1.0s)
    47      0.4255     0.9688     0.5657    0.9200   0.9066   0.000100  (1.2s)
    48      0.4495     0.9844     0.5710    0.9200   0.9066   0.000100  (0.9s)
    49      0.3665     1.0000     0.5648    0.9200   0.9066   0.000100  (0.7s)
    50      0.3867     0.9844     0.5520    0.9200   0.9066   0.000100  (0.8s)

Best: epoch 43, val_acc=0.9200, val_f1=0.9066
Model saved: /mnt/extended-home/fitra_dosen/2025_iris_fer_taufik/MultimodalEmoLearn/models/benchmark/jaffe_samplelevel/_tmp/m.pth
Test Loss: 0.7031
Test Accuracy: 0.9070
Test Macro F1:    0.9031
Test Micro F1:    0.9070
Test Weighted F1: 0.9053

Classification Report:
              precision    recall  f1-score   support

     neutral       0.86      1.00      0.92         6
       happy       0.86      1.00      0.92         6
         sad       1.00      0.83      0.91         6
       angry       1.00      0.67      0.80         6
     fearful       1.00      1.00      1.00         7
   disgusted       0.75      1.00      0.86         6
   surprised       1.00      0.83      0.91         6

    accuracy                           0.91        43
   macro avg       0.92      0.90      0.90        43
weighted avg       0.93      0.91      0.91        43

    [fold 2/5] macro_f1=0.9031 acc=0.9070 (54s)
 Epoch  Train Loss  Train Acc   Val Loss   Val Acc   Val F1         LR
---------------------------------------------------------------------------
     1      2.1256     0.1875     1.9370    0.1600   0.1027   0.000100  (1.0s)
     2      1.9423     0.2031     1.9306    0.2400   0.1392   0.000100  (1.1s)
     3      1.9870     0.2344     1.9330    0.2000   0.1181   0.000100  (1.0s)
     4      1.9247     0.2500     1.9376    0.1200   0.0667   0.000100  (1.0s)
     5      1.8952     0.2188     1.9505    0.1200   0.0644   0.000100  (1.1s)
     6      1.8748     0.1953     1.9655    0.0800   0.0301   0.000100  (1.1s)
     7      1.9106     0.2188     1.9556    0.1200   0.0603   0.000100  (1.1s)
     8      1.8144     0.2500     1.9538    0.1600   0.1025   0.000100  (1.0s)
     9      1.6928     0.3438     1.9546    0.0800   0.0248   0.000100  (1.0s)
    10      1.7245     0.3438     1.9382    0.0800   0.0248   0.000100  (0.9s)
    11      1.6415     0.3984     1.9250    0.1600   0.1015   0.000100  (0.8s)
    12      1.6753     0.3672     1.9091    0.2000   0.1310   0.000050  (0.7s)
    13      1.6377     0.4297     1.8968    0.1600   0.1011   0.000050  (0.7s)
    14      1.6445     0.3594     1.8782    0.1600   0.0984   0.000050  (0.7s)
    15      1.5844     0.4141     1.8789    0.2000   0.1281   0.000050  (0.6s)
    16      1.5257     0.4922     1.8417    0.2400   0.1848   0.000050  (0.7s)
    17      1.5179     0.5469     1.8050    0.3200   0.3320   0.000050  (0.7s)
    18      1.6312     0.3750     1.7746    0.2800   0.2984   0.000050  (0.9s)
    19      1.4842     0.4609     1.7463    0.3600   0.3773   0.000050  (1.0s)
    20      1.4701     0.5391     1.7085    0.4800   0.4416   0.000050  (1.0s)
    21      1.4560     0.4766     1.6561    0.5200   0.5114   0.000050  (1.0s)
    22      1.2965     0.6094     1.6345    0.6000   0.5706   0.000050  (1.0s)
    23      1.2992     0.6094     1.6223    0.6000   0.5792   0.000050  (1.0s)
    24      1.3847     0.4688     1.5936    0.6400   0.6182   0.000050  (1.0s)
    25      1.3368     0.5703     1.5648    0.7600   0.7835   0.000050  (1.0s)
    26      1.3866     0.4766     1.5511    0.7600   0.7626   0.000050  (1.0s)
    27      1.3132     0.5938     1.5492    0.7200   0.7340   0.000050  (1.0s)
    28      1.3607     0.5391     1.5352    0.6800   0.7039   0.000050  (1.0s)
    29      1.2094     0.6641     1.5358    0.7200   0.7578   0.000050  (1.1s)
    30      1.2753     0.6641     1.5201    0.7200   0.7706   0.000050  (0.7s)
    31      1.2007     0.6562     1.4902    0.7600   0.8014   0.000050  (0.7s)
    32      1.0945     0.7344     1.4871    0.8000   0.8642   0.000050  (0.7s)
    33      1.1638     0.7031     1.4720    0.7200   0.6857   0.000050  (0.8s)
    34      1.1579     0.7500     1.4439    0.7200   0.6450   0.000050  (0.7s)
    35      1.0827     0.7422     1.4266    0.8000   0.7348   0.000050  (0.7s)
    36      1.0084     0.7656     1.4244    0.8000   0.8615   0.000050  (0.9s)
    37      1.0399     0.7812     1.4110    0.7200   0.7626   0.000050  (0.8s)
    38      1.0649     0.7656     1.3850    0.7600   0.7767   0.000050  (1.1s)
    39      1.0148     0.7656     1.3598    0.8000   0.8227   0.000050  (1.1s)
    40      0.9763     0.7891     1.3418    0.7600   0.7078   0.000050  (1.0s)
    41      0.8655     0.8750     1.3518    0.6800   0.6555   0.000050  (1.1s)
    42      0.9373     0.8828     1.3245    0.6800   0.6555   0.000025  (1.0s)
    43      1.0060     0.7656     1.3046    0.7200   0.6859   0.000025  (1.0s)
    44      0.9653     0.8125     1.2880    0.7200   0.6859   0.000025  (1.1s)
    45      0.9152     0.8281     1.2784    0.8000   0.7348   0.000025  (1.0s)
    46      0.9234     0.8203     1.2610    0.7200   0.6774   0.000025  (1.0s)
    47      0.8507     0.9141     1.2505    0.9200   0.9448   0.000025  (1.1s)
    48      0.8566     0.8906     1.2674    0.8800   0.9167   0.000025  (1.1s)
    49      0.8464     0.8828     1.2552    0.8400   0.8885   0.000025  (0.7s)
    50      0.7861     0.9531     1.2528    0.8800   0.9190   0.000025  (0.8s)

Best: epoch 47, val_acc=0.9200, val_f1=0.9448
Model saved: /mnt/extended-home/fitra_dosen/2025_iris_fer_taufik/MultimodalEmoLearn/models/benchmark/jaffe_samplelevel/_tmp/m.pth
Test Loss: 1.0926
Test Accuracy: 0.8140
Test Macro F1:    0.8043
Test Micro F1:    0.8140
Test Weighted F1: 0.7996

Classification Report:
              precision    recall  f1-score   support

     neutral       0.60      1.00      0.75         6
       happy       1.00      1.00      1.00         6
         sad       0.83      0.83      0.83         6
       angry       0.86      1.00      0.92         6
     fearful       1.00      0.43      0.60         7
   disgusted       0.75      1.00      0.86         6
   surprised       1.00      0.50      0.67         6

    accuracy                           0.81        43
   macro avg       0.86      0.82      0.80        43
weighted avg       0.87      0.81      0.80        43

    [fold 3/5] macro_f1=0.8043 acc=0.8140 (51s)
 Epoch  Train Loss  Train Acc   Val Loss   Val Acc   Val F1         LR
---------------------------------------------------------------------------
     1      1.9973     0.0859     1.9473    0.1600   0.0423   0.000100  (1.0s)
     2      1.9782     0.1484     1.9501    0.0400   0.0130   0.000100  (1.0s)
     3      1.9846     0.1797     1.9380    0.1600   0.0865   0.000100  (1.0s)
     4      1.9480     0.2109     1.9193    0.2000   0.1490   0.000100  (1.1s)
     5      1.9677     0.1719     1.9041    0.2800   0.1401   0.000100  (1.0s)
     6      1.8678     0.2812     1.8950    0.2800   0.1472   0.000100  (1.1s)
     7      1.8297     0.2188     1.8899    0.2800   0.1497   0.000100  (1.2s)
     8      1.7863     0.2891     1.8707    0.3200   0.1687   0.000100  (1.1s)
     9      1.8189     0.2969     1.8581    0.3200   0.1662   0.000100  (1.1s)
    10      1.7106     0.3125     1.8596    0.3200   0.2186   0.000100  (1.1s)
    11      1.7030     0.3906     1.8387    0.3200   0.2043   0.000100  (0.7s)
    12      1.6172     0.4453     1.8188    0.3200   0.2043   0.000100  (0.8s)
    13      1.5913     0.4297     1.7810    0.3600   0.3115   0.000100  (0.8s)
    14      1.5557     0.4844     1.7159    0.5200   0.4673   0.000100  (0.8s)
    15      1.5232     0.5312     1.6446    0.5600   0.4983   0.000100  (1.0s)
    16      1.4810     0.4766     1.5823    0.5600   0.4903   0.000100  (1.1s)
    17      1.5241     0.4844     1.5171    0.5600   0.4942   0.000100  (1.0s)
    18      1.3159     0.6250     1.4710    0.5600   0.5079   0.000100  (1.0s)
    19      1.2446     0.6719     1.4468    0.5200   0.4619   0.000100  (1.0s)
    20      1.3736     0.5469     1.4181    0.5200   0.4619   0.000100  (1.0s)
    21      1.2834     0.6328     1.3980    0.6400   0.6159   0.000100  (1.0s)
    22      1.2801     0.5703     1.3772    0.6800   0.6451   0.000100  (1.0s)
    23      1.1912     0.6562     1.3603    0.6800   0.6492   0.000100  (1.0s)
    24      1.0810     0.7578     1.3316    0.6800   0.6451   0.000100  (1.1s)
    25      1.0524     0.8203     1.2496    0.6400   0.6102   0.000100  (1.0s)
    26      1.0218     0.7891     1.2017    0.6800   0.6429   0.000100  (0.7s)
    27      1.0093     0.7734     1.1409    0.7200   0.6880   0.000100  (0.8s)
    28      1.0008     0.7812     1.0776    0.7600   0.7388   0.000100  (0.9s)
    29      0.8444     0.8828     1.0451    0.7600   0.7388   0.000100  (1.0s)
    30      0.8878     0.9062     1.0096    0.7600   0.7435   0.000100  (1.0s)
    31      0.8089     0.9219     0.9899    0.7600   0.7435   0.000100  (1.1s)
    32      0.7793     0.9141     0.9868    0.7600   0.7435   0.000100  (1.1s)
    33      0.7799     0.9375     1.0060    0.7600   0.7435   0.000100  (1.1s)
    34      0.7263     0.9062     1.0059    0.8000   0.7943   0.000100  (1.0s)
    35      0.6966     0.9141     0.9618    0.8000   0.7943   0.000100  (1.1s)
    36      0.6324     0.9609     0.9486    0.7600   0.7554   0.000100  (1.0s)
    37      0.5846     0.9766     0.9236    0.7600   0.7554   0.000100  (1.0s)
    38      0.6170     0.9766     0.9080    0.7200   0.7122   0.000100  (1.0s)
    39      0.5435     0.9688     0.8928    0.7200   0.7084   0.000100  (0.7s)
    40      0.5859     0.9531     0.8647    0.7600   0.7449   0.000100  (0.7s)
    41      0.6440     0.9219     0.8361    0.7600   0.7449   0.000100  (0.7s)
    42      0.6031     0.9375     0.8367    0.8400   0.8388   0.000100  (0.7s)
    43      0.4479     0.9922     0.8638    0.8000   0.7889   0.000100  (0.8s)
    44      0.4883     1.0000     0.8782    0.8000   0.7889   0.000100  (0.9s)
    45      0.4064     0.9844     0.8965    0.7200   0.6816   0.000100  (0.9s)
    46      0.4463     0.9922     0.8920    0.7600   0.7333   0.000100  (1.1s)
    47      0.4373     1.0000     0.8685    0.7200   0.7000   0.000100  (1.0s)
    48      0.4249     0.9922     0.8284    0.7600   0.7554   0.000100  (0.9s)
    49      0.3791     0.9844     0.8147    0.7200   0.7294   0.000100  (0.9s)
    50      0.4093     0.9766     0.8027    0.7200   0.7294   0.000100  (1.0s)

Best: epoch 42, val_acc=0.8400, val_f1=0.8388
Model saved: /mnt/extended-home/fitra_dosen/2025_iris_fer_taufik/MultimodalEmoLearn/models/benchmark/jaffe_samplelevel/_tmp/m.pth
Test Loss: 0.8986
Test Accuracy: 0.8372
Test Macro F1:    0.8271
Test Micro F1:    0.8372
Test Weighted F1: 0.8311

Classification Report:
              precision    recall  f1-score   support

     neutral       0.86      1.00      0.92         6
       happy       0.83      0.83      0.83         6
         sad       0.67      1.00      0.80         6
       angry       0.83      0.83      0.83         6
     fearful       1.00      1.00      1.00         7
   disgusted       0.75      0.50      0.60         6
   surprised       1.00      0.67      0.80         6

    accuracy                           0.84        43
   macro avg       0.85      0.83      0.83        43
weighted avg       0.85      0.84      0.83        43

    [fold 4/5] macro_f1=0.8271 acc=0.8372 (54s)
 Epoch  Train Loss  Train Acc   Val Loss   Val Acc   Val F1         LR
---------------------------------------------------------------------------
     1      2.1086     0.1484     1.9444    0.1600   0.0408   0.000100  (1.1s)
     2      1.9446     0.1719     1.9399    0.2000   0.1025   0.000100  (1.1s)
     3      1.9908     0.2188     1.9296    0.1600   0.1762   0.000100  (1.0s)
     4      1.9145     0.1797     1.9266    0.1600   0.1531   0.000100  (0.7s)
     5      1.9278     0.2031     1.9338    0.1200   0.0750   0.000100  (0.9s)
     6      1.8381     0.2344     1.9315    0.2000   0.1447   0.000100  (0.7s)
     7      1.8226     0.3047     1.9284    0.2000   0.1139   0.000100  (0.7s)
     8      1.8687     0.2500     1.9056    0.1600   0.0893   0.000100  (0.8s)
     9      1.7534     0.3203     1.8803    0.2000   0.1187   0.000100  (0.8s)
    10      1.7728     0.3438     1.8614    0.2000   0.1121   0.000100  (0.8s)
    11      1.7005     0.3984     1.8343    0.2400   0.1369   0.000100  (0.9s)
    12      1.5983     0.4609     1.7870    0.3200   0.2218   0.000100  (1.0s)
    13      1.5305     0.4453     1.7471    0.4000   0.3316   0.000100  (1.0s)
    14      1.6455     0.3828     1.7165    0.4000   0.3694   0.000100  (1.0s)
    15      1.5777     0.4141     1.6597    0.3600   0.3190   0.000100  (0.9s)
    16      1.5293     0.4453     1.5969    0.4400   0.3918   0.000100  (1.0s)
    17      1.4172     0.5234     1.5539    0.4800   0.4236   0.000100  (1.0s)
    18      1.4147     0.5547     1.5131    0.4800   0.4245   0.000100  (1.0s)
    19      1.3384     0.6484     1.4758    0.5200   0.4546   0.000100  (1.0s)
    20      1.3455     0.5781     1.4246    0.6000   0.5575   0.000100  (1.0s)
    21      1.2629     0.6406     1.3881    0.6400   0.5783   0.000100  (1.0s)
    22      1.2790     0.6641     1.3517    0.6800   0.6097   0.000100  (0.7s)
    23      1.1779     0.6562     1.2984    0.6800   0.6321   0.000100  (0.7s)
    24      1.1253     0.6797     1.2799    0.7600   0.7756   0.000100  (0.7s)
    25      1.1160     0.7344     1.2411    0.8000   0.8300   0.000100  (0.9s)
    26      1.0876     0.7891     1.1865    0.8000   0.8391   0.000100  (0.8s)
    27      0.8873     0.9141     1.1725    0.8000   0.8282   0.000100  (1.0s)
    28      0.9413     0.8516     1.1122    0.8400   0.8651   0.000100  (1.1s)
    29      0.8763     0.8594     1.0656    0.8400   0.8566   0.000100  (1.0s)
    30      0.8522     0.8594     1.0197    0.7600   0.7566   0.000100  (1.1s)
    31      0.8260     0.8984     1.0135    0.8000   0.8127   0.000100  (1.1s)
    32      0.8208     0.8672     0.9811    0.8400   0.8388   0.000100  (1.1s)
    33      0.7568     0.8984     0.9666    0.8800   0.8830   0.000100  (1.1s)
    34      0.7027     0.9062     0.9537    0.8400   0.8467   0.000100  (1.0s)
    35      0.7113     0.9219     0.8898    0.9200   0.9306   0.000100  (1.0s)
    36      0.6551     0.9531     0.8566    0.9600   0.9666   0.000100  (1.0s)
    37      0.6547     0.9453     0.8151    0.9600   0.9666   0.000100  (0.7s)
    38      0.6155     0.9609     0.7949    0.9600   0.9592   0.000100  (0.8s)
    39      0.5659     0.9453     0.7766    0.9600   0.9592   0.000100  (0.8s)
    40      0.5889     0.9609     0.7571    0.9200   0.9229   0.000100  (0.8s)
    41      0.5159     0.9922     0.7673    0.9200   0.9229   0.000100  (1.0s)
    42      0.4399     0.9844     0.7786    0.9200   0.9303   0.000100  (1.0s)
    43      0.5149     0.9844     0.7864    0.8000   0.8142   0.000100  (1.0s)
    44      0.4339     0.9922     0.7993    0.8000   0.8142   0.000100  (1.0s)
    45      0.3895     1.0000     0.7668    0.8800   0.8952   0.000100  (1.0s)
    46      0.4643     0.9766     0.7344    0.9200   0.9303   0.000050  (1.2s)
    47      0.4059     0.9844     0.7095    0.9200   0.9303   0.000050  (1.1s)
    48      0.4752     0.9688     0.6800    0.9200   0.9303   0.000050  (1.1s)
    49      0.4301     0.9844     0.6671    0.9200   0.9303   0.000050  (1.0s)
    50      0.3873     0.9922     0.6580    0.9200   0.9303   0.000050  (1.1s)

Best: epoch 36, val_acc=0.9600, val_f1=0.9666
Model saved: /mnt/extended-home/fitra_dosen/2025_iris_fer_taufik/MultimodalEmoLearn/models/benchmark/jaffe_samplelevel/_tmp/m.pth
Test Loss: 0.8132
Test Accuracy: 0.9070
Test Macro F1:    0.9047
Test Micro F1:    0.9070
Test Weighted F1: 0.9054

Classification Report:
              precision    recall  f1-score   support

     neutral       0.75      1.00      0.86         6
       happy       0.83      0.83      0.83         6
         sad       1.00      0.67      0.80         6
       angry       1.00      1.00      1.00         6
     fearful       0.88      1.00      0.93         7
   disgusted       1.00      1.00      1.00         6
   surprised       1.00      0.83      0.91         6

    accuracy                           0.91        43
   macro avg       0.92      0.90      0.90        43
weighted avg       0.92      0.91      0.91        43

    [fold 5/5] macro_f1=0.9047 acc=0.9070 (53s)

  randomsplit: acc=0.8419±0.0614  macro_f1=0.8362±0.0620  -> saved jaffe_7c_randomsplit_intermediate_bs52_tl_b3.json

================================================================
  JAFFE 7c — Intermediate facs_plus_bs_80 scratch B2 — cv10 (10 folds)
================================================================
 Epoch  Train Loss  Train Acc   Val Loss   Val Acc   Val F1         LR
---------------------------------------------------------------------------
     1      2.0057     0.1625     1.9399    0.2143   0.1308   0.000100  (0.8s)
     2      2.0033     0.2000     1.9367    0.2143   0.1165   0.000100  (0.8s)
     3      1.9404     0.1875     1.9250    0.2857   0.1548   0.000100  (0.8s)
     4      1.8691     0.2750     1.9205    0.3214   0.1721   0.000100  (0.9s)
     5      1.9567     0.2375     1.9078    0.3214   0.1812   0.000100  (1.0s)
     6      1.7759     0.2562     1.9028    0.2857   0.1537   0.000100  (1.1s)
     7      1.8421     0.2375     1.8778    0.2857   0.1571   0.000100  (1.2s)
     8      1.7656     0.3250     1.8389    0.4286   0.4056   0.000100  (1.2s)
     9      1.7421     0.3063     1.7943    0.4286   0.3516   0.000100  (1.2s)
    10      1.6124     0.3688     1.7574    0.3929   0.3129   0.000100  (1.2s)
    11      1.6048     0.3750     1.6830    0.4643   0.3529   0.000100  (1.2s)
    12      1.5943     0.4188     1.6320    0.5357   0.4289   0.000100  (1.2s)
    13      1.5908     0.4188     1.5711    0.6071   0.5254   0.000100  (1.2s)
    14      1.4705     0.5062     1.5326    0.7857   0.7571   0.000100  (1.2s)
    15      1.4209     0.5312     1.4717    0.7143   0.7476   0.000100  (1.2s)
    16      1.3890     0.5875     1.4367    0.6786   0.6905   0.000100  (0.9s)
    17      1.3134     0.5938     1.3781    0.7143   0.7165   0.000100  (0.9s)
    18      1.2494     0.6562     1.3271    0.7143   0.7004   0.000100  (0.9s)
    19      1.1275     0.7000     1.2820    0.7143   0.7072   0.000100  (1.2s)
    20      1.1003     0.7375     1.2515    0.7143   0.7072   0.000100  (1.2s)
    21      1.1011     0.7438     1.2151    0.7500   0.7229   0.000100  (1.2s)
    22      1.0681     0.7562     1.1562    0.8571   0.8539   0.000100  (1.1s)
    23      0.9832     0.7875     1.0942    0.8571   0.8214   0.000100  (1.3s)
    24      1.0160     0.7750     1.0163    0.8929   0.8451   0.000100  (1.3s)
    25      0.8629     0.8438     0.9986    0.9286   0.9080   0.000100  (1.2s)
    26      0.8092     0.8812     0.9648    0.9286   0.9080   0.000100  (1.2s)
    27      0.7993     0.8688     0.9117    0.9286   0.9080   0.000100  (1.2s)
    28      0.7706     0.8875     0.9055    0.8929   0.8830   0.000100  (1.2s)
    29      0.6518     0.9437     0.8942    0.9286   0.9080   0.000100  (0.9s)
    30      0.6439     0.9563     0.8631    0.9643   0.9760   0.000100  (1.0s)
    31      0.6675     0.9313     0.7840    0.9286   0.9125   0.000100  (1.2s)
    32      0.6280     0.9625     0.7532    0.9286   0.9127   0.000100  (1.1s)
    33      0.5691     0.9812     0.7396    0.9286   0.9127   0.000100  (1.2s)
    34      0.5215     0.9875     0.7267    0.9286   0.9127   0.000100  (1.2s)
    35      0.4955     0.9938     0.7121    0.9286   0.9108   0.000100  (1.2s)
    36      0.4769     0.9875     0.7230    0.9643   0.9711   0.000100  (1.3s)
    37      0.4023     0.9938     0.7374    0.9643   0.9711   0.000100  (1.2s)
    38      0.4202     1.0000     0.6939    0.9643   0.9711   0.000100  (1.2s)
    39      0.4610     0.9875     0.6536    0.9643   0.9711   0.000100  (1.2s)
    40      0.3544     1.0000     0.6702    0.9643   0.9711   0.000050  (1.3s)
    41      0.3458     0.9938     0.6802    0.9643   0.9711   0.000050  (1.2s)
    42      0.3893     0.9938     0.6608    0.9643   0.9711   0.000050  (0.9s)
    43      0.3465     1.0000     0.6644    0.9286   0.9429   0.000050  (0.8s)
    44      0.4099     0.9875     0.6293    0.9643   0.9711   0.000050  (0.9s)
    45      0.3625     1.0000     0.6628    0.9286   0.9429   0.000050  (0.8s)

Early stopping at epoch 45. Best epoch: 30 (val_f1=0.9760)

Best: epoch 30, val_acc=0.9643, val_f1=0.9760
Model saved: /mnt/extended-home/fitra_dosen/2025_iris_fer_taufik/MultimodalEmoLearn/models/benchmark/jaffe_samplelevel/_tmp/m.pth
Test Loss: 1.1274
Test Accuracy: 0.6818
Test Macro F1:    0.6736
Test Micro F1:    0.6818
Test Weighted F1: 0.6710

Classification Report:
              precision    recall  f1-score   support

     neutral       1.00      1.00      1.00         3
       happy       1.00      0.67      0.80         3
         sad       0.00      0.00      0.00         3
       angry       1.00      0.67      0.80         3
     fearful       0.44      1.00      0.62         4
   disgusted       1.00      0.33      0.50         3
   surprised       1.00      1.00      1.00         3

    accuracy                           0.68        22
   macro avg       0.78      0.67      0.67        22
weighted avg       0.76      0.68      0.67        22

    [fold 1/10] macro_f1=0.6736 acc=0.6818 (53s)
 Epoch  Train Loss  Train Acc   Val Loss   Val Acc   Val F1         LR
---------------------------------------------------------------------------
     1      2.0353     0.1250     1.9420    0.2143   0.1250   0.000100  (0.8s)
     2      2.0915     0.1812     1.9292    0.2857   0.2374   0.000100  (0.9s)
     3      1.8902     0.1875     1.9224    0.3214   0.1393   0.000100  (0.9s)
     4      1.9357     0.2437     1.9136    0.3929   0.1760   0.000100  (1.0s)
     5      1.8890     0.2437     1.8892    0.3214   0.1746   0.000100  (1.3s)
     6      1.8126     0.2437     1.8660    0.3571   0.2738   0.000100  (1.2s)
     7      1.8607     0.2500     1.8535    0.3571   0.2281   0.000100  (1.1s)
     8      1.8298     0.2812     1.8443    0.3571   0.2264   0.000100  (1.2s)
     9      1.7550     0.3000     1.8257    0.3929   0.2905   0.000100  (1.2s)
    10      1.5899     0.4188     1.7987    0.5000   0.3985   0.000100  (1.2s)
    11      1.5980     0.4000     1.7642    0.3929   0.2705   0.000100  (1.2s)
    12      1.6051     0.4313     1.7350    0.4643   0.3830   0.000100  (1.1s)
    13      1.6419     0.3750     1.6952    0.5000   0.4420   0.000100  (1.2s)
    14      1.5062     0.4688     1.6653    0.6071   0.5298   0.000100  (0.9s)
    15      1.4833     0.4562     1.6146    0.5714   0.4995   0.000100  (0.9s)
    16      1.4025     0.5062     1.5545    0.7143   0.6099   0.000100  (1.0s)
    17      1.3135     0.5813     1.4505    0.7143   0.6093   0.000100  (1.2s)
    18      1.2616     0.6375     1.3750    0.7143   0.6133   0.000100  (1.2s)
    19      1.1918     0.7000     1.3517    0.7143   0.6034   0.000100  (1.2s)
    20      1.2087     0.6500     1.2925    0.7500   0.7595   0.000100  (1.2s)
    21      1.1692     0.6875     1.2276    0.8214   0.8284   0.000100  (1.3s)
    22      1.0766     0.7688     1.1581    0.8214   0.8300   0.000100  (1.3s)
    23      1.0068     0.7875     1.1992    0.7500   0.7658   0.000100  (1.2s)
    24      0.9611     0.7875     1.1263    0.7857   0.7856   0.000100  (1.2s)
    25      0.8687     0.8500     1.0759    0.8571   0.8510   0.000100  (1.2s)
    26      0.8688     0.8562     1.0396    0.8214   0.8237   0.000100  (1.1s)
    27      0.8573     0.8812     0.9906    0.8214   0.8188   0.000100  (0.8s)
    28      0.7776     0.9000     0.9800    0.8571   0.8566   0.000100  (0.9s)
    29      0.7171     0.9437     0.9503    0.8214   0.8304   0.000100  (1.2s)
    30      0.6246     0.9688     0.9451    0.8214   0.8276   0.000100  (1.1s)
    31      0.6866     0.9313     0.8731    0.8571   0.8494   0.000100  (1.2s)
    32      0.7042     0.9062     0.8605    0.8571   0.8483   0.000100  (1.1s)
    33      0.5497     0.9688     0.8557    0.8571   0.8498   0.000100  (1.2s)
    34      0.5535     0.9625     0.8329    0.8571   0.8483   0.000100  (1.2s)
    35      0.4737     0.9938     0.8331    0.8214   0.6808   0.000100  (1.3s)
    36      0.4613     0.9938     0.8196    0.8571   0.7175   0.000100  (1.2s)
    37      0.4285     1.0000     0.8011    0.8571   0.8483   0.000100  (1.2s)
    38      0.4156     0.9938     0.8121    0.8571   0.8566   0.000050  (1.3s)
    39      0.4561     0.9938     0.8311    0.8571   0.8566   0.000050  (0.8s)
    40      0.3879     0.9812     0.8562    0.8214   0.8304   0.000050  (0.7s)
    41      0.3756     1.0000     0.8366    0.8214   0.8304   0.000050  (0.7s)
    42      0.4024     0.9812     0.7964    0.8214   0.8304   0.000050  (0.8s)
    43      0.3770     1.0000     0.7918    0.8214   0.8304   0.000050  (0.9s)

Early stopping at epoch 43. Best epoch: 28 (val_f1=0.8566)

Best: epoch 28, val_acc=0.8571, val_f1=0.8566
Model saved: /mnt/extended-home/fitra_dosen/2025_iris_fer_taufik/MultimodalEmoLearn/models/benchmark/jaffe_samplelevel/_tmp/m.pth
Test Loss: 0.7960
Test Accuracy: 0.9545
Test Macro F1:    0.9510
Test Micro F1:    0.9545
Test Weighted F1: 0.9532

Classification Report:
              precision    recall  f1-score   support

     neutral       1.00      1.00      1.00         3
       happy       1.00      1.00      1.00         4
         sad       1.00      1.00      1.00         3
       angry       0.75      1.00      0.86         3
     fearful       1.00      1.00      1.00         3
   disgusted       1.00      0.67      0.80         3
   surprised       1.00      1.00      1.00         3

    accuracy                           0.95        22
   macro avg       0.96      0.95      0.95        22
weighted avg       0.97      0.95      0.95        22

    [fold 2/10] macro_f1=0.9510 acc=0.9545 (51s)
 Epoch  Train Loss  Train Acc   Val Loss   Val Acc   Val F1         LR
---------------------------------------------------------------------------
     1      2.0758     0.1313     1.9388    0.2500   0.0948   0.000100  (1.2s)
     2      2.0979     0.1437     1.9337    0.1786   0.0952   0.000100  (1.2s)
     3      1.8704     0.1938     1.9261    0.2857   0.1735   0.000100  (1.2s)
     4      1.9297     0.2375     1.8985    0.3214   0.2005   0.000100  (1.3s)
     5      1.8240     0.3063     1.8764    0.3571   0.2040   0.000100  (1.1s)
     6      1.7916     0.3000     1.8595    0.3214   0.1312   0.000100  (1.1s)
     7      1.7782     0.2750     1.8416    0.3929   0.2289   0.000100  (1.2s)
     8      1.7353     0.3688     1.8203    0.3214   0.1531   0.000100  (1.2s)
     9      1.7157     0.3750     1.7821    0.4643   0.2791   0.000100  (0.8s)
    10      1.6490     0.4125     1.7416    0.5000   0.3448   0.000100  (0.9s)
    11      1.6072     0.4000     1.6921    0.5357   0.3802   0.000100  (0.9s)
    12      1.5853     0.3875     1.6532    0.4643   0.3299   0.000100  (1.1s)
    13      1.5543     0.4750     1.5901    0.5000   0.3584   0.000100  (1.2s)
    14      1.4921     0.4500     1.5321    0.5357   0.4061   0.000100  (1.3s)
    15      1.5520     0.4625     1.4436    0.5357   0.4020   0.000100  (1.2s)
    16      1.3499     0.5750     1.3783    0.6429   0.4810   0.000100  (1.1s)
    17      1.2737     0.6500     1.3315    0.6429   0.4862   0.000100  (1.3s)
    18      1.2288     0.6687     1.2688    0.6786   0.5462   0.000100  (1.2s)
    19      1.2215     0.7125     1.1911    0.7143   0.5734   0.000100  (1.3s)
    20      1.1393     0.7188     1.1613    0.7500   0.6165   0.000100  (1.2s)
    21      1.1204     0.6875     1.1345    0.7143   0.6252   0.000100  (0.8s)
    22      1.0391     0.7688     1.0879    0.7143   0.6054   0.000100  (0.9s)
    23      0.9273     0.8562     1.0254    0.7143   0.6236   0.000100  (1.2s)
    24      0.9335     0.8187     0.9892    0.7500   0.6692   0.000100  (1.2s)
    25      0.8264     0.9000     0.9837    0.7857   0.6939   0.000100  (1.2s)
    26      0.7662     0.9250     0.9650    0.7857   0.6946   0.000100  (1.1s)
    27      0.7254     0.9187     0.9118    0.8214   0.7883   0.000100  (1.2s)
    28      0.7277     0.9187     0.8402    0.8214   0.7041   0.000100  (1.2s)
    29      0.6659     0.9250     0.8156    0.8214   0.7041   0.000100  (1.2s)
    30      0.6136     0.9563     0.7877    0.8214   0.7041   0.000100  (1.2s)
    31      0.5818     0.9750     0.7567    0.8571   0.7415   0.000100  (1.2s)
    32      0.5492     0.9750     0.7623    0.8571   0.7415   0.000100  (1.2s)
    33      0.5912     0.9812     0.7315    0.8571   0.7320   0.000100  (0.8s)
    34      0.4803     0.9875     0.7203    0.8571   0.7320   0.000100  (0.8s)
    35      0.4895     1.0000     0.6889    0.8571   0.7320   0.000100  (0.8s)
    36      0.4424     0.9750     0.6569    0.8214   0.6961   0.000100  (0.9s)
    37      0.4151     0.9938     0.6590    0.8214   0.6961   0.000050  (1.1s)
    38      0.4694     0.9812     0.6408    0.8214   0.6961   0.000050  (1.2s)
    39      0.4384     1.0000     0.6506    0.8214   0.7067   0.000050  (1.2s)
    40      0.3884     1.0000     0.6547    0.7857   0.6750   0.000050  (1.1s)
    41      0.4094     0.9875     0.6602    0.7857   0.6750   0.000050  (1.1s)
    42      0.4064     0.9875     0.6380    0.8929   0.7768   0.000050  (1.2s)

Early stopping at epoch 42. Best epoch: 27 (val_f1=0.7883)

Best: epoch 27, val_acc=0.8214, val_f1=0.7883
Model saved: /mnt/extended-home/fitra_dosen/2025_iris_fer_taufik/MultimodalEmoLearn/models/benchmark/jaffe_samplelevel/_tmp/m.pth
Test Loss: 1.0678
Test Accuracy: 0.7273
Test Macro F1:    0.7367
Test Micro F1:    0.7273
Test Weighted F1: 0.7260

Classification Report:
              precision    recall  f1-score   support

     neutral       1.00      0.33      0.50         3
       happy       1.00      1.00      1.00         3
         sad       0.50      0.50      0.50         4
       angry       1.00      0.67      0.80         3
     fearful       0.40      0.67      0.50         3
   disgusted       0.75      1.00      0.86         3
   surprised       1.00      1.00      1.00         3

    accuracy                           0.73        22
   macro avg       0.81      0.74      0.74        22
weighted avg       0.79      0.73      0.73        22

    [fold 3/10] macro_f1=0.7367 acc=0.7273 (52s)
 Epoch  Train Loss  Train Acc   Val Loss   Val Acc   Val F1         LR
---------------------------------------------------------------------------
     1      2.0246     0.1250     1.9360    0.2500   0.1645   0.000100  (0.9s)
     2      1.9445     0.1875     1.9300    0.1429   0.1389   0.000100  (0.8s)
     3      1.9080     0.2125     1.9231    0.1786   0.0891   0.000100  (1.2s)
     4      2.0300     0.1688     1.9134    0.3571   0.2441   0.000100  (1.2s)
     5      1.8571     0.2437     1.8933    0.3929   0.3022   0.000100  (1.1s)
     6      1.9365     0.2062     1.8686    0.4643   0.3793   0.000100  (0.8s)
     7      1.7613     0.3312     1.8358    0.4286   0.3694   0.000100  (0.9s)
     8      1.7526     0.2875     1.8192    0.4286   0.3835   0.000100  (0.9s)
     9      1.7024     0.3000     1.7976    0.2857   0.2810   0.000100  (1.1s)
    10      1.6373     0.3563     1.7406    0.5000   0.4328   0.000100  (1.1s)
    11      1.6672     0.3625     1.7032    0.5357   0.4831   0.000100  (1.2s)
    12      1.5813     0.4250     1.6711    0.5000   0.4299   0.000100  (0.8s)
    13      1.5126     0.4625     1.5983    0.5714   0.4933   0.000100  (0.9s)
    14      1.4276     0.5250     1.5268    0.6071   0.5620   0.000100  (0.9s)
    15      1.4198     0.5062     1.4635    0.6071   0.5366   0.000100  (1.1s)
    16      1.3916     0.5687     1.4106    0.6429   0.5619   0.000100  (1.2s)
    17      1.2861     0.6000     1.3402    0.7143   0.6626   0.000100  (1.2s)
    18      1.2555     0.6625     1.2595    0.8214   0.7819   0.000100  (0.8s)
    19      1.2107     0.6500     1.1847    0.7500   0.6953   0.000100  (0.8s)
    20      1.1596     0.6687     1.1229    0.8214   0.8096   0.000100  (1.1s)
    21      1.1275     0.7125     1.0904    0.7500   0.7365   0.000100  (1.1s)
    22      1.0647     0.7625     1.0597    0.8214   0.8206   0.000100  (1.1s)
    23      1.0408     0.7625     1.0271    0.8214   0.8206   0.000100  (1.2s)
    24      0.9290     0.8562     0.9818    0.8571   0.8582   0.000100  (0.7s)
    25      0.9161     0.8250     0.9088    0.9286   0.9354   0.000100  (0.9s)
    26      0.8364     0.8438     0.8743    0.9286   0.9115   0.000100  (1.0s)
    27      0.8290     0.8625     0.8370    0.9286   0.9115   0.000100  (1.3s)
    28      0.7643     0.9062     0.8031    0.9286   0.9115   0.000100  (1.1s)
    29      0.7236     0.9250     0.7943    0.8929   0.8796   0.000100  (1.2s)
    30      0.6688     0.9187     0.7546    0.8929   0.8796   0.000100  (0.8s)
    31      0.6652     0.9250     0.6874    0.9286   0.9354   0.000100  (0.9s)
    32      0.7077     0.9125     0.6391    0.9286   0.9354   0.000100  (0.9s)
    33      0.5881     0.9812     0.6591    0.9286   0.9354   0.000100  (1.3s)
    34      0.5666     0.9812     0.5976    0.9643   0.9686   0.000100  (1.3s)
    35      0.5343     0.9750     0.5784    0.9643   0.9686   0.000100  (1.2s)
    36      0.5662     0.9500     0.5438    0.9643   0.9686   0.000100  (0.9s)
    37      0.5074     0.9625     0.5127    0.9643   0.9686   0.000100  (0.9s)
    38      0.4693     0.9875     0.4830    0.9643   0.9686   0.000100  (0.9s)
    39      0.4526     0.9938     0.4553    0.9643   0.9686   0.000100  (1.2s)
    40      0.4231     0.9812     0.4732    0.9643   0.9686   0.000100  (1.1s)
    41      0.3811     0.9938     0.4597    1.0000   1.0000   0.000100  (1.1s)
    42      0.4293     0.9875     0.4096    1.0000   1.0000   0.000100  (0.8s)
    43      0.3417     0.9875     0.3779    1.0000   1.0000   0.000100  (0.9s)
    44      0.3444     0.9938     0.3807    0.9643   0.9686   0.000100  (0.9s)
    45      0.3440     0.9938     0.3845    0.9643   0.9686   0.000100  (1.2s)
    46      0.2986     1.0000     0.3736    0.9643   0.9686   0.000100  (1.2s)
    47      0.3334     0.9938     0.3438    0.9643   0.9686   0.000100  (1.2s)
    48      0.2915     1.0000     0.3254    0.9643   0.9686   0.000100  (0.9s)
    49      0.2743     1.0000     0.3381    0.9643   0.9686   0.000100  (0.9s)
    50      0.3103     0.9938     0.3996    0.9643   0.9686   0.000100  (0.9s)

Best: epoch 41, val_acc=1.0000, val_f1=1.0000
Model saved: /mnt/extended-home/fitra_dosen/2025_iris_fer_taufik/MultimodalEmoLearn/models/benchmark/jaffe_samplelevel/_tmp/m.pth
Test Loss: 0.6610
Test Accuracy: 0.9048
Test Macro F1:    0.9020
Test Micro F1:    0.9048
Test Weighted F1: 0.9020

Classification Report:
              precision    recall  f1-score   support

     neutral       1.00      1.00      1.00         3
       happy       0.75      1.00      0.86         3
         sad       1.00      1.00      1.00         3
       angry       1.00      0.67      0.80         3
     fearful       1.00      1.00      1.00         3
   disgusted       0.75      1.00      0.86         3
   surprised       1.00      0.67      0.80         3

    accuracy                           0.90        21
   macro avg       0.93      0.90      0.90        21
weighted avg       0.93      0.90      0.90        21

    [fold 4/10] macro_f1=0.9020 acc=0.9048 (56s)
 Epoch  Train Loss  Train Acc   Val Loss   Val Acc   Val F1         LR
---------------------------------------------------------------------------
     1      2.0154     0.1562     1.9404    0.2143   0.1000   0.000100  (1.1s)
     2      2.0141     0.1375     1.9431    0.0357   0.0179   0.000100  (1.1s)
     3      1.9175     0.2125     1.9348    0.1786   0.0743   0.000100  (0.8s)
     4      2.0195     0.1562     1.9276    0.3214   0.2569   0.000100  (0.8s)
     5      1.8665     0.2562     1.9345    0.2857   0.2043   0.000100  (0.9s)
     6      1.9101     0.2188     1.9205    0.3214   0.2672   0.000100  (1.0s)
     7      1.8130     0.3438     1.8996    0.3214   0.2261   0.000100  (1.2s)
     8      1.7615     0.3312     1.8676    0.2857   0.2021   0.000100  (1.2s)
     9      1.6943     0.3563     1.8462    0.3929   0.3193   0.000100  (1.2s)
    10      1.6185     0.4000     1.8210    0.3929   0.3193   0.000100  (0.8s)
    11      1.6358     0.3812     1.7852    0.4286   0.3197   0.000100  (0.9s)
    12      1.6008     0.3812     1.7409    0.4286   0.3571   0.000100  (1.0s)
    13      1.5504     0.4562     1.6812    0.5714   0.5116   0.000100  (1.1s)
    14      1.4055     0.5625     1.6320    0.5357   0.5038   0.000100  (1.1s)
    15      1.3116     0.5938     1.5552    0.5714   0.5205   0.000100  (1.1s)
    16      1.3027     0.6438     1.4798    0.6786   0.6190   0.000100  (0.9s)
    17      1.1716     0.6875     1.4019    0.7500   0.7544   0.000100  (0.8s)
    18      1.2922     0.5687     1.2937    0.8571   0.8357   0.000100  (1.1s)
    19      1.1510     0.6750     1.2626    0.8929   0.9024   0.000100  (1.2s)
    20      1.0734     0.7125     1.2240    0.8929   0.9024   0.000100  (1.2s)
    21      1.0044     0.7625     1.2086    0.8929   0.9024   0.000100  (0.9s)
    22      0.9902     0.7562     1.1481    0.8571   0.8357   0.000100  (0.9s)
    23      0.9382     0.7625     1.0661    0.8571   0.8357   0.000100  (1.0s)
    24      0.8810     0.8688     1.0275    0.8571   0.8789   0.000100  (1.2s)
    25      0.7956     0.9062     0.9672    0.8571   0.8789   0.000100  (1.2s)
    26      0.8173     0.8500     0.9533    0.8929   0.9024   0.000100  (1.1s)
    27      0.7144     0.9500     0.9601    0.8571   0.8629   0.000100  (0.9s)
    28      0.7590     0.9062     0.9100    0.8929   0.9024   0.000100  (1.0s)
    29      0.6762     0.9375     0.8953    0.8929   0.9024   0.000050  (1.2s)
    30      0.6692     0.9375     0.8748    0.8929   0.9024   0.000050  (1.3s)
    31      0.6670     0.9250     0.8120    0.8929   0.9024   0.000050  (1.2s)
    32      0.6665     0.9313     0.7976    0.8929   0.9024   0.000050  (0.9s)
    33      0.6130     0.9625     0.7974    0.8929   0.9024   0.000050  (0.8s)
    34      0.5566     0.9688     0.7689    0.8929   0.9024   0.000050  (0.9s)

Early stopping at epoch 34. Best epoch: 19 (val_f1=0.9024)

Best: epoch 19, val_acc=0.8929, val_f1=0.9024
Model saved: /mnt/extended-home/fitra_dosen/2025_iris_fer_taufik/MultimodalEmoLearn/models/benchmark/jaffe_samplelevel/_tmp/m.pth
Test Loss: 1.3954
Test Accuracy: 0.6667
Test Macro F1:    0.6676
Test Micro F1:    0.6667
Test Weighted F1: 0.6676

Classification Report:
              precision    recall  f1-score   support

     neutral       0.33      0.67      0.44         3
       happy       1.00      0.33      0.50         3
         sad       0.50      0.67      0.57         3
       angry       1.00      1.00      1.00         3
     fearful       1.00      0.67      0.80         3
   disgusted       1.00      0.33      0.50         3
   surprised       0.75      1.00      0.86         3

    accuracy                           0.67        21
   macro avg       0.80      0.67      0.67        21
weighted avg       0.80      0.67      0.67        21

    [fold 5/10] macro_f1=0.6676 acc=0.6667 (40s)
 Epoch  Train Loss  Train Acc   Val Loss   Val Acc   Val F1         LR
---------------------------------------------------------------------------
     1      2.0457     0.1125     1.9372    0.1786   0.0709   0.000100  (1.2s)
     2      2.0073     0.1750     1.9246    0.3214   0.2600   0.000100  (0.9s)
     3      1.8957     0.2562     1.9127    0.3571   0.2544   0.000100  (0.9s)
     4      1.9299     0.2313     1.9051    0.3214   0.2277   0.000100  (0.8s)
     5      1.8914     0.2062     1.8885    0.3571   0.2341   0.000100  (1.2s)
     6      1.9032     0.2500     1.8671    0.3929   0.2774   0.000100  (1.1s)
     7      1.8208     0.2687     1.8588    0.3929   0.2862   0.000100  (1.1s)
     8      1.7843     0.3063     1.8468    0.3571   0.2662   0.000100  (0.8s)
     9      1.7654     0.3000     1.8162    0.4286   0.2902   0.000100  (0.9s)
    10      1.6905     0.3625     1.7769    0.4643   0.3160   0.000100  (0.9s)
    11      1.6362     0.3875     1.7206    0.6071   0.5194   0.000100  (1.2s)
    12      1.6899     0.3563     1.6772    0.6071   0.4922   0.000100  (1.1s)
    13      1.5831     0.4625     1.6070    0.6071   0.5136   0.000100  (1.2s)
    14      1.4165     0.5687     1.5213    0.8571   0.7929   0.000100  (0.9s)
    15      1.4065     0.5062     1.4305    0.8571   0.7929   0.000100  (0.9s)
    16      1.3018     0.6438     1.3337    0.8571   0.8227   0.000100  (0.9s)
    17      1.2437     0.6375     1.2352    0.7857   0.7693   0.000100  (1.2s)
    18      1.3139     0.5625     1.1031    0.7857   0.7950   0.000100  (1.2s)
    19      1.1318     0.6937     1.0915    0.7857   0.7950   0.000100  (1.2s)
    20      1.1350     0.6500     1.0350    0.8571   0.8664   0.000100  (1.0s)
    21      1.1361     0.6875     0.9635    0.8571   0.8601   0.000100  (0.9s)
    22      1.0543     0.7438     0.9057    0.8214   0.7019   0.000100  (1.1s)
    23      0.9544     0.8187     0.8996    0.8214   0.6868   0.000100  (1.1s)
    24      0.9450     0.8313     0.8877    0.8571   0.7108   0.000100  (1.2s)
    25      0.9160     0.7750     0.8336    0.8571   0.7108   0.000100  (0.9s)
    26      0.8983     0.7937     0.8267    0.9286   0.9190   0.000100  (0.8s)
    27      0.7978     0.8938     0.8192    0.9643   0.9666   0.000100  (0.9s)
    28      0.8541     0.8562     0.8007    0.9643   0.9666   0.000100  (1.1s)
    29      0.7294     0.9062     0.7873    0.9286   0.9258   0.000100  (1.1s)
    30      0.6870     0.9187     0.7605    0.9286   0.9258   0.000100  (1.2s)
    31      0.7084     0.9125     0.7065    0.9643   0.9666   0.000100  (0.9s)
    32      0.6697     0.9250     0.6696    0.9286   0.9357   0.000100  (0.9s)
    33      0.5987     0.9688     0.6766    0.9286   0.9357   0.000100  (0.9s)
    34      0.5554     0.9688     0.6164    0.9643   0.9666   0.000100  (1.1s)
    35      0.5470     0.9563     0.5933    0.9643   0.9666   0.000100  (1.1s)
    36      0.5356     0.9688     0.5456    0.9643   0.9666   0.000100  (1.1s)
    37      0.4811     1.0000     0.5235    0.9643   0.9666   0.000050  (0.9s)
    38      0.4724     0.9938     0.4846    0.9643   0.9666   0.000050  (1.0s)
    39      0.5049     0.9750     0.4646    0.9643   0.9666   0.000050  (0.9s)
    40      0.4374     0.9938     0.4692    0.9643   0.9666   0.000050  (1.2s)
    41      0.4313     0.9875     0.4622    0.9643   0.9666   0.000050  (1.1s)
    42      0.4839     0.9688     0.4473    0.9643   0.9666   0.000050  (1.1s)

Early stopping at epoch 42. Best epoch: 27 (val_f1=0.9666)

Best: epoch 27, val_acc=0.9643, val_f1=0.9666
Model saved: /mnt/extended-home/fitra_dosen/2025_iris_fer_taufik/MultimodalEmoLearn/models/benchmark/jaffe_samplelevel/_tmp/m.pth
Test Loss: 0.9292
Test Accuracy: 0.8571
Test Macro F1:    0.8401
Test Micro F1:    0.8571
Test Weighted F1: 0.8401

Classification Report:
              precision    recall  f1-score   support

     neutral       1.00      1.00      1.00         3
       happy       0.75      1.00      0.86         3
         sad       1.00      0.33      0.50         3
       angry       1.00      1.00      1.00         3
     fearful       0.67      0.67      0.67         3
   disgusted       1.00      1.00      1.00         3
   surprised       0.75      1.00      0.86         3

    accuracy                           0.86        21
   macro avg       0.88      0.86      0.84        21
weighted avg       0.88      0.86      0.84        21

    [fold 6/10] macro_f1=0.8401 acc=0.8571 (47s)
 Epoch  Train Loss  Train Acc   Val Loss   Val Acc   Val F1         LR
---------------------------------------------------------------------------
     1      2.0566     0.1562     1.9336    0.1786   0.0789   0.000100  (1.0s)
     2      2.0321     0.1938     1.9226    0.3214   0.1704   0.000100  (1.1s)
     3      1.9279     0.1938     1.9175    0.2857   0.1541   0.000100  (1.1s)
     4      1.9723     0.2062     1.9228    0.2857   0.1364   0.000100  (1.1s)
     5      1.8380     0.2938     1.9164    0.3571   0.2366   0.000100  (0.8s)
     6      1.8864     0.2437     1.8829    0.3929   0.2355   0.000100  (0.9s)
     7      1.8711     0.2562     1.8479    0.3929   0.2310   0.000100  (1.2s)
     8      1.7154     0.3063     1.7962    0.4286   0.2789   0.000100  (1.2s)
     9      1.6623     0.3625     1.7405    0.4286   0.3491   0.000100  (1.2s)
    10      1.6670     0.3812     1.6982    0.5357   0.4252   0.000100  (0.8s)
    11      1.6791     0.3875     1.6581    0.6071   0.4883   0.000100  (1.0s)
    12      1.6277     0.4250     1.5857    0.7143   0.6643   0.000100  (1.2s)
    13      1.5531     0.4375     1.4921    0.7500   0.7094   0.000100  (1.1s)
    14      1.4375     0.5125     1.4329    0.7857   0.7679   0.000100  (1.2s)
    15      1.4651     0.5188     1.3818    0.7500   0.7168   0.000100  (0.8s)
    16      1.3505     0.6062     1.3674    0.7857   0.7218   0.000100  (0.8s)
    17      1.3174     0.5938     1.3495    0.7500   0.7123   0.000100  (0.9s)
    18      1.3011     0.6000     1.2679    0.8214   0.7869   0.000100  (1.0s)
    19      1.2189     0.6188     1.2157    0.7857   0.7505   0.000100  (1.1s)
    20      1.1435     0.7312     1.1547    0.8214   0.7964   0.000100  (1.1s)
    21      1.0628     0.7375     1.0982    0.8214   0.7964   0.000100  (1.1s)
    22      1.0640     0.7438     0.9941    0.8929   0.8476   0.000100  (0.9s)
    23      1.0074     0.8187     0.9411    0.8571   0.8156   0.000100  (0.9s)
    24      0.9511     0.8313     0.9020    0.8929   0.8524   0.000100  (1.2s)
    25      0.9341     0.8187     0.8700    0.8929   0.8524   0.000100  (1.1s)
    26      0.8492     0.8562     0.8717    0.8571   0.8345   0.000100  (1.1s)
    27      0.8198     0.8875     0.8596    0.8571   0.8345   0.000100  (0.8s)
    28      0.7564     0.9187     0.8742    0.9286   0.9345   0.000100  (0.7s)
    29      0.7196     0.9125     0.8330    0.8929   0.8812   0.000100  (0.9s)
    30      0.6679     0.9563     0.7641    0.8929   0.8812   0.000100  (1.0s)
    31      0.6197     0.9563     0.7089    0.8571   0.8345   0.000100  (1.2s)
    32      0.6966     0.9437     0.6788    0.8929   0.8868   0.000100  (1.2s)
    33      0.5824     0.9563     0.7172    0.8929   0.8995   0.000100  (1.1s)
    34      0.5387     0.9563     0.6442    0.9643   0.9556   0.000100  (0.8s)
    35      0.5228     0.9875     0.5885    0.9286   0.8952   0.000100  (0.8s)
    36      0.4986     0.9938     0.6096    0.8929   0.8764   0.000100  (0.8s)
    37      0.4561     0.9812     0.5973    0.8929   0.8764   0.000100  (0.9s)
    38      0.4471     0.9938     0.5648    0.9286   0.8952   0.000100  (1.1s)
    39      0.4352     0.9750     0.5296    0.9643   0.9394   0.000100  (1.1s)
    40      0.4322     0.9938     0.5379    0.9643   0.9786   0.000100  (1.2s)
    41      0.3667     0.9938     0.5241    0.9643   0.9786   0.000100  (0.9s)
    42      0.4317     0.9875     0.5019    0.9643   0.9786   0.000100  (0.8s)
    43      0.3274     1.0000     0.4679    0.9643   0.9786   0.000100  (1.0s)
    44      0.3688     0.9812     0.4513    0.9643   0.9786   0.000100  (0.9s)
    45      0.3283     1.0000     0.4263    0.9643   0.9786   0.000100  (1.1s)
    46      0.2996     1.0000     0.4326    0.9643   0.9786   0.000100  (1.1s)
    47      0.3031     0.9938     0.4067    0.9643   0.9786   0.000100  (1.1s)
    48      0.3032     1.0000     0.4218    0.9286   0.9186   0.000100  (0.8s)
    49      0.2517     1.0000     0.3985    0.9643   0.9630   0.000100  (0.9s)
    50      0.2495     1.0000     0.4016    0.9643   0.9786   0.000050  (0.9s)

Best: epoch 40, val_acc=0.9643, val_f1=0.9786
Model saved: /mnt/extended-home/fitra_dosen/2025_iris_fer_taufik/MultimodalEmoLearn/models/benchmark/jaffe_samplelevel/_tmp/m.pth
Test Loss: 0.5367
Test Accuracy: 0.9524
Test Macro F1:    0.9510
Test Micro F1:    0.9524
Test Weighted F1: 0.9510

Classification Report:
              precision    recall  f1-score   support

     neutral       1.00      1.00      1.00         3
       happy       1.00      1.00      1.00         3
         sad       0.75      1.00      0.86         3
       angry       1.00      1.00      1.00         3
     fearful       1.00      0.67      0.80         3
   disgusted       1.00      1.00      1.00         3
   surprised       1.00      1.00      1.00         3

    accuracy                           0.95        21
   macro avg       0.96      0.95      0.95        21
weighted avg       0.96      0.95      0.95        21

    [fold 7/10] macro_f1=0.9510 acc=0.9524 (55s)
 Epoch  Train Loss  Train Acc   Val Loss   Val Acc   Val F1         LR
---------------------------------------------------------------------------
     1      2.0265     0.1875     1.9458    0.1071   0.0343   0.000100  (1.1s)
     2      2.0401     0.1375     1.9417    0.1071   0.0504   0.000100  (0.7s)
     3      1.9643     0.1938     1.9255    0.2143   0.1143   0.000100  (1.0s)
     4      1.9887     0.1938     1.9020    0.3214   0.2143   0.000100  (0.9s)
     5      1.8564     0.2250     1.8982    0.2500   0.1449   0.000100  (1.2s)
     6      1.9244     0.2562     1.8884    0.3214   0.2297   0.000100  (1.3s)
     7      1.7511     0.3063     1.8889    0.2857   0.2297   0.000100  (1.2s)
     8      1.8026     0.2625     1.8672    0.2857   0.2000   0.000100  (0.9s)
     9      1.7283     0.3187     1.8149    0.4286   0.2856   0.000100  (0.8s)
    10      1.6481     0.3812     1.7852    0.5000   0.4170   0.000100  (0.9s)
    11      1.6800     0.3625     1.7155    0.5714   0.4349   0.000100  (1.3s)
    12      1.6173     0.4000     1.6676    0.6071   0.5040   0.000100  (1.2s)
    13      1.5941     0.3937     1.5944    0.6071   0.5040   0.000100  (0.8s)
    14      1.5723     0.4562     1.5295    0.6429   0.5612   0.000100  (0.9s)
    15      1.4359     0.5062     1.4814    0.6429   0.5551   0.000100  (0.9s)
    16      1.4139     0.5062     1.4201    0.6071   0.5219   0.000100  (1.2s)
    17      1.3502     0.5625     1.3786    0.6429   0.5551   0.000100  (1.1s)
    18      1.3212     0.5750     1.3107    0.7143   0.6268   0.000100  (1.1s)
    19      1.1477     0.7438     1.2939    0.7857   0.6959   0.000100  (0.8s)
    20      1.1552     0.7125     1.2729    0.7143   0.6574   0.000100  (0.9s)
    21      1.1465     0.7312     1.2583    0.8214   0.7452   0.000100  (0.9s)
    22      1.0522     0.8063     1.2357    0.7857   0.7262   0.000100  (1.1s)
    23      1.0079     0.8125     1.2235    0.7857   0.7262   0.000100  (1.2s)
    24      0.9550     0.8438     1.1543    0.7500   0.6857   0.000100  (1.2s)
    25      0.8513     0.8313     1.1149    0.7857   0.7132   0.000100  (1.0s)
    26      0.8733     0.8562     1.0493    0.7500   0.6759   0.000100  (0.8s)
    27      0.8179     0.8938     0.9800    0.7500   0.6664   0.000100  (0.8s)
    28      0.7691     0.9250     0.9621    0.8214   0.8365   0.000100  (0.9s)
    29      0.7118     0.9250     0.9659    0.7857   0.7733   0.000100  (1.0s)
    30      0.6975     0.9500     0.9736    0.7500   0.7456   0.000100  (1.2s)
    31      0.6815     0.9563     0.8864    0.7500   0.7859   0.000100  (1.2s)
    32      0.5951     0.9500     0.8449    0.7857   0.7733   0.000100  (1.1s)
    33      0.5957     0.9625     0.8499    0.8571   0.8508   0.000100  (0.7s)
    34      0.5171     0.9875     0.8424    0.8571   0.8523   0.000100  (0.8s)
    35      0.5305     0.9812     0.8173    0.7857   0.8034   0.000100  (1.0s)
    36      0.5105     0.9812     0.8134    0.7500   0.7707   0.000100  (1.2s)
    37      0.4845     0.9875     0.8022    0.8214   0.8303   0.000100  (1.2s)
    38      0.5181     0.9563     0.8616    0.7500   0.7707   0.000100  (1.2s)
    39      0.4634     0.9938     0.7970    0.7500   0.7556   0.000100  (0.9s)
    40      0.3578     1.0000     0.7567    0.7500   0.7556   0.000100  (0.9s)
    41      0.3785     0.9938     0.7064    0.7500   0.7556   0.000100  (0.9s)
    42      0.3775     0.9875     0.6525    0.8571   0.8571   0.000100  (1.2s)
    43      0.3252     1.0000     0.6560    0.8571   0.8571   0.000100  (1.2s)
    44      0.4045     0.9812     0.6324    0.8571   0.8571   0.000100  (1.2s)
    45      0.3177     0.9875     0.6824    0.7857   0.8034   0.000100  (1.0s)
    46      0.3103     1.0000     0.7144    0.7857   0.8034   0.000100  (0.8s)
    47      0.3160     0.9938     0.6800    0.8214   0.8303   0.000100  (0.9s)
    48      0.2703     1.0000     0.7207    0.8214   0.8303   0.000100  (0.8s)
    49      0.2631     1.0000     0.7343    0.8214   0.8303   0.000100  (1.2s)
    50      0.2787     0.9938     0.8035    0.8214   0.8303   0.000100  (1.3s)

Best: epoch 42, val_acc=0.8571, val_f1=0.8571
Model saved: /mnt/extended-home/fitra_dosen/2025_iris_fer_taufik/MultimodalEmoLearn/models/benchmark/jaffe_samplelevel/_tmp/m.pth
Test Loss: 0.5693
Test Accuracy: 0.9048
Test Macro F1:    0.8878
Test Micro F1:    0.9048
Test Weighted F1: 0.8878

Classification Report:
              precision    recall  f1-score   support

     neutral       1.00      1.00      1.00         3
       happy       1.00      1.00      1.00         3
         sad       0.75      1.00      0.86         3
       angry       1.00      0.33      0.50         3
     fearful       1.00      1.00      1.00         3
   disgusted       0.75      1.00      0.86         3
   surprised       1.00      1.00      1.00         3

    accuracy                           0.90        21
   macro avg       0.93      0.90      0.89        21
weighted avg       0.93      0.90      0.89        21

    [fold 8/10] macro_f1=0.8878 acc=0.9048 (57s)
 Epoch  Train Loss  Train Acc   Val Loss   Val Acc   Val F1         LR
---------------------------------------------------------------------------
     1      2.0643     0.1688     1.9319    0.2143   0.1057   0.000100  (1.1s)
     2      2.0096     0.1562     1.9240    0.1429   0.0440   0.000100  (1.2s)
     3      1.9118     0.1812     1.9115    0.2857   0.2567   0.000100  (1.2s)
     4      1.9735     0.2062     1.8896    0.3571   0.3042   0.000100  (0.9s)
     5      1.9143     0.2125     1.8706    0.3214   0.2764   0.000100  (0.9s)
     6      1.9656     0.1812     1.8576    0.3571   0.3500   0.000100  (0.9s)
     7      1.8706     0.2125     1.8395    0.3571   0.3407   0.000100  (1.2s)
     8      1.8177     0.2687     1.7946    0.2857   0.2471   0.000100  (1.2s)
     9      1.7504     0.3563     1.7357    0.3929   0.3265   0.000100  (1.1s)
    10      1.6719     0.3500     1.6930    0.5000   0.3913   0.000100  (0.8s)
    11      1.6285     0.4062     1.6385    0.6429   0.5193   0.000100  (1.2s)
    12      1.5975     0.3375     1.5711    0.7143   0.7048   0.000100  (1.2s)
    13      1.5675     0.4250     1.5116    0.7857   0.7496   0.000100  (0.8s)
    14      1.4835     0.4313     1.4609    0.6786   0.6097   0.000100  (0.8s)
    15      1.4809     0.4437     1.3999    0.7857   0.7557   0.000100  (0.8s)
    16      1.3988     0.5375     1.3644    0.7500   0.7359   0.000100  (0.8s)
    17      1.2569     0.6500     1.2863    0.8214   0.8161   0.000100  (0.8s)
    18      1.2833     0.6438     1.1950    0.9286   0.9399   0.000100  (0.8s)
    19      1.0821     0.7063     1.1353    0.9643   0.9740   0.000100  (0.8s)
    20      1.1771     0.7000     1.0745    0.9286   0.9476   0.000100  (0.9s)
    21      1.0858     0.7188     1.0404    0.8571   0.8429   0.000100  (0.8s)
    22      1.0488     0.7875     0.9969    0.8571   0.8670   0.000100  (0.8s)
    23      0.9637     0.7937     0.9435    0.8214   0.8174   0.000100  (0.8s)
    24      0.8820     0.9062     0.8714    0.8214   0.8074   0.000100  (0.8s)
    25      0.9066     0.8000     0.8155    0.8571   0.8510   0.000100  (0.8s)
    26      0.8488     0.8438     0.8167    0.8929   0.8881   0.000100  (0.9s)
    27      0.7372     0.9313     0.7922    0.9643   0.9666   0.000100  (1.2s)
    28      0.7342     0.9125     0.7739    0.9643   0.9666   0.000100  (1.1s)
    29      0.6655     0.9313     0.7680    0.9643   0.9666   0.000050  (1.1s)
    30      0.6924     0.9437     0.7658    0.9643   0.9666   0.000050  (1.1s)
    31      0.6349     0.9437     0.7218    0.9286   0.9380   0.000050  (1.1s)
    32      0.6495     0.9750     0.7119    0.9286   0.9380   0.000050  (1.2s)
    33      0.6796     0.9625     0.6896    0.9643   0.9666   0.000050  (1.2s)
    34      0.5996     0.9750     0.6681    0.9286   0.9357   0.000050  (1.2s)

Early stopping at epoch 34. Best epoch: 19 (val_f1=0.9740)

Best: epoch 19, val_acc=0.9643, val_f1=0.9740
Model saved: /mnt/extended-home/fitra_dosen/2025_iris_fer_taufik/MultimodalEmoLearn/models/benchmark/jaffe_samplelevel/_tmp/m.pth
Test Loss: 1.2018
Test Accuracy: 0.8095
Test Macro F1:    0.8082
Test Micro F1:    0.8095
Test Weighted F1: 0.8082

Classification Report:
              precision    recall  f1-score   support

     neutral       1.00      1.00      1.00         3
       happy       1.00      1.00      1.00         3
         sad       0.40      0.67      0.50         3
       angry       1.00      0.67      0.80         3
     fearful       0.75      1.00      0.86         3
   disgusted       1.00      0.33      0.50         3
   surprised       1.00      1.00      1.00         3

    accuracy                           0.81        21
   macro avg       0.88      0.81      0.81        21
weighted avg       0.88      0.81      0.81        21

    [fold 9/10] macro_f1=0.8082 acc=0.8095 (39s)
 Epoch  Train Loss  Train Acc   Val Loss   Val Acc   Val F1         LR
---------------------------------------------------------------------------
     1      2.0578     0.1688     1.9349    0.1786   0.0741   0.000100  (0.8s)
     2      1.9819     0.2250     1.9250    0.2143   0.0919   0.000100  (1.0s)
     3      1.9485     0.2062     1.9130    0.2143   0.0879   0.000100  (1.0s)
     4      1.9921     0.1688     1.9044    0.2500   0.1857   0.000100  (1.1s)
     5      1.8986     0.2437     1.9161    0.2500   0.1519   0.000100  (1.1s)
     6      1.9374     0.2562     1.9078    0.3571   0.3102   0.000100  (1.2s)
     7      1.8334     0.3000     1.8749    0.3214   0.2673   0.000100  (1.1s)
     8      1.7581     0.3312     1.8265    0.3214   0.2770   0.000100  (1.2s)
     9      1.6812     0.3375     1.7874    0.4286   0.3786   0.000100  (1.2s)
    10      1.7270     0.3312     1.7439    0.4643   0.3480   0.000100  (1.2s)
    11      1.6494     0.4062     1.6972    0.5000   0.3452   0.000100  (1.1s)
    12      1.6513     0.4125     1.6186    0.5714   0.3785   0.000100  (1.1s)
    13      1.5577     0.4313     1.5632    0.6071   0.5302   0.000100  (1.1s)
    14      1.4046     0.5250     1.4984    0.6071   0.5389   0.000100  (0.8s)
    15      1.4282     0.5312     1.4351    0.6786   0.5706   0.000100  (0.7s)
    16      1.3991     0.5625     1.3844    0.6786   0.5706   0.000100  (0.9s)
    17      1.2718     0.6188     1.3769    0.7143   0.6545   0.000100  (1.1s)
    18      1.3096     0.5625     1.3188    0.6429   0.5855   0.000100  (0.9s)
    19      1.1653     0.6875     1.2802    0.7500   0.7450   0.000100  (1.2s)
    20      1.1624     0.6625     1.2171    0.8214   0.8277   0.000100  (1.2s)
    21      1.0404     0.7875     1.1562    0.8214   0.8222   0.000100  (1.2s)
    22      1.0456     0.7625     1.1164    0.7857   0.7864   0.000100  (1.1s)
    23      0.9881     0.7750     1.0195    0.8929   0.9060   0.000100  (1.1s)
    24      0.9283     0.8063     0.9858    0.8571   0.8479   0.000100  (1.2s)
    25      0.9548     0.7875     0.9490    0.8214   0.8209   0.000100  (1.2s)
    26      0.8533     0.8562     0.9653    0.7857   0.7971   0.000100  (1.1s)
    27      0.8009     0.8750     0.9418    0.8571   0.8548   0.000100  (1.2s)
    28      0.7887     0.8875     0.9561    0.8571   0.8548   0.000100  (1.2s)
    29      0.7367     0.9125     0.9075    0.8571   0.8548   0.000100  (0.9s)
    30      0.6665     0.9375     0.8546    0.8214   0.8213   0.000100  (1.0s)
    31      0.6525     0.9250     0.7900    0.8571   0.8571   0.000100  (1.0s)
    32      0.6492     0.9437     0.7837    0.8214   0.8213   0.000100  (1.2s)
    33      0.6472     0.9500     0.7828    0.7857   0.8221   0.000050  (1.2s)
    34      0.5790     0.9875     0.7722    0.7857   0.8221   0.000050  (1.2s)
    35      0.5801     0.9688     0.7776    0.7857   0.8221   0.000050  (1.2s)
    36      0.5411     0.9812     0.7590    0.8214   0.8484   0.000050  (1.2s)
    37      0.4951     0.9875     0.7585    0.8571   0.8721   0.000050  (1.2s)
    38      0.5135     0.9875     0.7688    0.8214   0.8484   0.000050  (1.2s)

Early stopping at epoch 38. Best epoch: 23 (val_f1=0.9060)

Best: epoch 23, val_acc=0.8929, val_f1=0.9060
Model saved: /mnt/extended-home/fitra_dosen/2025_iris_fer_taufik/MultimodalEmoLearn/models/benchmark/jaffe_samplelevel/_tmp/m.pth
Test Loss: 1.1535
Test Accuracy: 0.7619
Test Macro F1:    0.6922
Test Micro F1:    0.7619
Test Weighted F1: 0.7330

Classification Report:
              precision    recall  f1-score   support

     neutral       0.67      0.67      0.67         3
       happy       1.00      1.00      1.00         3
         sad       0.50      0.67      0.57         3
       angry       0.60      1.00      0.75         3
     fearful       1.00      0.75      0.86         4
   disgusted       0.00      0.00      0.00         2
   surprised       1.00      1.00      1.00         3

    accuracy                           0.76        21
   macro avg       0.68      0.73      0.69        21
weighted avg       0.73      0.76      0.73        21

    [fold 10/10] macro_f1=0.6922 acc=0.7619 (45s)

  cv10: acc=0.8221±0.1030  macro_f1=0.8110±0.1065  -> saved jaffe_7c_cv10_intermediate_bs52_tl_b3.json

Done.
