Device: cuda

##### CKPLUS_KAGGLE_ORIG: N=981, kelas=7 (sample-level) #####

================================================================
  CKPLUS_KAGGLE_ORIG 7c — Early Fusion concat — randomsplit (5 folds)
================================================================
 Epoch  Train Loss  Train Acc   Val Loss   Val Acc   Val F1         LR
---------------------------------------------------------------------------
     1      1.7373     0.3344     1.7335    0.4017   0.3108   0.000050  (16.2s)
     2      1.1706     0.6625     1.2789    0.5812   0.4394   0.000050  (3.6s)
     3      0.8633     0.7875     1.0857    0.6752   0.6006   0.000050  (3.5s)
     4      0.6050     0.8969     0.6378    0.8718   0.8152   0.000050  (3.4s)
     5      0.4316     0.9453     0.4104    0.9573   0.9411   0.000050  (3.6s)
     6      0.3210     0.9734     0.3109    0.9829   0.9754   0.000050  (3.5s)
     7      0.2542     0.9859     0.2744    0.9829   0.9754   0.000050  (3.5s)
     8      0.2109     0.9891     0.2280    0.9829   0.9754   0.000050  (3.5s)
     9      0.1809     0.9891     0.2113    0.9829   0.9754   0.000050  (3.5s)
    10      0.1507     0.9969     0.1609    0.9915   0.9861   0.000050  (3.6s)
    11      0.1262     0.9969     0.1582    0.9915   0.9861   0.000050  (3.6s)
    12      0.1125     0.9984     0.1483    0.9915   0.9861   0.000050  (3.6s)
    13      0.1071     0.9984     0.1448    0.9829   0.9747   0.000050  (3.7s)
    14      0.0976     0.9984     0.1365    0.9829   0.9745   0.000050  (3.7s)
    15      0.1039     0.9984     0.1205    0.9829   0.9827   0.000050  (3.6s)
    16      0.0909     0.9984     0.1165    0.9829   0.9827   0.000050  (3.5s)
    17      0.0850     0.9969     0.1076    0.9744   0.9713   0.000050  (3.5s)
    18      0.0801     0.9984     0.1034    0.9829   0.9827   0.000050  (3.6s)
    19      0.0700     1.0000     0.0954    0.9829   0.9828   0.000050  (3.6s)
    20      0.0638     1.0000     0.0931    0.9915   0.9943   0.000025  (3.5s)
    21      0.0636     1.0000     0.0933    0.9829   0.9745   0.000025  (3.6s)
    22      0.0562     1.0000     0.0889    0.9829   0.9747   0.000025  (3.6s)
    23      0.0566     1.0000     0.0925    0.9915   0.9861   0.000025  (3.6s)
    24      0.0576     0.9984     0.0886    0.9915   0.9943   0.000025  (3.6s)
    25      0.0592     1.0000     0.0829    0.9915   0.9943   0.000025  (3.7s)
    26      0.0510     1.0000     0.0805    0.9915   0.9861   0.000025  (3.7s)
    27      0.0620     0.9953     0.0711    1.0000   1.0000   0.000025  (3.7s)
    28      0.0501     1.0000     0.0676    1.0000   1.0000   0.000025  (3.7s)
    29      0.0482     1.0000     0.0687    1.0000   1.0000   0.000025  (3.7s)
    30      0.0479     1.0000     0.0664    1.0000   1.0000   0.000025  (3.6s)
    31      0.0558     1.0000     0.0680    1.0000   1.0000   0.000025  (3.6s)
    32      0.0444     1.0000     0.0640    1.0000   1.0000   0.000025  (3.5s)
    33      0.0530     0.9984     0.0583    1.0000   1.0000   0.000025  (3.6s)
    34      0.0407     1.0000     0.0571    1.0000   1.0000   0.000025  (3.7s)
    35      0.0439     1.0000     0.0567    1.0000   1.0000   0.000025  (3.6s)
    36      0.0451     1.0000     0.0552    1.0000   1.0000   0.000025  (3.6s)
    37      0.0478     0.9953     0.0557    1.0000   1.0000   0.000013  (3.7s)
    38      0.0421     1.0000     0.0576    1.0000   1.0000   0.000013  (3.5s)
    39      0.0391     1.0000     0.0532    1.0000   1.0000   0.000013  (3.0s)
    40      0.0389     1.0000     0.0566    1.0000   1.0000   0.000013  (1.9s)
    41      0.0364     1.0000     0.0552    1.0000   1.0000   0.000013  (3.6s)
    42      0.0426     1.0000     0.0541    1.0000   1.0000   0.000013  (3.6s)

Early stopping at epoch 42. Best epoch: 27 (val_f1=1.0000)

Best: epoch 27, val_acc=1.0000, val_f1=1.0000
Model saved: /mnt/extended-home/fitra_dosen/2025_iris_fer_taufik/MultimodalEmoLearn/models/benchmark/ckplus_kaggle_orig_samplelevel/_tmp/m.pth
Test Loss: 0.0568
Test Accuracy: 0.9848
Test Macro F1:    0.9748
Test Micro F1:    0.9848
Test Weighted F1: 0.9851

Classification Report:
              precision    recall  f1-score   support

     neutral       0.96      1.00      0.98        27
       happy       0.85      1.00      0.92        11
         sad       1.00      1.00      1.00        35
       angry       1.00      0.93      0.97        15
     fearful       1.00      1.00      1.00        42
   disgusted       1.00      0.94      0.97        17
   surprised       1.00      0.98      0.99        50

    accuracy                           0.98       197
   macro avg       0.97      0.98      0.97       197
weighted avg       0.99      0.98      0.99       197

    [fold 1/5] macro_f1=0.9748 acc=0.9848 (172s)
 Epoch  Train Loss  Train Acc   Val Loss   Val Acc   Val F1         LR
---------------------------------------------------------------------------
     1      1.7794     0.3187     1.7229    0.4188   0.3664   0.000050  (3.6s)
     2      1.1902     0.6641     1.2497    0.6154   0.4748   0.000050  (3.6s)
     3      0.8187     0.8109     0.9284    0.7350   0.6406   0.000050  (3.7s)
     4      0.5824     0.9094     0.6304    0.8718   0.8639   0.000050  (3.6s)
     5      0.4299     0.9469     0.3794    0.9487   0.9448   0.000050  (3.8s)
     6      0.3362     0.9688     0.3061    0.9402   0.9327   0.000050  (3.8s)
     7      0.2595     0.9812     0.2421    0.9573   0.9572   0.000050  (3.6s)
     8      0.2095     0.9891     0.2053    0.9573   0.9542   0.000050  (3.6s)
     9      0.1777     0.9922     0.1847    0.9658   0.9667   0.000050  (3.7s)
    10      0.1504     0.9953     0.1660    0.9658   0.9667   0.000050  (3.6s)
    11      0.1528     0.9906     0.1172    0.9915   0.9939   0.000050  (3.5s)
    12      0.1299     0.9906     0.1075    0.9829   0.9877   0.000050  (3.6s)
    13      0.1133     0.9984     0.1056    0.9829   0.9877   0.000050  (3.7s)
    14      0.0926     1.0000     0.1045    0.9829   0.9877   0.000050  (3.6s)
    15      0.0867     0.9984     0.0880    0.9829   0.9877   0.000050  (3.6s)
    16      0.0955     0.9969     0.0889    0.9829   0.9877   0.000050  (3.5s)
    17      0.0865     0.9984     0.0993    0.9829   0.9877   0.000050  (3.5s)
    18      0.0761     1.0000     0.0746    0.9829   0.9877   0.000050  (3.6s)
    19      0.0670     1.0000     0.0738    0.9829   0.9877   0.000050  (3.7s)
    20      0.0636     1.0000     0.0620    0.9829   0.9877   0.000050  (3.6s)
    21      0.0620     1.0000     0.0624    0.9829   0.9877   0.000025  (3.7s)
    22      0.0582     1.0000     0.0650    0.9829   0.9877   0.000025  (3.9s)
    23      0.0591     1.0000     0.0579    0.9829   0.9877   0.000025  (3.7s)
    24      0.0634     1.0000     0.0623    0.9829   0.9877   0.000025  (3.8s)
    25      0.0585     1.0000     0.0550    0.9829   0.9877   0.000025  (3.9s)
    26      0.0496     1.0000     0.0535    0.9829   0.9877   0.000025  (3.9s)

Early stopping at epoch 26. Best epoch: 11 (val_f1=0.9939)

Best: epoch 11, val_acc=0.9915, val_f1=0.9939
Model saved: /mnt/extended-home/fitra_dosen/2025_iris_fer_taufik/MultimodalEmoLearn/models/benchmark/ckplus_kaggle_orig_samplelevel/_tmp/m.pth
Test Loss: 0.0847
Test Accuracy: 1.0000
Test Macro F1:    1.0000
Test Micro F1:    1.0000
Test Weighted F1: 1.0000

Classification Report:
              precision    recall  f1-score   support

     neutral       1.00      1.00      1.00        27
       happy       1.00      1.00      1.00        11
         sad       1.00      1.00      1.00        35
       angry       1.00      1.00      1.00        15
     fearful       1.00      1.00      1.00        42
   disgusted       1.00      1.00      1.00        17
   surprised       1.00      1.00      1.00        50

    accuracy                           1.00       197
   macro avg       1.00      1.00      1.00       197
weighted avg       1.00      1.00      1.00       197

    [fold 2/5] macro_f1=1.0000 acc=1.0000 (101s)
 Epoch  Train Loss  Train Acc   Val Loss   Val Acc   Val F1         LR
---------------------------------------------------------------------------
     1      1.7031     0.3766     1.7425    0.3590   0.2798   0.000050  (3.7s)
     2      1.2130     0.6141     1.2675    0.5556   0.4111   0.000050  (3.8s)
     3      0.9197     0.7500     0.9014    0.7094   0.6439   0.000050  (3.8s)
     4      0.6174     0.9109     0.6405    0.8205   0.7795   0.000050  (3.7s)
     5      0.4503     0.9531     0.3972    0.9573   0.9462   0.000050  (3.6s)
     6      0.3382     0.9734     0.2651    0.9744   0.9651   0.000050  (3.6s)
     7      0.2517     0.9859     0.2137    0.9829   0.9738   0.000050  (3.7s)
     8      0.2331     0.9875     0.1735    0.9829   0.9738   0.000050  (3.7s)
     9      0.1797     0.9891     0.1458    0.9829   0.9738   0.000050  (3.7s)
    10      0.1488     0.9953     0.1232    0.9915   0.9824   0.000050  (3.5s)
    11      0.1281     0.9953     0.1081    0.9915   0.9824   0.000050  (3.6s)
    12      0.1262     0.9953     0.0930    0.9915   0.9824   0.000050  (3.6s)
    13      0.1106     0.9969     0.0865    0.9915   0.9824   0.000050  (3.7s)
    14      0.1104     0.9953     0.0798    0.9915   0.9913   0.000050  (3.7s)
    15      0.0900     1.0000     0.0739    0.9915   0.9913   0.000050  (3.8s)
    16      0.0918     0.9984     0.0722    0.9915   0.9824   0.000050  (3.5s)
    17      0.0761     1.0000     0.0673    0.9915   0.9824   0.000050  (3.0s)
    18      0.0724     0.9984     0.0567    0.9915   0.9824   0.000050  (3.6s)
    19      0.0688     0.9984     0.0596    0.9915   0.9824   0.000050  (3.6s)
    20      0.0677     1.0000     0.0568    0.9915   0.9824   0.000050  (3.6s)
    21      0.0625     0.9984     0.0530    0.9915   0.9824   0.000050  (3.7s)
    22      0.0624     0.9984     0.0421    0.9915   0.9824   0.000050  (3.6s)
    23      0.0521     0.9969     0.0522    0.9915   0.9824   0.000050  (3.7s)
    24      0.0529     1.0000     0.0524    0.9915   0.9824   0.000025  (3.6s)
    25      0.0532     1.0000     0.0502    0.9915   0.9824   0.000025  (3.7s)
    26      0.0485     1.0000     0.0495    0.9915   0.9824   0.000025  (3.5s)
    27      0.0452     1.0000     0.0485    0.9915   0.9824   0.000025  (3.8s)
    28      0.0473     1.0000     0.0489    0.9915   0.9824   0.000025  (3.7s)
    29      0.0436     1.0000     0.0478    0.9915   0.9824   0.000025  (3.6s)

Early stopping at epoch 29. Best epoch: 14 (val_f1=0.9913)

Best: epoch 14, val_acc=0.9915, val_f1=0.9913
Model saved: /mnt/extended-home/fitra_dosen/2025_iris_fer_taufik/MultimodalEmoLearn/models/benchmark/ckplus_kaggle_orig_samplelevel/_tmp/m.pth
Test Loss: 0.1066
Test Accuracy: 0.9848
Test Macro F1:    0.9737
Test Micro F1:    0.9848
Test Weighted F1: 0.9849

Classification Report:
              precision    recall  f1-score   support

     neutral       1.00      1.00      1.00        27
       happy       0.85      1.00      0.92        11
         sad       1.00      1.00      1.00        35
       angry       1.00      1.00      1.00        15
     fearful       1.00      1.00      1.00        42
   disgusted       0.94      0.88      0.91        17
   surprised       1.00      0.98      0.99        50

    accuracy                           0.98       197
   macro avg       0.97      0.98      0.97       197
weighted avg       0.99      0.98      0.98       197

    [fold 3/5] macro_f1=0.9737 acc=0.9848 (111s)
 Epoch  Train Loss  Train Acc   Val Loss   Val Acc   Val F1         LR
---------------------------------------------------------------------------
     1      1.7872     0.3187     1.6945    0.3932   0.2773   0.000050  (3.8s)
     2      1.2462     0.6125     1.3346    0.5726   0.3925   0.000050  (3.8s)
     3      0.8621     0.8109     0.9779    0.7265   0.6877   0.000050  (3.6s)
     4      0.6295     0.8984     0.6428    0.8547   0.8262   0.000050  (3.6s)
     5      0.4390     0.9563     0.3624    0.9487   0.9322   0.000050  (3.7s)
     6      0.3321     0.9766     0.2992    0.9744   0.9635   0.000050  (3.7s)
     7      0.2731     0.9891     0.2514    0.9658   0.9595   0.000050  (3.7s)
     8      0.2273     0.9781     0.2199    0.9744   0.9635   0.000050  (3.7s)
     9      0.1874     0.9938     0.2019    0.9744   0.9635   0.000050  (3.6s)
    10      0.1538     0.9922     0.1869    0.9829   0.9734   0.000050  (3.9s)
    11      0.1432     0.9953     0.1557    0.9829   0.9734   0.000050  (3.8s)
    12      0.1196     0.9984     0.1529    0.9744   0.9635   0.000050  (3.7s)
    13      0.1055     1.0000     0.1527    0.9744   0.9635   0.000050  (3.7s)
    14      0.1045     0.9969     0.1358    0.9829   0.9734   0.000050  (3.9s)
    15      0.0855     1.0000     0.1307    0.9744   0.9635   0.000050  (3.8s)
    16      0.0936     0.9984     0.1323    0.9829   0.9734   0.000050  (3.7s)
    17      0.0791     1.0000     0.1125    0.9829   0.9734   0.000050  (3.6s)
    18      0.0760     0.9984     0.1117    0.9829   0.9734   0.000050  (3.6s)
    19      0.0761     0.9984     0.1105    0.9829   0.9734   0.000050  (3.6s)
    20      0.0737     1.0000     0.1046    0.9829   0.9734   0.000025  (3.7s)
    21      0.0640     1.0000     0.1027    0.9829   0.9734   0.000025  (3.7s)
    22      0.0594     1.0000     0.1043    0.9829   0.9734   0.000025  (3.7s)
    23      0.0567     1.0000     0.1059    0.9829   0.9734   0.000025  (3.7s)
    24      0.0602     0.9984     0.1103    0.9829   0.9734   0.000025  (3.7s)
    25      0.0603     0.9984     0.1016    0.9829   0.9734   0.000025  (3.8s)

Early stopping at epoch 25. Best epoch: 10 (val_f1=0.9734)

Best: epoch 10, val_acc=0.9829, val_f1=0.9734
Model saved: /mnt/extended-home/fitra_dosen/2025_iris_fer_taufik/MultimodalEmoLearn/models/benchmark/ckplus_kaggle_orig_samplelevel/_tmp/m.pth
Test Loss: 0.1197
Test Accuracy: 0.9949
Test Macro F1:    0.9923
Test Micro F1:    0.9949
Test Weighted F1: 0.9950

Classification Report:
              precision    recall  f1-score   support

     neutral       1.00      1.00      1.00        27
       happy       0.92      1.00      0.96        11
         sad       1.00      1.00      1.00        35
       angry       1.00      1.00      1.00        15
     fearful       1.00      1.00      1.00        42
   disgusted       1.00      1.00      1.00        17
   surprised       1.00      0.98      0.99        50

    accuracy                           0.99       197
   macro avg       0.99      1.00      0.99       197
weighted avg       1.00      0.99      1.00       197

    [fold 4/5] macro_f1=0.9923 acc=0.9949 (98s)
 Epoch  Train Loss  Train Acc   Val Loss   Val Acc   Val F1         LR
---------------------------------------------------------------------------
     1      1.7857     0.3031     1.6624    0.4872   0.4438   0.000050  (3.7s)
     2      1.2616     0.6172     1.0957    0.7265   0.6481   0.000050  (3.8s)
     3      0.8418     0.8016     0.7076    0.8034   0.7411   0.000050  (3.9s)
     4      0.6438     0.8828     0.4367    0.9658   0.9440   0.000050  (3.9s)
     5      0.4622     0.9516     0.2893    0.9829   0.9762   0.000050  (3.8s)
     6      0.3396     0.9656     0.2134    0.9915   0.9877   0.000050  (3.9s)
     7      0.2687     0.9828     0.1670    0.9915   0.9877   0.000050  (3.0s)
     8      0.1995     0.9922     0.1447    0.9915   0.9877   0.000050  (3.7s)
     9      0.1926     0.9906     0.1269    0.9915   0.9877   0.000050  (3.6s)
    10      0.1623     0.9938     0.1056    1.0000   1.0000   0.000050  (3.7s)
    11      0.1369     0.9938     0.1020    1.0000   1.0000   0.000050  (3.6s)
    12      0.1150     0.9953     0.0941    1.0000   1.0000   0.000050  (3.7s)
    13      0.1158     0.9984     0.0820    1.0000   1.0000   0.000050  (3.8s)
    14      0.0999     0.9984     0.0705    1.0000   1.0000   0.000050  (3.7s)
    15      0.0920     1.0000     0.0663    1.0000   1.0000   0.000050  (3.8s)
    16      0.0792     0.9984     0.0597    1.0000   1.0000   0.000050  (3.8s)
    17      0.0767     0.9984     0.0638    1.0000   1.0000   0.000050  (3.6s)
    18      0.0722     1.0000     0.0605    1.0000   1.0000   0.000050  (3.9s)
    19      0.0630     1.0000     0.0590    1.0000   1.0000   0.000050  (3.7s)
    20      0.0783     0.9953     0.0503    1.0000   1.0000   0.000025  (3.8s)
    21      0.0712     1.0000     0.0505    1.0000   1.0000   0.000025  (3.7s)
    22      0.0604     1.0000     0.0521    1.0000   1.0000   0.000025  (3.6s)
    23      0.0631     1.0000     0.0557    1.0000   1.0000   0.000025  (3.6s)
    24      0.0659     0.9984     0.0523    1.0000   1.0000   0.000025  (3.6s)
    25      0.0581     1.0000     0.0446    1.0000   1.0000   0.000025  (3.8s)

Early stopping at epoch 25. Best epoch: 10 (val_f1=1.0000)

Best: epoch 10, val_acc=1.0000, val_f1=1.0000
Model saved: /mnt/extended-home/fitra_dosen/2025_iris_fer_taufik/MultimodalEmoLearn/models/benchmark/ckplus_kaggle_orig_samplelevel/_tmp/m.pth
Test Loss: 0.1201
Test Accuracy: 0.9898
Test Macro F1:    0.9876
Test Micro F1:    0.9898
Test Weighted F1: 0.9899

Classification Report:
              precision    recall  f1-score   support

     neutral       0.96      1.00      0.98        27
       happy       1.00      1.00      1.00        11
         sad       1.00      1.00      1.00        35
       angry       1.00      1.00      1.00        15
     fearful       1.00      1.00      1.00        42
   disgusted       0.94      0.94      0.94        17
   surprised       1.00      0.98      0.99        50

    accuracy                           0.99       197
   macro avg       0.99      0.99      0.99       197
weighted avg       0.99      0.99      0.99       197

    [fold 5/5] macro_f1=0.9876 acc=0.9898 (98s)
  randomsplit: macro_f1=0.9857±0.0102  acc=0.9909±0.0059  -> saved ckplus_kaggle_orig_7c_randomsplit_earlyfusion_b3.json

================================================================
  CKPLUS_KAGGLE_ORIG 7c — Early Fusion concat — cv10 (10 folds)
================================================================
 Epoch  Train Loss  Train Acc   Val Loss   Val Acc   Val F1         LR
---------------------------------------------------------------------------
     1      1.7620     0.3193     1.6185    0.5606   0.4225   0.000050  (4.1s)
     2      1.1787     0.6685     0.9800    0.7576   0.6301   0.000050  (4.3s)
     3      0.7945     0.8274     0.6896    0.8333   0.8124   0.000050  (4.2s)
     4      0.5194     0.9321     0.3888    0.9470   0.9263   0.000050  (4.3s)
     5      0.3779     0.9633     0.2520    0.9697   0.9594   0.000050  (4.1s)
     6      0.2918     0.9755     0.2040    0.9924   0.9882   0.000050  (4.2s)
     7      0.2481     0.9810     0.1630    0.9773   0.9711   0.000050  (4.4s)
     8      0.1865     0.9918     0.1430    0.9773   0.9711   0.000050  (4.4s)
     9      0.1432     0.9932     0.1194    0.9848   0.9777   0.000050  (4.1s)
    10      0.1325     0.9918     0.1014    1.0000   1.0000   0.000050  (4.3s)
    11      0.1200     0.9932     0.0950    0.9924   0.9895   0.000050  (4.2s)
    12      0.1083     0.9986     0.0871    1.0000   1.0000   0.000050  (4.5s)
    13      0.0972     1.0000     0.0754    1.0000   1.0000   0.000050  (4.2s)
    14      0.0936     0.9973     0.0616    1.0000   1.0000   0.000050  (4.1s)
    15      0.0744     1.0000     0.0626    1.0000   1.0000   0.000050  (4.2s)
    16      0.0756     1.0000     0.0564    1.0000   1.0000   0.000050  (4.0s)
    17      0.0768     0.9973     0.0529    1.0000   1.0000   0.000050  (4.3s)
    18      0.0604     0.9986     0.0486    1.0000   1.0000   0.000050  (4.2s)
    19      0.0665     0.9986     0.0466    1.0000   1.0000   0.000050  (4.1s)
    20      0.0594     1.0000     0.0425    1.0000   1.0000   0.000025  (4.1s)
    21      0.0595     0.9986     0.0393    1.0000   1.0000   0.000025  (4.2s)
    22      0.0521     1.0000     0.0403    1.0000   1.0000   0.000025  (4.1s)
    23      0.0481     1.0000     0.0370    1.0000   1.0000   0.000025  (4.1s)
    24      0.0515     1.0000     0.0353    1.0000   1.0000   0.000025  (4.2s)
    25      0.0440     1.0000     0.0358    1.0000   1.0000   0.000025  (3.3s)

Early stopping at epoch 25. Best epoch: 10 (val_f1=1.0000)

Best: epoch 10, val_acc=1.0000, val_f1=1.0000
Model saved: /mnt/extended-home/fitra_dosen/2025_iris_fer_taufik/MultimodalEmoLearn/models/benchmark/ckplus_kaggle_orig_samplelevel/_tmp/m.pth
Test Loss: 0.1398
Test Accuracy: 0.9899
Test Macro F1:    0.9841
Test Micro F1:    0.9899
Test Weighted F1: 0.9903

Classification Report:
              precision    recall  f1-score   support

     neutral       1.00      1.00      1.00        14
       happy       0.83      1.00      0.91         5
         sad       1.00      1.00      1.00        18
       angry       1.00      1.00      1.00         8
     fearful       1.00      1.00      1.00        20
   disgusted       1.00      1.00      1.00         9
   surprised       1.00      0.96      0.98        25

    accuracy                           0.99        99
   macro avg       0.98      0.99      0.98        99
weighted avg       0.99      0.99      0.99        99

    [fold 1/10] macro_f1=0.9841 acc=0.9899 (109s)
 Epoch  Train Loss  Train Acc   Val Loss   Val Acc   Val F1         LR
---------------------------------------------------------------------------
     1      1.7163     0.3601     1.6418    0.4167   0.2445   0.000050  (4.3s)
     2      1.1593     0.6617     1.1837    0.5530   0.3994   0.000050  (4.1s)
     3      0.7943     0.8234     0.9383    0.7121   0.6476   0.000050  (4.2s)
     4      0.5555     0.9226     0.5559    0.8864   0.8596   0.000050  (4.2s)
     5      0.4091     0.9538     0.2785    0.9697   0.9439   0.000050  (4.2s)
     6      0.2918     0.9728     0.2129    0.9773   0.9552   0.000050  (4.2s)
     7      0.2241     0.9891     0.1686    0.9773   0.9619   0.000050  (4.2s)
     8      0.1726     0.9946     0.1529    0.9773   0.9619   0.000050  (4.4s)
     9      0.1482     0.9918     0.1269    0.9848   0.9721   0.000050  (4.2s)
    10      0.1369     0.9918     0.1086    0.9924   0.9820   0.000050  (4.1s)
    11      0.1102     0.9973     0.0986    0.9924   0.9820   0.000050  (4.2s)
    12      0.1019     0.9973     0.0889    0.9924   0.9820   0.000050  (4.2s)
    13      0.0984     0.9973     0.0710    1.0000   1.0000   0.000050  (4.3s)
    14      0.0905     0.9959     0.0733    1.0000   1.0000   0.000050  (4.1s)
    15      0.0849     0.9946     0.0714    1.0000   1.0000   0.000050  (4.1s)
    16      0.0823     1.0000     0.0628    1.0000   1.0000   0.000050  (4.1s)
    17      0.0729     0.9986     0.0616    1.0000   1.0000   0.000050  (4.4s)
    18      0.0617     0.9986     0.0648    1.0000   1.0000   0.000050  (4.1s)
    19      0.0646     0.9986     0.0506    1.0000   1.0000   0.000050  (4.2s)
    20      0.0579     1.0000     0.0510    1.0000   1.0000   0.000050  (4.0s)
    21      0.0572     0.9986     0.0452    1.0000   1.0000   0.000050  (4.2s)
    22      0.0535     0.9986     0.0465    1.0000   1.0000   0.000050  (4.1s)
    23      0.0516     1.0000     0.0461    1.0000   1.0000   0.000025  (4.1s)
    24      0.0407     1.0000     0.0456    1.0000   1.0000   0.000025  (4.1s)
    25      0.0469     1.0000     0.0386    1.0000   1.0000   0.000025  (4.1s)
    26      0.0409     1.0000     0.0386    1.0000   1.0000   0.000025  (4.2s)
    27      0.0495     1.0000     0.0358    1.0000   1.0000   0.000025  (4.1s)
    28      0.0505     0.9986     0.0369    1.0000   1.0000   0.000025  (4.1s)

Early stopping at epoch 28. Best epoch: 13 (val_f1=1.0000)

Best: epoch 13, val_acc=1.0000, val_f1=1.0000
Model saved: /mnt/extended-home/fitra_dosen/2025_iris_fer_taufik/MultimodalEmoLearn/models/benchmark/ckplus_kaggle_orig_samplelevel/_tmp/m.pth
Test Loss: 0.0656
Test Accuracy: 1.0000
Test Macro F1:    1.0000
Test Micro F1:    1.0000
Test Weighted F1: 1.0000

Classification Report:
              precision    recall  f1-score   support

     neutral       1.00      1.00      1.00        14
       happy       1.00      1.00      1.00         5
         sad       1.00      1.00      1.00        18
       angry       1.00      1.00      1.00         7
     fearful       1.00      1.00      1.00        21
   disgusted       1.00      1.00      1.00         9
   surprised       1.00      1.00      1.00        24

    accuracy                           1.00        98
   macro avg       1.00      1.00      1.00        98
weighted avg       1.00      1.00      1.00        98

    [fold 2/10] macro_f1=1.0000 acc=1.0000 (123s)
 Epoch  Train Loss  Train Acc   Val Loss   Val Acc   Val F1         LR
---------------------------------------------------------------------------
     1      1.7197     0.3410     1.6538    0.4394   0.2848   0.000050  (4.2s)
     2      1.1673     0.6617     1.0758    0.6439   0.4413   0.000050  (4.3s)
     3      0.7678     0.8478     0.6996    0.8182   0.7653   0.000050  (4.4s)
     4      0.5164     0.9280     0.4820    0.9015   0.8686   0.000050  (4.2s)
     5      0.3746     0.9579     0.3224    0.9621   0.9420   0.000050  (4.2s)
     6      0.3078     0.9755     0.2626    0.9621   0.9534   0.000050  (4.3s)
     7      0.2345     0.9823     0.2236    0.9697   0.9623   0.000050  (4.2s)
     8      0.1957     0.9837     0.1537    0.9848   0.9804   0.000050  (4.1s)
     9      0.1784     0.9891     0.1376    0.9773   0.9704   0.000050  (4.2s)
    10      0.1238     0.9986     0.1302    0.9848   0.9805   0.000050  (4.2s)
    11      0.1096     0.9973     0.1105    0.9924   0.9905   0.000050  (3.9s)
    12      0.1055     0.9973     0.0951    0.9924   0.9905   0.000050  (2.2s)
    13      0.1029     1.0000     0.0708    0.9924   0.9905   0.000050  (2.3s)
    14      0.0919     0.9946     0.0723    1.0000   1.0000   0.000050  (2.3s)
    15      0.0740     0.9986     0.0693    0.9924   0.9905   0.000050  (2.3s)
    16      0.0771     0.9986     0.0561    1.0000   1.0000   0.000050  (2.2s)
    17      0.0683     1.0000     0.0599    0.9924   0.9905   0.000050  (2.3s)
    18      0.0686     1.0000     0.0518    0.9924   0.9905   0.000050  (2.2s)
    19      0.0556     1.0000     0.0471    1.0000   1.0000   0.000050  (2.3s)
    20      0.0557     1.0000     0.0428    1.0000   1.0000   0.000050  (2.3s)
    21      0.0519     1.0000     0.0447    1.0000   1.0000   0.000050  (2.3s)
    22      0.0539     0.9986     0.0414    1.0000   1.0000   0.000050  (2.3s)
    23      0.0556     0.9973     0.0409    1.0000   1.0000   0.000050  (2.3s)
    24      0.0474     0.9986     0.0405    0.9924   0.9905   0.000025  (2.3s)
    25      0.0405     1.0000     0.0392    0.9924   0.9905   0.000025  (2.2s)
    26      0.0446     1.0000     0.0370    1.0000   1.0000   0.000025  (2.3s)
    27      0.0473     1.0000     0.0363    1.0000   1.0000   0.000025  (2.3s)
    28      0.0430     0.9986     0.0364    1.0000   1.0000   0.000025  (2.2s)
    29      0.0414     0.9986     0.0352    1.0000   1.0000   0.000025  (2.3s)

Early stopping at epoch 29. Best epoch: 14 (val_f1=1.0000)

Best: epoch 14, val_acc=1.0000, val_f1=1.0000
Model saved: /mnt/extended-home/fitra_dosen/2025_iris_fer_taufik/MultimodalEmoLearn/models/benchmark/ckplus_kaggle_orig_samplelevel/_tmp/m.pth
Test Loss: 0.0745
Test Accuracy: 1.0000
Test Macro F1:    1.0000
Test Micro F1:    1.0000
Test Weighted F1: 1.0000

Classification Report:
              precision    recall  f1-score   support

     neutral       1.00      1.00      1.00        14
       happy       1.00      1.00      1.00         5
         sad       1.00      1.00      1.00        18
       angry       1.00      1.00      1.00         7
     fearful       1.00      1.00      1.00        21
   disgusted       1.00      1.00      1.00         8
   surprised       1.00      1.00      1.00        25

    accuracy                           1.00        98
   macro avg       1.00      1.00      1.00        98
weighted avg       1.00      1.00      1.00        98

    [fold 3/10] macro_f1=1.0000 acc=1.0000 (92s)
 Epoch  Train Loss  Train Acc   Val Loss   Val Acc   Val F1         LR
---------------------------------------------------------------------------
     1      1.6896     0.3723     1.6520    0.4697   0.3450   0.000050  (2.4s)
     2      1.1522     0.6617     1.1212    0.6061   0.4370   0.000050  (2.2s)
     3      0.7537     0.8492     0.7109    0.8333   0.7239   0.000050  (2.2s)
     4      0.5089     0.9253     0.4286    0.9470   0.9345   0.000050  (2.2s)
     5      0.3618     0.9701     0.3037    0.9773   0.9744   0.000050  (2.2s)
     6      0.2998     0.9633     0.2405    0.9773   0.9723   0.000050  (2.2s)
     7      0.2177     0.9891     0.1723    0.9924   0.9913   0.000050  (2.4s)
     8      0.1744     0.9918     0.1476    0.9924   0.9913   0.000050  (2.2s)
     9      0.1582     0.9932     0.1217    0.9924   0.9913   0.000050  (2.1s)
    10      0.1293     0.9946     0.1110    0.9924   0.9913   0.000050  (2.3s)
    11      0.1149     0.9986     0.0948    0.9924   0.9913   0.000050  (2.7s)
    12      0.1025     1.0000     0.0808    0.9924   0.9913   0.000050  (4.2s)
    13      0.0956     0.9959     0.0730    1.0000   1.0000   0.000050  (4.2s)
    14      0.0912     0.9959     0.0731    0.9924   0.9917   0.000050  (4.2s)
    15      0.0819     0.9986     0.0598    1.0000   1.0000   0.000050  (4.2s)
    16      0.0802     0.9973     0.0574    1.0000   1.0000   0.000050  (4.2s)
    17      0.0666     1.0000     0.0559    1.0000   1.0000   0.000050  (4.2s)
    18      0.0602     1.0000     0.0526    1.0000   1.0000   0.000050  (4.3s)
    19      0.0624     0.9986     0.0495    1.0000   1.0000   0.000050  (4.2s)
    20      0.0592     0.9986     0.0452    1.0000   1.0000   0.000050  (4.1s)
    21      0.0542     1.0000     0.0464    1.0000   1.0000   0.000050  (4.3s)
    22      0.0474     1.0000     0.0387    1.0000   1.0000   0.000050  (4.2s)
    23      0.0506     1.0000     0.0404    1.0000   1.0000   0.000025  (4.2s)
    24      0.0476     1.0000     0.0361    1.0000   1.0000   0.000025  (4.3s)
    25      0.0447     1.0000     0.0397    1.0000   1.0000   0.000025  (4.2s)
    26      0.0430     1.0000     0.0401    1.0000   1.0000   0.000025  (4.3s)
    27      0.0409     1.0000     0.0356    1.0000   1.0000   0.000025  (4.1s)
    28      0.0424     1.0000     0.0322    1.0000   1.0000   0.000025  (4.2s)

Early stopping at epoch 28. Best epoch: 13 (val_f1=1.0000)

Best: epoch 13, val_acc=1.0000, val_f1=1.0000
Model saved: /mnt/extended-home/fitra_dosen/2025_iris_fer_taufik/MultimodalEmoLearn/models/benchmark/ckplus_kaggle_orig_samplelevel/_tmp/m.pth
Test Loss: 0.0601
Test Accuracy: 1.0000
Test Macro F1:    1.0000
Test Micro F1:    1.0000
Test Weighted F1: 1.0000

Classification Report:
              precision    recall  f1-score   support

     neutral       1.00      1.00      1.00        14
       happy       1.00      1.00      1.00         5
         sad       1.00      1.00      1.00        18
       angry       1.00      1.00      1.00         7
     fearful       1.00      1.00      1.00        21
   disgusted       1.00      1.00      1.00         8
   surprised       1.00      1.00      1.00        25

    accuracy                           1.00        98
   macro avg       1.00      1.00      1.00        98
weighted avg       1.00      1.00      1.00        98

    [fold 4/10] macro_f1=1.0000 acc=1.0000 (101s)
 Epoch  Train Loss  Train Acc   Val Loss   Val Acc   Val F1         LR
---------------------------------------------------------------------------
     1      1.7513     0.3302     1.6331    0.4848   0.3571   0.000050  (4.2s)
     2      1.1839     0.6698     1.1046    0.5909   0.4409   0.000050  (4.1s)
     3      0.7554     0.8682     0.6481    0.8106   0.7349   0.000050  (4.2s)
     4      0.5326     0.9389     0.4461    0.8939   0.8459   0.000050  (4.3s)
     5      0.3666     0.9633     0.2972    0.9394   0.9106   0.000050  (4.2s)
     6      0.3057     0.9701     0.2538    0.9470   0.9125   0.000050  (4.3s)
     7      0.2186     0.9851     0.2444    0.9394   0.9223   0.000050  (4.1s)
     8      0.1871     0.9959     0.1653    0.9621   0.9364   0.000050  (4.3s)
     9      0.1426     0.9973     0.1666    0.9621   0.9333   0.000050  (4.2s)
    10      0.1173     0.9986     0.1450    0.9697   0.9513   0.000050  (4.0s)
    11      0.1234     0.9918     0.1227    0.9773   0.9665   0.000050  (4.2s)
    12      0.1221     0.9973     0.1118    0.9773   0.9660   0.000050  (4.3s)
    13      0.1055     0.9932     0.0962    0.9848   0.9756   0.000050  (4.1s)
    14      0.0902     0.9946     0.0754    0.9848   0.9810   0.000050  (4.1s)
    15      0.0783     1.0000     0.0763    0.9848   0.9810   0.000050  (4.3s)
    16      0.0731     1.0000     0.0618    0.9924   0.9906   0.000050  (4.2s)
    17      0.0671     1.0000     0.0659    0.9924   0.9906   0.000050  (4.3s)
    18      0.0611     1.0000     0.0523    1.0000   1.0000   0.000050  (4.4s)
    19      0.0647     0.9986     0.0464    1.0000   1.0000   0.000050  (4.3s)
    20      0.0594     0.9986     0.0509    0.9924   0.9927   0.000050  (4.2s)
    21      0.0503     1.0000     0.0416    1.0000   1.0000   0.000050  (4.2s)
    22      0.0535     1.0000     0.0393    1.0000   1.0000   0.000050  (4.1s)
    23      0.0468     1.0000     0.0349    1.0000   1.0000   0.000050  (2.9s)
    24      0.0424     1.0000     0.0382    1.0000   1.0000   0.000050  (4.2s)
    25      0.0426     1.0000     0.0380    1.0000   1.0000   0.000050  (4.2s)
    26      0.0396     1.0000     0.0352    1.0000   1.0000   0.000050  (4.2s)
    27      0.0453     1.0000     0.0409    1.0000   1.0000   0.000050  (4.1s)
    28      0.0421     1.0000     0.0392    0.9848   0.9810   0.000025  (4.2s)
    29      0.0366     1.0000     0.0335    1.0000   1.0000   0.000025  (4.2s)
    30      0.0375     1.0000     0.0368    0.9924   0.9906   0.000025  (4.2s)
    31      0.0407     1.0000     0.0325    1.0000   1.0000   0.000025  (4.3s)
    32      0.0341     1.0000     0.0326    1.0000   1.0000   0.000025  (4.2s)
    33      0.0326     1.0000     0.0350    0.9924   0.9906   0.000025  (4.3s)

Early stopping at epoch 33. Best epoch: 18 (val_f1=1.0000)

Best: epoch 18, val_acc=1.0000, val_f1=1.0000
Model saved: /mnt/extended-home/fitra_dosen/2025_iris_fer_taufik/MultimodalEmoLearn/models/benchmark/ckplus_kaggle_orig_samplelevel/_tmp/m.pth
Test Loss: 0.0387
Test Accuracy: 1.0000
Test Macro F1:    1.0000
Test Micro F1:    1.0000
Test Weighted F1: 1.0000

Classification Report:
              precision    recall  f1-score   support

     neutral       1.00      1.00      1.00        14
       happy       1.00      1.00      1.00         5
         sad       1.00      1.00      1.00        18
       angry       1.00      1.00      1.00         7
     fearful       1.00      1.00      1.00        21
   disgusted       1.00      1.00      1.00         8
   surprised       1.00      1.00      1.00        25

    accuracy                           1.00        98
   macro avg       1.00      1.00      1.00        98
weighted avg       1.00      1.00      1.00        98

    [fold 5/10] macro_f1=1.0000 acc=1.0000 (144s)
 Epoch  Train Loss  Train Acc   Val Loss   Val Acc   Val F1         LR
---------------------------------------------------------------------------
     1      1.7183     0.3736     1.6342    0.4545   0.3450   0.000050  (4.2s)
     2      1.1782     0.6481     1.0153    0.7273   0.6362   0.000050  (4.3s)
     3      0.7771     0.8274     0.6600    0.8636   0.8318   0.000050  (4.3s)
     4      0.5638     0.9158     0.4418    0.9394   0.9414   0.000050  (4.2s)
     5      0.4022     0.9443     0.2816    0.9848   0.9813   0.000050  (4.3s)
     6      0.3217     0.9688     0.2012    0.9924   0.9908   0.000050  (4.3s)
     7      0.2461     0.9783     0.1482    1.0000   1.0000   0.000050  (4.2s)
     8      0.1785     0.9878     0.1329    0.9924   0.9910   0.000050  (4.3s)
     9      0.1557     0.9959     0.1072    1.0000   1.0000   0.000050  (4.3s)
    10      0.1375     0.9973     0.0861    1.0000   1.0000   0.000050  (4.1s)
    11      0.1207     0.9973     0.0759    1.0000   1.0000   0.000050  (4.2s)
    12      0.1168     0.9986     0.0686    1.0000   1.0000   0.000050  (4.1s)
    13      0.1026     0.9973     0.0561    1.0000   1.0000   0.000050  (4.2s)
    14      0.0914     0.9986     0.0523    1.0000   1.0000   0.000050  (4.3s)
    15      0.0853     1.0000     0.0513    1.0000   1.0000   0.000050  (4.3s)
    16      0.0717     1.0000     0.0503    1.0000   1.0000   0.000050  (4.2s)
    17      0.0751     1.0000     0.0467    1.0000   1.0000   0.000025  (4.2s)
    18      0.0707     0.9986     0.0417    1.0000   1.0000   0.000025  (4.1s)
    19      0.0605     1.0000     0.0406    1.0000   1.0000   0.000025  (4.2s)
    20      0.0663     1.0000     0.0402    1.0000   1.0000   0.000025  (4.3s)
    21      0.0523     1.0000     0.0392    1.0000   1.0000   0.000025  (4.3s)
    22      0.0593     1.0000     0.0350    1.0000   1.0000   0.000025  (4.2s)

Early stopping at epoch 22. Best epoch: 7 (val_f1=1.0000)

Best: epoch 7, val_acc=1.0000, val_f1=1.0000
Model saved: /mnt/extended-home/fitra_dosen/2025_iris_fer_taufik/MultimodalEmoLearn/models/benchmark/ckplus_kaggle_orig_samplelevel/_tmp/m.pth
Test Loss: 0.1648
Test Accuracy: 0.9796
Test Macro F1:    0.9747
Test Micro F1:    0.9796
Test Weighted F1: 0.9799

Classification Report:
              precision    recall  f1-score   support

     neutral       1.00      1.00      1.00        13
       happy       0.86      1.00      0.92         6
         sad       1.00      1.00      1.00        18
       angry       1.00      1.00      1.00         7
     fearful       1.00      1.00      1.00        21
   disgusted       0.89      1.00      0.94         8
   surprised       1.00      0.92      0.96        25

    accuracy                           0.98        98
   macro avg       0.96      0.99      0.97        98
weighted avg       0.98      0.98      0.98        98

    [fold 6/10] macro_f1=0.9747 acc=0.9796 (98s)
 Epoch  Train Loss  Train Acc   Val Loss   Val Acc   Val F1         LR
---------------------------------------------------------------------------
     1      1.6967     0.3736     1.6720    0.4167   0.3304   0.000050  (4.3s)
     2      1.1248     0.6889     1.0240    0.6742   0.5459   0.000050  (4.2s)
     3      0.7460     0.8329     0.6802    0.8788   0.8746   0.000050  (4.4s)
     4      0.5505     0.9171     0.4177    0.9697   0.9661   0.000050  (4.3s)
     5      0.3776     0.9565     0.3101    0.9773   0.9719   0.000050  (4.2s)
     6      0.3127     0.9647     0.2008    0.9924   0.9926   0.000050  (4.1s)
     7      0.2217     0.9918     0.1860    1.0000   1.0000   0.000050  (3.1s)
     8      0.1721     0.9905     0.1372    1.0000   1.0000   0.000050  (4.1s)
     9      0.1586     0.9946     0.1147    0.9924   0.9926   0.000050  (4.2s)
    10      0.1295     0.9973     0.1013    1.0000   1.0000   0.000050  (4.2s)
    11      0.1198     0.9959     0.1001    1.0000   1.0000   0.000050  (4.3s)
    12      0.0999     0.9973     0.0900    1.0000   1.0000   0.000050  (4.3s)
    13      0.0929     1.0000     0.0696    1.0000   1.0000   0.000050  (4.2s)
    14      0.0912     0.9986     0.0618    1.0000   1.0000   0.000050  (4.1s)
    15      0.0724     1.0000     0.0626    1.0000   1.0000   0.000050  (4.2s)
    16      0.0773     1.0000     0.0553    1.0000   1.0000   0.000050  (4.2s)
    17      0.0677     1.0000     0.0507    1.0000   1.0000   0.000025  (4.2s)
    18      0.0621     1.0000     0.0530    1.0000   1.0000   0.000025  (4.3s)
    19      0.0578     0.9973     0.0514    1.0000   1.0000   0.000025  (4.2s)
    20      0.0657     0.9986     0.0468    1.0000   1.0000   0.000025  (4.3s)
    21      0.0623     1.0000     0.0454    1.0000   1.0000   0.000025  (4.3s)
    22      0.0605     1.0000     0.0430    1.0000   1.0000   0.000025  (4.2s)

Early stopping at epoch 22. Best epoch: 7 (val_f1=1.0000)

Best: epoch 7, val_acc=1.0000, val_f1=1.0000
Model saved: /mnt/extended-home/fitra_dosen/2025_iris_fer_taufik/MultimodalEmoLearn/models/benchmark/ckplus_kaggle_orig_samplelevel/_tmp/m.pth
Test Loss: 0.1326
Test Accuracy: 1.0000
Test Macro F1:    1.0000
Test Micro F1:    1.0000
Test Weighted F1: 1.0000

Classification Report:
              precision    recall  f1-score   support

     neutral       1.00      1.00      1.00        13
       happy       1.00      1.00      1.00         6
         sad       1.00      1.00      1.00        17
       angry       1.00      1.00      1.00         8
     fearful       1.00      1.00      1.00        21
   disgusted       1.00      1.00      1.00         8
   surprised       1.00      1.00      1.00        25

    accuracy                           1.00        98
   macro avg       1.00      1.00      1.00        98
weighted avg       1.00      1.00      1.00        98

    [fold 7/10] macro_f1=1.0000 acc=1.0000 (97s)
 Epoch  Train Loss  Train Acc   Val Loss   Val Acc   Val F1         LR
---------------------------------------------------------------------------
     1      1.7143     0.3818     1.6454    0.4318   0.3427   0.000050  (4.3s)
     2      1.2017     0.6413     1.0958    0.7045   0.5964   0.000050  (4.3s)
     3      0.7699     0.8410     0.8253    0.7879   0.7083   0.000050  (4.2s)
     4      0.5293     0.9321     0.4745    0.9242   0.9135   0.000050  (4.2s)
     5      0.3965     0.9660     0.3132    0.9545   0.9489   0.000050  (4.2s)
     6      0.2871     0.9796     0.2204    0.9773   0.9724   0.000050  (4.2s)
     7      0.2207     0.9959     0.1986    0.9773   0.9724   0.000050  (4.3s)
     8      0.1972     0.9864     0.1610    0.9848   0.9818   0.000050  (4.3s)
     9      0.1519     0.9946     0.1391    0.9773   0.9724   0.000050  (4.2s)
    10      0.1408     0.9932     0.1316    0.9773   0.9745   0.000050  (4.2s)
    11      0.1253     0.9918     0.1183    0.9848   0.9818   0.000050  (4.3s)
    12      0.1149     0.9946     0.0986    0.9924   0.9910   0.000050  (4.3s)
    13      0.1006     0.9973     0.0879    0.9924   0.9910   0.000050  (4.3s)
    14      0.0856     1.0000     0.0823    0.9924   0.9910   0.000050  (4.3s)
    15      0.0762     1.0000     0.0732    1.0000   1.0000   0.000050  (4.2s)
    16      0.0736     1.0000     0.0660    1.0000   1.0000   0.000050  (4.3s)
    17      0.0706     1.0000     0.0640    0.9924   0.9910   0.000050  (4.3s)
    18      0.0628     1.0000     0.0621    1.0000   1.0000   0.000050  (4.2s)
    19      0.0588     1.0000     0.0527    1.0000   1.0000   0.000050  (4.1s)
    20      0.0600     0.9986     0.0535    1.0000   1.0000   0.000050  (4.3s)
    21      0.0604     0.9959     0.0512    1.0000   1.0000   0.000050  (4.3s)
    22      0.0501     0.9986     0.0432    1.0000   1.0000   0.000050  (4.3s)
    23      0.0488     1.0000     0.0420    1.0000   1.0000   0.000050  (4.3s)
    24      0.0444     1.0000     0.0385    1.0000   1.0000   0.000050  (4.1s)
    25      0.0438     1.0000     0.0394    1.0000   1.0000   0.000025  (2.9s)
    26      0.0480     1.0000     0.0361    1.0000   1.0000   0.000025  (4.4s)
    27      0.0444     1.0000     0.0388    1.0000   1.0000   0.000025  (4.2s)
    28      0.0437     1.0000     0.0360    1.0000   1.0000   0.000025  (4.2s)
    29      0.0366     1.0000     0.0377    1.0000   1.0000   0.000025  (4.3s)
    30      0.0421     1.0000     0.0358    1.0000   1.0000   0.000025  (4.2s)

Early stopping at epoch 30. Best epoch: 15 (val_f1=1.0000)

Best: epoch 15, val_acc=1.0000, val_f1=1.0000
Model saved: /mnt/extended-home/fitra_dosen/2025_iris_fer_taufik/MultimodalEmoLearn/models/benchmark/ckplus_kaggle_orig_samplelevel/_tmp/m.pth
Test Loss: 0.0678
Test Accuracy: 1.0000
Test Macro F1:    1.0000
Test Micro F1:    1.0000
Test Weighted F1: 1.0000

Classification Report:
              precision    recall  f1-score   support

     neutral       1.00      1.00      1.00        13
       happy       1.00      1.00      1.00         6
         sad       1.00      1.00      1.00        17
       angry       1.00      1.00      1.00         8
     fearful       1.00      1.00      1.00        21
   disgusted       1.00      1.00      1.00         8
   surprised       1.00      1.00      1.00        25

    accuracy                           1.00        98
   macro avg       1.00      1.00      1.00        98
weighted avg       1.00      1.00      1.00        98

    [fold 8/10] macro_f1=1.0000 acc=1.0000 (132s)
 Epoch  Train Loss  Train Acc   Val Loss   Val Acc   Val F1         LR
---------------------------------------------------------------------------
     1      1.6878     0.3641     1.6372    0.4773   0.3347   0.000050  (4.1s)
     2      1.1292     0.7052     1.1681    0.6591   0.5153   0.000050  (4.2s)
     3      0.7502     0.8397     0.8789    0.7273   0.6129   0.000050  (4.1s)
     4      0.5256     0.9185     0.5309    0.9015   0.8696   0.000050  (4.2s)
     5      0.3656     0.9592     0.3669    0.9848   0.9836   0.000050  (4.2s)
     6      0.2868     0.9796     0.2430    1.0000   1.0000   0.000050  (4.2s)
     7      0.2180     0.9905     0.2518    0.9545   0.9436   0.000050  (4.2s)
     8      0.1898     0.9905     0.1741    0.9848   0.9762   0.000050  (4.2s)
     9      0.1523     0.9918     0.1439    1.0000   1.0000   0.000050  (4.1s)
    10      0.1296     0.9973     0.1388    0.9848   0.9736   0.000050  (4.2s)
    11      0.1113     0.9959     0.1200    1.0000   1.0000   0.000050  (4.0s)
    12      0.1008     1.0000     0.1082    1.0000   1.0000   0.000050  (4.1s)
    13      0.1006     0.9959     0.0943    1.0000   1.0000   0.000050  (4.1s)
    14      0.0799     0.9986     0.0918    1.0000   1.0000   0.000050  (4.1s)
    15      0.0822     0.9986     0.0853    0.9924   0.9925   0.000050  (4.3s)
    16      0.0695     0.9986     0.0821    1.0000   1.0000   0.000025  (4.1s)
    17      0.0748     0.9973     0.0736    1.0000   1.0000   0.000025  (4.1s)
    18      0.0666     1.0000     0.0723    0.9924   0.9925   0.000025  (4.2s)
    19      0.0602     1.0000     0.0728    1.0000   1.0000   0.000025  (4.2s)
    20      0.0675     0.9973     0.0673    1.0000   1.0000   0.000025  (4.2s)
    21      0.0698     0.9986     0.0628    1.0000   1.0000   0.000025  (4.2s)

Early stopping at epoch 21. Best epoch: 6 (val_f1=1.0000)

Best: epoch 6, val_acc=1.0000, val_f1=1.0000
Model saved: /mnt/extended-home/fitra_dosen/2025_iris_fer_taufik/MultimodalEmoLearn/models/benchmark/ckplus_kaggle_orig_samplelevel/_tmp/m.pth
Test Loss: 0.1990
Test Accuracy: 0.9796
Test Macro F1:    0.9700
Test Micro F1:    0.9796
Test Weighted F1: 0.9802

Classification Report:
              precision    recall  f1-score   support

     neutral       1.00      0.92      0.96        13
       happy       1.00      1.00      1.00         6
         sad       1.00      1.00      1.00        17
       angry       0.80      1.00      0.89         8
     fearful       1.00      1.00      1.00        20
   disgusted       1.00      0.89      0.94         9
   surprised       1.00      1.00      1.00        25

    accuracy                           0.98        98
   macro avg       0.97      0.97      0.97        98
weighted avg       0.98      0.98      0.98        98

    [fold 9/10] macro_f1=0.9700 acc=0.9796 (93s)
 Epoch  Train Loss  Train Acc   Val Loss   Val Acc   Val F1         LR
---------------------------------------------------------------------------
     1      1.7456     0.3383     1.6131    0.5379   0.4529   0.000050  (4.2s)
     2      1.1552     0.6793     1.0555    0.7045   0.5806   0.000050  (4.2s)
     3      0.7780     0.8329     0.6471    0.7955   0.6926   0.000050  (4.2s)
     4      0.5534     0.9130     0.4394    0.9318   0.9357   0.000050  (4.2s)
     5      0.3717     0.9538     0.3366    0.9848   0.9831   0.000050  (4.2s)
     6      0.2866     0.9783     0.2313    0.9697   0.9677   0.000050  (4.3s)
     7      0.2215     0.9918     0.1845    1.0000   1.0000   0.000050  (4.1s)
     8      0.1762     0.9905     0.1457    1.0000   1.0000   0.000050  (4.3s)
     9      0.1654     0.9851     0.1211    1.0000   1.0000   0.000050  (4.2s)
    10      0.1268     0.9973     0.1333    0.9924   0.9935   0.000050  (4.2s)
    11      0.1125     1.0000     0.1056    1.0000   1.0000   0.000050  (4.3s)
    12      0.0993     0.9959     0.0927    1.0000   1.0000   0.000050  (4.3s)
    13      0.0967     0.9986     0.0813    1.0000   1.0000   0.000050  (3.0s)
    14      0.0968     0.9946     0.0669    1.0000   1.0000   0.000050  (4.2s)
    15      0.0800     1.0000     0.0592    1.0000   1.0000   0.000050  (4.3s)
    16      0.0778     1.0000     0.0553    1.0000   1.0000   0.000050  (4.2s)
    17      0.0805     0.9986     0.0529    1.0000   1.0000   0.000025  (4.3s)
    18      0.0658     1.0000     0.0500    1.0000   1.0000   0.000025  (4.1s)
    19      0.0656     1.0000     0.0442    1.0000   1.0000   0.000025  (4.4s)
    20      0.0604     1.0000     0.0464    1.0000   1.0000   0.000025  (4.3s)
    21      0.0615     0.9986     0.0424    1.0000   1.0000   0.000025  (4.3s)
    22      0.0557     1.0000     0.0395    1.0000   1.0000   0.000025  (4.2s)

Early stopping at epoch 22. Best epoch: 7 (val_f1=1.0000)

Best: epoch 7, val_acc=1.0000, val_f1=1.0000
Model saved: /mnt/extended-home/fitra_dosen/2025_iris_fer_taufik/MultimodalEmoLearn/models/benchmark/ckplus_kaggle_orig_samplelevel/_tmp/m.pth
Test Loss: 0.2037
Test Accuracy: 0.9898
Test Macro F1:    0.9841
Test Micro F1:    0.9898
Test Weighted F1: 0.9902

Classification Report:
              precision    recall  f1-score   support

     neutral       1.00      1.00      1.00        13
       happy       0.83      1.00      0.91         5
         sad       1.00      1.00      1.00        18
       angry       1.00      1.00      1.00         8
     fearful       1.00      1.00      1.00        20
   disgusted       1.00      1.00      1.00         9
   surprised       1.00      0.96      0.98        25

    accuracy                           0.99        98
   macro avg       0.98      0.99      0.98        98
weighted avg       0.99      0.99      0.99        98

    [fold 10/10] macro_f1=0.9841 acc=0.9898 (97s)
  cv10: macro_f1=0.9913±0.0114  acc=0.9939±0.0082  -> saved ckplus_kaggle_orig_7c_cv10_earlyfusion_b3.json

Done.
