Device: cuda

================================================================
  ckplus_7class  (7 classes, subject-wise holdout, B3)
================================================================
  train N=508, val N=69, test N=59
 Epoch  Train Loss  Train Acc   Val Loss   Val Acc   Val F1         LR
---------------------------------------------------------------------------
     1      1.9289     0.2146     1.8973    0.1739   0.1465   0.000050  (2.9s)
     2      1.5921     0.4250     1.4535    0.5652   0.2841   0.000050  (1.9s)
     3      1.3433     0.5354     1.2176    0.6667   0.4828   0.000050  (1.6s)
     4      1.1110     0.6583     1.0531    0.7536   0.5513   0.000050  (1.6s)
     5      0.9201     0.7667     0.9477    0.6957   0.5528   0.000050  (1.9s)
     6      0.7495     0.8229     0.8540    0.7246   0.5688   0.000050  (1.6s)
     7      0.6542     0.8604     0.7771    0.7681   0.6322   0.000050  (1.7s)
     8      0.5689     0.8979     0.7467    0.7971   0.7349   0.000050  (1.6s)
     9      0.4533     0.9208     0.5987    0.8406   0.7685   0.000050  (1.8s)
    10      0.4042     0.9354     0.5857    0.8261   0.7647   0.000050  (1.7s)
    11      0.3086     0.9542     0.4774    0.8986   0.8250   0.000050  (1.6s)
    12      0.2857     0.9583     0.4054    0.9130   0.8339   0.000050  (1.8s)
    13      0.2645     0.9563     0.4244    0.9275   0.8577   0.000050  (1.7s)
    14      0.2004     0.9792     0.3155    0.9420   0.8768   0.000050  (1.8s)
    15      0.1932     0.9792     0.2918    0.9710   0.9544   0.000050  (1.5s)
    16      0.1869     0.9854     0.2824    0.9420   0.9101   0.000050  (1.7s)
    17      0.1402     0.9896     0.2259    0.9855   0.9639   0.000050  (1.7s)
    18      0.1321     0.9958     0.3109    0.9420   0.9090   0.000050  (1.6s)
    19      0.1162     0.9938     0.3485    0.9130   0.8886   0.000050  (1.6s)
    20      0.1200     0.9958     0.3112    0.9275   0.8984   0.000050  (1.8s)
    21      0.1025     0.9958     0.2470    0.9420   0.9168   0.000050  (1.7s)
    22      0.1016     0.9938     0.1988    0.9710   0.9006   0.000050  (1.5s)
    23      0.0831     0.9979     0.1837    0.9855   0.9639   0.000050  (1.7s)
    24      0.0897     0.9958     0.2916    0.8986   0.8379   0.000050  (1.5s)
    25      0.0826     0.9958     0.2468    0.9565   0.9264   0.000050  (1.6s)
    26      0.0829     1.0000     0.2442    0.9565   0.9319   0.000050  (1.7s)
    27      0.0763     1.0000     0.1836    0.9710   0.9544   0.000025  (1.6s)
    28      0.0690     0.9979     0.1787    0.9855   0.9639   0.000025  (1.6s)
    29      0.0740     0.9979     0.1802    0.9855   0.9639   0.000025  (1.5s)
    30      0.0813     0.9938     0.1823    0.9710   0.9544   0.000025  (1.5s)
    31      0.0693     1.0000     0.1866    0.9710   0.9544   0.000025  (1.5s)
    32      0.0648     0.9979     0.1868    0.9855   0.9639   0.000025  (1.4s)

Early stopping at epoch 32. Best epoch: 17 (val_f1=0.9639)

Best: epoch 17, val_acc=0.9855, val_f1=0.9639
Model saved: /mnt/extended-home/fitra_dosen/2025_iris_fer_taufik/MultimodalEmoLearn/models/benchmark/ckplus_subjectwise/_tmp_ckplus_7class.pth
Test Loss: 0.4177
Test Accuracy: 0.9153
Test Macro F1:    0.8805
Test Micro F1:    0.9153
Test Weighted F1: 0.9187

Classification Report:
              precision    recall  f1-score   support

     neutral       1.00      0.90      0.95        31
       happy       0.75      1.00      0.86         3
         sad       0.67      1.00      0.80         2
       angry       0.67      0.80      0.73         5
     fearful       1.00      0.80      0.89         5
   disgusted       1.00      1.00      1.00         5
   surprised       0.89      1.00      0.94         8

    accuracy                           0.92        59
   macro avg       0.85      0.93      0.88        59
weighted avg       0.93      0.92      0.92        59


  RESULT: acc=0.9153  macro_f1=0.8805  weighted_f1=0.9187  (57s)
  Saved: ckplus_7class_earlyfusion_b3_subjectwise.json

================================================================
  ckplus_kaggle7class  (7 classes, subject-wise holdout, B3)
================================================================
  train N=262, val N=34, test N=31
 Epoch  Train Loss  Train Acc   Val Loss   Val Acc   Val F1         LR
---------------------------------------------------------------------------
     1      1.9487     0.2109     1.8577    0.3235   0.2366   0.000050  (1.1s)
     2      1.6116     0.4492     1.6639    0.4118   0.3003   0.000050  (1.1s)
     3      1.3777     0.5508     1.4434    0.6471   0.5959   0.000050  (1.0s)
     4      1.2103     0.6016     1.2317    0.6471   0.5878   0.000050  (1.1s)
     5      1.1352     0.6602     1.0521    0.6176   0.5077   0.000050  (1.0s)
     6      0.9466     0.7578     0.9066    0.7059   0.6088   0.000050  (1.0s)
     7      0.8793     0.7578     0.8009    0.7647   0.6796   0.000050  (1.0s)
     8      0.7302     0.8477     0.7146    0.8529   0.8041   0.000050  (1.3s)
     9      0.7492     0.8125     0.6566    0.8235   0.7625   0.000050  (1.2s)
    10      0.6195     0.8789     0.6011    0.8529   0.7877   0.000050  (1.3s)
    11      0.5467     0.9062     0.5604    0.8529   0.7877   0.000050  (1.2s)
    12      0.5050     0.9219     0.5446    0.8529   0.7557   0.000050  (1.2s)
    13      0.4369     0.9258     0.5242    0.8824   0.8333   0.000050  (1.1s)
    14      0.3640     0.9453     0.5115    0.8824   0.8333   0.000050  (1.2s)
    15      0.3836     0.9492     0.4859    0.8824   0.8333   0.000050  (1.1s)
    16      0.3275     0.9531     0.4636    0.8824   0.8333   0.000050  (1.1s)
    17      0.3016     0.9727     0.4548    0.8529   0.8041   0.000050  (1.1s)
    18      0.2681     0.9609     0.4232    0.9118   0.8604   0.000050  (1.1s)
    19      0.2192     0.9883     0.4110    0.9118   0.8604   0.000050  (1.2s)
    20      0.2546     0.9727     0.3976    0.8824   0.8333   0.000050  (1.2s)
    21      0.2106     0.9844     0.3689    0.9118   0.8604   0.000050  (1.1s)
    22      0.2220     0.9883     0.3861    0.8529   0.8020   0.000050  (1.1s)
    23      0.1720     0.9961     0.3573    0.9118   0.8604   0.000050  (1.1s)
    24      0.1862     0.9805     0.3480    0.9118   0.8604   0.000050  (1.2s)
    25      0.1571     0.9922     0.3158    0.9118   0.8604   0.000050  (1.1s)
    26      0.1323     1.0000     0.3092    0.9118   0.8604   0.000050  (1.1s)
    27      0.1337     1.0000     0.3065    0.9118   0.8604   0.000050  (1.3s)
    28      0.1383     0.9922     0.3139    0.9118   0.8604   0.000025  (1.2s)
    29      0.1318     0.9883     0.3201    0.9118   0.8604   0.000025  (1.2s)
    30      0.1213     0.9961     0.3085    0.9118   0.8604   0.000025  (1.1s)
    31      0.1329     0.9961     0.3083    0.9118   0.8604   0.000025  (1.3s)
    32      0.0953     1.0000     0.3050    0.9118   0.8604   0.000025  (1.1s)
    33      0.1037     1.0000     0.3006    0.9118   0.8604   0.000025  (1.3s)

Early stopping at epoch 33. Best epoch: 18 (val_f1=0.8604)

Best: epoch 18, val_acc=0.9118, val_f1=0.8604
Model saved: /mnt/extended-home/fitra_dosen/2025_iris_fer_taufik/MultimodalEmoLearn/models/benchmark/ckplus_subjectwise/_tmp_ckplus_kaggle7class.pth
Test Loss: 0.5810
Test Accuracy: 0.8065
Test Macro F1:    0.7484
Test Micro F1:    0.8065
Test Weighted F1: 0.7901

Classification Report:
              precision    recall  f1-score   support

       anger       1.00      0.80      0.89         5
    contempt       0.43      1.00      0.60         3
     disgust       1.00      1.00      1.00         5
        fear       1.00      0.20      0.33         5
       happy       0.60      1.00      0.75         3
     sadness       1.00      0.50      0.67         2
   surprised       1.00      1.00      1.00         8

    accuracy                           0.81        31
   macro avg       0.86      0.79      0.75        31
weighted avg       0.91      0.81      0.79        31


  RESULT: acc=0.8065  macro_f1=0.7484  weighted_f1=0.7901  (39s)
  Saved: ckplus_kaggle7class_earlyfusion_b3_subjectwise.json

================================================================
  ckplus_8class  (8 classes, subject-wise holdout, B3)
================================================================
  train N=522, val N=70, test N=62
 Epoch  Train Loss  Train Acc   Val Loss   Val Acc   Val F1         LR
---------------------------------------------------------------------------
     1      1.9877     0.2500     1.9961    0.1286   0.0495   0.000050  (2.0s)
     2      1.6476     0.4199     1.6769    0.4000   0.3203   0.000050  (1.7s)
     3      1.3662     0.5703     1.4554    0.5000   0.4071   0.000050  (1.6s)
     4      1.1212     0.6914     1.2330    0.6143   0.4849   0.000050  (1.7s)
     5      0.9786     0.7363     1.0294    0.7714   0.6023   0.000050  (1.7s)
     6      0.8267     0.8066     0.9596    0.6714   0.6140   0.000050  (1.8s)
     7      0.6980     0.8516     0.9556    0.7000   0.6267   0.000050  (1.8s)
     8      0.5972     0.8906     0.8125    0.7286   0.6416   0.000050  (1.6s)
     9      0.4607     0.9355     0.7889    0.7429   0.6765   0.000050  (1.6s)
    10      0.4369     0.9258     0.7575    0.7429   0.6777   0.000050  (1.8s)
    11      0.3395     0.9609     0.7038    0.7571   0.6755   0.000050  (1.7s)
    12      0.3141     0.9570     0.6216    0.8143   0.7898   0.000050  (1.7s)
    13      0.2773     0.9629     0.6472    0.8143   0.7678   0.000050  (1.8s)
    14      0.2590     0.9727     0.5756    0.8000   0.7639   0.000050  (1.8s)
    15      0.2188     0.9766     0.5512    0.8143   0.7733   0.000050  (1.7s)
    16      0.1878     0.9863     0.4596    0.8143   0.7787   0.000050  (1.8s)
    17      0.1885     0.9785     0.4600    0.8571   0.7987   0.000050  (1.6s)
    18      0.1527     0.9980     0.4244    0.9143   0.8588   0.000050  (1.8s)
    19      0.1657     0.9883     0.2989    0.9571   0.9118   0.000050  (1.5s)
    20      0.1403     0.9883     0.3696    0.9286   0.8816   0.000050  (1.7s)
    21      0.1377     0.9883     0.3397    0.9429   0.8969   0.000050  (1.7s)
    22      0.1161     0.9980     0.2760    0.9571   0.9166   0.000050  (1.6s)
    23      0.1053     0.9980     0.2644    0.9714   0.9250   0.000050  (1.6s)
    24      0.0982     0.9961     0.2890    0.9571   0.9053   0.000050  (1.5s)
    25      0.1025     0.9941     0.2590    0.9571   0.9404   0.000050  (1.5s)
    26      0.0891     0.9941     0.2917    0.9429   0.8901   0.000050  (1.7s)
    27      0.0871     0.9961     0.2559    0.9571   0.9053   0.000050  (1.8s)
    28      0.0923     0.9922     0.2222    0.9714   0.9250   0.000050  (1.9s)
    29      0.0736     1.0000     0.2563    0.9714   0.9250   0.000050  (1.7s)
    30      0.0882     0.9941     0.2875    0.9714   0.9488   0.000050  (1.6s)
    31      0.0817     0.9961     0.2410    0.9857   0.9684   0.000050  (1.7s)
    32      0.0854     0.9922     0.2806    0.9571   0.9336   0.000050  (1.6s)
    33      0.0681     1.0000     0.2403    0.9714   0.9488   0.000050  (1.7s)
    34      0.0710     0.9961     0.2512    0.9571   0.9404   0.000050  (1.9s)
    35      0.0641     0.9961     0.3525    0.8714   0.8666   0.000050  (1.8s)
    36      0.0812     0.9941     0.1934    0.9714   0.9417   0.000050  (1.6s)
    37      0.0706     0.9941     0.2905    0.9286   0.9128   0.000050  (1.6s)
    38      0.0700     0.9961     0.2151    0.9714   0.9488   0.000050  (1.9s)
    39      0.0621     1.0000     0.2538    0.9286   0.9111   0.000050  (1.6s)
    40      0.0582     0.9961     0.2206    0.9714   0.9553   0.000050  (1.6s)
    41      0.0571     1.0000     0.1851    0.9714   0.9488   0.000025  (1.9s)
    42      0.0467     1.0000     0.2310    0.9429   0.9252   0.000025  (1.8s)
    43      0.0608     0.9980     0.1999    0.9571   0.9336   0.000025  (1.9s)
    44      0.0505     0.9980     0.1898    0.9857   0.9684   0.000025  (1.9s)
    45      0.0530     1.0000     0.1747    0.9714   0.9488   0.000025  (1.8s)
    46      0.0558     0.9980     0.2195    0.9429   0.9252   0.000025  (1.9s)

Early stopping at epoch 46. Best epoch: 31 (val_f1=0.9684)

Best: epoch 31, val_acc=0.9857, val_f1=0.9684
Model saved: /mnt/extended-home/fitra_dosen/2025_iris_fer_taufik/MultimodalEmoLearn/models/benchmark/ckplus_subjectwise/_tmp_ckplus_8class.pth
Test Loss: 0.4626
Test Accuracy: 0.8226
Test Macro F1:    0.7496
Test Micro F1:    0.8226
Test Weighted F1: 0.8274

Classification Report:
              precision    recall  f1-score   support

     neutral       0.93      0.84      0.88        31
       happy       0.75      1.00      0.86         3
         sad       1.00      0.50      0.67         2
       angry       0.57      0.80      0.67         5
     fearful       1.00      0.40      0.57         5
   disgusted       0.83      1.00      0.91         5
   surprised       1.00      1.00      1.00         8
    contempt       0.33      0.67      0.44         3

    accuracy                           0.82        62
   macro avg       0.80      0.78      0.75        62
weighted avg       0.87      0.82      0.83        62


  RESULT: acc=0.8226  macro_f1=0.7496  weighted_f1=0.8274  (83s)
  Saved: ckplus_8class_earlyfusion_b3_subjectwise.json

================================================================
  SUMMARY — Subject-wise holdout, Early Fusion concat TL B3
================================================================
  Dataset                     NC   Accuracy   Macro F1        WF1
  ckplus_7class                7     0.9153     0.8805     0.9187
  ckplus_kaggle7class          7     0.8065     0.7484     0.7901
  ckplus_8class                8     0.8226     0.7496     0.8274

Done.
Traceback (most recent call last):
  File "<string>", line 4, in <module>
  File "<string>", line 27, in <module>
NameError: name '__file__' is not defined. Did you mean: '__name__'?
Device: cuda

================================================================
  ckplus_kaggle_orig  (7 classes, subject-wise holdout, B3)
================================================================
  train N=780, val N=108, test N=93
 Epoch  Train Loss  Train Acc   Val Loss   Val Acc   Val F1         LR
---------------------------------------------------------------------------
     1      1.6881     0.3880     1.6199    0.5185   0.4954   0.000050  (3.1s)
     2      1.0586     0.7201     1.0279    0.7593   0.6260   0.000050  (1.9s)
     3      0.7235     0.8581     0.6260    0.8519   0.7875   0.000050  (2.0s)
     4      0.5263     0.9245     0.4172    0.9167   0.8718   0.000050  (2.0s)
     5      0.3560     0.9779     0.3278    0.9352   0.9021   0.000050  (2.2s)
     6      0.2533     0.9857     0.2804    0.9444   0.9252   0.000050  (2.0s)
     7      0.1960     0.9909     0.2392    0.9815   0.9780   0.000050  (2.0s)
     8      0.1726     0.9935     0.2395    0.9537   0.9341   0.000050  (2.1s)
     9      0.1328     0.9961     0.2261    0.9352   0.8957   0.000050  (2.0s)
    10      0.1111     0.9961     0.1880    0.9815   0.9770   0.000050  (2.1s)
    11      0.1057     1.0000     0.1783    0.9722   0.9617   0.000050  (1.9s)
    12      0.0916     1.0000     0.1679    0.9722   0.9617   0.000050  (1.9s)
    13      0.0798     1.0000     0.1663    0.9630   0.9452   0.000050  (1.8s)
    14      0.0739     1.0000     0.1685    0.9722   0.9617   0.000050  (1.8s)
    15      0.0905     0.9922     0.1550    0.9722   0.9617   0.000050  (2.0s)
    16      0.0740     1.0000     0.1588    0.9630   0.9452   0.000050  (2.0s)
    17      0.0662     1.0000     0.1578    0.9537   0.9327   0.000025  (1.9s)
    18      0.0584     1.0000     0.1547    0.9630   0.9452   0.000025  (2.1s)
    19      0.0528     1.0000     0.1570    0.9630   0.9452   0.000025  (2.0s)
    20      0.0616     1.0000     0.1407    0.9722   0.9617   0.000025  (2.0s)
    21      0.0558     1.0000     0.1523    0.9630   0.9452   0.000025  (2.0s)
    22      0.0519     0.9987     0.1464    0.9722   0.9617   0.000025  (1.9s)

Early stopping at epoch 22. Best epoch: 7 (val_f1=0.9780)

Best: epoch 7, val_acc=0.9815, val_f1=0.9780
Model saved: /mnt/extended-home/fitra_dosen/2025_iris_fer_taufik/MultimodalEmoLearn/models/benchmark/ckplus_subjectwise/_tmp_ckplus_kaggle_orig.pth
Test Loss: 0.4135
Test Accuracy: 0.8925
Test Macro F1:    0.8611
Test Micro F1:    0.8925
Test Weighted F1: 0.8918

Classification Report:
              precision    recall  f1-score   support

       anger       0.92      0.80      0.86        15
    contempt       1.00      0.67      0.80         9
     disgust       1.00      1.00      1.00        15
        fear       0.64      0.93      0.76        15
       happy       0.90      1.00      0.95         9
     sadness       1.00      0.50      0.67         6
    surprise       1.00      1.00      1.00        24

    accuracy                           0.89        93
   macro avg       0.92      0.84      0.86        93
weighted avg       0.92      0.89      0.89        93


  RESULT: acc=0.8925  macro_f1=0.8611  weighted_f1=0.8918  (47s)
  Saved: ckplus_kaggle_orig_earlyfusion_b3_subjectwise.json

================================================================
  SUMMARY — Subject-wise holdout, Early Fusion concat TL B3
================================================================
  Dataset                     NC   Accuracy   Macro F1        WF1
  ckplus_kaggle_orig           7     0.8925     0.8611     0.8918

Done.
