Device: cuda

##### CK+ Kaggle7c: N=327, kelas=7 (sample-level) #####

================================================================
  CK+ Kaggle7c — Early Fusion concat B3 — randomsplit (5 folds)
================================================================
 Epoch  Train Loss  Train Acc   Val Loss   Val Acc   Val F1         LR
---------------------------------------------------------------------------
     1      1.8472     0.2708     1.9368    0.1026   0.0503   0.000050  (6.0s)
     2      1.6321     0.3802     1.8505    0.3333   0.2016   0.000050  (1.1s)
     3      1.4735     0.4740     1.7509    0.3846   0.3235   0.000050  (1.0s)
     4      1.3488     0.5260     1.6193    0.4359   0.3130   0.000050  (1.1s)
     5      1.1611     0.6354     1.4739    0.4359   0.3112   0.000050  (1.0s)
     6      1.0167     0.7552     1.3666    0.5385   0.4208   0.000050  (1.1s)
     7      1.0055     0.7344     1.2862    0.5897   0.4627   0.000050  (1.2s)
     8      0.8060     0.8333     1.1893    0.6410   0.5201   0.000050  (1.0s)
     9      0.7470     0.8333     1.1389    0.6154   0.4993   0.000050  (1.1s)
    10      0.6767     0.8594     1.1104    0.6154   0.4985   0.000050  (1.3s)
    11      0.6132     0.8906     1.1032    0.6154   0.4993   0.000050  (1.0s)
    12      0.5186     0.9375     1.0787    0.6154   0.5025   0.000050  (1.1s)
    13      0.5305     0.9219     1.0438    0.5897   0.4685   0.000050  (1.2s)
    14      0.4139     0.9792     1.0352    0.5897   0.4685   0.000050  (1.2s)
    15      0.3973     0.9375     1.0071    0.6410   0.5138   0.000050  (1.0s)
    16      0.3954     0.9427     0.9702    0.6410   0.5138   0.000050  (1.2s)
    17      0.3761     0.9323     0.9655    0.6410   0.5138   0.000050  (1.1s)
    18      0.2931     0.9740     0.9653    0.6667   0.5575   0.000025  (1.1s)
    19      0.3358     0.9635     0.9575    0.6667   0.5361   0.000025  (1.0s)
    20      0.2650     0.9740     0.9341    0.6667   0.5361   0.000025  (1.0s)
    21      0.2766     0.9844     0.9328    0.6923   0.5864   0.000025  (1.1s)
    22      0.2662     0.9635     0.9386    0.6410   0.5450   0.000025  (1.1s)
    23      0.2614     0.9844     0.9346    0.6410   0.5450   0.000025  (1.3s)
    24      0.2529     0.9792     0.9196    0.6410   0.5450   0.000025  (1.2s)
    25      0.2438     0.9740     0.9322    0.6410   0.5450   0.000025  (1.2s)
    26      0.2297     0.9844     0.9156    0.6923   0.5932   0.000025  (1.1s)
    27      0.2661     0.9792     0.9495    0.6667   0.5756   0.000025  (1.1s)
    28      0.2272     0.9948     0.9231    0.6667   0.5756   0.000025  (1.2s)
    29      0.2191     0.9948     0.9334    0.6667   0.5756   0.000025  (1.2s)
    30      0.1921     0.9896     0.9271    0.6667   0.5677   0.000025  (1.2s)
    31      0.2226     0.9948     0.9216    0.6410   0.4874   0.000025  (1.2s)
    32      0.2130     0.9844     0.9007    0.6667   0.5405   0.000025  (1.2s)
    33      0.1890     0.9948     0.9375    0.6667   0.5050   0.000025  (1.4s)
    34      0.1753     1.0000     0.9517    0.6410   0.4842   0.000025  (1.1s)
    35      0.1526     0.9948     0.9581    0.6154   0.4701   0.000025  (1.1s)
    36      0.1524     0.9896     0.9198    0.6667   0.5313   0.000013  (1.1s)
    37      0.1357     1.0000     0.9081    0.6667   0.5313   0.000013  (1.2s)
    38      0.1580     1.0000     0.9439    0.6154   0.4951   0.000013  (1.3s)
    39      0.1328     1.0000     0.9034    0.6410   0.5167   0.000013  (1.1s)
    40      0.1512     1.0000     0.9126    0.6410   0.5167   0.000013  (1.1s)
    41      0.1510     1.0000     0.9426    0.6410   0.5167   0.000013  (1.2s)

Early stopping at epoch 41. Best epoch: 26 (val_f1=0.5932)

Best: epoch 26, val_acc=0.6923, val_f1=0.5932
Model saved: /mnt/extended-home/fitra_dosen/2025_iris_fer_taufik/MultimodalEmoLearn/models/benchmark/ckplus_samplelevel/_tmp_kaggle/m.pth
Test Loss: 0.6696
Test Accuracy: 0.7576
Test Macro F1:    0.6256
Test Micro F1:    0.7576
Test Weighted F1: 0.7401

Classification Report:
              precision    recall  f1-score   support

       anger       0.62      0.56      0.59         9
    contempt       0.38      1.00      0.55         3
     disgust       1.00      0.92      0.96        12
        fear       0.50      0.20      0.29         5
       happy       0.81      0.93      0.87        14
     sadness       0.33      0.17      0.22         6
   surprised       0.89      0.94      0.91        17

    accuracy                           0.76        66
   macro avg       0.65      0.67      0.63        66
weighted avg       0.75      0.76      0.74        66

    [fold 1/5] macro_f1=0.6256 acc=0.7576 (55s)
 Epoch  Train Loss  Train Acc   Val Loss   Val Acc   Val F1         LR
---------------------------------------------------------------------------
     1      1.9545     0.1927     1.9874    0.1795   0.0809   0.000050  (1.2s)
     2      1.6795     0.3750     1.8544    0.2821   0.1753   0.000050  (1.2s)
     3      1.5075     0.4740     1.6530    0.3846   0.3824   0.000050  (1.1s)
     4      1.3149     0.5625     1.4182    0.5385   0.4653   0.000050  (1.0s)
     5      1.1161     0.6719     1.2281    0.6923   0.5786   0.000050  (1.0s)
     6      1.2188     0.6458     1.1013    0.7179   0.5859   0.000050  (1.1s)
     7      1.0774     0.7083     0.9850    0.7436   0.5851   0.000050  (1.3s)
     8      0.8826     0.7917     0.8724    0.7692   0.6104   0.000050  (1.2s)
     9      0.8322     0.8229     0.8175    0.7436   0.5953   0.000050  (1.0s)
    10      0.7497     0.8438     0.7385    0.7436   0.5848   0.000050  (0.9s)
    11      0.6560     0.8750     0.6556    0.7179   0.5529   0.000050  (1.0s)
    12      0.5994     0.8958     0.6239    0.7692   0.6004   0.000050  (1.1s)
    13      0.5646     0.9219     0.6274    0.7949   0.6366   0.000050  (1.2s)
    14      0.5141     0.9167     0.5831    0.7949   0.6366   0.000050  (1.3s)
    15      0.4572     0.9427     0.5638    0.7949   0.6276   0.000050  (1.1s)
    16      0.3887     0.9688     0.5366    0.8462   0.6503   0.000050  (1.1s)
    17      0.3685     0.9688     0.5393    0.7949   0.6180   0.000050  (1.2s)
    18      0.3435     0.9583     0.5426    0.7949   0.6264   0.000050  (1.2s)
    19      0.3229     0.9583     0.5233    0.8205   0.6428   0.000050  (1.1s)
    20      0.3027     0.9583     0.4914    0.7949   0.6024   0.000050  (1.0s)
    21      0.2650     0.9896     0.4779    0.8462   0.6916   0.000050  (1.1s)
    22      0.2545     0.9740     0.4899    0.8462   0.6916   0.000050  (1.1s)
    23      0.2566     0.9792     0.4847    0.8462   0.7239   0.000050  (1.1s)
    24      0.2205     0.9896     0.4892    0.8205   0.6456   0.000050  (1.1s)
    25      0.2152     0.9948     0.4848    0.8205   0.6337   0.000050  (1.1s)
    26      0.2086     0.9896     0.4439    0.8718   0.7082   0.000050  (1.0s)
    27      0.2032     0.9896     0.4484    0.8718   0.7082   0.000050  (1.1s)
    28      0.1547     1.0000     0.4471    0.8974   0.7796   0.000050  (1.0s)
    29      0.1632     0.9948     0.4397    0.9231   0.7986   0.000050  (1.0s)
    30      0.1483     1.0000     0.4464    0.8974   0.7820   0.000050  (1.0s)
    31      0.1514     1.0000     0.4514    0.8462   0.7239   0.000050  (1.1s)
    32      0.1313     1.0000     0.4246    0.8462   0.7568   0.000050  (1.1s)
    33      0.1819     0.9896     0.4086    0.8718   0.7759   0.000050  (1.0s)
    34      0.1346     0.9948     0.4032    0.8974   0.7820   0.000050  (1.0s)
    35      0.1299     0.9948     0.4092    0.8974   0.7820   0.000050  (1.1s)
    36      0.1138     0.9948     0.4078    0.8462   0.6916   0.000050  (1.2s)
    37      0.1384     0.9844     0.4042    0.8718   0.7630   0.000050  (1.0s)
    38      0.1220     0.9948     0.4047    0.8718   0.7477   0.000050  (1.1s)
    39      0.0961     0.9948     0.4011    0.8718   0.7477   0.000025  (1.3s)
    40      0.1139     1.0000     0.3830    0.8718   0.7630   0.000025  (1.2s)
    41      0.0938     1.0000     0.4010    0.8718   0.7477   0.000025  (1.1s)
    42      0.0956     1.0000     0.3982    0.8974   0.7820   0.000025  (1.1s)
    43      0.1056     1.0000     0.4034    0.8974   0.7820   0.000025  (1.2s)
    44      0.0947     0.9948     0.3978    0.8974   0.7820   0.000025  (1.2s)

Early stopping at epoch 44. Best epoch: 29 (val_f1=0.7986)

Best: epoch 29, val_acc=0.9231, val_f1=0.7986
Model saved: /mnt/extended-home/fitra_dosen/2025_iris_fer_taufik/MultimodalEmoLearn/models/benchmark/ckplus_samplelevel/_tmp_kaggle/m.pth
Test Loss: 0.6395
Test Accuracy: 0.7727
Test Macro F1:    0.6361
Test Micro F1:    0.7727
Test Weighted F1: 0.7517

Classification Report:
              precision    recall  f1-score   support

       anger       0.56      0.56      0.56         9
    contempt       0.43      1.00      0.60         3
     disgust       0.91      0.83      0.87        12
        fear       0.00      0.00      0.00         5
       happy       1.00      0.93      0.96        14
     sadness       0.60      0.50      0.55         6
   surprised       0.85      1.00      0.92        17

    accuracy                           0.77        66
   macro avg       0.62      0.69      0.64        66
weighted avg       0.75      0.77      0.75        66

    [fold 2/5] macro_f1=0.6361 acc=0.7727 (52s)
 Epoch  Train Loss  Train Acc   Val Loss   Val Acc   Val F1         LR
---------------------------------------------------------------------------
     1      1.9324     0.2292     1.9140    0.2821   0.1208   0.000050  (1.1s)
     2      1.7102     0.3542     1.8077    0.3590   0.1860   0.000050  (1.2s)
     3      1.4353     0.5156     1.6869    0.4359   0.3354   0.000050  (1.2s)
     4      1.3062     0.5885     1.5549    0.4615   0.4049   0.000050  (1.0s)
     5      1.1857     0.6458     1.4397    0.4872   0.4569   0.000050  (1.1s)
     6      1.0489     0.7188     1.3311    0.5385   0.5158   0.000050  (1.1s)
     7      0.9212     0.7969     1.2747    0.5641   0.5446   0.000050  (1.0s)
     8      0.8347     0.8125     1.2071    0.5641   0.5322   0.000050  (1.1s)
     9      0.7710     0.8385     1.1540    0.5641   0.5296   0.000050  (1.0s)
    10      0.6706     0.8854     1.1070    0.6154   0.5650   0.000050  (1.1s)
    11      0.5927     0.9167     1.0602    0.6410   0.5871   0.000050  (1.1s)
    12      0.6180     0.8854     1.0310    0.6410   0.5849   0.000050  (1.0s)
    13      0.4951     0.9427     1.0165    0.6667   0.6258   0.000050  (1.1s)
    14      0.3892     0.9740     1.0142    0.6667   0.6112   0.000050  (1.0s)
    15      0.4073     0.9635     0.9966    0.6667   0.6112   0.000050  (1.1s)
    16      0.3770     0.9740     0.9734    0.6923   0.6349   0.000050  (1.1s)
    17      0.3648     0.9792     0.9773    0.6667   0.6090   0.000050  (1.1s)
    18      0.2952     0.9844     0.9715    0.6667   0.6136   0.000050  (1.2s)
    19      0.2934     0.9844     0.9459    0.6667   0.6192   0.000050  (1.1s)
    20      0.2606     0.9792     0.9343    0.6667   0.6112   0.000050  (1.1s)
    21      0.2616     0.9792     0.9281    0.6410   0.5793   0.000050  (1.1s)
    22      0.2113     0.9792     0.9005    0.7179   0.6740   0.000050  (1.1s)
    23      0.2098     0.9844     0.8762    0.6410   0.5812   0.000050  (1.2s)
    24      0.1800     0.9896     0.8979    0.6923   0.6431   0.000050  (1.0s)
    25      0.1848     0.9948     0.9207    0.6667   0.6123   0.000050  (1.0s)
    26      0.1909     1.0000     0.9401    0.6410   0.5744   0.000050  (1.0s)
    27      0.1890     0.9948     0.9289    0.6667   0.6123   0.000050  (1.2s)
    28      0.1387     1.0000     0.9045    0.6667   0.6290   0.000050  (1.0s)
    29      0.1307     1.0000     0.8906    0.6923   0.6576   0.000050  (1.1s)
    30      0.1233     0.9948     0.8819    0.6923   0.6576   0.000050  (1.3s)
    31      0.1460     0.9948     0.8620    0.7179   0.6863   0.000050  (1.1s)
    32      0.1238     1.0000     0.8565    0.6923   0.6564   0.000050  (1.1s)
    33      0.1263     0.9844     0.8542    0.6667   0.6123   0.000050  (1.2s)
    34      0.1018     1.0000     0.8651    0.6667   0.6123   0.000050  (1.0s)
    35      0.1205     1.0000     0.8631    0.6667   0.6123   0.000050  (1.1s)
    36      0.1199     0.9948     0.8476    0.6667   0.6123   0.000050  (1.1s)
    37      0.0931     1.0000     0.8255    0.6667   0.6123   0.000050  (1.1s)
    38      0.1147     1.0000     0.8252    0.6667   0.6123   0.000050  (1.1s)
    39      0.0895     1.0000     0.8101    0.6410   0.5926   0.000050  (1.1s)
    40      0.0922     1.0000     0.8122    0.6923   0.6466   0.000050  (1.0s)
    41      0.0946     1.0000     0.8206    0.6667   0.6136   0.000025  (1.1s)
    42      0.0867     1.0000     0.8311    0.6923   0.6423   0.000025  (1.0s)
    43      0.0865     1.0000     0.8358    0.6667   0.6136   0.000025  (1.1s)
    44      0.0948     1.0000     0.8280    0.6667   0.6136   0.000025  (1.1s)
    45      0.0890     1.0000     0.8266    0.6923   0.6453   0.000025  (1.0s)
    46      0.0971     1.0000     0.8217    0.6923   0.6453   0.000025  (1.2s)

Early stopping at epoch 46. Best epoch: 31 (val_f1=0.6863)

Best: epoch 31, val_acc=0.7179, val_f1=0.6863
Model saved: /mnt/extended-home/fitra_dosen/2025_iris_fer_taufik/MultimodalEmoLearn/models/benchmark/ckplus_samplelevel/_tmp_kaggle/m.pth
Test Loss: 0.6834
Test Accuracy: 0.8030
Test Macro F1:    0.6864
Test Micro F1:    0.8030
Test Weighted F1: 0.7997

Classification Report:
              precision    recall  f1-score   support

       anger       0.55      0.67      0.60         9
    contempt       0.50      0.33      0.40         3
     disgust       1.00      1.00      1.00        12
        fear       0.50      0.40      0.44         5
       happy       0.92      0.86      0.89        14
     sadness       0.50      0.50      0.50         6
   surprised       0.94      1.00      0.97        17

    accuracy                           0.80        66
   macro avg       0.70      0.68      0.69        66
weighted avg       0.80      0.80      0.80        66

    [fold 3/5] macro_f1=0.6864 acc=0.8030 (54s)
 Epoch  Train Loss  Train Acc   Val Loss   Val Acc   Val F1         LR
---------------------------------------------------------------------------
     1      1.9486     0.2448     1.9248    0.2308   0.1291   0.000050  (1.0s)
     2      1.7064     0.3490     1.8375    0.1795   0.1399   0.000050  (1.2s)
     3      1.5375     0.4219     1.7322    0.3333   0.3132   0.000050  (1.1s)
     4      1.4035     0.5156     1.6171    0.4103   0.3690   0.000050  (1.0s)
     5      1.1938     0.5938     1.4639    0.4359   0.3637   0.000050  (1.1s)
     6      1.1633     0.6198     1.3562    0.5128   0.3923   0.000050  (1.1s)
     7      1.0376     0.6979     1.2525    0.5385   0.4096   0.000050  (1.0s)
     8      0.8668     0.8021     1.1593    0.5641   0.4094   0.000050  (1.0s)
     9      0.8858     0.7760     1.0753    0.5641   0.4168   0.000050  (1.0s)
    10      0.7023     0.8802     1.0048    0.6410   0.4771   0.000050  (1.2s)
    11      0.7032     0.9062     0.9396    0.6154   0.4454   0.000050  (1.2s)
    12      0.5762     0.9167     0.8983    0.6154   0.4454   0.000050  (1.0s)
    13      0.5340     0.9115     0.8558    0.6667   0.4780   0.000050  (1.0s)
    14      0.4833     0.9271     0.8397    0.6410   0.4610   0.000050  (1.0s)
    15      0.4979     0.9115     0.8308    0.6923   0.5538   0.000050  (1.1s)
    16      0.4718     0.9271     0.7995    0.6667   0.5086   0.000050  (1.1s)
    17      0.3830     0.9635     0.7984    0.6923   0.5498   0.000050  (1.1s)
    18      0.3012     0.9844     0.8180    0.6667   0.4982   0.000050  (1.1s)
    19      0.3371     0.9792     0.8131    0.6667   0.4969   0.000050  (1.2s)
    20      0.2813     0.9792     0.7944    0.6923   0.5268   0.000050  (1.1s)
    21      0.3283     0.9531     0.7780    0.6923   0.5485   0.000050  (1.1s)
    22      0.2412     0.9792     0.7906    0.6923   0.5417   0.000050  (1.2s)
    23      0.2448     0.9583     0.7906    0.6667   0.4969   0.000050  (1.0s)
    24      0.2319     0.9844     0.7774    0.7179   0.5396   0.000050  (1.0s)
    25      0.1992     0.9948     0.7894    0.7436   0.5652   0.000025  (1.1s)
    26      0.2501     0.9740     0.7798    0.7436   0.5652   0.000025  (1.1s)
    27      0.2046     0.9844     0.7591    0.7436   0.5916   0.000025  (1.1s)
    28      0.1783     0.9844     0.7507    0.7436   0.5916   0.000025  (0.9s)
    29      0.2324     0.9844     0.7540    0.7436   0.5916   0.000025  (0.9s)
    30      0.1763     1.0000     0.7637    0.7436   0.5916   0.000025  (1.0s)
    31      0.2060     0.9740     0.7605    0.7179   0.5590   0.000025  (1.0s)
    32      0.1795     0.9948     0.7509    0.7949   0.6862   0.000025  (1.1s)
    33      0.1626     0.9948     0.7423    0.7949   0.6862   0.000025  (1.0s)
    34      0.1647     0.9844     0.7351    0.7949   0.6862   0.000025  (1.1s)
    35      0.1692     0.9844     0.7432    0.7436   0.5936   0.000025  (1.1s)
    36      0.1542     0.9844     0.7511    0.7179   0.5590   0.000025  (1.1s)
    37      0.1659     0.9948     0.7762    0.7949   0.6483   0.000025  (1.0s)
    38      0.1545     0.9948     0.7769    0.7436   0.5936   0.000025  (1.2s)
    39      0.1504     0.9896     0.7767    0.7179   0.5590   0.000025  (1.1s)
    40      0.1567     1.0000     0.7843    0.7436   0.5936   0.000025  (1.1s)
    41      0.1343     0.9948     0.7603    0.7436   0.5936   0.000025  (1.0s)
    42      0.1471     1.0000     0.7601    0.7436   0.5936   0.000013  (1.1s)
    43      0.1329     1.0000     0.7963    0.7436   0.5936   0.000013  (1.0s)
    44      0.1292     1.0000     0.7665    0.7436   0.5936   0.000013  (1.0s)
    45      0.1335     1.0000     0.7613    0.7179   0.5590   0.000013  (1.0s)
    46      0.1190     1.0000     0.7520    0.7436   0.5916   0.000013  (1.0s)
    47      0.1242     1.0000     0.7375    0.7436   0.5936   0.000013  (1.2s)

Early stopping at epoch 47. Best epoch: 32 (val_f1=0.6862)

Best: epoch 32, val_acc=0.7949, val_f1=0.6862
Model saved: /mnt/extended-home/fitra_dosen/2025_iris_fer_taufik/MultimodalEmoLearn/models/benchmark/ckplus_samplelevel/_tmp_kaggle/m.pth
Test Loss: 0.6129
Test Accuracy: 0.8030
Test Macro F1:    0.6959
Test Micro F1:    0.8030
Test Weighted F1: 0.7969

Classification Report:
              precision    recall  f1-score   support

       anger       0.58      0.78      0.67         9
    contempt       0.40      0.67      0.50         3
     disgust       1.00      0.75      0.86        12
        fear       0.67      0.40      0.50         5
       happy       0.82      1.00      0.90        14
     sadness       0.67      0.33      0.44         6
   surprised       1.00      1.00      1.00        17

    accuracy                           0.80        66
   macro avg       0.73      0.70      0.70        66
weighted avg       0.82      0.80      0.80        66

    [fold 4/5] macro_f1=0.6959 acc=0.8030 (54s)
 Epoch  Train Loss  Train Acc   Val Loss   Val Acc   Val F1         LR
---------------------------------------------------------------------------
     1      1.9159     0.2760     1.9875    0.2051   0.0889   0.000050  (1.1s)
     2      1.6936     0.3438     1.8626    0.2564   0.1311   0.000050  (1.1s)
     3      1.5867     0.4271     1.7154    0.4615   0.3209   0.000050  (1.1s)
     4      1.3511     0.5417     1.5568    0.6410   0.4642   0.000050  (1.0s)
     5      1.2232     0.6302     1.3709    0.6667   0.4748   0.000050  (1.1s)
     6      1.0402     0.7448     1.1860    0.6667   0.4698   0.000050  (1.0s)
     7      0.9527     0.7396     1.0669    0.6410   0.4085   0.000050  (1.2s)
     8      0.8177     0.8177     0.9714    0.6923   0.4524   0.000050  (1.1s)
     9      0.8377     0.7656     0.8977    0.7692   0.5652   0.000050  (1.1s)
    10      0.7105     0.8438     0.8464    0.7949   0.6360   0.000050  (1.1s)
    11      0.6487     0.8958     0.7965    0.7436   0.5231   0.000050  (1.2s)
    12      0.5551     0.9010     0.7548    0.7949   0.6066   0.000050  (1.0s)
    13      0.5173     0.9167     0.7161    0.7949   0.6066   0.000050  (1.0s)
    14      0.4430     0.9531     0.6795    0.8205   0.6531   0.000050  (1.0s)
    15      0.4421     0.9427     0.6553    0.8205   0.6395   0.000050  (1.2s)
    16      0.4153     0.9479     0.6554    0.7692   0.6150   0.000050  (1.2s)
    17      0.3923     0.9531     0.6577    0.7692   0.6150   0.000050  (1.1s)
    18      0.3546     0.9635     0.6761    0.7692   0.6190   0.000050  (1.1s)
    19      0.2911     0.9896     0.6555    0.7949   0.6361   0.000050  (1.1s)
    20      0.2532     0.9740     0.6368    0.7949   0.6361   0.000050  (1.0s)
    21      0.2687     0.9688     0.6019    0.7949   0.6320   0.000050  (1.1s)
    22      0.2143     0.9844     0.5974    0.7949   0.6361   0.000050  (1.1s)
    23      0.2035     0.9948     0.5948    0.7949   0.6361   0.000050  (1.1s)
    24      0.2050     0.9792     0.5763    0.8205   0.6523   0.000025  (1.2s)
    25      0.2394     0.9844     0.6069    0.7949   0.6361   0.000025  (1.3s)
    26      0.1956     0.9896     0.6034    0.7949   0.6361   0.000025  (1.1s)
    27      0.1909     1.0000     0.6046    0.7949   0.6361   0.000025  (1.1s)
    28      0.1846     0.9896     0.6069    0.7949   0.6320   0.000025  (1.2s)
    29      0.1883     1.0000     0.5891    0.7949   0.6320   0.000025  (1.2s)

Early stopping at epoch 29. Best epoch: 14 (val_f1=0.6531)

Best: epoch 14, val_acc=0.8205, val_f1=0.6531
Model saved: /mnt/extended-home/fitra_dosen/2025_iris_fer_taufik/MultimodalEmoLearn/models/benchmark/ckplus_samplelevel/_tmp_kaggle/m.pth
Test Loss: 0.7922
Test Accuracy: 0.7273
Test Macro F1:    0.5831
Test Micro F1:    0.7273
Test Weighted F1: 0.7074

Classification Report:
              precision    recall  f1-score   support

       anger       0.50      0.33      0.40         9
    contempt       0.67      0.67      0.67         3
     disgust       0.92      0.92      0.92        12
        fear       0.00      0.00      0.00         5
       happy       0.72      0.93      0.81        14
     sadness       0.25      0.33      0.29         6
   surprised       1.00      1.00      1.00        17

    accuracy                           0.73        66
   macro avg       0.58      0.60      0.58        66
weighted avg       0.70      0.73      0.71        66

    [fold 5/5] macro_f1=0.5831 acc=0.7273 (35s)
  randomsplit: macro_f1=0.6454±0.0415  acc=0.7727±0.0287  -> saved ckplus_kaggle7c_randomsplit_earlyfusion_b3.json

================================================================
  CK+ Kaggle7c — Early Fusion concat B3 — cv10 (10 folds)
================================================================
 Epoch  Train Loss  Train Acc   Val Loss   Val Acc   Val F1         LR
---------------------------------------------------------------------------
     1      1.9595     0.1920     1.9595    0.1818   0.1281   0.000050  (1.2s)
     2      1.5874     0.3973     1.8103    0.3409   0.2283   0.000050  (1.2s)
     3      1.4292     0.5179     1.6309    0.4318   0.3636   0.000050  (1.1s)
     4      1.2904     0.5670     1.4531    0.5000   0.3863   0.000050  (1.3s)
     5      1.0715     0.6696     1.2979    0.5909   0.4601   0.000050  (1.1s)
     6      1.0596     0.6920     1.1500    0.5682   0.4301   0.000050  (1.1s)
     7      0.8941     0.7679     1.0214    0.6364   0.4590   0.000050  (1.1s)
     8      0.8345     0.7946     0.9538    0.6818   0.4877   0.000050  (1.2s)
     9      0.7025     0.8661     0.8945    0.6818   0.4884   0.000050  (1.2s)
    10      0.6167     0.8839     0.8100    0.7273   0.5370   0.000050  (1.1s)
    11      0.5873     0.8795     0.7620    0.7500   0.5778   0.000050  (1.1s)
    12      0.5130     0.9241     0.7166    0.7045   0.5223   0.000050  (1.1s)
    13      0.4656     0.9420     0.6997    0.7273   0.5698   0.000050  (1.1s)
    14      0.3888     0.9688     0.6926    0.7500   0.6138   0.000050  (1.0s)
    15      0.4145     0.9330     0.6616    0.7500   0.6138   0.000050  (1.1s)
    16      0.3145     0.9598     0.6501    0.7500   0.6138   0.000050  (1.2s)
    17      0.3017     0.9732     0.6275    0.7955   0.6868   0.000050  (1.0s)
    18      0.2552     0.9866     0.6010    0.8182   0.7007   0.000050  (1.0s)
    19      0.2668     0.9688     0.6089    0.7727   0.5792   0.000050  (1.2s)
    20      0.2410     0.9866     0.6007    0.7727   0.5792   0.000050  (1.1s)
    21      0.1989     0.9866     0.5868    0.7727   0.6127   0.000050  (1.1s)
    22      0.2266     0.9777     0.5863    0.7727   0.6460   0.000050  (1.2s)
    23      0.1694     0.9955     0.5604    0.7955   0.6599   0.000050  (1.0s)
    24      0.1914     1.0000     0.5592    0.8182   0.7007   0.000050  (1.1s)
    25      0.1762     0.9777     0.5631    0.7955   0.6467   0.000050  (1.4s)
    26      0.1460     1.0000     0.6170    0.7727   0.5792   0.000050  (1.1s)
    27      0.1360     1.0000     0.5994    0.7955   0.6082   0.000050  (1.0s)
    28      0.1496     1.0000     0.5754    0.7727   0.5917   0.000025  (1.1s)
    29      0.1647     0.9911     0.5412    0.7955   0.6335   0.000025  (1.1s)
    30      0.1277     0.9955     0.5449    0.8182   0.6889   0.000025  (1.1s)
    31      0.1302     0.9955     0.5507    0.8182   0.6889   0.000025  (1.0s)
    32      0.1225     1.0000     0.5482    0.8182   0.6889   0.000025  (1.1s)
    33      0.1160     0.9955     0.5410    0.8182   0.7007   0.000025  (1.2s)

Early stopping at epoch 33. Best epoch: 18 (val_f1=0.7007)

Best: epoch 18, val_acc=0.8182, val_f1=0.7007
Model saved: /mnt/extended-home/fitra_dosen/2025_iris_fer_taufik/MultimodalEmoLearn/models/benchmark/ckplus_samplelevel/_tmp_kaggle/m.pth
Test Loss: 0.6596
Test Accuracy: 0.7576
Test Macro F1:    0.6047
Test Micro F1:    0.7576
Test Weighted F1: 0.7511

Classification Report:
              precision    recall  f1-score   support

       anger       0.80      0.80      0.80         5
    contempt       0.25      0.50      0.33         2
     disgust       1.00      0.83      0.91         6
        fear       0.25      0.50      0.33         2
       happy       0.86      0.86      0.86         7
     sadness       0.00      0.00      0.00         3
   surprised       1.00      1.00      1.00         8

    accuracy                           0.76        33
   macro avg       0.59      0.64      0.60        33
weighted avg       0.76      0.76      0.75        33

    [fold 1/10] macro_f1=0.6047 acc=0.7576 (41s)
 Epoch  Train Loss  Train Acc   Val Loss   Val Acc   Val F1         LR
---------------------------------------------------------------------------
     1      1.8492     0.2500     1.9790    0.1818   0.0901   0.000050  (1.2s)
     2      1.6261     0.3750     1.8573    0.2500   0.1521   0.000050  (1.2s)
     3      1.3552     0.5759     1.6700    0.4773   0.3762   0.000050  (1.2s)
     4      1.2782     0.5804     1.4818    0.5455   0.4561   0.000050  (1.1s)
     5      1.1503     0.6473     1.3221    0.5227   0.4241   0.000050  (1.4s)
     6      0.9990     0.7054     1.2131    0.5682   0.4380   0.000050  (1.4s)
     7      0.8565     0.8036     1.1029    0.6591   0.5331   0.000050  (1.2s)
     8      0.8593     0.7902     1.0182    0.6818   0.5504   0.000050  (1.2s)
     9      0.7946     0.7991     0.9877    0.6818   0.5489   0.000050  (1.3s)
    10      0.6575     0.8750     0.9520    0.6818   0.5404   0.000050  (1.1s)
    11      0.5922     0.9241     0.9219    0.6818   0.5404   0.000050  (1.2s)
    12      0.5079     0.9152     0.9009    0.7045   0.5975   0.000050  (1.2s)
    13      0.3808     0.9821     0.8846    0.7273   0.6127   0.000050  (1.2s)
    14      0.4168     0.9420     0.8211    0.7045   0.5488   0.000050  (1.1s)
    15      0.3552     0.9598     0.8069    0.7045   0.5488   0.000050  (1.3s)
    16      0.3166     0.9643     0.8127    0.7045   0.5488   0.000050  (1.2s)
    17      0.3075     0.9821     0.7979    0.7273   0.6127   0.000050  (1.2s)
    18      0.2805     0.9643     0.8036    0.7273   0.6127   0.000050  (1.2s)
    19      0.2796     0.9777     0.7779    0.7273   0.6127   0.000050  (1.2s)
    20      0.2437     0.9821     0.7418    0.7273   0.6127   0.000050  (1.3s)
    21      0.1920     1.0000     0.7514    0.7500   0.6610   0.000050  (1.3s)
    22      0.2017     0.9866     0.7429    0.7273   0.6127   0.000050  (1.1s)
    23      0.1713     1.0000     0.7211    0.7273   0.6127   0.000050  (1.1s)
    24      0.2141     0.9777     0.7755    0.7273   0.6127   0.000050  (1.1s)
    25      0.1537     1.0000     0.7286    0.7273   0.6127   0.000050  (1.1s)
    26      0.1467     0.9955     0.7306    0.7500   0.6610   0.000050  (1.2s)
    27      0.1530     0.9955     0.7056    0.7273   0.5794   0.000050  (1.4s)
    28      0.1328     1.0000     0.6774    0.7500   0.6620   0.000050  (1.1s)
    29      0.1249     1.0000     0.6950    0.7500   0.6610   0.000050  (1.1s)
    30      0.1255     1.0000     0.6617    0.7273   0.6127   0.000050  (1.1s)
    31      0.1254     1.0000     0.6541    0.7273   0.6127   0.000050  (1.2s)
    32      0.1338     0.9911     0.6258    0.7273   0.6127   0.000050  (1.2s)
    33      0.1154     0.9955     0.6342    0.7500   0.6610   0.000050  (1.1s)
    34      0.1163     0.9955     0.6656    0.7727   0.6905   0.000050  (1.2s)
    35      0.1027     0.9955     0.6723    0.7500   0.6610   0.000050  (1.1s)
    36      0.0868     0.9955     0.6621    0.7273   0.6127   0.000050  (1.2s)
    37      0.1053     0.9955     0.6532    0.7273   0.6127   0.000050  (1.3s)
    38      0.1053     0.9955     0.6438    0.7273   0.6127   0.000050  (1.2s)
    39      0.0810     1.0000     0.6557    0.7500   0.6610   0.000050  (1.3s)
    40      0.0867     1.0000     0.6690    0.7727   0.6905   0.000050  (1.4s)
    41      0.0875     1.0000     0.6825    0.7500   0.6071   0.000050  (1.4s)
    42      0.0801     1.0000     0.6246    0.7727   0.6905   0.000050  (1.2s)
    43      0.0773     1.0000     0.6432    0.7500   0.6610   0.000050  (1.1s)
    44      0.0777     1.0000     0.6314    0.7500   0.6610   0.000025  (1.1s)
    45      0.0843     0.9955     0.5985    0.7500   0.6610   0.000025  (1.1s)
    46      0.0761     1.0000     0.6028    0.7500   0.6610   0.000025  (1.1s)
    47      0.0773     1.0000     0.6113    0.7727   0.6905   0.000025  (1.2s)
    48      0.1004     0.9911     0.5853    0.7727   0.6905   0.000025  (1.3s)
    49      0.0706     1.0000     0.6052    0.7727   0.6905   0.000025  (1.1s)

Early stopping at epoch 49. Best epoch: 34 (val_f1=0.6905)

Best: epoch 34, val_acc=0.7727, val_f1=0.6905
Model saved: /mnt/extended-home/fitra_dosen/2025_iris_fer_taufik/MultimodalEmoLearn/models/benchmark/ckplus_samplelevel/_tmp_kaggle/m.pth
Test Loss: 0.5186
Test Accuracy: 0.8788
Test Macro F1:    0.7310
Test Micro F1:    0.8788
Test Weighted F1: 0.8467

Classification Report:
              precision    recall  f1-score   support

       anger       0.83      1.00      0.91         5
    contempt       1.00      0.50      0.67         2
     disgust       1.00      1.00      1.00         6
        fear       0.00      0.00      0.00         2
       happy       0.88      1.00      0.93         7
     sadness       0.67      0.67      0.67         3
   surprised       0.89      1.00      0.94         8

    accuracy                           0.88        33
   macro avg       0.75      0.74      0.73        33
weighted avg       0.83      0.88      0.85        33

    [fold 2/10] macro_f1=0.7310 acc=0.8788 (62s)
 Epoch  Train Loss  Train Acc   Val Loss   Val Acc   Val F1         LR
---------------------------------------------------------------------------
     1      1.9080     0.2411     1.9631    0.1818   0.1019   0.000050  (1.3s)
     2      1.6582     0.3527     1.8079    0.2955   0.2160   0.000050  (1.1s)
     3      1.5584     0.4286     1.5941    0.5227   0.5067   0.000050  (1.1s)
     4      1.3318     0.5759     1.3967    0.5682   0.4647   0.000050  (1.0s)
     5      1.1723     0.6339     1.2312    0.6364   0.4976   0.000050  (1.2s)
     6      1.1213     0.6607     1.0539    0.7045   0.6136   0.000050  (1.1s)
     7      0.9463     0.6920     0.8969    0.7045   0.5604   0.000050  (1.3s)
     8      0.8360     0.8125     0.8035    0.7727   0.6004   0.000050  (1.2s)
     9      0.7988     0.7902     0.7246    0.7955   0.6474   0.000050  (1.1s)
    10      0.7034     0.8571     0.6737    0.7727   0.5822   0.000050  (1.1s)
    11      0.6238     0.8705     0.6258    0.7727   0.5710   0.000050  (1.1s)
    12      0.5837     0.8839     0.5967    0.7955   0.6317   0.000050  (1.1s)
    13      0.5116     0.9152     0.5581    0.7955   0.6579   0.000050  (1.2s)
    14      0.4163     0.9509     0.5577    0.7727   0.6349   0.000050  (1.2s)
    15      0.4108     0.9375     0.5566    0.7727   0.6327   0.000050  (1.1s)
    16      0.3416     0.9643     0.5239    0.7727   0.6327   0.000050  (1.2s)
    17      0.2856     0.9821     0.5023    0.7727   0.6327   0.000050  (1.1s)
    18      0.3027     0.9821     0.4899    0.8182   0.7410   0.000050  (1.2s)
    19      0.2407     0.9911     0.4956    0.8182   0.7410   0.000050  (1.1s)
    20      0.2796     0.9777     0.4875    0.8409   0.7582   0.000050  (1.2s)
    21      0.2483     0.9732     0.4551    0.8409   0.7582   0.000050  (1.2s)
    22      0.1977     0.9955     0.4339    0.8409   0.7582   0.000050  (1.1s)
    23      0.1973     0.9911     0.4291    0.8409   0.7582   0.000050  (1.1s)
    24      0.1980     0.9911     0.4109    0.8409   0.7537   0.000050  (1.1s)
    25      0.2029     0.9732     0.4438    0.8182   0.7109   0.000050  (1.1s)
    26      0.1632     0.9866     0.4628    0.8409   0.7569   0.000050  (1.2s)
    27      0.1690     0.9955     0.4506    0.8864   0.8073   0.000050  (1.0s)
    28      0.1498     0.9955     0.4111    0.8864   0.8073   0.000050  (1.1s)
    29      0.1486     0.9911     0.3936    0.8636   0.7698   0.000050  (1.1s)
    30      0.1101     1.0000     0.3712    0.8409   0.7537   0.000050  (1.1s)
    31      0.1227     1.0000     0.3774    0.8864   0.8113   0.000050  (1.0s)
    32      0.1308     0.9911     0.3731    0.8636   0.7917   0.000050  (1.1s)
    33      0.1038     1.0000     0.3748    0.8409   0.7537   0.000050  (1.1s)
    34      0.1195     0.9955     0.3922    0.8409   0.7537   0.000050  (1.3s)
    35      0.0907     1.0000     0.3984    0.8409   0.7537   0.000050  (1.1s)
    36      0.0996     1.0000     0.4000    0.8409   0.7537   0.000050  (1.1s)
    37      0.1041     0.9955     0.4047    0.8409   0.7537   0.000050  (1.1s)
    38      0.1141     0.9955     0.3981    0.8636   0.7698   0.000050  (1.1s)
    39      0.0951     1.0000     0.4115    0.8636   0.7698   0.000050  (1.1s)
    40      0.0854     1.0000     0.4089    0.8636   0.7698   0.000050  (1.1s)
    41      0.0897     1.0000     0.3805    0.8409   0.7537   0.000025  (1.1s)
    42      0.0887     1.0000     0.3881    0.8409   0.7537   0.000025  (1.0s)
    43      0.0991     1.0000     0.3936    0.8636   0.7698   0.000025  (1.1s)
    44      0.0908     1.0000     0.3735    0.8636   0.7698   0.000025  (1.1s)
    45      0.1113     1.0000     0.3679    0.8409   0.7537   0.000025  (1.1s)
    46      0.0877     1.0000     0.3583    0.8409   0.7537   0.000025  (1.1s)

Early stopping at epoch 46. Best epoch: 31 (val_f1=0.8113)

Best: epoch 31, val_acc=0.8864, val_f1=0.8113
Model saved: /mnt/extended-home/fitra_dosen/2025_iris_fer_taufik/MultimodalEmoLearn/models/benchmark/ckplus_samplelevel/_tmp_kaggle/m.pth
Test Loss: 0.7384
Test Accuracy: 0.7576
Test Macro F1:    0.6643
Test Micro F1:    0.7576
Test Weighted F1: 0.7652

Classification Report:
              precision    recall  f1-score   support

       anger       0.75      0.60      0.67         5
    contempt       0.67      1.00      0.80         2
     disgust       1.00      0.83      0.91         6
        fear       0.00      0.00      0.00         2
       happy       1.00      0.71      0.83         7
     sadness       0.40      0.67      0.50         3
   surprised       0.89      1.00      0.94         8

    accuracy                           0.76        33
   macro avg       0.67      0.69      0.66        33
weighted avg       0.80      0.76      0.77        33

    [fold 3/10] macro_f1=0.6643 acc=0.7576 (55s)
 Epoch  Train Loss  Train Acc   Val Loss   Val Acc   Val F1         LR
---------------------------------------------------------------------------
     1      1.9095     0.2455     1.9688    0.2045   0.1017   0.000050  (1.1s)
     2      1.6202     0.3750     1.8345    0.2955   0.1803   0.000050  (1.1s)
     3      1.4628     0.4821     1.6654    0.4545   0.3663   0.000050  (1.1s)
     4      1.3401     0.5357     1.4768    0.5227   0.4250   0.000050  (1.0s)
     5      1.1544     0.6786     1.3008    0.5455   0.4596   0.000050  (1.2s)
     6      1.0602     0.6696     1.1526    0.6364   0.5437   0.000050  (1.3s)
     7      0.8624     0.7991     1.0552    0.7045   0.5827   0.000050  (1.3s)
     8      0.8012     0.8571     0.9960    0.7045   0.5931   0.000050  (1.1s)
     9      0.7056     0.8571     0.9544    0.7045   0.5931   0.000050  (1.2s)
    10      0.6419     0.8661     0.9147    0.6818   0.5376   0.000050  (1.1s)
    11      0.6306     0.8973     0.8692    0.7273   0.6071   0.000050  (1.0s)
    12      0.5424     0.9107     0.8441    0.7273   0.6055   0.000050  (1.0s)
    13      0.4663     0.9286     0.8494    0.7500   0.6464   0.000050  (1.2s)
    14      0.3803     0.9688     0.7981    0.7273   0.5817   0.000050  (1.3s)
    15      0.3899     0.9509     0.8234    0.7727   0.6797   0.000050  (1.2s)
    16      0.3274     0.9598     0.7907    0.7273   0.6169   0.000050  (1.3s)
    17      0.2943     0.9688     0.7510    0.7727   0.7028   0.000050  (1.1s)
    18      0.2668     0.9821     0.7283    0.7273   0.5978   0.000050  (1.1s)
    19      0.2604     0.9777     0.7108    0.7727   0.6473   0.000050  (1.2s)
    20      0.2145     0.9911     0.7040    0.8182   0.7286   0.000050  (1.2s)
    21      0.2059     1.0000     0.7187    0.7955   0.6919   0.000050  (1.0s)
    22      0.2178     0.9821     0.6811    0.8409   0.7614   0.000050  (1.2s)
    23      0.1964     1.0000     0.6577    0.8409   0.7614   0.000050  (1.3s)
    24      0.1743     0.9821     0.6775    0.7955   0.7345   0.000050  (1.2s)
    25      0.1692     1.0000     0.6862    0.7727   0.6987   0.000050  (1.1s)
    26      0.1432     1.0000     0.7237    0.7727   0.6987   0.000050  (1.1s)
    27      0.1528     0.9955     0.7194    0.7955   0.7157   0.000050  (1.1s)
    28      0.1394     0.9911     0.7240    0.7727   0.6797   0.000050  (1.1s)
    29      0.1346     0.9955     0.6695    0.8182   0.7456   0.000050  (1.2s)
    30      0.1389     1.0000     0.6563    0.8182   0.7821   0.000050  (1.0s)
    31      0.1292     0.9955     0.6578    0.8182   0.7456   0.000050  (1.0s)
    32      0.1288     1.0000     0.6304    0.8409   0.7591   0.000050  (1.0s)
    33      0.0896     0.9955     0.6362    0.8182   0.7292   0.000050  (1.1s)
    34      0.1144     1.0000     0.6080    0.8409   0.7614   0.000050  (1.1s)
    35      0.1009     0.9955     0.5880    0.8409   0.7614   0.000050  (1.1s)
    36      0.0883     1.0000     0.5877    0.8182   0.7402   0.000050  (1.0s)
    37      0.1163     0.9955     0.6317    0.8409   0.7614   0.000050  (1.1s)
    38      0.0948     0.9955     0.6914    0.7500   0.6645   0.000050  (1.1s)
    39      0.0855     1.0000     0.6746    0.7727   0.7035   0.000050  (1.1s)
    40      0.0942     1.0000     0.6348    0.7955   0.7164   0.000025  (1.2s)
    41      0.0819     1.0000     0.5691    0.8409   0.7614   0.000025  (1.2s)
    42      0.0781     1.0000     0.5890    0.8409   0.7614   0.000025  (1.1s)
    43      0.0839     0.9955     0.6254    0.8409   0.7614   0.000025  (1.2s)
    44      0.0834     1.0000     0.6189    0.8182   0.7456   0.000025  (1.1s)
    45      0.0991     1.0000     0.6244    0.8182   0.7456   0.000025  (1.1s)

Early stopping at epoch 45. Best epoch: 30 (val_f1=0.7821)

Best: epoch 30, val_acc=0.8182, val_f1=0.7821
Model saved: /mnt/extended-home/fitra_dosen/2025_iris_fer_taufik/MultimodalEmoLearn/models/benchmark/ckplus_samplelevel/_tmp_kaggle/m.pth
Test Loss: 0.3670
Test Accuracy: 0.9091
Test Macro F1:    0.8570
Test Micro F1:    0.9091
Test Weighted F1: 0.9093

Classification Report:
              precision    recall  f1-score   support

       anger       0.83      1.00      0.91         5
    contempt       1.00      1.00      1.00         2
     disgust       1.00      1.00      1.00         6
        fear       0.50      0.50      0.50         2
       happy       1.00      0.86      0.92         7
     sadness       0.67      0.67      0.67         3
   surprised       1.00      1.00      1.00         8

    accuracy                           0.91        33
   macro avg       0.86      0.86      0.86        33
weighted avg       0.91      0.91      0.91        33

    [fold 4/10] macro_f1=0.8570 acc=0.9091 (55s)
 Epoch  Train Loss  Train Acc   Val Loss   Val Acc   Val F1         LR
---------------------------------------------------------------------------
     1      1.8877     0.2545     1.9941    0.1136   0.0482   0.000050  (1.1s)
     2      1.6801     0.3527     1.8365    0.2955   0.2286   0.000050  (1.4s)
     3      1.4763     0.5134     1.6176    0.5000   0.4152   0.000050  (1.0s)
     4      1.2983     0.5938     1.4091    0.6136   0.4907   0.000050  (1.1s)
     5      1.1797     0.6473     1.2296    0.6364   0.4828   0.000050  (1.1s)
     6      1.0102     0.7545     1.0627    0.7045   0.5206   0.000050  (1.2s)
     7      0.9200     0.7768     0.9492    0.7500   0.5724   0.000050  (1.1s)
     8      0.8459     0.8170     0.8890    0.7273   0.5735   0.000050  (1.0s)
     9      0.8149     0.7768     0.8412    0.7727   0.6382   0.000050  (1.1s)
    10      0.6359     0.8571     0.8069    0.7500   0.5879   0.000050  (1.1s)
    11      0.6005     0.8839     0.7494    0.7500   0.5819   0.000050  (1.2s)
    12      0.5664     0.8795     0.7075    0.7955   0.6756   0.000050  (1.1s)
    13      0.5003     0.9375     0.6777    0.7727   0.6297   0.000050  (1.1s)
    14      0.3857     0.9732     0.6646    0.7727   0.6286   0.000050  (1.0s)
    15      0.4121     0.9598     0.6404    0.7727   0.5889   0.000050  (1.2s)
    16      0.3317     0.9777     0.6328    0.7955   0.6508   0.000050  (1.1s)
    17      0.3143     0.9732     0.5883    0.8182   0.6984   0.000050  (1.1s)
    18      0.2776     0.9688     0.5538    0.8182   0.6984   0.000050  (1.2s)
    19      0.2478     0.9955     0.5215    0.8636   0.7834   0.000050  (1.2s)
    20      0.2750     0.9732     0.5255    0.8636   0.7834   0.000050  (1.1s)
    21      0.2135     1.0000     0.5077    0.8636   0.7850   0.000050  (1.1s)
    22      0.1925     1.0000     0.5139    0.8636   0.7850   0.000050  (1.1s)
    23      0.1857     0.9911     0.5216    0.7955   0.6451   0.000050  (1.1s)
    24      0.2158     0.9777     0.5228    0.7955   0.6451   0.000050  (1.1s)
    25      0.1787     0.9866     0.5097    0.8182   0.7011   0.000050  (1.1s)
    26      0.1435     1.0000     0.4810    0.8636   0.7731   0.000050  (1.1s)
    27      0.1666     1.0000     0.4796    0.8182   0.7011   0.000050  (1.2s)
    28      0.1306     1.0000     0.4672    0.8409   0.7408   0.000050  (1.2s)
    29      0.1297     1.0000     0.4718    0.8182   0.6984   0.000050  (1.2s)
    30      0.1260     0.9911     0.4675    0.8409   0.7408   0.000050  (1.2s)
    31      0.1113     1.0000     0.4676    0.8182   0.7011   0.000025  (1.2s)
    32      0.1250     1.0000     0.4782    0.8182   0.7011   0.000025  (1.2s)
    33      0.1119     1.0000     0.4729    0.8182   0.7011   0.000025  (1.4s)
    34      0.1079     1.0000     0.4690    0.7955   0.6451   0.000025  (1.1s)
    35      0.1037     1.0000     0.4744    0.7955   0.6451   0.000025  (1.0s)
    36      0.0968     0.9955     0.4714    0.8182   0.7011   0.000025  (1.0s)

Early stopping at epoch 36. Best epoch: 21 (val_f1=0.7850)

Best: epoch 21, val_acc=0.8636, val_f1=0.7850
Model saved: /mnt/extended-home/fitra_dosen/2025_iris_fer_taufik/MultimodalEmoLearn/models/benchmark/ckplus_samplelevel/_tmp_kaggle/m.pth
Test Loss: 0.6277
Test Accuracy: 0.7576
Test Macro F1:    0.6409
Test Micro F1:    0.7576
Test Weighted F1: 0.7371

Classification Report:
              precision    recall  f1-score   support

       anger       0.50      0.60      0.55         5
    contempt       1.00      0.50      0.67         2
     disgust       1.00      1.00      1.00         5
        fear       0.50      0.33      0.40         3
       happy       0.88      1.00      0.93         7
     sadness       0.00      0.00      0.00         3
   surprised       0.89      1.00      0.94         8

    accuracy                           0.76        33
   macro avg       0.68      0.63      0.64        33
weighted avg       0.73      0.76      0.74        33

    [fold 5/10] macro_f1=0.6409 acc=0.7576 (44s)
 Epoch  Train Loss  Train Acc   Val Loss   Val Acc   Val F1         LR
---------------------------------------------------------------------------
     1      1.9979     0.1607     2.0005    0.1591   0.0934   0.000050  (1.0s)
     2      1.6337     0.3929     1.8643    0.3409   0.2305   0.000050  (1.0s)
     3      1.4266     0.5045     1.6259    0.4545   0.3817   0.000050  (1.0s)
     4      1.2826     0.5848     1.4175    0.5000   0.4312   0.000050  (1.0s)
     5      1.1434     0.6652     1.2259    0.6136   0.4760   0.000050  (1.0s)
     6      1.0629     0.7098     1.0674    0.7727   0.6315   0.000050  (1.1s)
     7      0.8859     0.7812     0.9107    0.8182   0.6644   0.000050  (1.1s)
     8      0.8158     0.8170     0.7985    0.8182   0.6644   0.000050  (1.1s)
     9      0.7620     0.8214     0.7517    0.8182   0.7283   0.000050  (1.3s)
    10      0.6413     0.8750     0.7297    0.8182   0.7540   0.000050  (1.1s)
    11      0.6171     0.8839     0.7118    0.7727   0.7158   0.000050  (1.2s)
    12      0.5607     0.8929     0.6161    0.8409   0.6727   0.000050  (1.1s)
    13      0.4685     0.9286     0.5900    0.8409   0.6727   0.000050  (1.1s)
    14      0.3813     0.9554     0.5599    0.8409   0.6870   0.000050  (1.1s)
    15      0.3867     0.9688     0.5363    0.8182   0.7410   0.000050  (1.1s)
    16      0.3341     0.9732     0.5507    0.8182   0.7410   0.000050  (1.1s)
    17      0.2744     0.9732     0.5135    0.8182   0.7410   0.000050  (1.1s)
    18      0.2963     0.9777     0.5305    0.8182   0.6953   0.000050  (1.1s)
    19      0.2772     0.9643     0.5241    0.8409   0.7106   0.000050  (1.1s)
    20      0.2115     0.9866     0.4992    0.8409   0.7106   0.000025  (1.0s)
    21      0.2314     0.9821     0.4893    0.8409   0.7106   0.000025  (1.0s)
    22      0.2291     0.9866     0.4604    0.8636   0.7033   0.000025  (1.3s)
    23      0.2109     0.9955     0.4632    0.8636   0.7968   0.000025  (1.3s)
    24      0.2189     0.9732     0.4469    0.8636   0.7932   0.000025  (1.2s)
    25      0.2014     0.9911     0.4327    0.9091   0.8323   0.000025  (1.1s)
    26      0.1892     0.9911     0.4301    0.9091   0.8323   0.000025  (1.2s)
    27      0.1945     0.9911     0.4277    0.8864   0.7866   0.000025  (1.1s)
    28      0.1605     1.0000     0.4227    0.9091   0.8323   0.000025  (1.1s)
    29      0.1644     0.9955     0.4078    0.9318   0.8904   0.000025  (1.1s)
    30      0.1568     0.9955     0.3976    0.9318   0.8904   0.000025  (1.1s)
    31      0.1622     0.9866     0.4247    0.8864   0.8102   0.000025  (1.0s)
    32      0.1461     1.0000     0.4382    0.9091   0.8323   0.000025  (1.1s)
    33      0.1361     1.0000     0.4018    0.9091   0.8323   0.000025  (1.1s)
    34      0.1442     1.0000     0.4137    0.9091   0.8684   0.000025  (1.2s)
    35      0.1448     0.9911     0.4045    0.9091   0.8323   0.000025  (1.1s)
    36      0.1403     0.9911     0.4018    0.9091   0.8323   0.000025  (1.3s)
    37      0.1203     0.9955     0.4017    0.9091   0.8323   0.000025  (1.0s)
    38      0.1426     0.9955     0.3892    0.9091   0.8323   0.000025  (1.1s)
    39      0.1180     1.0000     0.4099    0.9091   0.8323   0.000013  (1.1s)
    40      0.1296     1.0000     0.3938    0.9091   0.8323   0.000013  (1.1s)
    41      0.1256     0.9866     0.4033    0.8864   0.8102   0.000013  (1.1s)
    42      0.1118     0.9955     0.3977    0.9091   0.8323   0.000013  (1.1s)
    43      0.1264     1.0000     0.4140    0.9091   0.8323   0.000013  (1.1s)
    44      0.1225     1.0000     0.4090    0.9091   0.8323   0.000013  (1.2s)

Early stopping at epoch 44. Best epoch: 29 (val_f1=0.8904)

Best: epoch 29, val_acc=0.9318, val_f1=0.8904
Model saved: /mnt/extended-home/fitra_dosen/2025_iris_fer_taufik/MultimodalEmoLearn/models/benchmark/ckplus_samplelevel/_tmp_kaggle/m.pth
Test Loss: 0.8062
Test Accuracy: 0.7273
Test Macro F1:    0.6148
Test Micro F1:    0.7273
Test Weighted F1: 0.7006

Classification Report:
              precision    recall  f1-score   support

       anger       0.67      0.50      0.57         4
    contempt       0.50      1.00      0.67         2
     disgust       0.83      0.83      0.83         6
        fear       0.00      0.00      0.00         3
       happy       0.86      0.86      0.86         7
     sadness       0.40      0.67      0.50         3
   surprised       0.88      0.88      0.88         8

    accuracy                           0.73        33
   macro avg       0.59      0.68      0.61        33
weighted avg       0.69      0.73      0.70        33

    [fold 6/10] macro_f1=0.6148 acc=0.7273 (53s)
 Epoch  Train Loss  Train Acc   Val Loss   Val Acc   Val F1         LR
---------------------------------------------------------------------------
     1      1.8844     0.2545     1.9542    0.1591   0.0816   0.000050  (1.5s)
     2      1.6679     0.4062     1.8258    0.2727   0.2667   0.000050  (1.2s)
     3      1.4796     0.4777     1.6497    0.5227   0.4319   0.000050  (1.2s)
     4      1.3825     0.5491     1.4297    0.6136   0.5082   0.000050  (1.1s)
     5      1.1882     0.6295     1.2246    0.7045   0.5945   0.000050  (1.2s)
     6      1.0843     0.6652     1.0629    0.7273   0.6071   0.000050  (1.2s)
     7      0.9143     0.7545     0.9545    0.7727   0.6964   0.000050  (1.0s)
     8      0.8177     0.8080     0.8756    0.7727   0.6964   0.000050  (1.0s)
     9      0.7862     0.7991     0.8016    0.7727   0.6864   0.000050  (1.1s)
    10      0.7401     0.8705     0.7352    0.7955   0.6880   0.000050  (1.1s)
    11      0.6466     0.8705     0.7052    0.7727   0.6397   0.000050  (1.2s)
    12      0.5279     0.9241     0.6995    0.7955   0.6591   0.000050  (1.1s)
    13      0.4927     0.9375     0.6825    0.7955   0.7036   0.000050  (1.2s)
    14      0.5068     0.9107     0.6607    0.7955   0.7036   0.000050  (1.3s)
    15      0.4075     0.9330     0.6157    0.8409   0.7570   0.000050  (1.1s)
    16      0.4046     0.9509     0.5755    0.8409   0.7570   0.000050  (1.3s)
    17      0.3049     0.9643     0.5774    0.8409   0.7570   0.000050  (1.2s)
    18      0.3037     0.9688     0.5430    0.8409   0.7570   0.000050  (1.3s)
    19      0.2755     0.9688     0.5285    0.8409   0.7570   0.000050  (1.3s)
    20      0.2918     0.9643     0.5699    0.8182   0.7435   0.000050  (1.3s)
    21      0.2497     0.9866     0.5878    0.8409   0.8050   0.000050  (1.1s)
    22      0.2545     0.9821     0.5701    0.8182   0.7883   0.000050  (1.2s)
    23      0.2354     0.9777     0.5310    0.8409   0.8022   0.000050  (1.1s)
    24      0.1502     1.0000     0.5265    0.8409   0.8022   0.000050  (1.3s)
    25      0.1845     0.9821     0.4830    0.8409   0.7570   0.000050  (1.1s)
    26      0.1640     0.9821     0.4702    0.8409   0.7570   0.000050  (1.2s)
    27      0.2097     0.9866     0.4623    0.8409   0.7570   0.000050  (1.4s)
    28      0.1768     1.0000     0.4414    0.8636   0.7701   0.000050  (1.3s)
    29      0.1553     0.9866     0.4379    0.8409   0.7570   0.000050  (1.5s)
    30      0.1498     0.9866     0.4290    0.8636   0.8189   0.000050  (1.1s)
    31      0.1211     0.9955     0.4660    0.8636   0.8189   0.000050  (1.2s)
    32      0.1171     0.9955     0.4543    0.8636   0.8088   0.000050  (1.3s)
    33      0.1217     1.0000     0.4535    0.8636   0.8088   0.000050  (1.2s)
    34      0.1057     0.9955     0.4500    0.8636   0.7701   0.000050  (1.3s)
    35      0.1097     0.9955     0.4334    0.8636   0.7691   0.000050  (1.5s)
    36      0.1060     0.9911     0.4389    0.8636   0.7701   0.000050  (1.0s)
    37      0.0969     1.0000     0.4506    0.8409   0.7570   0.000050  (1.1s)
    38      0.0958     1.0000     0.4366    0.8636   0.8189   0.000050  (1.1s)
    39      0.1066     1.0000     0.4218    0.8636   0.8189   0.000050  (1.2s)
    40      0.0959     0.9955     0.4534    0.8409   0.7570   0.000025  (1.2s)
    41      0.0868     1.0000     0.4545    0.8636   0.8189   0.000025  (1.1s)
    42      0.0858     1.0000     0.4592    0.8636   0.8189   0.000025  (1.2s)
    43      0.0831     1.0000     0.4483    0.8864   0.8324   0.000025  (1.1s)
    44      0.0822     1.0000     0.4371    0.8864   0.8324   0.000025  (1.2s)
    45      0.0852     1.0000     0.4723    0.8409   0.8050   0.000025  (1.2s)
    46      0.1040     1.0000     0.4690    0.8409   0.8050   0.000025  (1.1s)
    47      0.0802     1.0000     0.4664    0.8182   0.7435   0.000025  (1.2s)
    48      0.0747     1.0000     0.4476    0.8409   0.7570   0.000025  (1.1s)
    49      0.1005     0.9955     0.4304    0.8636   0.8189   0.000025  (1.2s)
    50      0.0839     1.0000     0.4039    0.8864   0.8324   0.000025  (1.3s)

Best: epoch 43, val_acc=0.8864, val_f1=0.8324
Model saved: /mnt/extended-home/fitra_dosen/2025_iris_fer_taufik/MultimodalEmoLearn/models/benchmark/ckplus_samplelevel/_tmp_kaggle/m.pth
Test Loss: 0.3963
Test Accuracy: 0.8485
Test Macro F1:    0.7246
Test Micro F1:    0.8485
Test Weighted F1: 0.8076

Classification Report:
              precision    recall  f1-score   support

       anger       0.75      0.75      0.75         4
    contempt       1.00      1.00      1.00         2
     disgust       1.00      1.00      1.00         6
        fear       0.00      0.00      0.00         3
       happy       0.78      1.00      0.88         7
     sadness       0.50      0.50      0.50         2
   surprised       0.90      1.00      0.95         9

    accuracy                           0.85        33
   macro avg       0.70      0.75      0.72        33
weighted avg       0.77      0.85      0.81        33

    [fold 7/10] macro_f1=0.7246 acc=0.8485 (64s)
 Epoch  Train Loss  Train Acc   Val Loss   Val Acc   Val F1         LR
---------------------------------------------------------------------------
     1      1.9066     0.2366     1.9769    0.1591   0.0857   0.000050  (1.4s)
     2      1.6568     0.3929     1.8462    0.2727   0.1602   0.000050  (1.3s)
     3      1.4171     0.5000     1.5892    0.5455   0.3886   0.000050  (1.3s)
     4      1.2353     0.6116     1.3389    0.6591   0.4895   0.000050  (1.3s)
     5      1.2293     0.5848     1.1241    0.7045   0.5231   0.000050  (1.2s)
     6      1.0920     0.6741     0.9613    0.7500   0.5582   0.000050  (1.1s)
     7      0.9702     0.7098     0.8461    0.7955   0.5859   0.000050  (1.2s)
     8      0.7877     0.8482     0.7729    0.7500   0.4988   0.000050  (1.1s)
     9      0.7228     0.8571     0.6971    0.7955   0.5551   0.000050  (1.3s)
    10      0.6595     0.8527     0.6675    0.7955   0.5551   0.000050  (1.3s)
    11      0.6118     0.8705     0.6444    0.8182   0.6038   0.000050  (1.2s)
    12      0.5293     0.8973     0.5966    0.8182   0.6106   0.000050  (1.6s)
    13      0.5314     0.9062     0.5831    0.7955   0.5716   0.000050  (1.3s)
    14      0.4785     0.9062     0.5615    0.8182   0.6145   0.000050  (1.2s)
    15      0.4022     0.9464     0.5808    0.8409   0.6780   0.000050  (1.2s)
    16      0.3754     0.9777     0.5818    0.7727   0.6344   0.000050  (1.1s)
    17      0.3256     0.9688     0.5380    0.8409   0.6916   0.000050  (1.0s)
    18      0.3313     0.9777     0.5301    0.8409   0.6535   0.000050  (1.0s)
    19      0.2999     0.9688     0.5349    0.8182   0.6027   0.000050  (1.0s)
    20      0.2516     0.9955     0.5410    0.8182   0.6027   0.000050  (1.0s)
    21      0.2460     0.9866     0.5029    0.8182   0.6181   0.000050  (1.0s)
    22      0.2493     0.9732     0.4954    0.8182   0.6181   0.000050  (1.0s)
    23      0.1922     0.9911     0.4835    0.8409   0.7161   0.000050  (1.2s)
    24      0.1835     0.9955     0.4847    0.8409   0.7161   0.000050  (1.1s)
    25      0.1803     0.9777     0.4740    0.8636   0.7399   0.000050  (1.0s)
    26      0.1715     0.9955     0.4704    0.8636   0.7399   0.000050  (1.1s)
    27      0.1445     1.0000     0.4933    0.8636   0.7399   0.000050  (1.1s)
    28      0.1677     0.9866     0.4733    0.8636   0.7399   0.000050  (1.1s)
    29      0.1298     1.0000     0.4554    0.8409   0.7161   0.000050  (1.2s)
    30      0.1593     0.9911     0.4483    0.8409   0.7161   0.000050  (1.2s)
    31      0.1267     1.0000     0.4737    0.8409   0.7161   0.000050  (1.3s)
    32      0.1316     0.9955     0.4538    0.8636   0.7399   0.000050  (1.2s)
    33      0.1020     1.0000     0.4600    0.8864   0.7773   0.000050  (1.1s)
    34      0.1083     1.0000     0.4462    0.8636   0.7399   0.000050  (1.1s)
    35      0.1077     1.0000     0.4433    0.8636   0.7399   0.000050  (1.1s)
    36      0.0915     1.0000     0.4491    0.8409   0.7161   0.000050  (1.3s)
    37      0.1066     1.0000     0.4215    0.8636   0.7399   0.000050  (1.3s)
    38      0.1080     0.9955     0.4005    0.8636   0.7399   0.000050  (1.1s)
    39      0.0908     1.0000     0.4392    0.8636   0.7399   0.000050  (1.1s)
    40      0.0762     1.0000     0.4275    0.8864   0.7773   0.000050  (1.2s)
    41      0.0956     0.9955     0.3942    0.8636   0.7399   0.000050  (1.1s)
    42      0.0960     0.9911     0.4128    0.8864   0.7773   0.000050  (1.2s)
    43      0.0928     1.0000     0.4340    0.8864   0.7773   0.000025  (1.3s)
    44      0.0841     1.0000     0.4359    0.8636   0.7451   0.000025  (1.3s)
    45      0.0820     1.0000     0.4455    0.8636   0.7535   0.000025  (1.1s)
    46      0.0627     1.0000     0.4578    0.8636   0.7535   0.000025  (1.1s)
    47      0.0811     1.0000     0.4378    0.8409   0.7161   0.000025  (1.1s)
    48      0.0776     1.0000     0.4478    0.8636   0.7535   0.000025  (1.2s)

Early stopping at epoch 48. Best epoch: 33 (val_f1=0.7773)

Best: epoch 33, val_acc=0.8864, val_f1=0.7773
Model saved: /mnt/extended-home/fitra_dosen/2025_iris_fer_taufik/MultimodalEmoLearn/models/benchmark/ckplus_samplelevel/_tmp_kaggle/m.pth
Test Loss: 0.4301
Test Accuracy: 0.9062
Test Macro F1:    0.8548
Test Micro F1:    0.9062
Test Weighted F1: 0.9042

Classification Report:
              precision    recall  f1-score   support

       anger       0.75      0.75      0.75         4
    contempt       1.00      1.00      1.00         1
     disgust       1.00      1.00      1.00         6
        fear       1.00      0.67      0.80         3
       happy       0.88      1.00      0.93         7
     sadness       0.50      0.50      0.50         2
   surprised       1.00      1.00      1.00         9

    accuracy                           0.91        32
   macro avg       0.88      0.85      0.85        32
weighted avg       0.91      0.91      0.90        32

    [fold 8/10] macro_f1=0.8548 acc=0.9062 (59s)
 Epoch  Train Loss  Train Acc   Val Loss   Val Acc   Val F1         LR
---------------------------------------------------------------------------
     1      1.8835     0.2857     1.9426    0.2045   0.1512   0.000050  (1.3s)
     2      1.5953     0.4196     1.7913    0.3182   0.1805   0.000050  (1.2s)
     3      1.4294     0.5089     1.6070    0.4318   0.2562   0.000050  (1.3s)
     4      1.3381     0.5670     1.4347    0.5000   0.3011   0.000050  (1.2s)
     5      1.1596     0.6339     1.2824    0.5682   0.4081   0.000050  (1.2s)
     6      1.1386     0.6473     1.1435    0.6136   0.4376   0.000050  (1.2s)
     7      0.9124     0.7545     1.0496    0.6136   0.4366   0.000050  (1.2s)
     8      0.8409     0.8080     0.9638    0.7045   0.5253   0.000050  (1.1s)
     9      0.7241     0.8348     0.8766    0.6818   0.4889   0.000050  (1.1s)
    10      0.6628     0.8527     0.8176    0.6818   0.4889   0.000050  (1.2s)
    11      0.6271     0.8527     0.7801    0.7045   0.5719   0.000050  (1.3s)
    12      0.5169     0.9196     0.7645    0.7273   0.5973   0.000050  (1.3s)
    13      0.5151     0.9196     0.7256    0.7273   0.6048   0.000050  (1.2s)
    14      0.4281     0.9598     0.6862    0.7500   0.6571   0.000050  (1.1s)
    15      0.3823     0.9420     0.6914    0.7273   0.6048   0.000050  (1.2s)
    16      0.3364     0.9688     0.6956    0.7273   0.6048   0.000050  (1.2s)
    17      0.3510     0.9688     0.6740    0.7273   0.6048   0.000050  (1.0s)
    18      0.3211     0.9866     0.6527    0.7500   0.6322   0.000050  (1.1s)
    19      0.3043     0.9554     0.5910    0.7955   0.7060   0.000050  (1.3s)
    20      0.2973     0.9911     0.5839    0.7727   0.6845   0.000050  (1.3s)
    21      0.2360     0.9777     0.5829    0.7727   0.6845   0.000050  (1.2s)
    22      0.2138     0.9911     0.5321    0.7500   0.6322   0.000050  (1.2s)
    23      0.1878     1.0000     0.5146    0.7500   0.6322   0.000050  (1.2s)
    24      0.2035     1.0000     0.5670    0.7727   0.6845   0.000050  (1.0s)
    25      0.2030     0.9866     0.5481    0.7727   0.6845   0.000050  (1.1s)
    26      0.1781     0.9911     0.5639    0.7727   0.6888   0.000050  (1.0s)
    27      0.1641     0.9866     0.5280    0.7727   0.6888   0.000050  (1.0s)
    28      0.1433     1.0000     0.5110    0.7955   0.7241   0.000050  (1.1s)
    29      0.1288     0.9955     0.5320    0.7955   0.7241   0.000050  (1.1s)
    30      0.1633     0.9866     0.5240    0.7727   0.6669   0.000050  (1.2s)
    31      0.1239     0.9911     0.5587    0.7955   0.7241   0.000050  (1.0s)
    32      0.1305     1.0000     0.5571    0.7955   0.7241   0.000050  (1.3s)
    33      0.1272     0.9955     0.5098    0.7955   0.7241   0.000050  (1.1s)
    34      0.1202     0.9955     0.4753    0.7955   0.7284   0.000050  (1.1s)
    35      0.1138     0.9955     0.5236    0.7727   0.6845   0.000050  (1.2s)
    36      0.1017     0.9955     0.5004    0.8182   0.7456   0.000050  (1.1s)
    37      0.1089     0.9955     0.4891    0.8182   0.7456   0.000050  (1.1s)
    38      0.1230     0.9955     0.5585    0.8182   0.7591   0.000050  (1.1s)
    39      0.0922     0.9955     0.5349    0.8182   0.7591   0.000050  (1.3s)
    40      0.1077     0.9955     0.5040    0.7955   0.7074   0.000050  (1.1s)
    41      0.0866     0.9911     0.4633    0.8182   0.7321   0.000050  (1.1s)
    42      0.0803     1.0000     0.4351    0.8182   0.7487   0.000050  (1.2s)
    43      0.0829     1.0000     0.4514    0.8636   0.8044   0.000050  (1.2s)
    44      0.0773     1.0000     0.5085    0.7955   0.7196   0.000050  (1.1s)
    45      0.0860     1.0000     0.5076    0.7727   0.6845   0.000050  (1.1s)
    46      0.0688     1.0000     0.4469    0.8182   0.7108   0.000050  (1.2s)
    47      0.0723     1.0000     0.4303    0.8636   0.7695   0.000050  (1.5s)
    48      0.0656     1.0000     0.4258    0.8409   0.7473   0.000050  (1.3s)
    49      0.0692     1.0000     0.4414    0.8182   0.7442   0.000050  (1.2s)
    50      0.0793     0.9955     0.4165    0.8409   0.7838   0.000050  (1.3s)

Best: epoch 43, val_acc=0.8636, val_f1=0.8044
Model saved: /mnt/extended-home/fitra_dosen/2025_iris_fer_taufik/MultimodalEmoLearn/models/benchmark/ckplus_samplelevel/_tmp_kaggle/m.pth
Test Loss: 0.5609
Test Accuracy: 0.8125
Test Macro F1:    0.7034
Test Micro F1:    0.8125
Test Weighted F1: 0.7972

Classification Report:
              precision    recall  f1-score   support

       anger       0.50      0.50      0.50         4
    contempt       0.50      1.00      0.67         1
     disgust       1.00      1.00      1.00         6
        fear       1.00      0.33      0.50         3
       happy       0.75      1.00      0.86         6
     sadness       0.50      0.33      0.40         3
   surprised       1.00      1.00      1.00         9

    accuracy                           0.81        32
   macro avg       0.75      0.74      0.70        32
weighted avg       0.83      0.81      0.80        32

    [fold 9/10] macro_f1=0.7034 acc=0.8125 (63s)
 Epoch  Train Loss  Train Acc   Val Loss   Val Acc   Val F1         LR
---------------------------------------------------------------------------
     1      1.9400     0.2098     1.9344    0.1818   0.1321   0.000050  (1.0s)
     2      1.6075     0.3661     1.8127    0.3864   0.3221   0.000050  (1.2s)
     3      1.4368     0.5045     1.6371    0.5227   0.4028   0.000050  (1.1s)
     4      1.2608     0.5670     1.4991    0.5682   0.4343   0.000050  (1.3s)
     5      1.2193     0.6116     1.3242    0.5909   0.4232   0.000050  (1.3s)
     6      0.9996     0.7500     1.1475    0.6818   0.5161   0.000050  (1.2s)
     7      0.8816     0.7768     1.0427    0.7273   0.5779   0.000050  (1.0s)
     8      0.6981     0.8661     0.9939    0.6818   0.5063   0.000050  (1.2s)
     9      0.7315     0.8393     0.9380    0.6818   0.4502   0.000050  (1.1s)
    10      0.6657     0.8661     0.8737    0.7045   0.4809   0.000050  (1.0s)
    11      0.5917     0.8973     0.7997    0.6818   0.4928   0.000050  (1.1s)
    12      0.5404     0.9107     0.7513    0.7500   0.5990   0.000050  (1.1s)
    13      0.4268     0.9732     0.7516    0.7500   0.5990   0.000050  (1.2s)
    14      0.3854     0.9643     0.7511    0.7273   0.5799   0.000050  (1.2s)
    15      0.3796     0.9375     0.7500    0.7500   0.6039   0.000050  (1.1s)
    16      0.3004     0.9777     0.7157    0.7500   0.6182   0.000050  (1.4s)
    17      0.2936     0.9777     0.6953    0.7727   0.6608   0.000050  (1.1s)
    18      0.2853     0.9688     0.6436    0.8636   0.7492   0.000050  (1.1s)
    19      0.3097     0.9777     0.6420    0.8409   0.7457   0.000050  (1.1s)
    20      0.2374     0.9688     0.6454    0.8182   0.7129   0.000050  (1.2s)
    21      0.2433     0.9821     0.6558    0.7955   0.6912   0.000050  (1.2s)
    22      0.2064     0.9866     0.6556    0.7727   0.6453   0.000050  (1.2s)
    23      0.1869     0.9911     0.6384    0.8182   0.6895   0.000050  (1.2s)
    24      0.1756     0.9821     0.6212    0.8409   0.7286   0.000050  (1.0s)
    25      0.1837     0.9911     0.6016    0.8409   0.7066   0.000050  (1.1s)
    26      0.1571     0.9955     0.5883    0.8182   0.6694   0.000050  (1.1s)
    27      0.1416     0.9955     0.5743    0.8182   0.6643   0.000050  (1.1s)
    28      0.1474     0.9955     0.5944    0.8182   0.6643   0.000025  (1.0s)
    29      0.1254     1.0000     0.6091    0.8182   0.6643   0.000025  (1.2s)
    30      0.1227     0.9955     0.5914    0.8182   0.6643   0.000025  (1.1s)
    31      0.1200     0.9955     0.5894    0.8409   0.7066   0.000025  (1.3s)
    32      0.1283     1.0000     0.5831    0.8636   0.7566   0.000025  (1.2s)
    33      0.1372     0.9955     0.5910    0.8636   0.7566   0.000025  (1.3s)
    34      0.1046     1.0000     0.5819    0.8409   0.7143   0.000025  (1.1s)
    35      0.1009     1.0000     0.5768    0.8182   0.6694   0.000025  (1.1s)
    36      0.1238     0.9955     0.5691    0.8182   0.6694   0.000025  (1.2s)
    37      0.0970     1.0000     0.5595    0.8636   0.7390   0.000025  (1.4s)
    38      0.1027     1.0000     0.5598    0.8636   0.7331   0.000025  (1.2s)
    39      0.1180     1.0000     0.5594    0.8409   0.6856   0.000025  (1.2s)
    40      0.1133     0.9955     0.5591    0.8409   0.6856   0.000025  (1.2s)
    41      0.1032     1.0000     0.5498    0.8636   0.7390   0.000025  (1.3s)
    42      0.1083     0.9911     0.5583    0.8636   0.7390   0.000013  (1.2s)
    43      0.0970     1.0000     0.5635    0.8182   0.6855   0.000013  (1.2s)
    44      0.0899     1.0000     0.5454    0.8864   0.7814   0.000013  (1.2s)
    45      0.0996     1.0000     0.5488    0.8864   0.7959   0.000013  (1.3s)
    46      0.0936     1.0000     0.5570    0.8636   0.7280   0.000013  (1.3s)
    47      0.0914     1.0000     0.5486    0.8864   0.7814   0.000013  (1.3s)
    48      0.1023     1.0000     0.5558    0.8409   0.7143   0.000013  (1.1s)
    49      0.0878     0.9955     0.5531    0.8864   0.7814   0.000013  (1.1s)
    50      0.0850     1.0000     0.5474    0.8636   0.7566   0.000013  (1.1s)

Best: epoch 45, val_acc=0.8864, val_f1=0.7959
Model saved: /mnt/extended-home/fitra_dosen/2025_iris_fer_taufik/MultimodalEmoLearn/models/benchmark/ckplus_samplelevel/_tmp_kaggle/m.pth
Test Loss: 0.6837
Test Accuracy: 0.7812
Test Macro F1:    0.6366
Test Micro F1:    0.7812
Test Weighted F1: 0.7647

Classification Report:
              precision    recall  f1-score   support

       anger       0.50      0.75      0.60         4
    contempt       0.00      0.00      0.00         2
     disgust       0.86      1.00      0.92         6
        fear       1.00      0.50      0.67         2
       happy       0.88      1.00      0.93         7
     sadness       0.50      0.33      0.40         3
   surprised       1.00      0.88      0.93         8

    accuracy                           0.78        32
   macro avg       0.68      0.64      0.64        32
weighted avg       0.77      0.78      0.76        32

    [fold 10/10] macro_f1=0.6366 acc=0.7812 (62s)
  cv10: macro_f1=0.7032±0.0867  acc=0.8136±0.0641  -> saved ckplus_kaggle7c_cv10_earlyfusion_b3.json

Done.
