Device: cuda

KDEF: N=2941, kelas=7 (sample-level, B1)

================================================================
  KDEF 7c — Early Fusion concat TL B1 — holdout8020 (5 folds)
================================================================
 Epoch  Train Loss  Train Acc   Val Loss   Val Acc   Val F1         LR
---------------------------------------------------------------------------
     1      1.7707     0.3044     1.3885    0.5170   0.4675   0.000050  (6.4s)
     2      1.0252     0.6835     0.9114    0.7102   0.6981   0.000050  (8.6s)
     3      0.6108     0.8453     0.6220    0.8409   0.8394   0.000050  (8.5s)
     4      0.3528     0.9435     0.5140    0.8608   0.8563   0.000050  (5.9s)
     5      0.2337     0.9773     0.4536    0.8665   0.8610   0.000050  (8.7s)
     6      0.1451     0.9970     0.4616    0.8807   0.8746   0.000050  (7.5s)
     7      0.1149     0.9960     0.4062    0.9006   0.8965   0.000050  (5.3s)
     8      0.0912     0.9980     0.3909    0.8949   0.8903   0.000050  (8.8s)
     9      0.0742     0.9995     0.3581    0.9034   0.9009   0.000050  (8.1s)
    10      0.0660     0.9990     0.3659    0.9034   0.8991   0.000050  (4.9s)
    11      0.0530     1.0000     0.3513    0.9006   0.8962   0.000050  (8.6s)
    12      0.0416     1.0000     0.3565    0.8864   0.8814   0.000050  (8.5s)
    13      0.0412     1.0000     0.3533    0.9034   0.8988   0.000050  (5.6s)
    14      0.0371     0.9995     0.3787    0.8949   0.8902   0.000050  (8.4s)
    15      0.0404     0.9990     0.3707    0.8892   0.8851   0.000050  (8.6s)
    16      0.0329     1.0000     0.3524    0.8920   0.8879   0.000050  (4.7s)
    17      0.0301     1.0000     0.3568    0.8920   0.8873   0.000050  (8.6s)
    18      0.0280     1.0000     0.3423    0.9034   0.8994   0.000050  (8.6s)
    19      0.0266     1.0000     0.3290    0.9091   0.9056   0.000025  (5.2s)
    20      0.0228     1.0000     0.3471    0.8949   0.8893   0.000025  (8.9s)
    21      0.0216     1.0000     0.3500    0.8949   0.8907   0.000025  (7.8s)
    22      0.0239     1.0000     0.3583    0.8920   0.8875   0.000025  (8.8s)
    23      0.0212     1.0000     0.3382    0.9091   0.9058   0.000025  (8.9s)
    24      0.0196     1.0000     0.3435    0.8949   0.8897   0.000025  (7.3s)
    25      0.0229     0.9995     0.3540    0.9034   0.8993   0.000025  (8.8s)
    26      0.0248     0.9990     0.3665    0.8949   0.8920   0.000025  (5.5s)
    27      0.0190     1.0000     0.3604    0.9034   0.9000   0.000025  (8.2s)
    28      0.0196     0.9995     0.3479    0.8977   0.8934   0.000025  (8.9s)
    29      0.0173     1.0000     0.3619    0.8920   0.8875   0.000025  (5.8s)
    30      0.0174     1.0000     0.3605    0.9006   0.8961   0.000025  (8.7s)
    31      0.0154     1.0000     0.3582    0.8920   0.8872   0.000025  (8.3s)
    32      0.0149     1.0000     0.3659    0.8920   0.8871   0.000025  (5.6s)
    33      0.0164     1.0000     0.3600    0.8949   0.8909   0.000013  (8.6s)
    34      0.0169     1.0000     0.3876    0.8920   0.8879   0.000013  (8.2s)
    35      0.0139     1.0000     0.3556    0.9006   0.8965   0.000013  (4.9s)
    36      0.0139     1.0000     0.3674    0.8920   0.8868   0.000013  (8.8s)
    37      0.0140     1.0000     0.3557    0.8977   0.8931   0.000013  (8.6s)
    38      0.0144     1.0000     0.3623    0.8949   0.8904   0.000013  (4.6s)

Early stopping at epoch 38. Best epoch: 23 (val_f1=0.9058)

Best: epoch 23, val_acc=0.9091, val_f1=0.9058
Model saved: /mnt/extended-home/fitra_dosen/2025_iris_fer_taufik/MultimodalEmoLearn/models/benchmark/kdef_samplelevel/_tmp/m.pth
Test Loss: 0.3221
Test Accuracy: 0.8981
Test Macro F1:    0.8978
Test Micro F1:    0.8981
Test Weighted F1: 0.8976

Classification Report:
              precision    recall  f1-score   support

     neutral       0.95      0.98      0.96        84
       happy       0.95      1.00      0.98        84
         sad       0.89      0.88      0.89        84
       angry       0.91      0.86      0.88        84
     fearful       0.79      0.79      0.79        85
   disgusted       0.89      0.93      0.91        84
   surprised       0.90      0.86      0.88        84

    accuracy                           0.90       589
   macro avg       0.90      0.90      0.90       589
weighted avg       0.90      0.90      0.90       589

    [fold 1/5] macro_f1=0.8978 acc=0.8981 (293s)
 Epoch  Train Loss  Train Acc   Val Loss   Val Acc   Val F1         LR
---------------------------------------------------------------------------
     1      1.7607     0.3251     1.3697    0.5028   0.4521   0.000050  (7.2s)
     2      1.0153     0.6941     0.8689    0.7415   0.7286   0.000050  (5.9s)
     3      0.6074     0.8518     0.6545    0.8040   0.8029   0.000050  (9.0s)
     4      0.3533     0.9410     0.5085    0.8636   0.8641   0.000050  (7.2s)
     5      0.2272     0.9819     0.4280    0.8835   0.8846   0.000050  (6.9s)
     6      0.1585     0.9904     0.4256    0.8835   0.8831   0.000050  (8.8s)
     7      0.1149     0.9970     0.4057    0.8722   0.8728   0.000050  (6.2s)
     8      0.0967     0.9980     0.3748    0.8722   0.8730   0.000050  (8.6s)
     9      0.0701     0.9990     0.3428    0.8949   0.8952   0.000050  (8.6s)
    10      0.0594     1.0000     0.3361    0.8949   0.8952   0.000050  (5.8s)
    11      0.0542     0.9995     0.3455    0.8892   0.8902   0.000050  (8.7s)
    12      0.0444     1.0000     0.3355    0.8892   0.8907   0.000050  (8.0s)
    13      0.0395     1.0000     0.3351    0.8977   0.8979   0.000050  (4.9s)
    14      0.0439     0.9985     0.3813    0.8778   0.8795   0.000050  (8.6s)
    15      0.0432     0.9980     0.3282    0.8920   0.8926   0.000050  (8.8s)
    16      0.0327     1.0000     0.3100    0.8977   0.8985   0.000050  (4.7s)
    17      0.0292     1.0000     0.3017    0.8949   0.8944   0.000050  (8.7s)
    18      0.0296     0.9995     0.3351    0.8835   0.8834   0.000050  (8.6s)
    19      0.0288     0.9990     0.3203    0.8864   0.8867   0.000050  (6.7s)
    20      0.0284     0.9985     0.3592    0.8778   0.8790   0.000050  (9.1s)
    21      0.0283     0.9995     0.3199    0.8835   0.8843   0.000050  (6.4s)
    22      0.0202     1.0000     0.2928    0.8977   0.8984   0.000050  (4.6s)
    23      0.0204     1.0000     0.2945    0.9091   0.9097   0.000050  (8.9s)
    24      0.0178     1.0000     0.2921    0.9034   0.9043   0.000050  (7.6s)
    25      0.0176     1.0000     0.2829    0.9091   0.9103   0.000050  (4.9s)
    26      0.0160     1.0000     0.2997    0.9062   0.9072   0.000050  (8.7s)
    27      0.0166     1.0000     0.3149    0.8977   0.8990   0.000050  (8.6s)
    28      0.0134     1.0000     0.2946    0.8977   0.8990   0.000050  (5.9s)
    29      0.0136     1.0000     0.3200    0.8977   0.8984   0.000050  (8.9s)
    30      0.0171     0.9980     0.4204    0.8778   0.8767   0.000050  (7.9s)
    31      0.0620     0.9849     0.3818    0.8778   0.8773   0.000050  (8.4s)
    32      0.0688     0.9869     0.4302    0.8636   0.8617   0.000050  (9.0s)
    33      0.0491     0.9909     0.3791    0.8977   0.8973   0.000050  (4.8s)
    34      0.0293     0.9975     0.3086    0.9006   0.9004   0.000050  (8.9s)
    35      0.0161     0.9985     0.2750    0.9034   0.9024   0.000025  (8.2s)
    36      0.0158     0.9990     0.2798    0.8977   0.8971   0.000025  (6.4s)
    37      0.0135     1.0000     0.2616    0.9176   0.9177   0.000025  (8.8s)
    38      0.0116     1.0000     0.2985    0.9233   0.9231   0.000025  (7.5s)
    39      0.0108     1.0000     0.2763    0.9176   0.9171   0.000025  (8.8s)
    40      0.0096     1.0000     0.2709    0.9091   0.9089   0.000025  (8.7s)
    41      0.0094     1.0000     0.2742    0.9176   0.9175   0.000025  (4.8s)
    42      0.0092     1.0000     0.2680    0.9119   0.9119   0.000025  (8.7s)
    43      0.0084     1.0000     0.2680    0.9148   0.9149   0.000025  (8.6s)
    44      0.0084     1.0000     0.2612    0.9261   0.9265   0.000025  (4.4s)
    45      0.0096     1.0000     0.2711    0.9091   0.9097   0.000025  (8.5s)
    46      0.0099     1.0000     0.2718    0.9119   0.9131   0.000025  (8.9s)
    47      0.0081     1.0000     0.2623    0.9205   0.9212   0.000025  (5.5s)
    48      0.0077     1.0000     0.2650    0.9290   0.9295   0.000025  (8.8s)
    49      0.0066     1.0000     0.2620    0.9233   0.9235   0.000025  (7.9s)
    50      0.0070     1.0000     0.2653    0.9148   0.9147   0.000025  (5.5s)

Best: epoch 48, val_acc=0.9290, val_f1=0.9295
Model saved: /mnt/extended-home/fitra_dosen/2025_iris_fer_taufik/MultimodalEmoLearn/models/benchmark/kdef_samplelevel/_tmp/m.pth
Test Loss: 0.2740
Test Accuracy: 0.9066
Test Macro F1:    0.9056
Test Micro F1:    0.9066
Test Weighted F1: 0.9055

Classification Report:
              precision    recall  f1-score   support

     neutral       0.89      0.96      0.93        84
       happy       0.95      0.96      0.96        84
         sad       0.88      0.88      0.88        84
       angry       0.93      0.92      0.92        84
     fearful       0.88      0.76      0.82        85
   disgusted       0.93      0.88      0.90        84
   surprised       0.89      0.98      0.93        84

    accuracy                           0.91       589
   macro avg       0.91      0.91      0.91       589
weighted avg       0.91      0.91      0.91       589

    [fold 2/5] macro_f1=0.9056 acc=0.9066 (384s)
 Epoch  Train Loss  Train Acc   Val Loss   Val Acc   Val F1         LR
---------------------------------------------------------------------------
     1      1.7583     0.3085     1.2420    0.5341   0.4747   0.000050  (6.0s)
     2      1.0209     0.6885     0.7774    0.7898   0.7703   0.000050  (8.3s)
     3      0.5937     0.8604     0.5420    0.8665   0.8634   0.000050  (8.8s)
     4      0.3697     0.9340     0.4879    0.8580   0.8506   0.000050  (4.8s)
     5      0.2304     0.9778     0.3952    0.9034   0.9008   0.000050  (9.0s)
     6      0.1619     0.9904     0.3500    0.9034   0.9036   0.000050  (8.8s)
     7      0.1162     0.9965     0.3182    0.9176   0.9151   0.000050  (7.2s)
     8      0.0893     0.9985     0.3139    0.8977   0.8944   0.000050  (8.8s)
     9      0.0722     1.0000     0.2995    0.9119   0.9096   0.000050  (5.6s)
    10      0.0641     0.9990     0.3042    0.9034   0.9004   0.000050  (7.3s)
    11      0.0562     0.9995     0.2895    0.9034   0.9018   0.000050  (8.8s)
    12      0.0533     0.9985     0.2788    0.9176   0.9156   0.000050  (5.0s)
    13      0.0426     0.9995     0.2608    0.9233   0.9215   0.000050  (8.8s)
    14      0.0387     0.9995     0.2590    0.9176   0.9153   0.000050  (8.7s)
    15      0.0329     1.0000     0.2610    0.9176   0.9141   0.000050  (6.0s)
    16      0.0341     0.9990     0.2692    0.9119   0.9084   0.000050  (8.8s)
    17      0.0331     1.0000     0.2668    0.9205   0.9179   0.000050  (7.3s)
    18      0.0290     0.9995     0.2721    0.9034   0.9015   0.000050  (8.7s)
    19      0.0261     1.0000     0.2657    0.9062   0.9030   0.000050  (8.5s)
    20      0.0253     1.0000     0.2761    0.9091   0.9057   0.000050  (4.6s)
    21      0.0283     0.9985     0.3061    0.9034   0.9003   0.000050  (4.4s)
    22      0.0311     0.9985     0.2727    0.8920   0.8915   0.000050  (7.7s)
    23      0.0291     0.9980     0.2778    0.9148   0.9113   0.000025  (8.8s)
    24      0.0211     1.0000     0.2672    0.9176   0.9141   0.000025  (5.6s)
    25      0.0201     1.0000     0.2509    0.9176   0.9156   0.000025  (8.5s)
    26      0.0176     1.0000     0.2488    0.9290   0.9270   0.000025  (8.5s)
    27      0.0163     1.0000     0.2443    0.9233   0.9207   0.000025  (7.4s)
    28      0.0158     1.0000     0.2514    0.9233   0.9198   0.000025  (8.8s)
    29      0.0157     1.0000     0.2519    0.9233   0.9203   0.000025  (5.0s)
    30      0.0153     1.0000     0.2506    0.9290   0.9260   0.000025  (6.0s)
    31      0.0152     1.0000     0.2485    0.9261   0.9224   0.000025  (8.8s)
    32      0.0154     1.0000     0.2350    0.9318   0.9293   0.000025  (7.7s)
    33      0.0131     1.0000     0.2465    0.9318   0.9287   0.000025  (9.1s)
    34      0.0156     1.0000     0.2570    0.9233   0.9206   0.000025  (8.7s)
    35      0.0131     1.0000     0.2537    0.9233   0.9198   0.000025  (4.7s)
    36      0.0143     1.0000     0.2430    0.9318   0.9291   0.000025  (8.7s)
    37      0.0120     1.0000     0.2503    0.9261   0.9229   0.000025  (8.9s)
    38      0.0127     1.0000     0.2326    0.9148   0.9128   0.000025  (6.2s)
    39      0.0107     1.0000     0.2421    0.9290   0.9257   0.000025  (8.9s)
    40      0.0110     1.0000     0.2394    0.9205   0.9173   0.000025  (7.8s)
    41      0.0112     1.0000     0.2202    0.9347   0.9321   0.000025  (6.1s)
    42      0.0111     1.0000     0.2432    0.9261   0.9230   0.000025  (8.7s)
    43      0.0103     1.0000     0.2350    0.9290   0.9262   0.000025  (8.1s)
    44      0.0097     1.0000     0.2291    0.9290   0.9268   0.000025  (8.7s)
    45      0.0091     1.0000     0.2360    0.9290   0.9265   0.000025  (8.8s)
    46      0.0099     1.0000     0.2615    0.9233   0.9209   0.000025  (5.8s)
    47      0.0089     1.0000     0.2402    0.9261   0.9234   0.000025  (8.9s)
    48      0.0080     1.0000     0.2373    0.9233   0.9203   0.000025  (8.4s)
    49      0.0083     1.0000     0.2498    0.9233   0.9200   0.000025  (7.6s)
    50      0.0081     1.0000     0.2438    0.9205   0.9174   0.000025  (8.8s)

Best: epoch 41, val_acc=0.9347, val_f1=0.9321
Model saved: /mnt/extended-home/fitra_dosen/2025_iris_fer_taufik/MultimodalEmoLearn/models/benchmark/kdef_samplelevel/_tmp/m.pth
Test Loss: 0.3439
Test Accuracy: 0.8862
Test Macro F1:    0.8854
Test Micro F1:    0.8862
Test Weighted F1: 0.8852

Classification Report:
              precision    recall  f1-score   support

     neutral       0.91      0.95      0.93        84
       happy       0.98      0.98      0.98        84
         sad       0.84      0.80      0.82        84
       angry       0.91      0.88      0.90        84
     fearful       0.80      0.74      0.77        85
   disgusted       0.88      0.93      0.90        84
   surprised       0.89      0.93      0.91        84

    accuracy                           0.89       589
   macro avg       0.89      0.89      0.89       589
weighted avg       0.89      0.89      0.89       589

    [fold 3/5] macro_f1=0.8854 acc=0.8862 (389s)
 Epoch  Train Loss  Train Acc   Val Loss   Val Acc   Val F1         LR
---------------------------------------------------------------------------
     1      1.7619     0.3271     1.2835    0.5426   0.4797   0.000050  (8.7s)
     2      1.0502     0.6653     0.8070    0.7699   0.7372   0.000050  (6.0s)
     3      0.6106     0.8503     0.5481    0.8523   0.8407   0.000050  (7.1s)
     4      0.3794     0.9279     0.5116    0.8551   0.8527   0.000050  (8.8s)
     5      0.2372     0.9748     0.3708    0.9062   0.9028   0.000050  (5.4s)
     6      0.1618     0.9919     0.3555    0.9119   0.9085   0.000050  (6.1s)
     7      0.1163     0.9960     0.3136    0.9205   0.9168   0.000050  (8.8s)
     8      0.0948     0.9965     0.3114    0.9205   0.9161   0.000050  (7.1s)
     9      0.0705     0.9995     0.2909    0.9119   0.9070   0.000050  (8.7s)
    10      0.0610     1.0000     0.2930    0.9148   0.9095   0.000050  (8.6s)
    11      0.0578     0.9995     0.3068    0.9091   0.9051   0.000050  (6.2s)
    12      0.0509     0.9995     0.2668    0.9290   0.9267   0.000050  (8.9s)
    13      0.0406     1.0000     0.2903    0.9261   0.9247   0.000050  (6.8s)
    14      0.0407     1.0000     0.2723    0.9091   0.9034   0.000050  (8.7s)
    15      0.0368     1.0000     0.2671    0.9290   0.9247   0.000050  (8.7s)
    16      0.0336     1.0000     0.2539    0.9233   0.9210   0.000050  (6.1s)
    17      0.0473     0.9950     0.2641    0.9062   0.9014   0.000050  (8.9s)
    18      0.0439     0.9975     0.2573    0.9318   0.9296   0.000050  (7.2s)
    19      0.0285     1.0000     0.2496    0.9318   0.9285   0.000050  (8.7s)
    20      0.0258     1.0000     0.2452    0.9318   0.9296   0.000050  (8.5s)
    21      0.0248     0.9995     0.2645    0.9233   0.9205   0.000050  (8.2s)
    22      0.0258     0.9995     0.2273    0.9290   0.9260   0.000050  (8.9s)
    23      0.0195     1.0000     0.2257    0.9261   0.9230   0.000050  (4.5s)
    24      0.0180     1.0000     0.2220    0.9375   0.9342   0.000050  (9.0s)
    25      0.0194     1.0000     0.2176    0.9403   0.9379   0.000050  (8.4s)
    26      0.0280     0.9980     0.2807    0.9233   0.9208   0.000050  (5.6s)
    27      0.0314     0.9970     0.3079    0.9062   0.9007   0.000050  (8.9s)
    28      0.0191     0.9990     0.2433    0.9205   0.9174   0.000050  (8.3s)
    29      0.0263     0.9980     0.2418    0.9290   0.9277   0.000050  (7.5s)
    30      0.0154     1.0000     0.2125    0.9403   0.9386   0.000050  (8.5s)
    31      0.0142     1.0000     0.2058    0.9460   0.9443   0.000050  (5.4s)
    32      0.0158     0.9990     0.2199    0.9347   0.9317   0.000050  (8.7s)
    33      0.0127     1.0000     0.2103    0.9347   0.9325   0.000050  (8.5s)
    34      0.0118     1.0000     0.2114    0.9318   0.9289   0.000050  (4.6s)
    35      0.0109     1.0000     0.2084    0.9432   0.9407   0.000050  (8.6s)
    36      0.0103     0.9995     0.2460    0.9176   0.9133   0.000050  (8.4s)
    37      0.0091     1.0000     0.2055    0.9403   0.9375   0.000050  (6.0s)
    38      0.0094     1.0000     0.2103    0.9432   0.9397   0.000050  (8.9s)
    39      0.0086     1.0000     0.2097    0.9347   0.9311   0.000050  (7.3s)
    40      0.0084     1.0000     0.2040    0.9347   0.9311   0.000050  (5.8s)
    41      0.0091     0.9995     0.2254    0.9290   0.9270   0.000025  (8.8s)
    42      0.0087     1.0000     0.2247    0.9375   0.9345   0.000025  (8.6s)
    43      0.0076     1.0000     0.1814    0.9517   0.9504   0.000025  (8.9s)
    44      0.0091     1.0000     0.2258    0.9432   0.9391   0.000025  (8.9s)
    45      0.0073     1.0000     0.2003    0.9403   0.9371   0.000025  (4.7s)
    46      0.0079     1.0000     0.2024    0.9375   0.9345   0.000025  (8.7s)
    47      0.0069     1.0000     0.2009    0.9403   0.9372   0.000025  (8.7s)
    48      0.0062     1.0000     0.2011    0.9403   0.9365   0.000025  (6.4s)
    49      0.0062     1.0000     0.2147    0.9403   0.9369   0.000025  (8.8s)
    50      0.0068     1.0000     0.1987    0.9403   0.9373   0.000025  (7.0s)

Best: epoch 43, val_acc=0.9517, val_f1=0.9504
Model saved: /mnt/extended-home/fitra_dosen/2025_iris_fer_taufik/MultimodalEmoLearn/models/benchmark/kdef_samplelevel/_tmp/m.pth
Test Loss: 0.2978
Test Accuracy: 0.9066
Test Macro F1:    0.9055
Test Micro F1:    0.9066
Test Weighted F1: 0.9053

Classification Report:
              precision    recall  f1-score   support

     neutral       0.96      0.98      0.97        84
       happy       0.95      0.99      0.97        84
         sad       0.87      0.90      0.89        84
       angry       0.89      0.89      0.89        84
     fearful       0.86      0.74      0.80        85
   disgusted       0.89      0.93      0.91        84
   surprised       0.91      0.92      0.91        84

    accuracy                           0.91       589
   macro avg       0.91      0.91      0.91       589
weighted avg       0.91      0.91      0.91       589

    [fold 4/5] macro_f1=0.9055 acc=0.9066 (392s)
 Epoch  Train Loss  Train Acc   Val Loss   Val Acc   Val F1         LR
---------------------------------------------------------------------------
     1      1.7916     0.3065     1.3162    0.5398   0.4732   0.000050  (8.7s)
     2      1.0636     0.6689     0.8774    0.7557   0.7321   0.000050  (5.9s)
     3      0.6254     0.8488     0.6219    0.8153   0.8055   0.000050  (8.7s)
     4      0.3758     0.9375     0.4995    0.8551   0.8496   0.000050  (8.2s)
     5      0.2325     0.9788     0.4809    0.8551   0.8533   0.000050  (8.9s)
     6      0.1541     0.9909     0.3908    0.9006   0.8980   0.000050  (8.8s)
     7      0.1146     0.9980     0.3734    0.8892   0.8847   0.000050  (5.9s)
     8      0.0896     0.9965     0.3692    0.8920   0.8861   0.000050  (8.6s)
     9      0.0744     0.9980     0.3249    0.8977   0.8934   0.000050  (7.9s)
    10      0.0655     0.9990     0.3539    0.9006   0.8991   0.000050  (6.1s)
    11      0.0565     1.0000     0.3362    0.8864   0.8815   0.000050  (8.9s)
    12      0.0482     0.9995     0.3321    0.8892   0.8836   0.000050  (6.7s)
    13      0.0441     1.0000     0.3365    0.8949   0.8913   0.000050  (5.0s)
    14      0.0381     1.0000     0.3227    0.9006   0.8970   0.000050  (8.8s)
    15      0.0354     1.0000     0.3184    0.9034   0.9012   0.000050  (8.7s)
    16      0.0340     1.0000     0.3074    0.9034   0.9011   0.000050  (6.5s)
    17      0.0283     1.0000     0.3060    0.9062   0.9025   0.000050  (8.9s)
    18      0.0302     1.0000     0.3040    0.9006   0.8956   0.000050  (6.0s)
    19      0.0287     1.0000     0.3182    0.8949   0.8919   0.000050  (5.3s)
    20      0.0243     1.0000     0.3004    0.9091   0.9056   0.000050  (8.7s)
    21      0.0220     1.0000     0.3083    0.8920   0.8892   0.000050  (8.3s)
    22      0.0204     1.0000     0.2972    0.9062   0.9030   0.000050  (5.8s)
    23      0.0207     0.9995     0.2992    0.9176   0.9145   0.000050  (8.9s)
    24      0.0185     1.0000     0.3056    0.9176   0.9142   0.000050  (8.1s)
    25      0.0291     0.9960     0.3804    0.8949   0.8912   0.000050  (8.4s)
    26      0.0254     0.9985     0.3804    0.8750   0.8706   0.000050  (8.9s)
    27      0.0348     0.9955     0.3803    0.8750   0.8695   0.000050  (5.0s)
    28      0.0455     0.9929     0.4305    0.8523   0.8517   0.000050  (8.8s)
    29      0.0774     0.9803     0.4046    0.8665   0.8598   0.000050  (8.6s)
    30      0.0465     0.9940     0.3217    0.8977   0.8951   0.000050  (5.0s)
    31      0.0208     0.9995     0.2559    0.9233   0.9213   0.000050  (8.8s)
    32      0.0217     0.9995     0.3190    0.9148   0.9118   0.000050  (8.5s)
    33      0.0277     0.9970     0.3181    0.9034   0.9017   0.000050  (5.7s)
    34      0.0187     0.9985     0.2712    0.9006   0.8978   0.000050  (8.8s)
    35      0.0162     1.0000     0.2744    0.9176   0.9141   0.000050  (8.5s)
    36      0.0132     0.9995     0.2426    0.9261   0.9240   0.000050  (7.4s)
    37      0.0120     1.0000     0.3071    0.9091   0.9074   0.000050  (8.9s)
    38      0.0111     1.0000     0.2375    0.9261   0.9235   0.000050  (5.9s)
    39      0.0084     1.0000     0.2407    0.9261   0.9238   0.000050  (8.9s)
    40      0.0090     1.0000     0.2463    0.9290   0.9270   0.000050  (8.6s)
    41      0.0080     1.0000     0.2433    0.9290   0.9272   0.000050  (5.6s)
    42      0.0077     1.0000     0.2344    0.9318   0.9296   0.000050  (8.9s)
    43      0.0074     1.0000     0.2349    0.9261   0.9237   0.000050  (7.9s)
    44      0.0068     1.0000     0.2284    0.9261   0.9240   0.000050  (4.8s)
    45      0.0070     1.0000     0.2273    0.9318   0.9292   0.000050  (8.7s)
    46      0.0060     1.0000     0.2315    0.9403   0.9387   0.000050  (8.4s)
    47      0.0061     1.0000     0.2409    0.9318   0.9300   0.000050  (4.7s)
    48      0.0055     1.0000     0.2651    0.9347   0.9333   0.000050  (8.7s)
    49      0.0057     1.0000     0.2407    0.9318   0.9302   0.000050  (8.6s)
    50      0.0051     1.0000     0.2341    0.9261   0.9234   0.000050  (4.4s)

Best: epoch 46, val_acc=0.9403, val_f1=0.9387
Model saved: /mnt/extended-home/fitra_dosen/2025_iris_fer_taufik/MultimodalEmoLearn/models/benchmark/kdef_samplelevel/_tmp/m.pth
Test Loss: 0.2520
Test Accuracy: 0.9202
Test Macro F1:    0.9204
Test Micro F1:    0.9202
Test Weighted F1: 0.9203

Classification Report:
              precision    recall  f1-score   support

     neutral       0.94      0.98      0.96        84
       happy       1.00      0.98      0.99        84
         sad       0.91      0.86      0.88        84
       angry       0.99      0.85      0.91        84
     fearful       0.82      0.88      0.85        85
   disgusted       0.89      0.96      0.93        84
   surprised       0.91      0.94      0.92        84

    accuracy                           0.92       589
   macro avg       0.92      0.92      0.92       589
weighted avg       0.92      0.92      0.92       589

    [fold 5/5] macro_f1=0.9204 acc=0.9202 (387s)

  holdout8020: acc=0.9036±0.0112  macro_f1=0.9029±0.0114  -> saved kdef_7c_holdout8020_earlyfusion_b1.json

================================================================
  KDEF 7c — Early Fusion concat TL B1 — holdout7030 (5 folds)
================================================================
 Epoch  Train Loss  Train Acc   Val Loss   Val Acc   Val F1         LR
---------------------------------------------------------------------------
     1      1.8180     0.2830     1.4326    0.4643   0.4067   0.000050  (7.8s)
     2      1.1221     0.6516     0.9954    0.7045   0.6502   0.000050  (5.3s)
     3      0.6934     0.8264     0.6949    0.7987   0.7761   0.000050  (7.7s)
     4      0.4131     0.9323     0.5569    0.8409   0.8303   0.000050  (7.1s)
     5      0.2665     0.9693     0.4967    0.8474   0.8378   0.000050  (3.9s)
     6      0.1763     0.9942     0.4617    0.8539   0.8405   0.000050  (5.6s)
     7      0.1277     0.9971     0.4235    0.8766   0.8688   0.000050  (7.7s)
     8      0.1015     1.0000     0.4311    0.8539   0.8436   0.000050  (7.9s)
     9      0.0847     1.0000     0.3995    0.8734   0.8649   0.000050  (5.7s)
    10      0.0670     0.9994     0.3973    0.8799   0.8702   0.000050  (7.7s)
    11      0.0586     1.0000     0.3835    0.8864   0.8796   0.000050  (7.3s)
    12      0.0492     1.0000     0.3785    0.8734   0.8648   0.000050  (7.6s)
    13      0.0480     1.0000     0.3724    0.8799   0.8724   0.000050  (7.8s)
    14      0.0426     1.0000     0.3591    0.8831   0.8750   0.000050  (4.9s)
    15      0.0389     1.0000     0.3703    0.8831   0.8746   0.000050  (7.1s)
    16      0.0390     1.0000     0.3710    0.8701   0.8619   0.000050  (7.7s)
    17      0.0327     1.0000     0.3680    0.8831   0.8740   0.000050  (5.7s)
    18      0.0321     1.0000     0.3574    0.8929   0.8858   0.000050  (8.0s)
    19      0.0279     1.0000     0.3494    0.8864   0.8798   0.000050  (7.9s)
    20      0.0302     1.0000     0.3919    0.8701   0.8590   0.000050  (4.0s)
    21      0.0314     0.9988     0.3896    0.8734   0.8642   0.000050  (5.5s)
    22      0.0335     0.9994     0.3748    0.8831   0.8761   0.000050  (7.9s)
    23      0.0290     0.9988     0.3970    0.8701   0.8615   0.000050  (7.9s)
    24      0.0302     1.0000     0.3657    0.8864   0.8780   0.000050  (3.9s)
    25      0.0248     0.9994     0.3660    0.8831   0.8763   0.000050  (6.5s)
    26      0.0256     0.9994     0.3392    0.8799   0.8720   0.000050  (8.0s)
    27      0.0211     0.9994     0.3583    0.8799   0.8706   0.000050  (5.9s)
    28      0.0203     1.0000     0.3570    0.8864   0.8775   0.000025  (7.7s)
    29      0.0168     1.0000     0.3303    0.8864   0.8788   0.000025  (7.8s)
    30      0.0171     0.9994     0.3342    0.8896   0.8816   0.000025  (5.5s)
    31      0.0147     1.0000     0.3352    0.8896   0.8816   0.000025  (7.6s)
    32      0.0165     1.0000     0.3262    0.8864   0.8782   0.000025  (7.8s)
    33      0.0160     1.0000     0.3281    0.8864   0.8792   0.000025  (4.3s)

Early stopping at epoch 33. Best epoch: 18 (val_f1=0.8858)

Best: epoch 18, val_acc=0.8929, val_f1=0.8858
Model saved: /mnt/extended-home/fitra_dosen/2025_iris_fer_taufik/MultimodalEmoLearn/models/benchmark/kdef_samplelevel/_tmp/m.pth
Test Loss: 0.3913
Test Accuracy: 0.8641
Test Macro F1:    0.8631
Test Micro F1:    0.8641
Test Weighted F1: 0.8630

Classification Report:
              precision    recall  f1-score   support

     neutral       0.94      0.96      0.95       126
       happy       0.95      0.98      0.96       126
         sad       0.86      0.82      0.84       126
       angry       0.90      0.79      0.84       126
     fearful       0.76      0.72      0.74       127
   disgusted       0.82      0.86      0.84       126
   surprised       0.83      0.92      0.87       126

    accuracy                           0.86       883
   macro avg       0.86      0.86      0.86       883
weighted avg       0.86      0.86      0.86       883

    [fold 1/5] macro_f1=0.8631 acc=0.8641 (230s)
 Epoch  Train Loss  Train Acc   Val Loss   Val Acc   Val F1         LR
---------------------------------------------------------------------------
     1      1.8260     0.2859     1.4109    0.4870   0.4140   0.000050  (8.0s)
     2      1.1210     0.6447     0.9594    0.6753   0.6246   0.000050  (5.4s)
     3      0.7025     0.8206     0.7302    0.7857   0.7665   0.000050  (7.8s)
     4      0.4235     0.9317     0.5860    0.8182   0.8059   0.000050  (7.6s)
     5      0.2733     0.9734     0.5159    0.8377   0.8249   0.000050  (5.4s)
     6      0.1877     0.9850     0.4851    0.8312   0.8241   0.000050  (7.7s)
     7      0.1402     0.9965     0.4813    0.8506   0.8381   0.000050  (7.1s)
     8      0.1038     0.9988     0.4312    0.8701   0.8629   0.000050  (5.1s)
     9      0.0821     0.9988     0.4292    0.8701   0.8617   0.000050  (7.9s)
    10      0.0703     1.0000     0.4239    0.8604   0.8521   0.000050  (7.6s)
    11      0.0654     0.9988     0.4057    0.8864   0.8789   0.000050  (4.5s)
    12      0.0521     1.0000     0.3915    0.8766   0.8686   0.000050  (7.7s)
    13      0.0452     1.0000     0.3885    0.8766   0.8704   0.000050  (7.9s)
    14      0.0437     0.9988     0.4038    0.8669   0.8555   0.000050  (4.2s)
    15      0.0409     1.0000     0.3739    0.8896   0.8823   0.000050  (6.8s)
    16      0.0390     1.0000     0.3806    0.8896   0.8803   0.000050  (7.8s)
    17      0.0316     1.0000     0.3655    0.8864   0.8766   0.000050  (5.1s)
    18      0.0330     1.0000     0.3724    0.8799   0.8736   0.000050  (5.9s)
    19      0.0291     1.0000     0.3623    0.8929   0.8883   0.000050  (7.8s)
    20      0.0316     1.0000     0.3751    0.8799   0.8732   0.000050  (6.8s)
    21      0.0269     1.0000     0.3515    0.8994   0.8942   0.000050  (4.9s)
    22      0.0223     1.0000     0.3527    0.8994   0.8932   0.000050  (7.8s)
    23      0.0201     1.0000     0.3642    0.8701   0.8644   0.000050  (7.7s)
    24      0.0233     1.0000     0.3469    0.8961   0.8907   0.000050  (3.9s)
    25      0.0186     1.0000     0.3483    0.9026   0.8978   0.000050  (5.4s)
    26      0.0238     1.0000     0.3585    0.8961   0.8917   0.000050  (7.7s)
    27      0.0186     1.0000     0.3491    0.8896   0.8859   0.000050  (7.7s)
    28      0.0177     1.0000     0.3672    0.8799   0.8683   0.000050  (6.6s)
    29      0.0182     1.0000     0.3502    0.8831   0.8775   0.000050  (7.8s)
    30      0.0159     1.0000     0.3595    0.8864   0.8818   0.000050  (6.1s)
    31      0.0154     1.0000     0.3565    0.8994   0.8960   0.000050  (7.2s)
    32      0.0171     1.0000     0.3818    0.8799   0.8722   0.000050  (7.9s)
    33      0.0161     0.9994     0.3962    0.8636   0.8575   0.000050  (4.9s)
    34      0.0191     0.9994     0.4112    0.8701   0.8665   0.000050  (5.4s)
    35      0.0150     0.9994     0.3308    0.8961   0.8917   0.000025  (7.7s)
    36      0.0129     1.0000     0.3273    0.8961   0.8912   0.000025  (7.7s)
    37      0.0124     1.0000     0.3299    0.8961   0.8904   0.000025  (4.6s)
    38      0.0114     1.0000     0.3320    0.8961   0.8895   0.000025  (7.8s)
    39      0.0109     1.0000     0.3457    0.8929   0.8892   0.000025  (7.9s)
    40      0.0117     1.0000     0.3415    0.8896   0.8847   0.000025  (5.7s)

Early stopping at epoch 40. Best epoch: 25 (val_f1=0.8978)

Best: epoch 25, val_acc=0.9026, val_f1=0.8978
Model saved: /mnt/extended-home/fitra_dosen/2025_iris_fer_taufik/MultimodalEmoLearn/models/benchmark/kdef_samplelevel/_tmp/m.pth
Test Loss: 0.3290
Test Accuracy: 0.8981
Test Macro F1:    0.8972
Test Micro F1:    0.8981
Test Weighted F1: 0.8970

Classification Report:
              precision    recall  f1-score   support

     neutral       0.94      0.95      0.95       126
       happy       0.92      0.98      0.95       126
         sad       0.86      0.85      0.86       126
       angry       0.91      0.90      0.90       126
     fearful       0.84      0.76      0.80       127
   disgusted       0.94      0.90      0.92       126
   surprised       0.86      0.94      0.90       126

    accuracy                           0.90       883
   macro avg       0.90      0.90      0.90       883
weighted avg       0.90      0.90      0.90       883

    [fold 2/5] macro_f1=0.8972 acc=0.8981 (275s)
 Epoch  Train Loss  Train Acc   Val Loss   Val Acc   Val F1         LR
---------------------------------------------------------------------------
     1      1.8475     0.2801     1.4031    0.4935   0.4291   0.000050  (6.3s)
     2      1.1217     0.6499     0.9740    0.6786   0.6464   0.000050  (4.2s)
     3      0.6802     0.8374     0.7268    0.7695   0.7625   0.000050  (7.9s)
     4      0.4175     0.9271     0.6488    0.8052   0.8041   0.000050  (8.0s)
     5      0.2736     0.9711     0.5381    0.8344   0.8242   0.000050  (5.2s)
     6      0.1877     0.9896     0.4854    0.8409   0.8321   0.000050  (8.0s)
     7      0.1338     0.9954     0.4594    0.8571   0.8511   0.000050  (7.9s)
     8      0.1016     0.9994     0.4297    0.8506   0.8464   0.000050  (5.0s)
     9      0.0822     0.9983     0.4215    0.8734   0.8682   0.000050  (8.0s)
    10      0.0670     1.0000     0.3976    0.8701   0.8663   0.000050  (7.8s)
    11      0.0651     0.9988     0.3994    0.8604   0.8610   0.000050  (5.5s)
    12      0.0520     1.0000     0.3743    0.8994   0.8958   0.000050  (7.9s)
    13      0.0482     0.9994     0.3741    0.8734   0.8684   0.000050  (7.9s)
    14      0.0454     0.9988     0.4009    0.8474   0.8507   0.000050  (5.4s)
    15      0.0477     0.9994     0.3858    0.8669   0.8701   0.000050  (7.7s)
    16      0.0371     1.0000     0.3733    0.8669   0.8675   0.000050  (7.7s)
    17      0.0349     1.0000     0.3627    0.8766   0.8744   0.000050  (5.9s)
    18      0.0308     1.0000     0.3549    0.8929   0.8892   0.000050  (7.8s)
    19      0.0290     1.0000     0.4056    0.8571   0.8607   0.000050  (7.0s)
    20      0.0294     1.0000     0.3526    0.8799   0.8767   0.000050  (7.8s)
    21      0.0252     1.0000     0.3500    0.8831   0.8786   0.000050  (7.9s)
    22      0.0265     0.9994     0.3529    0.8929   0.8888   0.000025  (5.3s)
    23      0.0240     1.0000     0.3532    0.8896   0.8858   0.000025  (7.9s)
    24      0.0237     1.0000     0.3505    0.8896   0.8852   0.000025  (7.8s)
    25      0.0220     1.0000     0.3441    0.8929   0.8890   0.000025  (4.7s)
    26      0.0224     1.0000     0.3488    0.8864   0.8839   0.000025  (7.8s)
    27      0.0202     1.0000     0.3378    0.8961   0.8944   0.000025  (7.8s)

Early stopping at epoch 27. Best epoch: 12 (val_f1=0.8958)

Best: epoch 12, val_acc=0.8994, val_f1=0.8958
Model saved: /mnt/extended-home/fitra_dosen/2025_iris_fer_taufik/MultimodalEmoLearn/models/benchmark/kdef_samplelevel/_tmp/m.pth
Test Loss: 0.3765
Test Accuracy: 0.8766
Test Macro F1:    0.8743
Test Micro F1:    0.8766
Test Weighted F1: 0.8743

Classification Report:
              precision    recall  f1-score   support

     neutral       0.85      0.95      0.90       126
       happy       0.96      0.99      0.98       126
         sad       0.88      0.74      0.80       126
       angry       0.87      0.87      0.87       126
     fearful       0.87      0.73      0.79       127
   disgusted       0.88      0.90      0.89       126
   surprised       0.84      0.94      0.89       126

    accuracy                           0.88       883
   macro avg       0.88      0.88      0.87       883
weighted avg       0.88      0.88      0.87       883

    [fold 3/5] macro_f1=0.8743 acc=0.8766 (196s)
 Epoch  Train Loss  Train Acc   Val Loss   Val Acc   Val F1         LR
---------------------------------------------------------------------------
     1      1.8404     0.2726     1.4248    0.4838   0.4363   0.000050  (7.7s)
     2      1.1209     0.6493     1.0054    0.6688   0.6449   0.000050  (5.1s)
     3      0.6760     0.8385     0.7095    0.8019   0.7961   0.000050  (7.7s)
     4      0.4160     0.9213     0.6130    0.8149   0.8099   0.000050  (7.9s)
     5      0.2747     0.9670     0.5243    0.8279   0.8285   0.000050  (4.3s)
     6      0.1731     0.9913     0.4674    0.8474   0.8462   0.000050  (7.8s)
     7      0.1254     0.9988     0.4583    0.8409   0.8391   0.000050  (7.8s)
     8      0.0999     0.9988     0.4541    0.8539   0.8495   0.000050  (5.1s)
     9      0.0786     0.9988     0.4220    0.8669   0.8666   0.000050  (7.8s)
    10      0.0711     0.9994     0.4191    0.8539   0.8544   0.000050  (7.6s)
    11      0.0593     1.0000     0.4283    0.8474   0.8478   0.000050  (5.7s)
    12      0.0526     1.0000     0.4291    0.8474   0.8474   0.000050  (7.9s)
    13      0.0504     1.0000     0.4230    0.8571   0.8575   0.000050  (7.7s)
    14      0.0442     1.0000     0.4173    0.8701   0.8696   0.000050  (6.9s)
    15      0.0379     1.0000     0.4104    0.8669   0.8656   0.000050  (7.6s)
    16      0.0366     1.0000     0.3999    0.8571   0.8580   0.000050  (5.8s)
    17      0.0367     1.0000     0.4089    0.8604   0.8575   0.000050  (5.4s)
    18      0.0305     1.0000     0.4047    0.8669   0.8665   0.000050  (7.5s)
    19      0.0277     1.0000     0.4158    0.8506   0.8493   0.000050  (7.5s)
    20      0.0265     1.0000     0.4038    0.8604   0.8596   0.000050  (4.8s)
    21      0.0245     1.0000     0.4068    0.8636   0.8631   0.000050  (7.9s)
    22      0.0234     1.0000     0.3902    0.8701   0.8695   0.000050  (7.8s)
    23      0.0240     1.0000     0.4411    0.8539   0.8521   0.000050  (4.0s)
    24      0.0206     1.0000     0.4056    0.8669   0.8654   0.000025  (5.3s)
    25      0.0220     1.0000     0.4117    0.8669   0.8662   0.000025  (8.0s)
    26      0.0211     1.0000     0.4027    0.8636   0.8616   0.000025  (7.9s)
    27      0.0207     1.0000     0.4031    0.8604   0.8609   0.000025  (6.1s)
    28      0.0199     1.0000     0.4024    0.8766   0.8766   0.000025  (7.6s)
    29      0.0178     1.0000     0.4065    0.8604   0.8597   0.000025  (6.6s)
    30      0.0168     1.0000     0.4160    0.8636   0.8629   0.000025  (5.6s)
    31      0.0166     1.0000     0.4153    0.8571   0.8555   0.000025  (7.7s)
    32      0.0165     1.0000     0.3913    0.8734   0.8733   0.000025  (7.0s)
    33      0.0163     1.0000     0.4185    0.8604   0.8598   0.000025  (4.6s)
    34      0.0164     1.0000     0.4064    0.8539   0.8541   0.000025  (7.7s)
    35      0.0149     1.0000     0.4210    0.8571   0.8561   0.000025  (7.8s)
    36      0.0142     1.0000     0.4226    0.8604   0.8595   0.000025  (4.9s)
    37      0.0136     1.0000     0.4085    0.8766   0.8774   0.000025  (7.7s)
    38      0.0139     1.0000     0.3988    0.8539   0.8544   0.000025  (7.7s)
    39      0.0132     1.0000     0.3975    0.8669   0.8668   0.000025  (4.8s)
    40      0.0130     1.0000     0.4039    0.8636   0.8630   0.000025  (7.6s)
    41      0.0131     1.0000     0.3889    0.8799   0.8809   0.000025  (7.7s)
    42      0.0124     1.0000     0.3905    0.8734   0.8731   0.000025  (3.9s)
    43      0.0109     1.0000     0.4026    0.8636   0.8627   0.000025  (5.3s)
    44      0.0132     1.0000     0.3747    0.8766   0.8767   0.000025  (7.8s)
    45      0.0118     1.0000     0.3930    0.8734   0.8735   0.000025  (7.7s)
    46      0.0148     0.9994     0.4558    0.8766   0.8764   0.000025  (5.5s)
    47      0.0181     1.0000     0.4976    0.8377   0.8378   0.000025  (7.8s)
    48      0.0124     1.0000     0.4312    0.8701   0.8706   0.000025  (7.6s)
    49      0.0124     0.9994     0.4484    0.8669   0.8658   0.000025  (5.6s)
    50      0.0313     0.9948     0.4355    0.8571   0.8604   0.000025  (7.8s)

Best: epoch 41, val_acc=0.8799, val_f1=0.8809
Model saved: /mnt/extended-home/fitra_dosen/2025_iris_fer_taufik/MultimodalEmoLearn/models/benchmark/kdef_samplelevel/_tmp/m.pth
Test Loss: 0.3690
Test Accuracy: 0.8834
Test Macro F1:    0.8818
Test Micro F1:    0.8834
Test Weighted F1: 0.8816

Classification Report:
              precision    recall  f1-score   support

     neutral       0.92      0.97      0.95       126
       happy       0.95      0.98      0.96       126
         sad       0.82      0.85      0.83       126
       angry       0.90      0.87      0.88       126
     fearful       0.79      0.68      0.73       127
   disgusted       0.94      0.92      0.93       126
   surprised       0.85      0.93      0.89       126

    accuracy                           0.88       883
   macro avg       0.88      0.88      0.88       883
weighted avg       0.88      0.88      0.88       883

    [fold 4/5] macro_f1=0.8818 acc=0.8834 (345s)
 Epoch  Train Loss  Train Acc   Val Loss   Val Acc   Val F1         LR
---------------------------------------------------------------------------
     1      1.8302     0.2633     1.4066    0.5097   0.4552   0.000050  (4.5s)
     2      1.1363     0.6476     1.0239    0.6526   0.6139   0.000050  (7.5s)
     3      0.7055     0.8287     0.7856    0.7435   0.7379   0.000050  (7.9s)
     4      0.4466     0.9225     0.6397    0.8084   0.8068   0.000050  (4.2s)
     5      0.2746     0.9716     0.5573    0.8474   0.8480   0.000050  (7.9s)
     6      0.1861     0.9850     0.5121    0.8474   0.8488   0.000050  (7.8s)
     7      0.1334     0.9948     0.4870    0.8506   0.8490   0.000050  (3.9s)
     8      0.1051     0.9977     0.4520    0.8636   0.8631   0.000050  (6.5s)
     9      0.0883     0.9994     0.4788    0.8442   0.8457   0.000050  (7.8s)
    10      0.0704     0.9988     0.4771    0.8571   0.8544   0.000050  (6.1s)
    11      0.0730     0.9959     0.4364    0.8604   0.8607   0.000050  (4.7s)
    12      0.0556     0.9988     0.4291    0.8669   0.8686   0.000050  (7.7s)
    13      0.0524     1.0000     0.4461    0.8571   0.8552   0.000050  (7.6s)
    14      0.0448     1.0000     0.4073    0.8799   0.8791   0.000050  (4.3s)
    15      0.0396     1.0000     0.3959    0.8831   0.8831   0.000050  (7.7s)
    16      0.0365     1.0000     0.3909    0.8701   0.8692   0.000050  (7.9s)
    17      0.0337     1.0000     0.3873    0.8734   0.8725   0.000050  (5.2s)
    18      0.0309     1.0000     0.3988    0.8766   0.8746   0.000050  (7.9s)
    19      0.0300     0.9994     0.4630    0.8669   0.8648   0.000050  (7.7s)
    20      0.0440     0.9965     0.3922    0.8734   0.8717   0.000050  (4.8s)
    21      0.0307     0.9994     0.3939    0.8734   0.8736   0.000050  (7.7s)
    22      0.0254     1.0000     0.3792    0.8799   0.8796   0.000050  (7.9s)
    23      0.0230     1.0000     0.3838    0.8766   0.8744   0.000050  (4.1s)
    24      0.0215     1.0000     0.3727    0.8799   0.8782   0.000050  (7.8s)
    25      0.0204     1.0000     0.3740    0.8799   0.8786   0.000025  (7.9s)
    26      0.0212     1.0000     0.3631    0.8799   0.8784   0.000025  (4.0s)
    27      0.0194     1.0000     0.3656    0.8799   0.8789   0.000025  (5.4s)
    28      0.0194     1.0000     0.3712    0.8799   0.8804   0.000025  (7.7s)
    29      0.0186     1.0000     0.3706    0.8701   0.8698   0.000025  (7.6s)
    30      0.0177     1.0000     0.3579    0.8799   0.8797   0.000025  (5.4s)

Early stopping at epoch 30. Best epoch: 15 (val_f1=0.8831)

Best: epoch 15, val_acc=0.8831, val_f1=0.8831
Model saved: /mnt/extended-home/fitra_dosen/2025_iris_fer_taufik/MultimodalEmoLearn/models/benchmark/kdef_samplelevel/_tmp/m.pth
Test Loss: 0.3470
Test Accuracy: 0.8913
Test Macro F1:    0.8913
Test Micro F1:    0.8913
Test Weighted F1: 0.8912

Classification Report:
              precision    recall  f1-score   support

     neutral       0.95      0.97      0.96       126
       happy       0.98      0.98      0.98       126
         sad       0.79      0.84      0.82       126
       angry       0.91      0.83      0.87       126
     fearful       0.83      0.81      0.82       127
   disgusted       0.88      0.87      0.88       126
   surprised       0.91      0.94      0.92       126

    accuracy                           0.89       883
   macro avg       0.89      0.89      0.89       883
weighted avg       0.89      0.89      0.89       883

    [fold 5/5] macro_f1=0.8913 acc=0.8913 (203s)

  holdout7030: acc=0.8827±0.0118  macro_f1=0.8815±0.0121  -> saved kdef_7c_holdout7030_earlyfusion_b1.json

================================================================
  KDEF 7c — Early Fusion concat TL B1 — cv10 (10 folds)
================================================================
 Epoch  Train Loss  Train Acc   Val Loss   Val Acc   Val F1         LR
---------------------------------------------------------------------------
     1      1.7367     0.3219     1.2038    0.5985   0.5487   0.000050  (7.8s)
     2      0.9406     0.7080     0.7723    0.7803   0.7647   0.000050  (9.7s)
     3      0.5302     0.8817     0.5622    0.8258   0.8177   0.000050  (8.4s)
     4      0.3232     0.9437     0.4691    0.8636   0.8568   0.000050  (9.6s)
     5      0.2163     0.9723     0.4034    0.8965   0.8936   0.000050  (9.0s)
     6      0.1357     0.9929     0.4088    0.8864   0.8817   0.000050  (5.4s)
     7      0.1069     0.9960     0.4136    0.8662   0.8590   0.000050  (9.4s)
     8      0.0791     0.9973     0.3566    0.8939   0.8919   0.000050  (8.5s)
     9      0.0659     0.9996     0.3230    0.9116   0.9099   0.000050  (5.2s)
    10      0.0533     1.0000     0.3369    0.8914   0.8866   0.000050  (9.6s)
    11      0.0516     0.9996     0.3404    0.9091   0.9070   0.000050  (8.3s)
    12      0.0429     1.0000     0.3156    0.9141   0.9128   0.000050  (6.3s)
    13      0.0388     1.0000     0.3180    0.8990   0.8961   0.000050  (9.8s)
    14      0.0357     0.9996     0.3912    0.8636   0.8560   0.000050  (7.6s)
    15      0.0330     1.0000     0.3178    0.9091   0.9062   0.000050  (6.8s)
    16      0.0267     1.0000     0.3046    0.9192   0.9177   0.000050  (9.7s)
    17      0.0249     1.0000     0.2952    0.9167   0.9148   0.000050  (7.0s)
    18      0.0289     0.9987     0.3879    0.8737   0.8668   0.000050  (6.0s)
    19      0.0270     0.9996     0.3157    0.9116   0.9103   0.000050  (9.6s)
    20      0.0252     0.9991     0.4207    0.8662   0.8630   0.000050  (8.6s)
    21      0.0322     0.9969     0.5244    0.8359   0.8287   0.000050  (9.7s)
    22      0.0592     0.9906     0.3504    0.8990   0.8977   0.000050  (9.6s)
    23      0.0423     0.9946     0.3516    0.8939   0.8900   0.000050  (8.4s)
    24      0.0237     0.9996     0.3115    0.8914   0.8883   0.000050  (9.8s)
    25      0.0320     0.9955     0.4090    0.8914   0.8897   0.000050  (6.2s)
    26      0.0226     0.9991     0.3239    0.8990   0.8978   0.000025  (9.6s)
    27      0.0178     1.0000     0.3179    0.9091   0.9078   0.000025  (8.0s)
    28      0.0140     1.0000     0.3082    0.9040   0.9020   0.000025  (5.6s)
    29      0.0159     1.0000     0.2986    0.9015   0.8973   0.000025  (9.6s)
    30      0.0137     1.0000     0.3171    0.8914   0.8876   0.000025  (8.1s)
    31      0.0128     1.0000     0.2971    0.9116   0.9106   0.000025  (9.6s)

Early stopping at epoch 31. Best epoch: 16 (val_f1=0.9177)

Best: epoch 16, val_acc=0.9192, val_f1=0.9177
Model saved: /mnt/extended-home/fitra_dosen/2025_iris_fer_taufik/MultimodalEmoLearn/models/benchmark/kdef_samplelevel/_tmp/m.pth
Test Loss: 0.2847
Test Accuracy: 0.9220
Test Macro F1:    0.9219
Test Micro F1:    0.9220
Test Weighted F1: 0.9216

Classification Report:
              precision    recall  f1-score   support

     neutral       0.91      1.00      0.95        42
       happy       1.00      1.00      1.00        42
         sad       0.94      0.79      0.86        42
       angry       0.97      0.93      0.95        42
     fearful       0.80      0.91      0.85        43
   disgusted       0.93      0.98      0.95        42
   surprised       0.92      0.86      0.89        42

    accuracy                           0.92       295
   macro avg       0.93      0.92      0.92       295
weighted avg       0.93      0.92      0.92       295

    [fold 1/10] macro_f1=0.9219 acc=0.9220 (264s)
 Epoch  Train Loss  Train Acc   Val Loss   Val Acc   Val F1         LR
---------------------------------------------------------------------------
     1      1.7297     0.3219     1.2254    0.6146   0.5836   0.000050  (5.3s)
     2      0.9392     0.7156     0.7605    0.7783   0.7727   0.000050  (9.6s)
     3      0.5248     0.8821     0.5908    0.8262   0.8287   0.000050  (9.1s)
     4      0.3081     0.9540     0.4659    0.8640   0.8678   0.000050  (6.1s)
     5      0.1952     0.9862     0.4091    0.8791   0.8812   0.000050  (9.6s)
     6      0.1338     0.9929     0.3772    0.8866   0.8902   0.000050  (7.4s)
     7      0.1001     0.9960     0.3615    0.8866   0.8904   0.000050  (7.2s)
     8      0.0781     0.9982     0.3619    0.8841   0.8862   0.000050  (9.7s)
     9      0.0656     0.9996     0.3463    0.8917   0.8938   0.000050  (6.2s)
    10      0.0501     0.9996     0.3493    0.8892   0.8929   0.000050  (9.4s)
    11      0.0519     0.9991     0.3964    0.8766   0.8814   0.000050  (9.4s)
    12      0.0450     0.9996     0.3462    0.8917   0.8938   0.000050  (5.7s)
    13      0.0382     1.0000     0.3319    0.8841   0.8882   0.000050  (9.7s)
    14      0.0343     1.0000     0.3377    0.9068   0.9105   0.000050  (8.0s)
    15      0.0329     0.9996     0.3257    0.8892   0.8939   0.000050  (4.7s)
    16      0.0301     1.0000     0.3397    0.8841   0.8893   0.000050  (6.0s)
    17      0.0255     1.0000     0.3184    0.8992   0.9028   0.000050  (9.7s)
    18      0.0246     1.0000     0.2889    0.8967   0.9002   0.000050  (8.2s)
    19      0.0215     1.0000     0.2926    0.9068   0.9100   0.000050  (9.7s)
    20      0.0217     1.0000     0.2867    0.9118   0.9150   0.000050  (8.9s)
    21      0.0196     1.0000     0.2910    0.9144   0.9168   0.000050  (6.1s)
    22      0.0183     1.0000     0.2938    0.8992   0.9024   0.000050  (9.7s)
    23      0.0161     1.0000     0.2915    0.9043   0.9077   0.000050  (8.0s)
    24      0.0168     0.9996     0.2995    0.9068   0.9098   0.000050  (5.5s)
    25      0.0154     1.0000     0.2911    0.8917   0.8954   0.000050  (9.6s)
    26      0.0183     0.9991     0.3878    0.8816   0.8832   0.000050  (8.1s)
    27      0.0260     0.9969     0.3674    0.8892   0.8939   0.000050  (6.6s)
    28      0.0682     0.9812     0.4508    0.8589   0.8636   0.000050  (9.7s)
    29      0.0663     0.9839     0.5248    0.8388   0.8371   0.000050  (8.3s)
    30      0.0694     0.9866     0.3664    0.8892   0.8923   0.000050  (6.2s)
    31      0.0224     0.9982     0.3074    0.9018   0.9045   0.000025  (9.6s)
    32      0.0149     1.0000     0.2890    0.9093   0.9122   0.000025  (7.8s)
    33      0.0136     0.9996     0.2844    0.9118   0.9152   0.000025  (4.8s)
    34      0.0119     1.0000     0.2769    0.9118   0.9147   0.000025  (9.7s)
    35      0.0108     1.0000     0.2849    0.8992   0.9027   0.000025  (8.8s)
    36      0.0119     0.9991     0.2835    0.9118   0.9151   0.000025  (9.7s)

Early stopping at epoch 36. Best epoch: 21 (val_f1=0.9168)

Best: epoch 21, val_acc=0.9144, val_f1=0.9168
Model saved: /mnt/extended-home/fitra_dosen/2025_iris_fer_taufik/MultimodalEmoLearn/models/benchmark/kdef_samplelevel/_tmp/m.pth
Test Loss: 0.2635
Test Accuracy: 0.9116
Test Macro F1:    0.9113
Test Micro F1:    0.9116
Test Weighted F1: 0.9108

Classification Report:
              precision    recall  f1-score   support

     neutral       0.98      1.00      0.99        41
       happy       0.91      0.93      0.92        42
         sad       0.89      0.81      0.85        42
       angry       0.93      0.93      0.93        42
     fearful       0.83      0.81      0.82        43
   disgusted       0.95      0.93      0.94        42
   surprised       0.89      0.98      0.93        42

    accuracy                           0.91       294
   macro avg       0.91      0.91      0.91       294
weighted avg       0.91      0.91      0.91       294

    [fold 2/10] macro_f1=0.9113 acc=0.9116 (296s)
 Epoch  Train Loss  Train Acc   Val Loss   Val Acc   Val F1         LR
---------------------------------------------------------------------------
     1      1.7265     0.3317     1.2633    0.5516   0.5017   0.000050  (6.6s)
     2      0.9591     0.7067     0.8187    0.7607   0.7492   0.000050  (9.8s)
     3      0.5494     0.8719     0.6340    0.8161   0.8139   0.000050  (7.6s)
     4      0.3148     0.9563     0.4704    0.8615   0.8602   0.000050  (9.6s)
     5      0.1982     0.9862     0.4419    0.8640   0.8628   0.000050  (8.9s)
     6      0.1302     0.9911     0.4107    0.8866   0.8866   0.000050  (7.5s)
     7      0.0938     0.9991     0.3976    0.8892   0.8888   0.000050  (9.7s)
     8      0.0751     0.9982     0.3634    0.9043   0.9030   0.000050  (5.9s)
     9      0.0686     0.9973     0.3907    0.8942   0.8933   0.000050  (8.5s)
    10      0.0566     1.0000     0.3620    0.8992   0.8979   0.000050  (9.7s)
    11      0.0485     0.9996     0.3447    0.9018   0.9005   0.000050  (5.3s)
    12      0.0419     1.0000     0.3503    0.8967   0.8978   0.000050  (9.7s)
    13      0.0385     1.0000     0.3457    0.9018   0.9009   0.000050  (7.9s)
    14      0.0331     1.0000     0.3335    0.9018   0.8999   0.000050  (5.4s)
    15      0.0310     1.0000     0.3420    0.9018   0.9016   0.000050  (9.6s)
    16      0.0302     1.0000     0.3314    0.9018   0.9014   0.000050  (8.8s)
    17      0.0265     1.0000     0.3649    0.8892   0.8881   0.000050  (9.8s)
    18      0.0238     1.0000     0.3332    0.9018   0.9006   0.000025  (9.3s)
    19      0.0225     1.0000     0.3412    0.8942   0.8920   0.000025  (8.2s)
    20      0.0206     1.0000     0.3403    0.8942   0.8931   0.000025  (9.8s)
    21      0.0217     0.9996     0.3549    0.8992   0.8980   0.000025  (4.7s)
    22      0.0196     1.0000     0.3213    0.8992   0.8971   0.000025  (10.0s)
    23      0.0187     1.0000     0.3236    0.9018   0.9000   0.000025  (8.9s)

Early stopping at epoch 23. Best epoch: 8 (val_f1=0.9030)

Best: epoch 8, val_acc=0.9043, val_f1=0.9030
Model saved: /mnt/extended-home/fitra_dosen/2025_iris_fer_taufik/MultimodalEmoLearn/models/benchmark/kdef_samplelevel/_tmp/m.pth
Test Loss: 0.3617
Test Accuracy: 0.8878
Test Macro F1:    0.8855
Test Micro F1:    0.8878
Test Weighted F1: 0.8857

Classification Report:
              precision    recall  f1-score   support

     neutral       0.83      0.95      0.89        41
       happy       0.98      0.98      0.98        43
         sad       0.91      0.76      0.83        42
       angry       0.87      0.91      0.89        43
     fearful       0.94      0.71      0.81        42
   disgusted       0.90      0.93      0.92        41
   surprised       0.82      0.98      0.89        42

    accuracy                           0.89       294
   macro avg       0.89      0.89      0.89       294
weighted avg       0.89      0.89      0.89       294

    [fold 3/10] macro_f1=0.8855 acc=0.8878 (198s)
 Epoch  Train Loss  Train Acc   Val Loss   Val Acc   Val F1         LR
---------------------------------------------------------------------------
     1      1.7273     0.3420     1.2833    0.5466   0.4875   0.000050  (8.2s)
     2      0.9515     0.7089     0.8389    0.7305   0.7103   0.000050  (9.4s)
     3      0.5354     0.8862     0.6156    0.8212   0.8183   0.000050  (9.4s)
     4      0.3174     0.9451     0.5171    0.8463   0.8455   0.000050  (5.5s)
     5      0.1995     0.9812     0.4528    0.8690   0.8677   0.000050  (9.6s)
     6      0.1371     0.9906     0.4201    0.8514   0.8527   0.000050  (8.0s)
     7      0.1035     0.9978     0.4307    0.8791   0.8785   0.000050  (9.6s)
     8      0.0761     0.9991     0.3887    0.8690   0.8695   0.000050  (9.5s)
     9      0.0658     0.9991     0.3726    0.8766   0.8768   0.000050  (6.5s)
    10      0.0548     0.9991     0.3581    0.8766   0.8768   0.000050  (9.6s)
    11      0.0500     1.0000     0.3672    0.8766   0.8761   0.000050  (8.2s)
    12      0.0438     0.9996     0.3772    0.8791   0.8787   0.000050  (9.6s)
    13      0.0365     1.0000     0.3423    0.8841   0.8841   0.000050  (8.9s)
    14      0.0330     1.0000     0.3505    0.8791   0.8793   0.000050  (8.2s)
    15      0.0301     0.9996     0.3258    0.8917   0.8915   0.000050  (9.9s)
    16      0.0297     1.0000     0.3546    0.8816   0.8808   0.000050  (4.8s)
    17      0.0259     1.0000     0.3387    0.8866   0.8856   0.000050  (9.8s)
    18      0.0263     0.9991     0.3793    0.8741   0.8732   0.000050  (9.3s)
    19      0.0258     0.9996     0.3842    0.8690   0.8692   0.000050  (8.1s)
    20      0.0342     0.9964     0.5091    0.8413   0.8368   0.000050  (9.8s)
    21      0.0692     0.9853     0.4618    0.8640   0.8598   0.000050  (6.0s)
    22      0.0427     0.9955     0.4372    0.8615   0.8626   0.000050  (9.7s)
    23      0.0341     0.9964     0.3610    0.8992   0.8984   0.000050  (8.1s)
    24      0.0222     0.9991     0.3586    0.8841   0.8827   0.000050  (5.2s)
    25      0.0232     0.9987     0.3349    0.8892   0.8901   0.000050  (9.5s)
    26      0.0253     0.9964     0.4157    0.8715   0.8734   0.000050  (8.7s)
    27      0.0223     0.9978     0.3109    0.9018   0.9028   0.000050  (6.4s)
    28      0.0180     0.9987     0.3582    0.8942   0.8920   0.000050  (9.7s)
    29      0.0197     0.9982     0.3657    0.8766   0.8749   0.000050  (7.1s)
    30      0.0149     0.9996     0.3199    0.8942   0.8938   0.000050  (5.0s)
    31      0.0350     0.9929     0.4230    0.8640   0.8604   0.000050  (9.5s)
    32      0.0247     0.9969     0.4593    0.8589   0.8548   0.000050  (8.8s)
    33      0.0182     0.9982     0.4183    0.8690   0.8640   0.000050  (8.8s)
    34      0.0190     0.9982     0.3730    0.8967   0.8980   0.000050  (9.4s)
    35      0.0101     1.0000     0.3409    0.8967   0.8971   0.000050  (4.7s)
    36      0.0083     1.0000     0.3545    0.8942   0.8950   0.000050  (8.3s)
    37      0.0084     1.0000     0.3393    0.8967   0.8971   0.000025  (9.7s)
    38      0.0085     1.0000     0.3332    0.9018   0.9022   0.000025  (4.8s)
    39      0.0072     1.0000     0.3190    0.9043   0.9051   0.000025  (9.3s)
    40      0.0068     1.0000     0.3215    0.9068   0.9077   0.000025  (9.4s)
    41      0.0078     1.0000     0.3675    0.8816   0.8830   0.000025  (6.3s)
    42      0.0079     1.0000     0.3216    0.8992   0.8995   0.000025  (9.8s)
    43      0.0069     1.0000     0.3258    0.8992   0.9003   0.000025  (8.2s)
    44      0.0065     1.0000     0.3113    0.9018   0.9025   0.000025  (9.3s)
    45      0.0064     1.0000     0.3092    0.9018   0.9023   0.000025  (9.5s)
    46      0.0067     1.0000     0.3257    0.9043   0.9053   0.000025  (5.3s)
    47      0.0059     1.0000     0.3168    0.8992   0.8996   0.000025  (9.6s)
    48      0.0055     1.0000     0.3073    0.9068   0.9079   0.000025  (8.6s)
    49      0.0050     1.0000     0.3203    0.9018   0.9025   0.000025  (6.1s)
    50      0.0054     1.0000     0.3053    0.9068   0.9080   0.000025  (9.5s)

Best: epoch 50, val_acc=0.9068, val_f1=0.9080
Model saved: /mnt/extended-home/fitra_dosen/2025_iris_fer_taufik/MultimodalEmoLearn/models/benchmark/kdef_samplelevel/_tmp/m.pth
Test Loss: 0.2749
Test Accuracy: 0.9252
Test Macro F1:    0.9248
Test Micro F1:    0.9252
Test Weighted F1: 0.9248

Classification Report:
              precision    recall  f1-score   support

     neutral       1.00      1.00      1.00        42
       happy       1.00      0.98      0.99        42
         sad       0.88      1.00      0.93        42
       angry       1.00      0.86      0.92        42
     fearful       0.82      0.79      0.80        42
   disgusted       0.91      0.95      0.93        42
   surprised       0.88      0.90      0.89        42

    accuracy                           0.93       294
   macro avg       0.93      0.93      0.92       294
weighted avg       0.93      0.93      0.92       294

    [fold 4/10] macro_f1=0.9248 acc=0.9252 (422s)
 Epoch  Train Loss  Train Acc   Val Loss   Val Acc   Val F1         LR
---------------------------------------------------------------------------
     1      1.7378     0.3286     1.2089    0.6171   0.5529   0.000050  (9.9s)
     2      0.9612     0.7129     0.7444    0.7783   0.7576   0.000050  (7.4s)
     3      0.5444     0.8790     0.5776    0.8161   0.8106   0.000050  (8.5s)
     4      0.3175     0.9473     0.5064    0.8237   0.8215   0.000050  (9.7s)
     5      0.2021     0.9821     0.4373    0.8640   0.8576   0.000050  (5.4s)
     6      0.1451     0.9875     0.4199    0.8715   0.8660   0.000050  (9.8s)
     7      0.1034     0.9982     0.3965    0.8816   0.8768   0.000050  (7.8s)
     8      0.0770     0.9991     0.3810    0.8992   0.8941   0.000050  (6.8s)
     9      0.0728     0.9991     0.3722    0.8866   0.8830   0.000050  (9.8s)
    10      0.0573     0.9991     0.3500    0.8866   0.8823   0.000050  (7.3s)
    11      0.0469     1.0000     0.3518    0.8866   0.8830   0.000050  (9.6s)
    12      0.0410     1.0000     0.3443    0.8967   0.8947   0.000050  (9.3s)
    13      0.0376     1.0000     0.3539    0.8917   0.8879   0.000050  (9.9s)
    14      0.0334     0.9996     0.3422    0.8791   0.8773   0.000050  (9.3s)
    15      0.0344     0.9996     0.3767    0.8791   0.8745   0.000050  (8.1s)
    16      0.0318     0.9996     0.3241    0.8942   0.8921   0.000050  (9.7s)
    17      0.0366     0.9982     0.3508    0.8766   0.8712   0.000050  (5.1s)
    18      0.0322     0.9973     0.3183    0.8992   0.8995   0.000050  (9.7s)
    19      0.0407     0.9946     0.5155    0.8514   0.8458   0.000050  (9.0s)
    20      0.0411     0.9960     0.3767    0.9043   0.8992   0.000050  (9.1s)
    21      0.0226     1.0000     0.3249    0.8967   0.8942   0.000050  (9.5s)
    22      0.0208     0.9996     0.3594    0.8791   0.8756   0.000050  (5.6s)
    23      0.0265     0.9987     0.3047    0.9118   0.9080   0.000050  (9.8s)
    24      0.0247     0.9987     0.3825    0.8791   0.8756   0.000050  (8.1s)
    25      0.0240     0.9973     0.3345    0.8992   0.8939   0.000050  (5.3s)
    26      0.0167     0.9996     0.3057    0.9068   0.9038   0.000050  (9.8s)
    27      0.0147     1.0000     0.3199    0.8942   0.8926   0.000050  (8.2s)
    28      0.0142     1.0000     0.3030    0.9043   0.9016   0.000050  (6.7s)
    29      0.0110     1.0000     0.2985    0.9093   0.9055   0.000050  (9.7s)
    30      0.0116     1.0000     0.2980    0.9068   0.9030   0.000050  (7.4s)
    31      0.0112     1.0000     0.2955    0.9144   0.9125   0.000050  (9.8s)
    32      0.0098     1.0000     0.3584    0.8816   0.8817   0.000050  (8.5s)
    33      0.0449     0.9884     0.5038    0.8363   0.8362   0.000050  (5.5s)
    34      0.0382     0.9938     0.3766    0.8741   0.8631   0.000050  (9.6s)
    35      0.0152     0.9991     0.3527    0.8942   0.8890   0.000050  (8.7s)
    36      0.0150     0.9987     0.3109    0.9018   0.9007   0.000050  (9.4s)
    37      0.0140     0.9996     0.3079    0.9018   0.8991   0.000050  (9.3s)
    38      0.0229     0.9960     0.3399    0.8992   0.8959   0.000050  (6.1s)
    39      0.0259     0.9955     0.3166    0.9043   0.9010   0.000050  (9.7s)
    40      0.0123     0.9996     0.3404    0.8892   0.8842   0.000050  (7.6s)
    41      0.0125     0.9987     0.3348    0.8942   0.8907   0.000025  (6.8s)
    42      0.0083     1.0000     0.3006    0.9118   0.9087   0.000025  (9.8s)
    43      0.0073     1.0000     0.3005    0.9068   0.9041   0.000025  (7.7s)
    44      0.0066     1.0000     0.2749    0.9169   0.9146   0.000025  (9.7s)
    45      0.0063     1.0000     0.2710    0.9194   0.9175   0.000025  (8.7s)
    46      0.0058     1.0000     0.2826    0.9194   0.9173   0.000025  (9.6s)
    47      0.0064     1.0000     0.2695    0.9270   0.9246   0.000025  (9.7s)
    48      0.0054     1.0000     0.2870    0.9244   0.9214   0.000025  (9.8s)
    49      0.0053     1.0000     0.2878    0.9194   0.9167   0.000025  (8.9s)
    50      0.0055     1.0000     0.2761    0.9270   0.9245   0.000025  (4.9s)

Best: epoch 47, val_acc=0.9270, val_f1=0.9246
Model saved: /mnt/extended-home/fitra_dosen/2025_iris_fer_taufik/MultimodalEmoLearn/models/benchmark/kdef_samplelevel/_tmp/m.pth
Test Loss: 0.2518
Test Accuracy: 0.9218
Test Macro F1:    0.9217
Test Micro F1:    0.9218
Test Weighted F1: 0.9217

Classification Report:
              precision    recall  f1-score   support

     neutral       0.98      1.00      0.99        42
       happy       1.00      1.00      1.00        42
         sad       0.92      0.86      0.89        42
       angry       0.92      0.86      0.89        42
     fearful       0.84      0.90      0.87        42
   disgusted       0.87      0.93      0.90        42
   surprised       0.93      0.90      0.92        42

    accuracy                           0.92       294
   macro avg       0.92      0.92      0.92       294
weighted avg       0.92      0.92      0.92       294

    [fold 5/10] macro_f1=0.9217 acc=0.9218 (430s)
 Epoch  Train Loss  Train Acc   Val Loss   Val Acc   Val F1         LR
---------------------------------------------------------------------------
     1      1.7332     0.3286     1.2663    0.5441   0.4924   0.000050  (8.0s)
     2      0.9680     0.7094     0.7512    0.7582   0.7463   0.000050  (6.1s)
     3      0.5302     0.8812     0.5969    0.8111   0.7996   0.000050  (9.7s)
     4      0.3142     0.9522     0.4397    0.8866   0.8838   0.000050  (7.5s)
     5      0.2078     0.9777     0.4333    0.8665   0.8609   0.000050  (6.7s)
     6      0.1357     0.9929     0.3525    0.8967   0.8936   0.000050  (9.9s)
     7      0.1048     0.9973     0.4366    0.8640   0.8577   0.000050  (7.1s)
     8      0.0849     0.9969     0.3408    0.8992   0.8966   0.000050  (6.4s)
     9      0.0636     0.9996     0.3205    0.8967   0.8938   0.000050  (9.8s)
    10      0.0547     0.9991     0.4218    0.8589   0.8529   0.000050  (7.2s)
    11      0.0518     0.9987     0.3153    0.9093   0.9067   0.000050  (8.6s)
    12      0.0439     1.0000     0.3222    0.8942   0.8917   0.000050  (9.9s)
    13      0.0365     1.0000     0.3200    0.9068   0.9029   0.000050  (5.5s)
    14      0.0330     1.0000     0.2972    0.9093   0.9070   0.000050  (9.9s)
    15      0.0294     1.0000     0.2958    0.9068   0.9037   0.000050  (8.0s)
    16      0.0277     1.0000     0.2944    0.9043   0.9009   0.000050  (9.9s)
    17      0.0266     1.0000     0.3035    0.9068   0.9038   0.000050  (9.4s)
    18      0.0232     1.0000     0.2750    0.9144   0.9116   0.000050  (9.7s)
    19      0.0226     1.0000     0.2874    0.9169   0.9137   0.000050  (9.3s)
    20      0.0254     0.9987     0.3483    0.8967   0.8935   0.000050  (9.9s)
    21      0.0302     0.9978     0.3186    0.9068   0.9019   0.000050  (9.1s)
    22      0.0265     0.9969     0.3598    0.8866   0.8827   0.000050  (5.5s)
    23      0.0227     0.9982     0.2793    0.9219   0.9194   0.000050  (9.8s)
    24      0.0261     0.9978     0.3374    0.8917   0.8865   0.000050  (8.5s)
    25      0.0268     0.9987     0.5076    0.8615   0.8540   0.000050  (10.1s)
    26      0.0550     0.9857     0.5264    0.8539   0.8414   0.000050  (8.5s)
    27      0.0367     0.9955     0.3945    0.8690   0.8640   0.000050  (6.0s)
    28      0.0238     0.9982     0.3127    0.8967   0.8936   0.000050  (9.6s)
    29      0.0199     0.9978     0.3248    0.8967   0.8960   0.000050  (7.8s)
    30      0.0150     0.9996     0.3039    0.9043   0.9024   0.000050  (6.6s)
    31      0.0135     0.9996     0.2968    0.9068   0.9024   0.000050  (10.0s)
    32      0.0120     0.9996     0.2879    0.9093   0.9080   0.000050  (7.1s)
    33      0.0114     1.0000     0.2897    0.9093   0.9069   0.000025  (8.4s)
    34      0.0099     1.0000     0.2822    0.9093   0.9069   0.000025  (9.8s)
    35      0.0111     1.0000     0.2709    0.9093   0.9063   0.000025  (5.0s)
    36      0.0100     1.0000     0.3043    0.9118   0.9092   0.000025  (7.7s)
    37      0.0096     1.0000     0.2744    0.9169   0.9142   0.000025  (10.1s)
    38      0.0088     1.0000     0.2569    0.9144   0.9123   0.000025  (5.7s)

Early stopping at epoch 38. Best epoch: 23 (val_f1=0.9194)

Best: epoch 23, val_acc=0.9219, val_f1=0.9194
Model saved: /mnt/extended-home/fitra_dosen/2025_iris_fer_taufik/MultimodalEmoLearn/models/benchmark/kdef_samplelevel/_tmp/m.pth
Test Loss: 0.2597
Test Accuracy: 0.9116
Test Macro F1:    0.9119
Test Micro F1:    0.9116
Test Weighted F1: 0.9119

Classification Report:
              precision    recall  f1-score   support

     neutral       0.98      0.98      0.98        42
       happy       0.95      1.00      0.98        42
         sad       0.85      0.81      0.83        42
       angry       0.91      0.93      0.92        42
     fearful       0.78      0.83      0.80        42
   disgusted       0.93      0.90      0.92        42
   surprised       1.00      0.93      0.96        42

    accuracy                           0.91       294
   macro avg       0.91      0.91      0.91       294
weighted avg       0.91      0.91      0.91       294

    [fold 6/10] macro_f1=0.9119 acc=0.9116 (322s)
 Epoch  Train Loss  Train Acc   Val Loss   Val Acc   Val F1         LR
---------------------------------------------------------------------------
     1      1.7300     0.3344     1.2056    0.6171   0.5776   0.000050  (9.6s)
     2      0.9829     0.7000     0.7090    0.8035   0.7973   0.000050  (5.4s)
     3      0.5436     0.8759     0.4939    0.8791   0.8801   0.000050  (10.0s)
     4      0.3324     0.9366     0.3919    0.9018   0.9031   0.000050  (7.7s)
     5      0.2020     0.9821     0.3581    0.8992   0.8993   0.000050  (6.3s)
     6      0.1433     0.9924     0.3158    0.9244   0.9255   0.000050  (9.7s)
     7      0.1032     0.9946     0.3136    0.9194   0.9201   0.000050  (7.3s)
     8      0.0869     0.9969     0.3188    0.9018   0.9025   0.000050  (5.8s)
     9      0.0698     0.9991     0.2950    0.9219   0.9220   0.000050  (9.7s)
    10      0.0623     0.9996     0.2730    0.9118   0.9132   0.000050  (8.1s)
    11      0.0477     0.9996     0.2507    0.9169   0.9182   0.000050  (10.0s)
    12      0.0423     0.9996     0.2612    0.9219   0.9221   0.000050  (8.5s)
    13      0.0371     1.0000     0.2415    0.9169   0.9182   0.000050  (9.5s)
    14      0.0359     1.0000     0.2455    0.9219   0.9236   0.000050  (9.7s)
    15      0.0324     0.9996     0.2433    0.9244   0.9248   0.000050  (7.9s)
    16      0.0286     0.9996     0.2387    0.9144   0.9155   0.000025  (9.8s)
    17      0.0287     0.9996     0.2345    0.9194   0.9204   0.000025  (6.4s)
    18      0.0271     1.0000     0.2366    0.9169   0.9184   0.000025  (9.8s)
    19      0.0254     1.0000     0.2302    0.9219   0.9233   0.000025  (8.1s)
    20      0.0232     1.0000     0.2403    0.9169   0.9178   0.000025  (9.4s)
    21      0.0209     1.0000     0.2303    0.9219   0.9230   0.000025  (9.4s)

Early stopping at epoch 21. Best epoch: 6 (val_f1=0.9255)

Best: epoch 6, val_acc=0.9244, val_f1=0.9255
Model saved: /mnt/extended-home/fitra_dosen/2025_iris_fer_taufik/MultimodalEmoLearn/models/benchmark/kdef_samplelevel/_tmp/m.pth
Test Loss: 0.3451
Test Accuracy: 0.9014
Test Macro F1:    0.8998
Test Micro F1:    0.9014
Test Weighted F1: 0.8998

Classification Report:
              precision    recall  f1-score   support

     neutral       1.00      0.95      0.98        42
       happy       1.00      0.98      0.99        42
         sad       0.80      0.98      0.88        42
       angry       0.95      0.88      0.91        42
     fearful       0.85      0.67      0.75        42
   disgusted       0.86      0.90      0.88        42
   surprised       0.87      0.95      0.91        42

    accuracy                           0.90       294
   macro avg       0.90      0.90      0.90       294
weighted avg       0.90      0.90      0.90       294

    [fold 7/10] macro_f1=0.8998 acc=0.9014 (184s)
 Epoch  Train Loss  Train Acc   Val Loss   Val Acc   Val F1         LR
---------------------------------------------------------------------------
     1      1.7298     0.3272     1.2543    0.5516   0.5108   0.000050  (9.3s)
     2      0.9549     0.7004     0.7976    0.7884   0.7818   0.000050  (6.4s)
     3      0.5335     0.8799     0.5776    0.8312   0.8346   0.000050  (10.1s)
     4      0.3287     0.9473     0.5142    0.8413   0.8416   0.000050  (7.3s)
     5      0.2036     0.9821     0.4407    0.8615   0.8646   0.000050  (8.9s)
     6      0.1393     0.9929     0.4057    0.8690   0.8713   0.000050  (9.6s)
     7      0.1094     0.9933     0.3776    0.8841   0.8858   0.000050  (5.0s)
     8      0.0804     0.9982     0.3727    0.8866   0.8899   0.000050  (10.0s)
     9      0.0667     0.9996     0.3704    0.8791   0.8829   0.000050  (7.9s)
    10      0.0532     0.9996     0.3544    0.8866   0.8895   0.000050  (7.0s)
    11      0.0504     0.9996     0.3591    0.8892   0.8928   0.000050  (9.9s)
    12      0.0421     0.9991     0.3533    0.8866   0.8891   0.000050  (7.5s)
    13      0.0366     1.0000     0.3567    0.8967   0.8999   0.000050  (9.7s)
    14      0.0355     1.0000     0.4353    0.8715   0.8738   0.000050  (8.4s)
    15      0.0333     1.0000     0.3573    0.8942   0.8963   0.000050  (6.9s)
    16      0.0278     1.0000     0.3421    0.8992   0.9030   0.000050  (9.9s)
    17      0.0260     1.0000     0.3469    0.8967   0.8997   0.000050  (7.1s)
    18      0.0240     1.0000     0.3542    0.9043   0.9071   0.000050  (9.6s)
    19      0.0256     0.9996     0.4466    0.8715   0.8759   0.000050  (8.3s)
    20      0.0218     1.0000     0.3651    0.8841   0.8868   0.000050  (9.8s)
    21      0.0189     1.0000     0.3546    0.8942   0.8969   0.000050  (8.8s)
    22      0.0171     1.0000     0.3858    0.8766   0.8783   0.000050  (7.4s)
    23      0.0174     1.0000     0.4010    0.8841   0.8858   0.000050  (9.7s)
    24      0.0154     1.0000     0.3546    0.8942   0.8975   0.000050  (7.0s)
    25      0.0148     0.9996     0.5522    0.8413   0.8426   0.000050  (9.7s)
    26      0.0174     1.0000     0.4040    0.8741   0.8767   0.000050  (8.8s)
    27      0.0181     0.9996     0.4161    0.8866   0.8887   0.000050  (9.6s)
    28      0.0168     1.0000     0.3369    0.9018   0.9044   0.000025  (6.8s)
    29      0.0124     1.0000     0.3517    0.8942   0.8970   0.000025  (7.0s)
    30      0.0120     1.0000     0.3466    0.9018   0.9051   0.000025  (7.8s)
    31      0.0121     1.0000     0.3488    0.8992   0.9019   0.000025  (7.7s)
    32      0.0126     1.0000     0.4277    0.8766   0.8776   0.000025  (8.5s)
    33      0.0126     1.0000     0.3386    0.9018   0.9042   0.000025  (8.0s)

Early stopping at epoch 33. Best epoch: 18 (val_f1=0.9071)

Best: epoch 18, val_acc=0.9043, val_f1=0.9071
Model saved: /mnt/extended-home/fitra_dosen/2025_iris_fer_taufik/MultimodalEmoLearn/models/benchmark/kdef_samplelevel/_tmp/m.pth
Test Loss: 0.2578
Test Accuracy: 0.9252
Test Macro F1:    0.9250
Test Micro F1:    0.9252
Test Weighted F1: 0.9250

Classification Report:
              precision    recall  f1-score   support

     neutral       0.98      1.00      0.99        42
       happy       1.00      0.98      0.99        42
         sad       0.95      0.93      0.94        42
       angry       0.90      0.90      0.90        42
     fearful       0.87      0.81      0.84        42
   disgusted       0.93      0.90      0.92        42
   surprised       0.85      0.95      0.90        42

    accuracy                           0.93       294
   macro avg       0.93      0.93      0.92       294
weighted avg       0.93      0.93      0.92       294

    [fold 8/10] macro_f1=0.9250 acc=0.9252 (284s)
 Epoch  Train Loss  Train Acc   Val Loss   Val Acc   Val F1         LR
---------------------------------------------------------------------------
     1      1.7152     0.3330     1.2247    0.5693   0.5068   0.000050  (7.1s)
     2      0.9446     0.7228     0.7346    0.7809   0.7636   0.000050  (7.1s)
     3      0.5154     0.8866     0.5379    0.8438   0.8358   0.000050  (7.8s)
     4      0.2994     0.9549     0.4476    0.8690   0.8661   0.000050  (7.6s)
     5      0.1942     0.9821     0.3940    0.8816   0.8777   0.000050  (7.9s)
     6      0.1388     0.9906     0.3701    0.8791   0.8763   0.000050  (7.9s)
     7      0.0981     0.9969     0.3608    0.8917   0.8874   0.000050  (7.8s)
     8      0.0943     0.9933     0.4699    0.8338   0.8185   0.000050  (7.9s)
     9      0.0698     0.9969     0.3079    0.9068   0.9059   0.000050  (7.9s)
    10      0.0618     0.9982     0.2993    0.9118   0.9077   0.000050  (7.8s)
    11      0.0513     0.9991     0.2741    0.9219   0.9208   0.000050  (8.1s)
    12      0.0430     0.9991     0.3110    0.8892   0.8801   0.000050  (8.0s)
    13      0.0413     0.9996     0.2785    0.9144   0.9129   0.000050  (7.8s)
    14      0.0307     1.0000     0.2744    0.9169   0.9127   0.000050  (8.2s)
    15      0.0302     1.0000     0.2703    0.9219   0.9206   0.000050  (7.9s)
    16      0.0287     0.9996     0.2568    0.9169   0.9152   0.000050  (8.1s)
    17      0.0363     0.9973     0.2923    0.9018   0.9004   0.000050  (8.1s)
    18      0.0321     0.9987     0.2679    0.9194   0.9172   0.000050  (7.9s)
    19      0.0336     0.9978     0.2906    0.9219   0.9210   0.000050  (7.8s)
    20      0.0310     0.9978     0.2932    0.9093   0.9053   0.000050  (8.0s)
    21      0.0235     0.9991     0.2662    0.9219   0.9203   0.000050  (7.9s)
    22      0.0227     0.9991     0.2662    0.9118   0.9088   0.000050  (8.4s)
    23      0.0273     0.9960     0.3720    0.8816   0.8796   0.000050  (7.5s)
    24      0.0397     0.9933     0.3686    0.8866   0.8828   0.000050  (7.9s)
    25      0.0354     0.9951     0.3349    0.9018   0.8992   0.000050  (7.8s)
    26      0.0222     0.9996     0.3290    0.8917   0.8878   0.000050  (8.3s)
    27      0.0167     1.0000     0.3198    0.9093   0.9076   0.000050  (8.1s)
    28      0.0209     0.9978     0.3157    0.9093   0.9044   0.000050  (8.4s)
    29      0.0133     1.0000     0.2840    0.9219   0.9195   0.000025  (7.8s)
    30      0.0127     1.0000     0.2785    0.9169   0.9137   0.000025  (7.8s)
    31      0.0129     1.0000     0.2782    0.9194   0.9166   0.000025  (8.0s)
    32      0.0110     1.0000     0.2839    0.9219   0.9181   0.000025  (8.0s)
    33      0.0100     1.0000     0.2703    0.9295   0.9269   0.000025  (8.3s)
    34      0.0092     1.0000     0.2736    0.9144   0.9112   0.000025  (7.5s)
    35      0.0100     1.0000     0.2632    0.9244   0.9219   0.000025  (8.0s)
    36      0.0088     1.0000     0.2652    0.9219   0.9178   0.000025  (5.4s)
    37      0.0092     1.0000     0.2543    0.9345   0.9327   0.000025  (5.6s)
    38      0.0088     1.0000     0.2660    0.9169   0.9134   0.000025  (9.8s)
    39      0.0094     1.0000     0.2587    0.9370   0.9361   0.000025  (7.6s)
    40      0.0088     1.0000     0.2537    0.9295   0.9269   0.000025  (5.8s)
    41      0.0076     1.0000     0.2528    0.9295   0.9274   0.000025  (9.5s)
    42      0.0081     1.0000     0.2556    0.9144   0.9114   0.000025  (8.3s)
    43      0.0075     1.0000     0.2499    0.9345   0.9328   0.000025  (9.6s)
    44      0.0074     1.0000     0.2565    0.9219   0.9202   0.000025  (9.2s)
    45      0.0073     1.0000     0.2469    0.9295   0.9268   0.000025  (9.4s)
    46      0.0080     1.0000     0.2492    0.9270   0.9254   0.000025  (9.8s)
    47      0.0063     1.0000     0.2512    0.9270   0.9248   0.000025  (5.1s)
    48      0.0065     1.0000     0.2531    0.9244   0.9218   0.000025  (9.5s)
    49      0.0066     1.0000     0.2590    0.9320   0.9305   0.000013  (8.7s)
    50      0.0052     1.0000     0.2568    0.9244   0.9216   0.000013  (7.3s)

Best: epoch 39, val_acc=0.9370, val_f1=0.9361
Model saved: /mnt/extended-home/fitra_dosen/2025_iris_fer_taufik/MultimodalEmoLearn/models/benchmark/kdef_samplelevel/_tmp/m.pth
Test Loss: 0.2466
Test Accuracy: 0.9218
Test Macro F1:    0.9216
Test Micro F1:    0.9218
Test Weighted F1: 0.9216

Classification Report:
              precision    recall  f1-score   support

     neutral       0.93      0.98      0.95        42
       happy       1.00      1.00      1.00        42
         sad       0.88      0.88      0.88        42
       angry       0.95      0.86      0.90        42
     fearful       0.81      0.83      0.82        42
   disgusted       0.93      0.98      0.95        42
   surprised       0.95      0.93      0.94        42

    accuracy                           0.92       294
   macro avg       0.92      0.92      0.92       294
weighted avg       0.92      0.92      0.92       294

    [fold 9/10] macro_f1=0.9216 acc=0.9218 (409s)
 Epoch  Train Loss  Train Acc   Val Loss   Val Acc   Val F1         LR
---------------------------------------------------------------------------
     1      1.7412     0.3232     1.2390    0.5844   0.5294   0.000050  (5.8s)
     2      0.9591     0.7058     0.7629    0.7733   0.7606   0.000050  (9.8s)
     3      0.5369     0.8812     0.5508    0.8665   0.8607   0.000050  (7.7s)
     4      0.3169     0.9478     0.4584    0.8690   0.8639   0.000050  (9.7s)
     5      0.1944     0.9826     0.3716    0.9043   0.9042   0.000050  (8.4s)
     6      0.1355     0.9924     0.3397    0.9194   0.9179   0.000050  (9.7s)
     7      0.1024     0.9969     0.3534    0.8866   0.8802   0.000050  (8.6s)
     8      0.0834     0.9969     0.3225    0.8992   0.8968   0.000050  (9.8s)
     9      0.0657     0.9991     0.2985    0.9118   0.9103   0.000050  (9.5s)
    10      0.0544     0.9991     0.3015    0.9219   0.9203   0.000050  (6.1s)
    11      0.0502     0.9996     0.3198    0.8942   0.8948   0.000050  (9.7s)
    12      0.0403     0.9996     0.2797    0.9194   0.9198   0.000050  (8.0s)
    13      0.0425     0.9996     0.2682    0.9169   0.9163   0.000050  (9.8s)
    14      0.0340     1.0000     0.2602    0.9169   0.9162   0.000050  (8.6s)
    15      0.0304     1.0000     0.2650    0.9118   0.9095   0.000050  (6.3s)
    16      0.0277     1.0000     0.2844    0.9018   0.8985   0.000050  (9.7s)
    17      0.0273     1.0000     0.2506    0.9169   0.9152   0.000050  (8.4s)
    18      0.0232     1.0000     0.2446    0.9093   0.9069   0.000050  (9.7s)
    19      0.0235     1.0000     0.2568    0.9093   0.9061   0.000050  (8.6s)
    20      0.0197     1.0000     0.2475    0.9194   0.9175   0.000025  (5.2s)
    21      0.0182     1.0000     0.2478    0.9169   0.9140   0.000025  (9.6s)
    22      0.0180     1.0000     0.2375    0.9244   0.9231   0.000025  (9.2s)
    23      0.0198     1.0000     0.2318    0.9144   0.9131   0.000025  (9.8s)
    24      0.0166     1.0000     0.2372    0.9244   0.9231   0.000025  (9.4s)
    25      0.0159     1.0000     0.2341    0.9244   0.9234   0.000025  (6.5s)
    26      0.0176     1.0000     0.2549    0.9093   0.9067   0.000025  (9.6s)
    27      0.0207     0.9996     0.2603    0.9068   0.9049   0.000025  (7.3s)
    28      0.0149     1.0000     0.2302    0.9244   0.9230   0.000025  (4.8s)
    29      0.0140     1.0000     0.2356    0.9219   0.9201   0.000025  (9.7s)
    30      0.0147     1.0000     0.2235    0.9320   0.9300   0.000025  (9.2s)
    31      0.0127     1.0000     0.2321    0.9244   0.9237   0.000025  (5.9s)
    32      0.0138     1.0000     0.2329    0.9219   0.9201   0.000025  (9.6s)
    33      0.0126     1.0000     0.2149    0.9244   0.9231   0.000025  (8.3s)
    34      0.0141     1.0000     0.2251    0.9244   0.9231   0.000025  (6.6s)
    35      0.0123     1.0000     0.2321    0.9169   0.9151   0.000025  (9.7s)
    36      0.0125     1.0000     0.2106    0.9270   0.9253   0.000025  (7.3s)
    37      0.0121     0.9991     0.2289    0.9194   0.9180   0.000025  (8.3s)
    38      0.0269     0.9960     0.4319    0.8564   0.8629   0.000025  (9.7s)
    39      0.0325     0.9942     0.2634    0.9169   0.9156   0.000025  (4.9s)
    40      0.0161     0.9996     0.2336    0.9169   0.9161   0.000013  (9.7s)
    41      0.0127     0.9996     0.2438    0.9144   0.9132   0.000013  (8.8s)
    42      0.0128     1.0000     0.2287    0.9244   0.9223   0.000013  (5.8s)
    43      0.0110     1.0000     0.2265    0.9219   0.9208   0.000013  (9.7s)
    44      0.0104     1.0000     0.2194    0.9270   0.9254   0.000013  (8.0s)
    45      0.0099     1.0000     0.2213    0.9270   0.9253   0.000013  (9.5s)

Early stopping at epoch 45. Best epoch: 30 (val_f1=0.9300)

Best: epoch 30, val_acc=0.9320, val_f1=0.9300
Model saved: /mnt/extended-home/fitra_dosen/2025_iris_fer_taufik/MultimodalEmoLearn/models/benchmark/kdef_samplelevel/_tmp/m.pth
Test Loss: 0.2268
Test Accuracy: 0.9286
Test Macro F1:    0.9279
Test Micro F1:    0.9286
Test Weighted F1: 0.9279

Classification Report:
              precision    recall  f1-score   support

     neutral       0.91      1.00      0.95        42
       happy       1.00      1.00      1.00        42
         sad       0.95      0.86      0.90        42
       angry       0.90      0.88      0.89        42
     fearful       0.90      0.86      0.88        42
   disgusted       0.91      0.95      0.93        42
   surprised       0.93      0.95      0.94        42

    accuracy                           0.93       294
   macro avg       0.93      0.93      0.93       294
weighted avg       0.93      0.93      0.93       294

    [fold 10/10] macro_f1=0.9279 acc=0.9286 (384s)

  cv10: acc=0.9157±0.0122  macro_f1=0.9151±0.0127  -> saved kdef_7c_cv10_earlyfusion_b1.json

Done.
