Device: cuda

##### CKPLUS: N=636, kelas=7 (sample-level) #####

================================================================
  CKPLUS 7c — Early Fusion concat — randomsplit (5 folds)
================================================================
 Epoch  Train Loss  Train Acc   Val Loss   Val Acc   Val F1         LR
---------------------------------------------------------------------------
     1      1.9568     0.1995     1.8999    0.1711   0.1443   0.000050  (24.3s)
     2      1.6537     0.3822     1.8015    0.2895   0.2415   0.000050  (1.8s)
     3      1.3593     0.5793     1.5861    0.4474   0.3371   0.000050  (1.8s)
     4      1.1896     0.6298     1.4092    0.5000   0.3991   0.000050  (1.6s)
     5      0.9396     0.7764     1.2492    0.5658   0.4692   0.000050  (1.5s)
     6      0.8025     0.7933     1.1760    0.5921   0.4955   0.000050  (1.6s)
     7      0.6806     0.8654     1.1432    0.5921   0.6789   0.000050  (1.8s)
     8      0.5649     0.9135     1.0446    0.6447   0.5552   0.000050  (1.5s)
     9      0.4720     0.9231     0.9203    0.6711   0.5631   0.000050  (1.6s)
    10      0.4152     0.9471     0.9306    0.6974   0.7116   0.000050  (1.8s)
    11      0.3576     0.9591     0.8910    0.6974   0.7234   0.000050  (1.9s)
    12      0.3110     0.9639     0.8279    0.7105   0.6822   0.000050  (1.6s)
    13      0.2863     0.9712     0.8264    0.6711   0.5748   0.000050  (1.6s)
    14      0.2427     0.9760     0.7529    0.7237   0.7076   0.000050  (1.8s)
    15      0.2187     0.9880     0.7417    0.7368   0.5733   0.000050  (1.6s)
    16      0.1983     0.9856     0.7341    0.7368   0.5964   0.000050  (1.6s)
    17      0.1824     0.9784     0.6499    0.7895   0.6360   0.000050  (1.6s)
    18      0.1517     0.9952     0.6136    0.8158   0.7824   0.000050  (1.6s)
    19      0.1396     0.9928     0.6180    0.7763   0.5964   0.000050  (1.8s)
    20      0.1252     0.9952     0.6378    0.8289   0.8098   0.000050  (1.8s)
    21      0.1306     0.9928     0.5688    0.8289   0.7505   0.000050  (2.3s)
    22      0.1191     0.9928     0.5679    0.8421   0.7572   0.000050  (1.6s)
    23      0.1052     0.9928     0.5708    0.8158   0.7804   0.000050  (1.6s)
    24      0.1032     0.9904     0.5939    0.8289   0.8131   0.000050  (1.5s)
    25      0.0894     1.0000     0.5583    0.8553   0.8300   0.000050  (1.5s)
    26      0.1211     0.9880     0.5454    0.8421   0.7603   0.000050  (1.6s)
    27      0.0872     0.9928     0.4975    0.8816   0.8237   0.000050  (1.5s)
    28      0.0791     1.0000     0.5456    0.8553   0.8094   0.000050  (1.7s)
    29      0.0790     0.9976     0.4857    0.8684   0.7015   0.000050  (1.7s)
    30      0.0778     1.0000     0.4835    0.8816   0.7161   0.000050  (1.5s)
    31      0.0738     0.9976     0.5103    0.8684   0.8350   0.000050  (1.5s)
    32      0.0765     1.0000     0.5053    0.8816   0.8461   0.000050  (1.5s)
    33      0.0599     1.0000     0.5320    0.8553   0.8169   0.000050  (1.9s)
    34      0.0690     0.9976     0.4815    0.8684   0.7015   0.000050  (1.7s)
    35      0.0744     0.9952     0.4901    0.8684   0.8325   0.000050  (1.8s)
    36      0.0678     1.0000     0.4300    0.8816   0.8426   0.000050  (1.5s)
    37      0.0602     0.9952     0.4361    0.8816   0.8426   0.000050  (1.6s)
    38      0.0625     0.9928     0.4735    0.8684   0.8103   0.000050  (1.6s)
    39      0.0582     1.0000     0.4849    0.8684   0.8103   0.000050  (1.8s)
    40      0.0666     0.9952     0.4699    0.8553   0.8008   0.000050  (1.4s)
    41      0.0740     0.9928     0.4834    0.8289   0.8129   0.000050  (1.6s)
    42      0.0540     0.9976     0.4520    0.8553   0.6793   0.000025  (1.8s)
    43      0.0550     0.9952     0.4572    0.8816   0.8405   0.000025  (1.5s)
    44      0.0517     1.0000     0.4596    0.8947   0.8408   0.000025  (1.6s)
    45      0.0524     1.0000     0.4637    0.8816   0.8249   0.000025  (1.6s)
    46      0.0514     0.9976     0.4663    0.8816   0.8227   0.000025  (1.6s)
    47      0.0421     1.0000     0.4504    0.8816   0.8227   0.000025  (1.8s)

Early stopping at epoch 47. Best epoch: 32 (val_f1=0.8461)

Best: epoch 32, val_acc=0.8816, val_f1=0.8461
Model saved: /mnt/extended-home/fitra_dosen/2025_iris_fer_taufik/MultimodalEmoLearn/models/benchmark/ckplus_samplelevel/_tmp/m.pth
Test Loss: 0.3597
Test Accuracy: 0.8594
Test Macro F1:    0.7673
Test Micro F1:    0.8594
Test Weighted F1: 0.8699

Classification Report:
              precision    recall  f1-score   support

     neutral       0.97      0.86      0.91        66
       happy       1.00      0.86      0.92        14
         sad       0.33      0.40      0.36         5
       angry       0.43      0.67      0.52         9
     fearful       0.67      0.80      0.73         5
   disgusted       0.86      1.00      0.92        12
   surprised       1.00      1.00      1.00        17

    accuracy                           0.86       128
   macro avg       0.75      0.80      0.77       128
weighted avg       0.89      0.86      0.87       128

    [fold 1/5] macro_f1=0.7673 acc=0.8594 (110s)
 Epoch  Train Loss  Train Acc   Val Loss   Val Acc   Val F1         LR
---------------------------------------------------------------------------
     1      1.9673     0.1971     1.8499    0.2237   0.1131   0.000050  (1.8s)
     2      1.6490     0.3774     1.6908    0.4079   0.3703   0.000050  (1.6s)
     3      1.4108     0.5337     1.4759    0.5395   0.4194   0.000050  (1.7s)
     4      1.1480     0.6683     1.2445    0.7105   0.5515   0.000050  (1.6s)
     5      0.9479     0.7620     1.0652    0.7500   0.5947   0.000050  (1.6s)
     6      0.8434     0.8029     0.9153    0.8026   0.6288   0.000050  (1.5s)
     7      0.7128     0.8221     0.8230    0.8421   0.6648   0.000050  (1.5s)
     8      0.5905     0.9062     0.8737    0.7500   0.6207   0.000050  (1.7s)
     9      0.5141     0.9303     0.7088    0.7895   0.6333   0.000050  (2.0s)
    10      0.4190     0.9471     0.5989    0.8158   0.6114   0.000050  (1.9s)
    11      0.3790     0.9375     0.5988    0.7895   0.6036   0.000050  (2.0s)
    12      0.3301     0.9591     0.6236    0.8289   0.6745   0.000050  (1.7s)
    13      0.2701     0.9808     0.4468    0.8684   0.6790   0.000050  (1.6s)
    14      0.2452     0.9784     0.4086    0.8816   0.7275   0.000050  (1.7s)
    15      0.2103     0.9832     0.4057    0.8816   0.6784   0.000050  (1.8s)
    16      0.2021     0.9832     0.3233    0.9211   0.7301   0.000050  (1.7s)
    17      0.1776     0.9856     0.3237    0.8947   0.7080   0.000050  (1.5s)
    18      0.1661     0.9856     0.2864    0.8816   0.6742   0.000050  (1.7s)
    19      0.1662     0.9856     0.3511    0.8816   0.5995   0.000050  (2.4s)
    20      0.1521     0.9856     0.2361    0.9211   0.7301   0.000050  (1.5s)
    21      0.1163     0.9976     0.2477    0.9342   0.8074   0.000050  (1.5s)
    22      0.1110     0.9928     0.2709    0.9211   0.7233   0.000050  (1.5s)
    23      0.1170     0.9928     0.2479    0.9342   0.7658   0.000050  (1.8s)
    24      0.1093     0.9976     0.2145    0.9342   0.8041   0.000050  (2.5s)
    25      0.0878     0.9952     0.2406    0.9342   0.8244   0.000050  (1.7s)
    26      0.1011     0.9976     0.2647    0.9079   0.6452   0.000050  (1.6s)
    27      0.0931     1.0000     0.2232    0.9474   0.8056   0.000050  (1.6s)
    28      0.0947     0.9976     0.2254    0.9342   0.7920   0.000050  (1.6s)
    29      0.0695     1.0000     0.2107    0.9474   0.8423   0.000050  (1.6s)
    30      0.0734     0.9928     0.2037    0.9342   0.7920   0.000050  (2.4s)
    31      0.0665     0.9976     0.2336    0.9342   0.7658   0.000050  (1.6s)
    32      0.0668     0.9976     0.2278    0.9342   0.7920   0.000050  (1.5s)
    33      0.0568     1.0000     0.2267    0.9342   0.7274   0.000050  (1.5s)
    34      0.0516     1.0000     0.2187    0.9342   0.7274   0.000050  (1.8s)
    35      0.0716     0.9952     0.2398    0.9211   0.7807   0.000050  (1.9s)
    36      0.0606     1.0000     0.1813    0.9342   0.8301   0.000050  (1.5s)
    37      0.0626     1.0000     0.1675    0.9605   0.8559   0.000050  (1.5s)
    38      0.0599     0.9976     0.2102    0.9474   0.8056   0.000050  (1.5s)
    39      0.0553     1.0000     0.2207    0.9211   0.7467   0.000050  (1.6s)
    40      0.0540     1.0000     0.1927    0.9605   0.8492   0.000050  (2.5s)
    41      0.0405     1.0000     0.1786    0.9605   0.8492   0.000050  (2.1s)
    42      0.0508     0.9976     0.1814    0.9605   0.8492   0.000050  (1.6s)
    43      0.0432     1.0000     0.1886    0.9605   0.8492   0.000050  (1.5s)
    44      0.0545     0.9952     0.1695    0.9605   0.8492   0.000050  (1.7s)
    45      0.0496     0.9952     0.1633    0.9605   0.8556   0.000050  (1.5s)
    46      0.0503     0.9976     0.2096    0.9211   0.7682   0.000050  (1.9s)
    47      0.0448     1.0000     0.2091    0.9342   0.7920   0.000025  (1.7s)
    48      0.0512     1.0000     0.1984    0.9342   0.7784   0.000025  (1.6s)
    49      0.0383     1.0000     0.1880    0.9474   0.8056   0.000025  (1.7s)
    50      0.0472     1.0000     0.1595    0.9605   0.8492   0.000025  (1.8s)

Best: epoch 37, val_acc=0.9605, val_f1=0.8559
Model saved: /mnt/extended-home/fitra_dosen/2025_iris_fer_taufik/MultimodalEmoLearn/models/benchmark/ckplus_samplelevel/_tmp/m.pth
Test Loss: 0.4078
Test Accuracy: 0.8984
Test Macro F1:    0.7362
Test Micro F1:    0.8984
Test Weighted F1: 0.8815

Classification Report:
              precision    recall  f1-score   support

     neutral       0.89      0.98      0.94        66
       happy       1.00      0.93      0.96        14
         sad       0.00      0.00      0.00         5
       angry       0.62      0.56      0.59         9
     fearful       0.75      0.60      0.67         5
   disgusted       1.00      1.00      1.00        12
   surprised       1.00      1.00      1.00        17

    accuracy                           0.90       128
   macro avg       0.75      0.72      0.74       128
weighted avg       0.87      0.90      0.88       128

    [fold 2/5] macro_f1=0.7362 acc=0.8984 (92s)
 Epoch  Train Loss  Train Acc   Val Loss   Val Acc   Val F1         LR
---------------------------------------------------------------------------
     1      1.9451     0.2356     1.8464    0.2105   0.1323   0.000050  (1.7s)
     2      1.6181     0.4062     1.6672    0.4474   0.3017   0.000050  (2.5s)
     3      1.3594     0.5433     1.4618    0.5263   0.3241   0.000050  (1.8s)
     4      1.1132     0.7115     1.3122    0.5395   0.3481   0.000050  (1.8s)
     5      0.9712     0.7236     1.1361    0.6316   0.4231   0.000050  (1.8s)
     6      0.7710     0.8486     1.0045    0.6842   0.4801   0.000050  (1.9s)
     7      0.6795     0.8750     0.9874    0.7105   0.4976   0.000050  (1.8s)
     8      0.5328     0.9159     0.8985    0.7237   0.5013   0.000050  (1.9s)
     9      0.4824     0.9231     0.7826    0.7105   0.5104   0.000050  (1.6s)
    10      0.4344     0.9183     0.7283    0.7500   0.5393   0.000050  (1.8s)
    11      0.3275     0.9615     0.6588    0.8026   0.6111   0.000050  (1.5s)
    12      0.2904     0.9736     0.6554    0.7895   0.5255   0.000050  (1.8s)
    13      0.2304     0.9832     0.5242    0.8289   0.5558   0.000050  (1.6s)
    14      0.2250     0.9808     0.4991    0.8421   0.6480   0.000050  (1.8s)
    15      0.2035     0.9856     0.4350    0.8816   0.7620   0.000050  (1.8s)
    16      0.1590     0.9928     0.4372    0.8816   0.7142   0.000050  (1.7s)
    17      0.1693     0.9880     0.4071    0.8816   0.7032   0.000050  (1.8s)
    18      0.1703     0.9808     0.4118    0.8816   0.7017   0.000050  (1.7s)
    19      0.1466     0.9880     0.3802    0.9079   0.7669   0.000050  (1.8s)
    20      0.1245     0.9928     0.3817    0.9079   0.7590   0.000050  (1.8s)
    21      0.1146     0.9976     0.3677    0.9079   0.7669   0.000050  (1.7s)
    22      0.1044     1.0000     0.3686    0.9079   0.7466   0.000050  (1.8s)
    23      0.0954     1.0000     0.3698    0.9079   0.7590   0.000050  (1.8s)
    24      0.1151     0.9880     0.3707    0.9079   0.7605   0.000050  (1.8s)
    25      0.0862     0.9976     0.3839    0.8816   0.7159   0.000050  (1.7s)
    26      0.0969     0.9952     0.3791    0.8947   0.7414   0.000050  (1.9s)
    27      0.0757     0.9976     0.3697    0.8816   0.7158   0.000050  (1.8s)
    28      0.0814     0.9976     0.3528    0.8947   0.7761   0.000050  (1.8s)
    29      0.0822     0.9976     0.3551    0.8947   0.7270   0.000050  (1.7s)
    30      0.0619     1.0000     0.3515    0.8947   0.7355   0.000050  (1.7s)
    31      0.0753     0.9952     0.3228    0.9079   0.7387   0.000050  (2.2s)
    32      0.0715     0.9952     0.3336    0.8816   0.7206   0.000050  (2.4s)
    33      0.0630     1.0000     0.3015    0.9211   0.8141   0.000050  (1.7s)
    34      0.0660     0.9952     0.3084    0.9079   0.7379   0.000050  (1.8s)
    35      0.0619     0.9976     0.3257    0.8947   0.7349   0.000050  (1.8s)
    36      0.0497     1.0000     0.3291    0.8947   0.7349   0.000050  (1.8s)
    37      0.0561     1.0000     0.3178    0.9079   0.7935   0.000050  (1.7s)
    38      0.0573     1.0000     0.3146    0.9079   0.7291   0.000050  (1.7s)
    39      0.0515     1.0000     0.2924    0.9079   0.7379   0.000050  (1.7s)
    40      0.0613     0.9976     0.3274    0.8947   0.7728   0.000050  (1.8s)
    41      0.0537     1.0000     0.3024    0.8816   0.7003   0.000050  (1.7s)
    42      0.0534     0.9976     0.3167    0.8816   0.6920   0.000050  (1.8s)
    43      0.0613     0.9952     0.3010    0.8947   0.7296   0.000025  (1.8s)
    44      0.0416     1.0000     0.3004    0.8947   0.7081   0.000025  (1.6s)
    45      0.0533     1.0000     0.3010    0.8816   0.7090   0.000025  (1.6s)
    46      0.0492     1.0000     0.3015    0.8947   0.7296   0.000025  (1.9s)
    47      0.0428     1.0000     0.3158    0.8947   0.7296   0.000025  (1.9s)
    48      0.0470     0.9976     0.3123    0.8947   0.7296   0.000025  (1.6s)

Early stopping at epoch 48. Best epoch: 33 (val_f1=0.8141)

Best: epoch 33, val_acc=0.9211, val_f1=0.8141
Model saved: /mnt/extended-home/fitra_dosen/2025_iris_fer_taufik/MultimodalEmoLearn/models/benchmark/ckplus_samplelevel/_tmp/m.pth
Test Loss: 0.3310
Test Accuracy: 0.8984
Test Macro F1:    0.7860
Test Micro F1:    0.8984
Test Weighted F1: 0.8923

Classification Report:
              precision    recall  f1-score   support

     neutral       0.90      0.97      0.93        66
       happy       0.93      1.00      0.97        14
         sad       0.40      0.40      0.40         5
       angry       0.86      0.67      0.75         9
     fearful       1.00      0.40      0.57         5
   disgusted       1.00      0.83      0.91        12
   surprised       0.94      1.00      0.97        17

    accuracy                           0.90       128
   macro avg       0.86      0.75      0.79       128
weighted avg       0.90      0.90      0.89       128

    [fold 3/5] macro_f1=0.7860 acc=0.8984 (92s)
 Epoch  Train Loss  Train Acc   Val Loss   Val Acc   Val F1         LR
---------------------------------------------------------------------------
     1      1.9875     0.2139     1.9370    0.0789   0.0676   0.000050  (1.7s)
     2      1.6272     0.3774     1.7421    0.3553   0.2417   0.000050  (1.8s)
     3      1.3203     0.5721     1.5205    0.4474   0.3768   0.000050  (1.6s)
     4      1.1552     0.6538     1.3991    0.4605   0.3947   0.000050  (1.8s)
     5      0.9754     0.7572     1.3003    0.4868   0.3949   0.000050  (2.5s)
     6      0.8206     0.8029     1.1287    0.6184   0.5157   0.000050  (1.8s)
     7      0.7169     0.8438     1.0291    0.6711   0.5707   0.000050  (1.8s)
     8      0.5750     0.8942     0.9372    0.7105   0.6216   0.000050  (1.7s)
     9      0.4787     0.9351     0.8941    0.6974   0.5928   0.000050  (1.6s)
    10      0.4404     0.9303     0.8025    0.7368   0.6093   0.000050  (1.7s)
    11      0.3805     0.9471     0.7830    0.7500   0.6190   0.000050  (1.5s)
    12      0.3266     0.9615     0.7297    0.7632   0.6295   0.000050  (1.7s)
    13      0.2616     0.9712     0.7377    0.7237   0.6209   0.000050  (1.7s)
    14      0.2269     0.9832     0.6779    0.8158   0.7102   0.000050  (1.6s)
    15      0.2041     0.9808     0.6232    0.7895   0.6400   0.000050  (1.6s)
    16      0.1978     0.9784     0.6134    0.8289   0.6739   0.000050  (1.7s)
    17      0.2096     0.9736     0.6153    0.8158   0.6680   0.000050  (1.6s)
    18      0.1563     0.9904     0.5285    0.8289   0.6601   0.000050  (1.6s)
    19      0.1553     0.9856     0.4863    0.8289   0.6437   0.000050  (1.6s)
    20      0.1451     0.9904     0.5487    0.8289   0.6852   0.000050  (1.9s)
    21      0.1284     0.9928     0.5321    0.8289   0.6102   0.000050  (1.9s)
    22      0.1419     0.9880     0.4592    0.8553   0.6757   0.000050  (1.6s)
    23      0.1120     0.9952     0.4642    0.8421   0.6495   0.000050  (1.6s)
    24      0.1186     0.9904     0.4759    0.8421   0.6435   0.000025  (1.5s)
    25      0.1216     0.9928     0.4657    0.8421   0.6435   0.000025  (1.8s)
    26      0.1000     0.9928     0.5158    0.8553   0.7095   0.000025  (1.7s)
    27      0.0971     0.9976     0.5134    0.8553   0.7095   0.000025  (1.7s)
    28      0.0951     1.0000     0.4677    0.8421   0.6435   0.000025  (1.8s)
    29      0.0977     0.9928     0.4522    0.8421   0.6435   0.000025  (1.7s)

Early stopping at epoch 29. Best epoch: 14 (val_f1=0.7102)

Best: epoch 14, val_acc=0.8158, val_f1=0.7102
Model saved: /mnt/extended-home/fitra_dosen/2025_iris_fer_taufik/MultimodalEmoLearn/models/benchmark/ckplus_samplelevel/_tmp/m.pth
Test Loss: 0.5414
Test Accuracy: 0.8359
Test Macro F1:    0.6363
Test Micro F1:    0.8359
Test Weighted F1: 0.8239

Classification Report:
              precision    recall  f1-score   support

     neutral       0.93      0.95      0.94        66
       happy       0.83      0.71      0.77        14
         sad       0.17      0.20      0.18         5
       angry       1.00      0.22      0.36         9
     fearful       0.40      0.40      0.40         5
   disgusted       0.71      1.00      0.83        12
   surprised       0.94      1.00      0.97        17

    accuracy                           0.84       128
   macro avg       0.71      0.64      0.64       128
weighted avg       0.85      0.84      0.82       128

    [fold 4/5] macro_f1=0.6363 acc=0.8359 (54s)
 Epoch  Train Loss  Train Acc   Val Loss   Val Acc   Val F1         LR
---------------------------------------------------------------------------
     1      1.9440     0.2091     1.8532    0.2105   0.1665   0.000050  (1.5s)
     2      1.6576     0.3774     1.6378    0.3553   0.2243   0.000050  (1.6s)
     3      1.3752     0.5312     1.4005    0.5263   0.4092   0.000050  (1.6s)
     4      1.1885     0.6274     1.2921    0.5395   0.4106   0.000050  (1.5s)
     5      0.9651     0.7452     1.2145    0.5658   0.4619   0.000050  (1.7s)
     6      0.7547     0.8558     1.1265    0.6447   0.5059   0.000050  (1.5s)
     7      0.6581     0.8822     1.0339    0.6579   0.5218   0.000050  (1.4s)
     8      0.5589     0.9111     1.0570    0.6053   0.4900   0.000050  (1.9s)
     9      0.4743     0.9159     0.8701    0.6842   0.5537   0.000050  (1.7s)
    10      0.3901     0.9495     0.8822    0.6447   0.5385   0.000050  (1.6s)
    11      0.3807     0.9375     0.8116    0.7237   0.6380   0.000050  (1.6s)
    12      0.3124     0.9736     0.7306    0.7368   0.5912   0.000050  (2.3s)
    13      0.2919     0.9639     0.7142    0.7368   0.5750   0.000050  (1.8s)
    14      0.2481     0.9663     0.5717    0.7895   0.5914   0.000050  (1.8s)
    15      0.2197     0.9688     0.5842    0.8026   0.5938   0.000050  (1.5s)
    16      0.2052     0.9784     0.6017    0.7763   0.5907   0.000050  (1.5s)
    17      0.1599     0.9928     0.4772    0.8289   0.5826   0.000050  (1.7s)
    18      0.1539     0.9856     0.4737    0.8553   0.6714   0.000050  (1.6s)
    19      0.1522     0.9856     0.5279    0.8421   0.6744   0.000050  (1.5s)
    20      0.1356     0.9952     0.5218    0.8421   0.6864   0.000050  (1.8s)
    21      0.1190     0.9928     0.4570    0.8684   0.6732   0.000050  (1.6s)
    22      0.1142     0.9928     0.4679    0.8816   0.7146   0.000050  (1.6s)
    23      0.1126     0.9952     0.4628    0.8684   0.7110   0.000050  (1.8s)
    24      0.1165     0.9880     0.4225    0.8684   0.6511   0.000050  (1.9s)
    25      0.0967     0.9976     0.4293    0.8816   0.7272   0.000050  (1.6s)
    26      0.1110     0.9880     0.4522    0.8421   0.6495   0.000050  (1.6s)
    27      0.0928     0.9976     0.4007    0.8684   0.6725   0.000050  (1.8s)
    28      0.0985     0.9928     0.4035    0.8684   0.6384   0.000050  (1.6s)
    29      0.0860     0.9928     0.5311    0.8289   0.6730   0.000050  (1.7s)
    30      0.0808     1.0000     0.3895    0.8816   0.7153   0.000050  (1.5s)
    31      0.0727     0.9976     0.4107    0.8816   0.7098   0.000050  (1.6s)
    32      0.0728     1.0000     0.4939    0.8158   0.5934   0.000050  (1.5s)
    33      0.0708     0.9976     0.4030    0.8816   0.6254   0.000050  (1.7s)
    34      0.0578     1.0000     0.3750    0.8947   0.7258   0.000050  (1.7s)
    35      0.0825     0.9928     0.3793    0.8816   0.6876   0.000025  (1.5s)
    36      0.0627     1.0000     0.3735    0.9079   0.7702   0.000025  (1.6s)
    37      0.0601     0.9976     0.3726    0.9079   0.7702   0.000025  (1.7s)
    38      0.0654     0.9976     0.3668    0.9079   0.7426   0.000025  (1.6s)
    39      0.0508     1.0000     0.3646    0.9079   0.7702   0.000025  (1.8s)
    40      0.0566     0.9976     0.3668    0.8947   0.7542   0.000025  (1.8s)
    41      0.0520     0.9976     0.3636    0.8947   0.7258   0.000025  (1.8s)
    42      0.0526     0.9976     0.3636    0.8947   0.7036   0.000025  (1.7s)
    43      0.0494     1.0000     0.3503    0.8947   0.7219   0.000025  (1.7s)
    44      0.0452     1.0000     0.3512    0.8947   0.7258   0.000025  (1.7s)
    45      0.0532     1.0000     0.3734    0.9211   0.7567   0.000025  (1.5s)
    46      0.0485     1.0000     0.3590    0.9079   0.7426   0.000013  (1.8s)
    47      0.0477     1.0000     0.3532    0.8947   0.7258   0.000013  (1.5s)
    48      0.0505     1.0000     0.3608    0.8947   0.7258   0.000013  (1.7s)
    49      0.0466     1.0000     0.3599    0.8947   0.7258   0.000013  (1.6s)
    50      0.0518     0.9976     0.3604    0.8947   0.7258   0.000013  (1.6s)

Best: epoch 36, val_acc=0.9079, val_f1=0.7702
Model saved: /mnt/extended-home/fitra_dosen/2025_iris_fer_taufik/MultimodalEmoLearn/models/benchmark/ckplus_samplelevel/_tmp/m.pth
Test Loss: 0.3863
Test Accuracy: 0.8750
Test Macro F1:    0.7454
Test Micro F1:    0.8750
Test Weighted F1: 0.8629

Classification Report:
              precision    recall  f1-score   support

     neutral       0.87      1.00      0.93        66
       happy       1.00      0.79      0.88        14
         sad       0.50      0.40      0.44         5
       angry       0.80      0.44      0.57         9
     fearful       1.00      0.40      0.57         5
   disgusted       0.85      0.92      0.88        12
   surprised       0.94      0.94      0.94        17

    accuracy                           0.88       128
   macro avg       0.85      0.70      0.75       128
weighted avg       0.88      0.88      0.86       128

    [fold 5/5] macro_f1=0.7454 acc=0.8750 (89s)
  randomsplit: macro_f1=0.7342±0.0519  acc=0.8734±0.0239  -> saved ckplus_7c_randomsplit_earlyfusion_b3.json

================================================================
  CKPLUS 7c — Early Fusion concat — cv10 (10 folds)
================================================================
 Epoch  Train Loss  Train Acc   Val Loss   Val Acc   Val F1         LR
---------------------------------------------------------------------------
     1      1.8937     0.2583     1.8702    0.1647   0.1081   0.000050  (1.9s)
     2      1.6334     0.3937     1.6278    0.4706   0.3119   0.000050  (1.6s)
     3      1.2757     0.6271     1.3996    0.4353   0.2857   0.000050  (1.8s)
     4      1.0572     0.6854     1.2191    0.5294   0.3173   0.000050  (1.9s)
     5      0.8944     0.7500     1.1075    0.6824   0.4829   0.000050  (1.8s)
     6      0.7099     0.8500     0.9796    0.7176   0.5262   0.000050  (1.8s)
     7      0.6061     0.8604     0.9348    0.7059   0.5422   0.000050  (1.8s)
     8      0.4778     0.9229     0.8704    0.7059   0.5068   0.000050  (1.8s)
     9      0.4377     0.9292     0.8072    0.7294   0.5006   0.000050  (1.7s)
    10      0.3454     0.9542     0.6993    0.7412   0.5413   0.000050  (2.4s)
    11      0.2796     0.9667     0.6842    0.7294   0.5173   0.000050  (2.0s)
    12      0.2396     0.9708     0.7064    0.7294   0.5540   0.000050  (1.8s)
    13      0.2387     0.9667     0.5901    0.7529   0.5101   0.000050  (2.0s)
    14      0.1842     0.9854     0.5761    0.8235   0.6367   0.000050  (2.6s)
    15      0.1674     0.9938     0.5402    0.8000   0.5983   0.000050  (1.8s)
    16      0.1714     0.9854     0.5057    0.8118   0.5618   0.000050  (1.8s)
    17      0.1571     0.9854     0.5296    0.8118   0.6293   0.000050  (1.9s)
    18      0.1176     0.9938     0.5037    0.8235   0.6330   0.000050  (1.9s)
    19      0.1246     0.9896     0.4875    0.8118   0.5929   0.000050  (1.7s)
    20      0.1127     0.9875     0.5032    0.8353   0.6456   0.000050  (1.8s)
    21      0.1074     0.9917     0.4584    0.8471   0.6329   0.000050  (1.8s)
    22      0.1042     0.9938     0.4474    0.8471   0.6329   0.000050  (1.8s)
    23      0.0823     0.9979     0.4690    0.8353   0.6383   0.000050  (1.7s)
    24      0.0744     0.9979     0.4831    0.8000   0.6095   0.000050  (1.7s)
    25      0.1062     0.9896     0.4491    0.8471   0.6467   0.000050  (1.8s)
    26      0.0792     0.9917     0.4492    0.8353   0.6493   0.000050  (1.7s)
    27      0.0953     0.9938     0.4198    0.8706   0.6670   0.000050  (1.7s)
    28      0.0661     1.0000     0.4171    0.8588   0.6579   0.000050  (1.7s)
    29      0.0730     0.9958     0.3990    0.8706   0.6733   0.000050  (1.6s)
    30      0.0645     0.9979     0.4203    0.8588   0.6538   0.000050  (1.7s)
    31      0.0678     0.9958     0.4426    0.8706   0.6672   0.000050  (1.8s)
    32      0.0611     0.9979     0.4205    0.8588   0.6437   0.000050  (1.8s)
    33      0.0705     0.9979     0.4133    0.8471   0.6307   0.000050  (2.2s)
    34      0.0579     0.9979     0.4288    0.8471   0.6300   0.000050  (2.0s)
    35      0.0506     0.9979     0.4195    0.8706   0.6745   0.000050  (1.8s)
    36      0.0508     0.9979     0.4052    0.8471   0.6724   0.000050  (1.7s)
    37      0.0666     0.9938     0.4212    0.8588   0.6579   0.000050  (1.7s)
    38      0.0547     0.9979     0.4326    0.8471   0.6478   0.000050  (1.8s)
    39      0.0497     1.0000     0.4638    0.8235   0.6317   0.000050  (1.9s)
    40      0.0573     0.9958     0.4608    0.8588   0.6627   0.000050  (1.9s)
    41      0.0579     0.9979     0.4505    0.8706   0.6682   0.000050  (1.9s)
    42      0.0440     0.9979     0.3859    0.8471   0.6522   0.000050  (1.7s)
    43      0.0471     1.0000     0.4297    0.8824   0.6839   0.000050  (1.7s)
    44      0.0530     0.9979     0.3598    0.8824   0.6920   0.000050  (1.6s)
    45      0.0422     1.0000     0.3748    0.8588   0.6569   0.000050  (1.6s)
    46      0.0399     1.0000     0.4134    0.8471   0.6359   0.000050  (1.8s)
    47      0.0422     0.9979     0.4186    0.8588   0.6567   0.000050  (1.9s)
    48      0.0370     1.0000     0.4265    0.8588   0.6579   0.000050  (1.8s)
    49      0.0412     0.9979     0.4808    0.8353   0.6221   0.000050  (1.7s)
    50      0.0343     1.0000     0.4446    0.8824   0.6967   0.000050  (1.7s)

Best: epoch 50, val_acc=0.8824, val_f1=0.6967
Model saved: /mnt/extended-home/fitra_dosen/2025_iris_fer_taufik/MultimodalEmoLearn/models/benchmark/ckplus_samplelevel/_tmp/m.pth
Test Loss: 0.2057
Test Accuracy: 0.9375
Test Macro F1:    0.8793
Test Micro F1:    0.9375
Test Weighted F1: 0.9332

Classification Report:
              precision    recall  f1-score   support

     neutral       0.94      0.97      0.96        33
       happy       1.00      1.00      1.00         7
         sad       0.50      0.33      0.40         3
       angry       0.80      0.80      0.80         5
     fearful       1.00      1.00      1.00         2
   disgusted       1.00      1.00      1.00         6
   surprised       1.00      1.00      1.00         8

    accuracy                           0.94        64
   macro avg       0.89      0.87      0.88        64
weighted avg       0.93      0.94      0.93        64

    [fold 1/10] macro_f1=0.8793 acc=0.9375 (97s)
 Epoch  Train Loss  Train Acc   Val Loss   Val Acc   Val F1         LR
---------------------------------------------------------------------------
     1      1.9494     0.2333     1.8721    0.2706   0.1796   0.000050  (1.7s)
     2      1.6175     0.4313     1.6663    0.3412   0.2702   0.000050  (1.8s)
     3      1.3107     0.5958     1.4422    0.5294   0.4524   0.000050  (1.8s)
     4      1.0612     0.7042     1.2472    0.6118   0.4668   0.000050  (1.6s)
     5      0.8913     0.7625     1.0262    0.6471   0.4842   0.000050  (1.8s)
     6      0.7099     0.8500     0.9571    0.6118   0.4595   0.000050  (1.5s)
     7      0.6026     0.8958     0.9113    0.6824   0.5476   0.000050  (1.6s)
     8      0.5030     0.9229     0.9559    0.6941   0.5865   0.000050  (1.5s)
     9      0.4107     0.9271     0.8779    0.7294   0.6238   0.000050  (1.6s)
    10      0.3885     0.9333     0.7962    0.7294   0.6002   0.000050  (1.5s)
    11      0.3042     0.9667     0.7063    0.7647   0.6284   0.000050  (1.8s)
    12      0.2649     0.9667     0.7239    0.7529   0.6096   0.000050  (1.7s)
    13      0.2137     0.9812     0.6885    0.7294   0.5743   0.000050  (1.6s)
    14      0.1886     0.9792     0.6064    0.8235   0.6812   0.000050  (1.6s)
    15      0.1915     0.9833     0.6131    0.8118   0.6636   0.000050  (1.6s)
    16      0.1475     0.9958     0.6036    0.7882   0.6590   0.000050  (1.8s)
    17      0.1533     0.9917     0.5511    0.8471   0.7188   0.000050  (1.7s)
    18      0.1328     0.9896     0.5893    0.8000   0.6989   0.000050  (1.5s)
    19      0.1424     0.9854     0.6025    0.7882   0.6527   0.000050  (1.6s)
    20      0.1336     0.9896     0.5388    0.8353   0.6999   0.000050  (1.7s)
    21      0.1080     0.9938     0.5388    0.8353   0.7317   0.000050  (1.6s)
    22      0.0887     0.9979     0.5269    0.8353   0.7165   0.000050  (2.2s)
    23      0.0964     0.9958     0.5589    0.8235   0.6601   0.000050  (2.2s)
    24      0.0851     0.9979     0.5400    0.8235   0.6621   0.000050  (2.6s)
    25      0.0827     0.9979     0.5397    0.8000   0.6272   0.000050  (1.7s)
    26      0.0747     0.9979     0.5152    0.8118   0.6564   0.000050  (2.2s)
    27      0.0689     0.9979     0.5202    0.8118   0.6841   0.000050  (1.9s)
    28      0.0722     0.9979     0.5194    0.8118   0.6581   0.000050  (1.8s)
    29      0.0677     0.9979     0.5219    0.8000   0.6421   0.000050  (1.9s)
    30      0.0666     1.0000     0.5029    0.8235   0.6916   0.000050  (2.0s)
    31      0.0756     0.9958     0.4770    0.8471   0.7489   0.000025  (1.9s)
    32      0.0622     0.9979     0.5020    0.8235   0.6916   0.000025  (2.1s)
    33      0.0694     0.9979     0.5072    0.8235   0.6916   0.000025  (1.8s)
    34      0.0666     0.9958     0.4705    0.8235   0.6916   0.000025  (1.8s)
    35      0.0622     0.9979     0.4938    0.8235   0.6654   0.000025  (1.7s)
    36      0.0562     1.0000     0.4493    0.8471   0.7238   0.000025  (1.8s)
    37      0.0561     0.9979     0.4725    0.8118   0.6579   0.000025  (1.8s)
    38      0.0505     0.9979     0.4807    0.8353   0.6988   0.000025  (2.6s)
    39      0.0520     1.0000     0.4536    0.8471   0.7238   0.000025  (2.4s)
    40      0.0507     1.0000     0.4437    0.8471   0.7238   0.000025  (1.8s)
    41      0.0477     0.9979     0.4515    0.8471   0.7196   0.000013  (1.7s)
    42      0.0463     1.0000     0.4642    0.8471   0.7238   0.000013  (2.0s)
    43      0.0474     1.0000     0.4619    0.8353   0.6947   0.000013  (2.6s)
    44      0.0519     0.9958     0.4761    0.8353   0.6988   0.000013  (1.8s)
    45      0.0482     1.0000     0.4836    0.8353   0.6920   0.000013  (1.6s)
    46      0.0551     1.0000     0.4905    0.8353   0.6988   0.000013  (2.3s)

Early stopping at epoch 46. Best epoch: 31 (val_f1=0.7489)

Best: epoch 31, val_acc=0.8471, val_f1=0.7489
Model saved: /mnt/extended-home/fitra_dosen/2025_iris_fer_taufik/MultimodalEmoLearn/models/benchmark/ckplus_samplelevel/_tmp/m.pth
Test Loss: 0.2551
Test Accuracy: 0.9062
Test Macro F1:    0.7017
Test Micro F1:    0.9062
Test Weighted F1: 0.8848

Classification Report:
              precision    recall  f1-score   support

     neutral       0.94      1.00      0.97        33
       happy       0.88      1.00      0.93         7
         sad       0.50      0.33      0.40         3
       angry       0.75      0.60      0.67         5
     fearful       0.00      0.00      0.00         2
   disgusted       1.00      1.00      1.00         6
   surprised       0.89      1.00      0.94         8

    accuracy                           0.91        64
   macro avg       0.71      0.70      0.70        64
weighted avg       0.87      0.91      0.88        64

    [fold 2/10] macro_f1=0.7017 acc=0.9062 (90s)
 Epoch  Train Loss  Train Acc   Val Loss   Val Acc   Val F1         LR
---------------------------------------------------------------------------
     1      1.9380     0.2250     1.7903    0.3059   0.1672   0.000050  (1.8s)
     2      1.5545     0.4354     1.5530    0.4941   0.3803   0.000050  (1.8s)
     3      1.2503     0.6271     1.3656    0.5412   0.4435   0.000050  (1.6s)
     4      1.0550     0.7000     1.2417    0.5882   0.5026   0.000050  (1.5s)
     5      0.8988     0.7646     1.1302    0.6235   0.5031   0.000050  (1.7s)
     6      0.6907     0.8604     0.9131    0.7294   0.5395   0.000050  (2.1s)
     7      0.5762     0.9187     0.8516    0.7412   0.5645   0.000050  (2.4s)
     8      0.5154     0.9146     0.8598    0.6824   0.5490   0.000050  (1.6s)
     9      0.4423     0.9396     0.7432    0.7412   0.6051   0.000050  (1.6s)
    10      0.3359     0.9521     0.7530    0.7412   0.5545   0.000050  (1.7s)
    11      0.3148     0.9625     0.6574    0.7882   0.6046   0.000050  (2.4s)
    12      0.2718     0.9646     0.6147    0.8353   0.6915   0.000050  (1.7s)
    13      0.2331     0.9771     0.5747    0.8353   0.7340   0.000050  (1.6s)
    14      0.1994     0.9875     0.5349    0.8588   0.7490   0.000050  (2.3s)
    15      0.1750     0.9875     0.5662    0.8471   0.7347   0.000050  (2.2s)
    16      0.1605     0.9896     0.4941    0.8588   0.7456   0.000050  (1.8s)
    17      0.1414     0.9875     0.5293    0.8471   0.7546   0.000050  (1.7s)
    18      0.1364     0.9875     0.4615    0.8588   0.7520   0.000050  (2.0s)
    19      0.1189     0.9958     0.5179    0.8471   0.7361   0.000050  (2.6s)
    20      0.0984     0.9938     0.4781    0.8588   0.7561   0.000050  (1.6s)
    21      0.1105     0.9938     0.4630    0.8824   0.8007   0.000050  (1.7s)
    22      0.0969     0.9979     0.4831    0.8706   0.7526   0.000050  (2.3s)
    23      0.0939     0.9896     0.4965    0.8353   0.7203   0.000050  (2.5s)
    24      0.0889     0.9958     0.4560    0.8471   0.7370   0.000050  (1.6s)
    25      0.0796     0.9979     0.4504    0.8706   0.7833   0.000050  (1.7s)
    26      0.0689     0.9979     0.4360    0.8824   0.8007   0.000050  (1.8s)
    27      0.0696     1.0000     0.4321    0.9059   0.8344   0.000050  (1.8s)
    28      0.0651     1.0000     0.4258    0.9059   0.8344   0.000050  (1.6s)
    29      0.0661     1.0000     0.4380    0.8941   0.8187   0.000050  (2.5s)
    30      0.0738     0.9938     0.4195    0.9059   0.8298   0.000050  (2.3s)
    31      0.0690     0.9958     0.4620    0.8941   0.8128   0.000050  (1.6s)
    32      0.0679     0.9938     0.4489    0.8706   0.7729   0.000050  (1.8s)
    33      0.0651     0.9979     0.4277    0.8824   0.7913   0.000050  (1.8s)
    34      0.0616     0.9958     0.4202    0.9059   0.8344   0.000050  (1.6s)
    35      0.0511     1.0000     0.4441    0.8706   0.7833   0.000050  (1.8s)
    36      0.0497     0.9979     0.4038    0.9059   0.8344   0.000050  (1.8s)
    37      0.0557     0.9958     0.4294    0.8941   0.8187   0.000025  (1.8s)
    38      0.0478     0.9979     0.4456    0.8824   0.7948   0.000025  (1.7s)
    39      0.0439     0.9979     0.4243    0.8824   0.7948   0.000025  (1.7s)
    40      0.0563     0.9979     0.4027    0.8941   0.8187   0.000025  (1.8s)
    41      0.0530     0.9958     0.4247    0.8706   0.7933   0.000025  (1.8s)
    42      0.0446     1.0000     0.4109    0.8824   0.8091   0.000025  (1.8s)

Early stopping at epoch 42. Best epoch: 27 (val_f1=0.8344)

Best: epoch 27, val_acc=0.9059, val_f1=0.8344
Model saved: /mnt/extended-home/fitra_dosen/2025_iris_fer_taufik/MultimodalEmoLearn/models/benchmark/ckplus_samplelevel/_tmp/m.pth
Test Loss: 0.3959
Test Accuracy: 0.8750
Test Macro F1:    0.7967
Test Micro F1:    0.8750
Test Weighted F1: 0.8672

Classification Report:
              precision    recall  f1-score   support

     neutral       0.84      0.97      0.90        33
       happy       1.00      1.00      1.00         7
         sad       0.67      0.67      0.67         3
       angry       0.67      0.40      0.50         5
     fearful       1.00      0.50      0.67         2
   disgusted       1.00      0.83      0.91         6
   surprised       1.00      0.88      0.93         8

    accuracy                           0.88        64
   macro avg       0.88      0.75      0.80        64
weighted avg       0.88      0.88      0.87        64

    [fold 3/10] macro_f1=0.7967 acc=0.8750 (84s)
 Epoch  Train Loss  Train Acc   Val Loss   Val Acc   Val F1         LR
---------------------------------------------------------------------------
     1      1.9352     0.2292     1.8472    0.2000   0.1469   0.000050  (1.8s)
     2      1.6230     0.4125     1.6312    0.4824   0.3415   0.000050  (1.8s)
     3      1.2917     0.6000     1.3679    0.6235   0.4575   0.000050  (1.9s)
     4      1.0672     0.7063     1.1764    0.6824   0.4907   0.000050  (1.8s)
     5      0.8668     0.7875     1.0386    0.6941   0.5127   0.000050  (2.2s)
     6      0.7387     0.8187     0.9900    0.7176   0.6062   0.000050  (2.0s)
     7      0.5910     0.8771     0.9463    0.7294   0.6497   0.000050  (2.2s)
     8      0.5292     0.9167     0.8001    0.7765   0.6700   0.000050  (1.7s)
     9      0.4626     0.9187     0.7954    0.7412   0.6096   0.000050  (1.8s)
    10      0.3550     0.9604     0.8152    0.7529   0.6368   0.000050  (2.0s)
    11      0.3069     0.9771     0.7067    0.8000   0.6752   0.000050  (2.0s)
    12      0.2830     0.9667     0.6424    0.8118   0.6811   0.000050  (2.1s)
    13      0.2171     0.9896     0.6176    0.8235   0.7308   0.000050  (1.7s)
    14      0.1774     0.9896     0.6266    0.7882   0.6827   0.000050  (1.7s)
    15      0.1796     0.9875     0.5650    0.8118   0.6550   0.000050  (1.8s)
    16      0.1469     0.9875     0.5381    0.8353   0.7301   0.000050  (1.9s)
    17      0.1577     0.9833     0.5438    0.8706   0.7872   0.000050  (1.9s)
    18      0.1526     0.9854     0.5352    0.8471   0.7466   0.000050  (1.8s)
    19      0.1247     0.9917     0.5155    0.8588   0.7639   0.000050  (1.6s)
    20      0.1263     0.9917     0.5126    0.8588   0.7639   0.000050  (1.8s)
    21      0.1038     0.9958     0.4822    0.8588   0.7668   0.000050  (1.6s)
    22      0.0941     1.0000     0.4717    0.8706   0.7862   0.000050  (1.7s)
    23      0.0851     1.0000     0.5041    0.8588   0.7661   0.000050  (1.7s)
    24      0.0857     0.9958     0.4526    0.8706   0.7734   0.000050  (1.8s)
    25      0.0771     0.9958     0.4775    0.8706   0.7758   0.000050  (1.8s)
    26      0.0827     1.0000     0.4336    0.8588   0.7827   0.000050  (1.8s)
    27      0.0552     1.0000     0.4387    0.8824   0.8073   0.000025  (1.9s)
    28      0.0710     1.0000     0.4643    0.8706   0.7934   0.000025  (2.1s)
    29      0.0633     1.0000     0.4548    0.8824   0.8151   0.000025  (2.1s)
    30      0.0746     0.9979     0.4527    0.8824   0.8117   0.000025  (1.9s)
    31      0.0597     1.0000     0.4524    0.8941   0.8236   0.000025  (1.7s)
    32      0.0698     0.9938     0.4648    0.8824   0.8020   0.000025  (1.8s)
    33      0.0620     1.0000     0.4591    0.8824   0.8020   0.000025  (1.6s)
    34      0.0587     0.9958     0.4776    0.8824   0.7968   0.000025  (1.6s)
    35      0.0621     1.0000     0.4434    0.8824   0.7968   0.000025  (2.3s)
    36      0.0597     1.0000     0.4151    0.8941   0.8184   0.000025  (1.8s)
    37      0.0483     1.0000     0.4433    0.8941   0.8184   0.000025  (1.8s)
    38      0.0625     0.9938     0.4691    0.8588   0.7518   0.000025  (1.7s)
    39      0.0531     0.9958     0.4376    0.8824   0.7950   0.000025  (2.5s)
    40      0.0485     0.9979     0.4134    0.8941   0.8186   0.000025  (1.8s)
    41      0.0549     1.0000     0.4202    0.8706   0.7738   0.000013  (1.8s)
    42      0.0531     0.9979     0.4062    0.8941   0.8236   0.000013  (1.7s)
    43      0.0512     1.0000     0.4431    0.8941   0.8236   0.000013  (1.8s)
    44      0.0495     0.9979     0.4407    0.9059   0.8320   0.000013  (2.0s)
    45      0.0469     0.9979     0.4484    0.8824   0.8020   0.000013  (1.7s)
    46      0.0528     1.0000     0.4495    0.8588   0.7678   0.000013  (1.9s)
    47      0.0473     1.0000     0.4457    0.8824   0.8020   0.000013  (1.9s)
    48      0.0577     1.0000     0.4269    0.8824   0.8020   0.000013  (2.6s)
    49      0.0534     1.0000     0.4310    0.8941   0.8184   0.000013  (1.9s)
    50      0.0520     0.9979     0.4201    0.8706   0.7787   0.000013  (1.8s)

Best: epoch 44, val_acc=0.9059, val_f1=0.8320
Model saved: /mnt/extended-home/fitra_dosen/2025_iris_fer_taufik/MultimodalEmoLearn/models/benchmark/ckplus_samplelevel/_tmp/m.pth
Test Loss: 0.2759
Test Accuracy: 0.9062
Test Macro F1:    0.8023
Test Micro F1:    0.9062
Test Weighted F1: 0.9009

Classification Report:
              precision    recall  f1-score   support

     neutral       0.89      1.00      0.94        33
       happy       1.00      0.86      0.92         7
         sad       0.50      0.50      0.50         2
       angry       1.00      0.60      0.75         5
     fearful       1.00      0.50      0.67         2
   disgusted       0.83      0.83      0.83         6
   surprised       1.00      1.00      1.00         9

    accuracy                           0.91        64
   macro avg       0.89      0.76      0.80        64
weighted avg       0.91      0.91      0.90        64

    [fold 4/10] macro_f1=0.8023 acc=0.9062 (99s)
 Epoch  Train Loss  Train Acc   Val Loss   Val Acc   Val F1         LR
---------------------------------------------------------------------------
     1      2.0141     0.1792     1.8418    0.2118   0.1354   0.000050  (1.6s)
     2      1.5946     0.4437     1.5908    0.4588   0.3242   0.000050  (2.6s)
     3      1.3427     0.5521     1.3822    0.5412   0.3383   0.000050  (1.8s)
     4      1.0740     0.6792     1.2689    0.6235   0.4508   0.000050  (1.5s)
     5      0.9541     0.7396     1.1784    0.6824   0.5442   0.000050  (1.7s)
     6      0.7650     0.8271     0.9796    0.7529   0.5180   0.000050  (1.6s)
     7      0.5751     0.8896     0.9269    0.7882   0.6155   0.000050  (1.8s)
     8      0.5474     0.8917     0.8616    0.8000   0.6329   0.000050  (1.8s)
     9      0.4715     0.9187     0.7338    0.8000   0.6717   0.000050  (1.8s)
    10      0.3636     0.9625     0.7556    0.8000   0.6786   0.000050  (1.7s)
    11      0.3111     0.9563     0.6851    0.8118   0.6717   0.000050  (1.6s)
    12      0.2693     0.9604     0.7129    0.7647   0.5901   0.000050  (1.5s)
    13      0.2126     0.9833     0.6118    0.8118   0.6687   0.000050  (1.7s)
    14      0.1929     0.9833     0.5789    0.8235   0.6804   0.000050  (1.6s)
    15      0.1678     0.9896     0.6004    0.8118   0.6467   0.000050  (1.6s)
    16      0.1582     0.9875     0.6117    0.8118   0.6790   0.000050  (1.5s)
    17      0.1529     0.9875     0.6457    0.8118   0.6704   0.000050  (1.8s)
    18      0.1386     0.9812     0.5501    0.8353   0.6977   0.000050  (2.3s)
    19      0.1271     0.9854     0.5152    0.8353   0.7036   0.000050  (1.9s)
    20      0.0963     0.9979     0.5076    0.8353   0.6923   0.000050  (1.7s)
    21      0.1029     0.9938     0.4845    0.8706   0.7463   0.000050  (1.7s)
    22      0.0954     0.9958     0.4793    0.8588   0.7210   0.000050  (1.8s)
    23      0.0916     0.9979     0.4882    0.8353   0.6610   0.000050  (2.4s)
    24      0.0851     1.0000     0.4668    0.8706   0.7347   0.000050  (1.7s)
    25      0.0780     1.0000     0.4734    0.8706   0.7208   0.000050  (1.7s)
    26      0.0786     0.9917     0.5184    0.8353   0.6751   0.000050  (1.5s)
    27      0.0696     1.0000     0.4807    0.8588   0.7220   0.000050  (1.7s)
    28      0.0641     0.9958     0.4799    0.8706   0.7475   0.000050  (2.5s)
    29      0.0647     1.0000     0.4760    0.8588   0.7421   0.000050  (2.0s)
    30      0.0751     0.9958     0.4494    0.8824   0.7630   0.000050  (1.7s)
    31      0.0699     1.0000     0.4663    0.8588   0.7140   0.000050  (1.8s)
    32      0.0554     1.0000     0.4489    0.8824   0.7532   0.000050  (1.7s)
    33      0.0527     0.9979     0.4463    0.8706   0.7416   0.000050  (2.1s)
    34      0.0566     0.9979     0.4578    0.8706   0.7220   0.000050  (1.5s)
    35      0.0637     0.9958     0.4861    0.8471   0.6932   0.000050  (1.7s)
    36      0.0477     1.0000     0.4995    0.8588   0.7111   0.000050  (1.8s)
    37      0.0505     0.9958     0.4500    0.8706   0.7208   0.000050  (1.7s)
    38      0.0482     1.0000     0.4501    0.8706   0.7279   0.000050  (1.7s)
    39      0.0448     1.0000     0.4645    0.8471   0.6902   0.000050  (1.8s)
    40      0.0446     1.0000     0.4595    0.8588   0.7030   0.000025  (1.7s)
    41      0.0522     0.9979     0.4430    0.8706   0.7279   0.000025  (1.9s)
    42      0.0436     1.0000     0.4706    0.8588   0.7042   0.000025  (1.8s)
    43      0.0431     1.0000     0.4353    0.8588   0.6933   0.000025  (1.8s)
    44      0.0491     0.9979     0.4554    0.8471   0.6759   0.000025  (1.6s)
    45      0.0412     1.0000     0.4582    0.8471   0.6759   0.000025  (1.8s)

Early stopping at epoch 45. Best epoch: 30 (val_f1=0.7630)

Best: epoch 30, val_acc=0.8824, val_f1=0.7630
Model saved: /mnt/extended-home/fitra_dosen/2025_iris_fer_taufik/MultimodalEmoLearn/models/benchmark/ckplus_samplelevel/_tmp/m.pth
Test Loss: 0.2331
Test Accuracy: 0.9219
Test Macro F1:    0.8341
Test Micro F1:    0.9219
Test Weighted F1: 0.9220

Classification Report:
              precision    recall  f1-score   support

     neutral       0.94      0.97      0.96        33
       happy       0.88      1.00      0.93         7
         sad       0.33      0.50      0.40         2
       angry       1.00      0.60      0.75         5
     fearful       1.00      0.67      0.80         3
   disgusted       1.00      1.00      1.00         5
   surprised       1.00      1.00      1.00         9

    accuracy                           0.92        64
   macro avg       0.88      0.82      0.83        64
weighted avg       0.94      0.92      0.92        64

    [fold 5/10] macro_f1=0.8341 acc=0.9219 (85s)
 Epoch  Train Loss  Train Acc   Val Loss   Val Acc   Val F1         LR
---------------------------------------------------------------------------
     1      1.9098     0.2417     1.8818    0.0588   0.0245   0.000050  (1.5s)
     2      1.5663     0.4417     1.6917    0.2824   0.2265   0.000050  (1.8s)
     3      1.2620     0.6125     1.4830    0.4471   0.3716   0.000050  (2.0s)
     4      1.1098     0.6667     1.3349    0.5294   0.4672   0.000050  (2.1s)
     5      0.8063     0.8229     1.0931    0.6353   0.5582   0.000050  (2.1s)
     6      0.6496     0.8562     0.9847    0.7059   0.5801   0.000050  (1.7s)
     7      0.5211     0.9125     0.8898    0.7647   0.6316   0.000050  (1.7s)
     8      0.4616     0.9208     0.8784    0.7294   0.6352   0.000050  (1.7s)
     9      0.4044     0.9292     0.8910    0.7059   0.6042   0.000050  (1.6s)
    10      0.3556     0.9563     0.6985    0.7882   0.6356   0.000050  (1.8s)
    11      0.3203     0.9542     0.6774    0.8000   0.6357   0.000050  (2.4s)
    12      0.2520     0.9771     0.6588    0.8118   0.6849   0.000050  (1.5s)
    13      0.2306     0.9729     0.5497    0.8235   0.6336   0.000050  (1.6s)
    14      0.1850     0.9875     0.6595    0.7882   0.6538   0.000050  (1.7s)
    15      0.1491     0.9896     0.6733    0.8000   0.6867   0.000050  (1.8s)
    16      0.1428     0.9938     0.5106    0.8471   0.6670   0.000050  (1.6s)
    17      0.1448     0.9854     0.6185    0.7765   0.6274   0.000050  (1.6s)
    18      0.1080     1.0000     0.4941    0.8353   0.6391   0.000050  (1.7s)
    19      0.1242     0.9917     0.4979    0.8471   0.6528   0.000050  (1.6s)
    20      0.1065     0.9938     0.5051    0.8235   0.6651   0.000050  (1.5s)
    21      0.1047     0.9917     0.5755    0.8235   0.6704   0.000050  (1.6s)
    22      0.1003     0.9938     0.5381    0.8353   0.6604   0.000050  (1.6s)
    23      0.0790     0.9958     0.5413    0.8471   0.7281   0.000050  (1.9s)
    24      0.0909     0.9938     0.5611    0.8118   0.6518   0.000050  (1.8s)
    25      0.0858     0.9958     0.4416    0.8471   0.6584   0.000050  (1.5s)
    26      0.0741     0.9979     0.4981    0.8353   0.7252   0.000050  (1.7s)
    27      0.0801     0.9979     0.4946    0.8353   0.7312   0.000050  (1.8s)
    28      0.0669     0.9979     0.4329    0.8706   0.7350   0.000050  (1.7s)
    29      0.0627     1.0000     0.4540    0.8588   0.7182   0.000050  (1.5s)
    30      0.0641     1.0000     0.4381    0.8706   0.7429   0.000050  (1.6s)
    31      0.0590     0.9979     0.4292    0.8588   0.6610   0.000050  (1.9s)
    32      0.0586     0.9958     0.4706    0.8706   0.7493   0.000050  (1.8s)
    33      0.0568     1.0000     0.4238    0.8824   0.8098   0.000050  (1.8s)
    34      0.0682     0.9979     0.3801    0.8706   0.7429   0.000050  (2.0s)
    35      0.0689     0.9938     0.4208    0.8471   0.6451   0.000050  (2.0s)
    36      0.0518     0.9979     0.4203    0.8471   0.6500   0.000050  (2.0s)
    37      0.0576     1.0000     0.5038    0.8471   0.7159   0.000050  (1.7s)
    38      0.0513     1.0000     0.4122    0.8471   0.6544   0.000050  (1.7s)
    39      0.0431     0.9979     0.4486    0.8706   0.7605   0.000050  (1.7s)
    40      0.0508     0.9958     0.3927    0.8941   0.7637   0.000050  (1.7s)
    41      0.0505     0.9979     0.4088    0.8941   0.7686   0.000050  (1.8s)
    42      0.0499     0.9938     0.4054    0.8824   0.7686   0.000050  (1.7s)
    43      0.0479     0.9979     0.4416    0.8588   0.7341   0.000025  (1.7s)
    44      0.0461     1.0000     0.4430    0.8588   0.7154   0.000025  (1.6s)
    45      0.0450     0.9979     0.4054    0.8706   0.7429   0.000025  (1.7s)
    46      0.0402     1.0000     0.4177    0.8706   0.7429   0.000025  (1.7s)
    47      0.0439     1.0000     0.4099    0.8706   0.7382   0.000025  (1.7s)
    48      0.0379     1.0000     0.4072    0.8706   0.7382   0.000025  (1.7s)

Early stopping at epoch 48. Best epoch: 33 (val_f1=0.8098)

Best: epoch 33, val_acc=0.8824, val_f1=0.8098
Model saved: /mnt/extended-home/fitra_dosen/2025_iris_fer_taufik/MultimodalEmoLearn/models/benchmark/ckplus_samplelevel/_tmp/m.pth
Test Loss: 0.4148
Test Accuracy: 0.8438
Test Macro F1:    0.6023
Test Micro F1:    0.8438
Test Weighted F1: 0.8116

Classification Report:
              precision    recall  f1-score   support

     neutral       0.89      0.97      0.93        32
       happy       1.00      0.86      0.92         7
         sad       0.33      0.67      0.44         3
       angry       0.00      0.00      0.00         4
     fearful       0.00      0.00      0.00         3
   disgusted       0.86      1.00      0.92         6
   surprised       1.00      1.00      1.00         9

    accuracy                           0.84        64
   macro avg       0.58      0.64      0.60        64
weighted avg       0.79      0.84      0.81        64

    [fold 6/10] macro_f1=0.6023 acc=0.8438 (89s)
 Epoch  Train Loss  Train Acc   Val Loss   Val Acc   Val F1         LR
---------------------------------------------------------------------------
     1      1.8871     0.2729     1.8493    0.2706   0.1842   0.000050  (1.6s)
     2      1.5449     0.4625     1.6131    0.4118   0.3164   0.000050  (1.8s)
     3      1.2841     0.5896     1.5059    0.4706   0.3895   0.000050  (1.6s)
     4      1.0259     0.7250     1.2993    0.6000   0.4998   0.000050  (1.8s)
     5      0.8521     0.8021     1.1839    0.5882   0.4895   0.000050  (1.5s)
     6      0.6365     0.8812     1.0683    0.6000   0.5143   0.000050  (1.9s)
     7      0.5429     0.8938     0.9491    0.6706   0.5420   0.000050  (1.9s)
     8      0.4747     0.9208     0.9326    0.6706   0.5107   0.000050  (1.7s)
     9      0.3899     0.9542     0.9699    0.6353   0.5591   0.000050  (1.7s)
    10      0.3209     0.9583     0.7630    0.7529   0.5821   0.000050  (1.9s)
    11      0.2919     0.9604     0.7183    0.7294   0.5678   0.000050  (1.7s)
    12      0.2437     0.9688     0.7384    0.7176   0.5793   0.000050  (1.7s)
    13      0.2180     0.9792     0.6374    0.7412   0.5607   0.000050  (2.1s)
    14      0.1865     0.9875     0.6999    0.7176   0.6171   0.000050  (1.6s)
    15      0.1715     0.9875     0.6117    0.8118   0.6787   0.000050  (1.9s)
    16      0.1472     0.9875     0.6571    0.7765   0.6782   0.000050  (2.1s)
    17      0.1461     0.9833     0.6128    0.8118   0.6889   0.000050  (1.8s)
    18      0.1248     0.9938     0.6369    0.8000   0.6604   0.000050  (2.0s)
    19      0.1258     0.9979     0.5273    0.8353   0.7038   0.000050  (1.9s)
    20      0.0964     0.9958     0.6078    0.8235   0.6952   0.000050  (1.7s)
    21      0.1052     0.9938     0.5677    0.8118   0.6312   0.000050  (1.7s)
    22      0.0894     0.9958     0.5170    0.8118   0.6378   0.000050  (1.6s)
    23      0.0859     0.9979     0.5413    0.8000   0.6719   0.000050  (1.5s)
    24      0.0939     0.9917     0.4944    0.8588   0.7447   0.000050  (1.7s)
    25      0.0783     0.9979     0.4909    0.8353   0.7126   0.000050  (1.7s)
    26      0.0709     0.9979     0.4899    0.8588   0.7497   0.000050  (1.7s)
    27      0.0782     0.9958     0.5259    0.8118   0.6149   0.000050  (1.7s)
    28      0.0685     0.9938     0.5311    0.8353   0.7064   0.000050  (1.7s)
    29      0.0704     0.9958     0.4879    0.8118   0.6672   0.000050  (1.7s)
    30      0.0538     1.0000     0.5266    0.8235   0.6786   0.000050  (1.7s)
    31      0.0654     0.9958     0.4865    0.8235   0.6877   0.000050  (1.7s)
    32      0.0664     0.9958     0.4866    0.8000   0.6589   0.000050  (1.8s)
    33      0.0688     0.9917     0.4919    0.8353   0.6536   0.000050  (1.9s)
    34      0.0571     1.0000     0.4918    0.8235   0.6901   0.000050  (1.8s)
    35      0.0763     0.9938     0.4625    0.8706   0.7494   0.000050  (1.7s)
    36      0.0586     0.9979     0.4659    0.8588   0.7348   0.000025  (1.8s)
    37      0.0489     1.0000     0.4751    0.8588   0.7348   0.000025  (1.9s)
    38      0.0481     1.0000     0.4716    0.8471   0.7139   0.000025  (1.8s)
    39      0.0570     0.9979     0.4792    0.8353   0.6940   0.000025  (1.8s)
    40      0.0454     1.0000     0.4671    0.8353   0.6874   0.000025  (1.7s)
    41      0.0478     0.9979     0.4678    0.8471   0.7074   0.000025  (1.5s)

Early stopping at epoch 41. Best epoch: 26 (val_f1=0.7497)

Best: epoch 26, val_acc=0.8588, val_f1=0.7497
Model saved: /mnt/extended-home/fitra_dosen/2025_iris_fer_taufik/MultimodalEmoLearn/models/benchmark/ckplus_samplelevel/_tmp/m.pth
Test Loss: 0.3613
Test Accuracy: 0.8730
Test Macro F1:    0.6978
Test Micro F1:    0.8730
Test Weighted F1: 0.8439

Classification Report:
              precision    recall  f1-score   support

     neutral       0.86      1.00      0.93        32
       happy       0.86      0.86      0.86         7
         sad       1.00      0.33      0.50         3
       angry       0.75      0.75      0.75         4
     fearful       0.00      0.00      0.00         3
   disgusted       1.00      0.83      0.91         6
   surprised       0.89      1.00      0.94         8

    accuracy                           0.87        63
   macro avg       0.77      0.68      0.70        63
weighted avg       0.84      0.87      0.84        63

    [fold 7/10] macro_f1=0.6978 acc=0.8730 (76s)
 Epoch  Train Loss  Train Acc   Val Loss   Val Acc   Val F1         LR
---------------------------------------------------------------------------
     1      1.8688     0.2875     1.8361    0.1882   0.1398   0.000050  (1.5s)
     2      1.4749     0.4875     1.5973    0.4353   0.2967   0.000050  (1.6s)
     3      1.2657     0.5729     1.4280    0.4353   0.3020   0.000050  (1.7s)
     4      1.0487     0.6667     1.3156    0.5529   0.4120   0.000050  (1.8s)
     5      0.8289     0.7875     1.1547    0.6824   0.5289   0.000050  (1.6s)
     6      0.7119     0.8354     1.0000    0.7294   0.5535   0.000050  (1.7s)
     7      0.5275     0.9083     1.0801    0.6118   0.5060   0.000050  (1.6s)
     8      0.4846     0.9021     1.0266    0.6235   0.5533   0.000050  (1.6s)
     9      0.3910     0.9458     0.8952    0.6941   0.5666   0.000050  (1.8s)
    10      0.3611     0.9479     0.7723    0.7647   0.5715   0.000050  (1.7s)
    11      0.2616     0.9812     0.8886    0.6824   0.5918   0.000050  (1.9s)
    12      0.2401     0.9771     0.7638    0.7176   0.6011   0.000050  (1.9s)
    13      0.2412     0.9708     0.6916    0.7647   0.5843   0.000050  (1.7s)
    14      0.1883     0.9938     0.7214    0.7412   0.5758   0.000050  (1.8s)
    15      0.1581     0.9958     0.6286    0.7882   0.6035   0.000050  (1.7s)
    16      0.1539     0.9875     0.6176    0.8000   0.6568   0.000050  (1.6s)
    17      0.1465     0.9896     0.6200    0.8118   0.6084   0.000050  (1.6s)
    18      0.1369     0.9896     0.6087    0.8118   0.6626   0.000050  (1.7s)
    19      0.1279     0.9917     0.5394    0.8471   0.7287   0.000050  (1.9s)
    20      0.1020     0.9938     0.5700    0.8235   0.6917   0.000050  (1.8s)
    21      0.1046     0.9938     0.6002    0.8235   0.6818   0.000050  (1.9s)
    22      0.0912     0.9938     0.5426    0.8235   0.6821   0.000050  (2.5s)
    23      0.0836     0.9979     0.5346    0.8353   0.7029   0.000050  (1.7s)
    24      0.0840     0.9979     0.5766    0.8235   0.6931   0.000050  (1.7s)
    25      0.0717     1.0000     0.5565    0.8353   0.6466   0.000050  (1.6s)
    26      0.0755     0.9958     0.5597    0.8235   0.6865   0.000050  (1.7s)
    27      0.0848     0.9979     0.5490    0.8235   0.6828   0.000050  (1.7s)
    28      0.0703     0.9979     0.5080    0.8471   0.7298   0.000050  (1.7s)
    29      0.0687     0.9938     0.5598    0.8235   0.6870   0.000050  (1.7s)
    30      0.0645     1.0000     0.5329    0.8235   0.6861   0.000050  (1.9s)
    31      0.0625     0.9979     0.4987    0.8706   0.7626   0.000050  (1.8s)
    32      0.0675     0.9958     0.5072    0.8471   0.7336   0.000050  (1.9s)
    33      0.0667     0.9958     0.4874    0.8471   0.7106   0.000050  (1.8s)
    34      0.0656     0.9917     0.5928    0.8235   0.6303   0.000050  (1.7s)
    35      0.0601     1.0000     0.4847    0.8471   0.7288   0.000050  (1.6s)
    36      0.0564     0.9979     0.5344    0.8353   0.7210   0.000050  (1.8s)
    37      0.0655     0.9979     0.4906    0.8353   0.7277   0.000050  (1.6s)
    38      0.0519     0.9958     0.5377    0.8471   0.7301   0.000050  (1.7s)
    39      0.0468     1.0000     0.5069    0.8353   0.7081   0.000050  (1.5s)
    40      0.0386     1.0000     0.4962    0.8471   0.7106   0.000050  (1.6s)
    41      0.0453     1.0000     0.4893    0.8235   0.6818   0.000025  (1.6s)
    42      0.0427     1.0000     0.5115    0.8353   0.7078   0.000025  (1.7s)
    43      0.0496     0.9979     0.5022    0.8235   0.6750   0.000025  (2.0s)
    44      0.0354     1.0000     0.4915    0.8471   0.7106   0.000025  (2.1s)
    45      0.0442     1.0000     0.4778    0.8235   0.6768   0.000025  (1.9s)
    46      0.0413     1.0000     0.4908    0.8353   0.7079   0.000025  (1.8s)

Early stopping at epoch 46. Best epoch: 31 (val_f1=0.7626)

Best: epoch 31, val_acc=0.8706, val_f1=0.7626
Model saved: /mnt/extended-home/fitra_dosen/2025_iris_fer_taufik/MultimodalEmoLearn/models/benchmark/ckplus_samplelevel/_tmp/m.pth
Test Loss: 0.2658
Test Accuracy: 0.9206
Test Macro F1:    0.8475
Test Micro F1:    0.9206
Test Weighted F1: 0.9223

Classification Report:
              precision    recall  f1-score   support

     neutral       0.97      0.97      0.97        32
       happy       0.88      1.00      0.93         7
         sad       0.50      0.67      0.57         3
       angry       0.75      0.75      0.75         4
     fearful       1.00      0.67      0.80         3
   disgusted       1.00      0.83      0.91         6
   surprised       1.00      1.00      1.00         8

    accuracy                           0.92        63
   macro avg       0.87      0.84      0.85        63
weighted avg       0.93      0.92      0.92        63

    [fold 8/10] macro_f1=0.8475 acc=0.9206 (85s)
 Epoch  Train Loss  Train Acc   Val Loss   Val Acc   Val F1         LR
---------------------------------------------------------------------------
     1      1.9381     0.2104     1.8169    0.2706   0.1800   0.000050  (1.6s)
     2      1.5426     0.4521     1.5946    0.4118   0.2649   0.000050  (1.5s)
     3      1.3282     0.5563     1.3653    0.5529   0.3659   0.000050  (2.2s)
     4      1.0380     0.7063     1.1917    0.6353   0.4802   0.000050  (1.6s)
     5      0.8716     0.7833     1.0373    0.6824   0.5024   0.000050  (1.9s)
     6      0.6918     0.8542     0.9955    0.6941   0.5386   0.000050  (2.4s)
     7      0.5135     0.9313     0.8543    0.7294   0.5931   0.000050  (1.5s)
     8      0.4491     0.9167     0.8038    0.7647   0.6099   0.000050  (1.8s)
     9      0.4202     0.9375     0.7729    0.7529   0.6090   0.000050  (2.6s)
    10      0.3504     0.9542     0.7191    0.7529   0.6153   0.000050  (2.1s)
    11      0.3155     0.9604     0.6212    0.7765   0.6338   0.000050  (1.8s)
    12      0.2499     0.9708     0.6249    0.8000   0.6632   0.000050  (1.8s)
    13      0.2085     0.9812     0.5706    0.8118   0.7164   0.000050  (1.7s)
    14      0.1865     0.9792     0.5521    0.8000   0.6800   0.000050  (1.5s)
    15      0.1711     0.9812     0.5211    0.8353   0.7062   0.000050  (1.6s)
    16      0.1482     0.9896     0.5335    0.8000   0.6818   0.000050  (1.8s)
    17      0.1484     0.9896     0.4813    0.8353   0.7291   0.000050  (1.9s)
    18      0.1309     0.9979     0.5544    0.7882   0.6836   0.000050  (1.6s)
    19      0.1078     0.9979     0.4915    0.8353   0.7295   0.000050  (1.7s)
    20      0.1129     0.9938     0.4846    0.8471   0.7566   0.000050  (1.7s)
    21      0.1048     0.9938     0.5024    0.8353   0.7291   0.000050  (1.8s)
    22      0.0881     1.0000     0.4795    0.8353   0.7291   0.000050  (1.7s)
    23      0.0877     0.9979     0.4641    0.8471   0.7374   0.000050  (1.7s)
    24      0.0748     1.0000     0.4526    0.8706   0.7798   0.000050  (1.8s)
    25      0.0875     1.0000     0.4462    0.8588   0.7504   0.000050  (1.9s)
    26      0.0770     0.9938     0.4485    0.8471   0.7203   0.000050  (1.9s)
    27      0.0862     0.9979     0.3756    0.8706   0.7798   0.000050  (1.8s)
    28      0.0779     0.9958     0.3920    0.8588   0.7910   0.000050  (1.8s)
    29      0.0662     1.0000     0.4394    0.8706   0.7792   0.000050  (2.0s)
    30      0.0703     0.9979     0.4257    0.8706   0.7798   0.000050  (1.8s)
    31      0.0793     0.9958     0.4315    0.8588   0.7615   0.000050  (1.7s)
    32      0.0714     0.9979     0.3984    0.8706   0.7885   0.000050  (1.9s)
    33      0.0542     1.0000     0.4309    0.8588   0.7528   0.000050  (1.9s)
    34      0.0489     0.9958     0.4154    0.8588   0.7621   0.000050  (1.6s)
    35      0.0557     0.9958     0.4420    0.8588   0.7661   0.000050  (1.7s)
    36      0.0526     1.0000     0.4381    0.8588   0.7459   0.000050  (1.8s)
    37      0.0462     1.0000     0.4608    0.8471   0.7237   0.000050  (1.8s)
    38      0.0541     0.9958     0.4669    0.8471   0.7139   0.000025  (1.9s)
    39      0.0454     1.0000     0.4370    0.8588   0.7518   0.000025  (1.8s)
    40      0.0548     0.9958     0.3874    0.8588   0.7465   0.000025  (1.8s)
    41      0.0429     1.0000     0.4137    0.8471   0.7377   0.000025  (1.8s)
    42      0.0486     0.9979     0.4121    0.8471   0.7377   0.000025  (1.7s)
    43      0.0628     0.9938     0.4396    0.8353   0.7038   0.000025  (1.6s)

Early stopping at epoch 43. Best epoch: 28 (val_f1=0.7910)

Best: epoch 28, val_acc=0.8588, val_f1=0.7910
Model saved: /mnt/extended-home/fitra_dosen/2025_iris_fer_taufik/MultimodalEmoLearn/models/benchmark/ckplus_samplelevel/_tmp/m.pth
Test Loss: 0.3457
Test Accuracy: 0.8571
Test Macro F1:    0.7097
Test Micro F1:    0.8571
Test Weighted F1: 0.8470

Classification Report:
              precision    recall  f1-score   support

     neutral       0.89      0.94      0.91        33
       happy       0.86      1.00      0.92         6
         sad       0.00      0.00      0.00         3
       angry       0.50      0.25      0.33         4
     fearful       1.00      0.67      0.80         3
   disgusted       1.00      1.00      1.00         6
   surprised       1.00      1.00      1.00         8

    accuracy                           0.86        63
   macro avg       0.75      0.69      0.71        63
weighted avg       0.85      0.86      0.85        63

    [fold 9/10] macro_f1=0.7097 acc=0.8571 (82s)
 Epoch  Train Loss  Train Acc   Val Loss   Val Acc   Val F1         LR
---------------------------------------------------------------------------
     1      1.9186     0.2583     1.8520    0.1765   0.0915   0.000050  (1.6s)
     2      1.5313     0.4542     1.6699    0.3529   0.2380   0.000050  (1.7s)
     3      1.2300     0.6083     1.5071    0.4588   0.3273   0.000050  (1.6s)
     4      1.0104     0.7229     1.3030    0.5647   0.4363   0.000050  (1.8s)
     5      0.8284     0.8063     1.2034    0.6235   0.4922   0.000050  (1.8s)
     6      0.6995     0.8479     1.0813    0.6353   0.5229   0.000050  (1.8s)
     7      0.5274     0.9021     0.9442    0.6706   0.5357   0.000050  (1.6s)
     8      0.4899     0.9021     0.9050    0.6706   0.5312   0.000050  (1.7s)
     9      0.4246     0.9417     0.8293    0.6941   0.5929   0.000050  (1.9s)
    10      0.3272     0.9729     0.7262    0.7412   0.6423   0.000050  (1.9s)
    11      0.2868     0.9583     0.6501    0.8000   0.6313   0.000050  (1.9s)
    12      0.2160     0.9875     0.6735    0.8118   0.7028   0.000050  (1.9s)
    13      0.2161     0.9812     0.6396    0.7765   0.6636   0.000050  (1.7s)
    14      0.1711     0.9854     0.6526    0.8000   0.6146   0.000050  (1.8s)
    15      0.1889     0.9771     0.5614    0.8118   0.7226   0.000050  (2.0s)
    16      0.1669     0.9854     0.5607    0.8353   0.7401   0.000050  (1.7s)
    17      0.1225     0.9958     0.5707    0.8471   0.7770   0.000050  (1.9s)
    18      0.1165     0.9979     0.5299    0.8706   0.8032   0.000050  (1.8s)
    19      0.1079     1.0000     0.5235    0.8353   0.7615   0.000050  (1.7s)
    20      0.1015     0.9938     0.4761    0.8588   0.7572   0.000050  (1.9s)
    21      0.1030     0.9979     0.5032    0.8353   0.7404   0.000050  (2.1s)
    22      0.0943     0.9958     0.4607    0.8706   0.8078   0.000050  (2.2s)
    23      0.0949     0.9896     0.4974    0.8471   0.7471   0.000050  (2.1s)
    24      0.0814     0.9979     0.4892    0.8706   0.7857   0.000050  (1.6s)
    25      0.1203     0.9792     0.4792    0.8706   0.7713   0.000050  (1.9s)
    26      0.0893     0.9917     0.4463    0.8941   0.8174   0.000050  (1.8s)
    27      0.0740     0.9979     0.4437    0.8824   0.7996   0.000050  (1.9s)
    28      0.0704     0.9979     0.4095    0.8824   0.8262   0.000050  (1.9s)
    29      0.0636     1.0000     0.4171    0.9059   0.8591   0.000050  (1.9s)
    30      0.0706     0.9938     0.4216    0.9176   0.8733   0.000050  (1.8s)
    31      0.0798     0.9938     0.4289    0.8941   0.8393   0.000050  (1.8s)
    32      0.0666     0.9979     0.4685    0.8706   0.7970   0.000050  (2.6s)
    33      0.0666     0.9958     0.4630    0.8824   0.8155   0.000050  (2.2s)
    34      0.0530     0.9979     0.3976    0.8824   0.8130   0.000050  (1.5s)
    35      0.0588     0.9958     0.4247    0.8824   0.8102   0.000050  (1.8s)
    36      0.0529     0.9979     0.4017    0.8941   0.8393   0.000050  (1.7s)
    37      0.0577     1.0000     0.4167    0.8706   0.7962   0.000050  (1.6s)
    38      0.0529     1.0000     0.4200    0.8824   0.8082   0.000050  (1.8s)
    39      0.0518     0.9958     0.4557    0.8824   0.8262   0.000050  (1.8s)
    40      0.0485     0.9979     0.4145    0.9176   0.8733   0.000025  (1.9s)
    41      0.0460     0.9979     0.4275    0.9059   0.8579   0.000025  (2.6s)
    42      0.0509     0.9979     0.4266    0.9059   0.8746   0.000025  (1.8s)
    43      0.0449     0.9979     0.4427    0.9059   0.8477   0.000025  (1.7s)
    44      0.0395     1.0000     0.4404    0.9059   0.8477   0.000025  (2.1s)
    45      0.0425     1.0000     0.4159    0.8941   0.8288   0.000025  (1.7s)
    46      0.0386     1.0000     0.4441    0.8941   0.8288   0.000025  (1.6s)
    47      0.0393     1.0000     0.4174    0.9059   0.8477   0.000025  (2.5s)
    48      0.0341     1.0000     0.4316    0.8824   0.8134   0.000025  (2.5s)
    49      0.0425     0.9979     0.4547    0.8941   0.8299   0.000025  (1.6s)
    50      0.0379     1.0000     0.4532    0.8941   0.8280   0.000025  (1.7s)

Best: epoch 42, val_acc=0.9059, val_f1=0.8746
Model saved: /mnt/extended-home/fitra_dosen/2025_iris_fer_taufik/MultimodalEmoLearn/models/benchmark/ckplus_samplelevel/_tmp/m.pth
Test Loss: 0.3282
Test Accuracy: 0.8889
Test Macro F1:    0.7629
Test Micro F1:    0.8889
Test Weighted F1: 0.8801

Classification Report:
              precision    recall  f1-score   support

     neutral       0.92      1.00      0.96        33
       happy       0.78      1.00      0.88         7
         sad       1.00      0.33      0.50         3
       angry       0.50      0.50      0.50         4
     fearful       1.00      0.50      0.67         2
   disgusted       1.00      0.83      0.91         6
   surprised       1.00      0.88      0.93         8

    accuracy                           0.89        63
   macro avg       0.88      0.72      0.76        63
weighted avg       0.90      0.89      0.88        63

    [fold 10/10] macro_f1=0.7629 acc=0.8889 (98s)
  cv10: macro_f1=0.7634±0.0807  acc=0.8930±0.0289  -> saved ckplus_7c_cv10_earlyfusion_b3.json

##### KDEF: N=2941, kelas=7 (sample-level) #####

================================================================
  KDEF 7c — Early Fusion concat — randomsplit (5 folds)
================================================================
 Epoch  Train Loss  Train Acc   Val Loss   Val Acc   Val F1         LR
---------------------------------------------------------------------------
     1      1.7799     0.3155     1.5515    0.4119   0.3892   0.000050  (7.7s)
     2      1.1676     0.6149     0.9904    0.6705   0.6380   0.000050  (5.3s)
     3      0.7733     0.7666     0.6830    0.7926   0.7858   0.000050  (5.6s)
     4      0.5584     0.8453     0.6181    0.8040   0.8008   0.000050  (5.6s)
     5      0.4315     0.8846     0.4476    0.8693   0.8666   0.000050  (5.5s)
     6      0.3436     0.9138     0.4235    0.8835   0.8797   0.000050  (5.9s)
     7      0.3193     0.9219     0.3618    0.8977   0.8940   0.000050  (6.5s)
     8      0.2431     0.9476     0.3395    0.9034   0.9004   0.000050  (6.2s)
     9      0.2023     0.9587     0.3155    0.9006   0.8996   0.000050  (5.5s)
    10      0.1724     0.9657     0.3354    0.8892   0.8831   0.000050  (6.1s)
    11      0.1606     0.9677     0.2966    0.9091   0.9061   0.000050  (5.2s)
    12      0.1424     0.9733     0.3066    0.8949   0.8907   0.000050  (5.5s)
    13      0.1397     0.9693     0.3376    0.8977   0.8923   0.000050  (4.9s)
    14      0.1224     0.9803     0.2436    0.9347   0.9325   0.000050  (4.7s)
    15      0.1053     0.9814     0.2812    0.9261   0.9243   0.000050  (4.9s)
    16      0.0998     0.9819     0.2719    0.9205   0.9169   0.000050  (4.9s)
    17      0.1084     0.9763     0.2825    0.9062   0.9044   0.000050  (5.2s)
    18      0.0984     0.9808     0.2783    0.9261   0.9221   0.000050  (5.1s)
    19      0.0739     0.9859     0.2998    0.9006   0.8985   0.000050  (5.1s)
    20      0.0759     0.9844     0.3105    0.9091   0.9048   0.000050  (6.0s)
    21      0.0737     0.9884     0.2674    0.9290   0.9267   0.000050  (6.9s)
    22      0.0665     0.9849     0.2630    0.9261   0.9229   0.000050  (6.2s)
    23      0.0591     0.9904     0.2585    0.9176   0.9143   0.000050  (7.8s)
    24      0.0458     0.9960     0.2456    0.9261   0.9239   0.000025  (6.0s)
    25      0.0458     0.9940     0.2457    0.9290   0.9279   0.000025  (5.5s)
    26      0.0454     0.9924     0.2283    0.9347   0.9332   0.000025  (5.6s)
    27      0.0484     0.9934     0.2395    0.9375   0.9352   0.000025  (7.5s)
    28      0.0380     0.9965     0.2401    0.9347   0.9326   0.000025  (5.8s)
    29      0.0342     0.9975     0.2516    0.9261   0.9251   0.000025  (7.0s)
    30      0.0372     0.9945     0.2546    0.9290   0.9269   0.000025  (5.8s)
    31      0.0266     0.9980     0.2553    0.9290   0.9249   0.000025  (5.4s)
    32      0.0335     0.9970     0.2586    0.9318   0.9290   0.000025  (5.5s)
    33      0.0337     0.9950     0.2505    0.9261   0.9229   0.000025  (5.5s)
    34      0.0324     0.9970     0.2509    0.9261   0.9232   0.000025  (6.0s)
    35      0.0243     0.9990     0.2684    0.9233   0.9200   0.000025  (5.4s)
    36      0.0327     0.9965     0.2346    0.9290   0.9261   0.000025  (6.4s)
    37      0.0286     0.9985     0.2312    0.9233   0.9201   0.000013  (7.8s)
    38      0.0270     0.9970     0.2136    0.9290   0.9266   0.000013  (5.1s)
    39      0.0280     0.9980     0.2244    0.9290   0.9272   0.000013  (5.5s)
    40      0.0224     0.9990     0.2278    0.9261   0.9225   0.000013  (4.8s)
    41      0.0233     0.9985     0.2311    0.9318   0.9297   0.000013  (5.1s)
    42      0.0259     0.9980     0.2337    0.9347   0.9319   0.000013  (5.5s)

Early stopping at epoch 42. Best epoch: 27 (val_f1=0.9352)

Best: epoch 27, val_acc=0.9375, val_f1=0.9352
Model saved: /mnt/extended-home/fitra_dosen/2025_iris_fer_taufik/MultimodalEmoLearn/models/benchmark/kdef_samplelevel/_tmp/m.pth
Test Loss: 0.1883
Test Accuracy: 0.9440
Test Macro F1:    0.9436
Test Micro F1:    0.9440
Test Weighted F1: 0.9435

Classification Report:
              precision    recall  f1-score   support

     neutral       0.90      0.99      0.94        84
       happy       0.99      1.00      0.99        84
         sad       0.94      0.89      0.91        84
       angry       1.00      0.93      0.96        84
     fearful       0.95      0.85      0.89        85
   disgusted       0.94      0.95      0.95        84
   surprised       0.90      1.00      0.95        84

    accuracy                           0.94       589
   macro avg       0.95      0.94      0.94       589
weighted avg       0.95      0.94      0.94       589

    [fold 1/5] macro_f1=0.9436 acc=0.9440 (250s)
 Epoch  Train Loss  Train Acc   Val Loss   Val Acc   Val F1         LR
---------------------------------------------------------------------------
     1      1.7581     0.3216     1.4736    0.4602   0.4251   0.000050  (5.5s)
     2      1.1608     0.6174     0.9605    0.7074   0.6894   0.000050  (6.0s)
     3      0.7608     0.7818     0.6650    0.8153   0.8118   0.000050  (5.9s)
     4      0.5659     0.8443     0.5432    0.8324   0.8280   0.000050  (5.7s)
     5      0.4288     0.8876     0.4211    0.8807   0.8797   0.000050  (6.0s)
     6      0.3435     0.9123     0.4742    0.8438   0.8410   0.000050  (6.0s)
     7      0.2933     0.9279     0.3523    0.8892   0.8878   0.000050  (5.8s)
     8      0.2513     0.9466     0.3561    0.8807   0.8785   0.000050  (5.7s)
     9      0.2168     0.9556     0.3277    0.8920   0.8907   0.000050  (5.4s)
    10      0.1803     0.9622     0.2944    0.9091   0.9078   0.000050  (5.6s)
    11      0.1536     0.9703     0.2914    0.9205   0.9206   0.000050  (5.3s)
    12      0.1476     0.9662     0.2872    0.8977   0.8997   0.000050  (5.3s)
    13      0.1430     0.9677     0.2742    0.9119   0.9118   0.000050  (6.5s)
    14      0.1114     0.9814     0.3008    0.9006   0.8997   0.000050  (5.8s)
    15      0.1081     0.9773     0.2472    0.9148   0.9162   0.000050  (5.0s)
Traceback (most recent call last):
  File "/mnt/extended-home/fitra_dosen/2025_iris_fer_taufik/miniconda3/envs/2025_iris_fer_taufik/lib/python3.12/multiprocessing/resource_sharer.py", line 138, in _serve
    with self._listener.accept() as conn:
         ^^^^^^^^^^^^^^^^^^^^^^^
  File "/mnt/extended-home/fitra_dosen/2025_iris_fer_taufik/miniconda3/envs/2025_iris_fer_taufik/lib/python3.12/multiprocessing/connection.py", line 483, in accept
    answer_challenge(c, self._authkey)
  File "/mnt/extended-home/fitra_dosen/2025_iris_fer_taufik/miniconda3/envs/2025_iris_fer_taufik/lib/python3.12/multiprocessing/connection.py", line 962, in answer_challenge
    response = connection.recv_bytes(256)        # reject large message
               ^^^^^^^^^^^^^^^^^^^^^^^^^^
  File "/mnt/extended-home/fitra_dosen/2025_iris_fer_taufik/miniconda3/envs/2025_iris_fer_taufik/lib/python3.12/multiprocessing/connection.py", line 216, in recv_bytes
    buf = self._recv_bytes(maxlength)
          ^^^^^^^^^^^^^^^^^^^^^^^^^^^
  File "/mnt/extended-home/fitra_dosen/2025_iris_fer_taufik/miniconda3/envs/2025_iris_fer_taufik/lib/python3.12/multiprocessing/connection.py", line 430, in _recv_bytes
    buf = self._recv(4)
          ^^^^^^^^^^^^^
  File "/mnt/extended-home/fitra_dosen/2025_iris_fer_taufik/miniconda3/envs/2025_iris_fer_taufik/lib/python3.12/multiprocessing/connection.py", line 395, in _recv
    chunk = read(handle, remaining)
            ^^^^^^^^^^^^^^^^^^^^^^^
ConnectionResetError: [Errno 104] Connection reset by peer
