Device: cuda

========== ours_cnn1d_facs × 3c × B1 (blendshape only) ==========
  feature dim: 52  range: [0.000, 0.998]  mean: 0.073
  ep   1  loss=0.5353  tr_acc=0.8311  val_mf1=0.4003  val_acc=0.8325
  ep  10  loss=0.3516  tr_acc=0.8797  val_mf1=0.4585  val_acc=0.8428
  ep  20  loss=0.3177  tr_acc=0.8896  val_mf1=0.4257  val_acc=0.8359
  best epoch 11  val_mf1=0.4723  (66s)
  TEST: macro_f1=0.5841  wf1=0.8045  acc=0.8235

========== bachtiar_multistack × 3c × B1 (blendshape only) ==========
  feature dim: 52  range: [0.000, 0.998]  mean: 0.073
  ep   1  loss=0.5419  tr_acc=0.8473  val_mf1=0.3011  val_acc=0.8238
  ep  10  loss=0.3870  tr_acc=0.8674  val_mf1=0.4097  val_acc=0.8325
  ep  20  loss=0.3564  tr_acc=0.8742  val_mf1=0.4183  val_acc=0.8325
  ep  30  loss=0.3264  tr_acc=0.8886  val_mf1=0.4111  val_acc=0.8342
  ep  40  loss=0.2996  tr_acc=0.8966  val_mf1=0.4553  val_acc=0.8411
  ep  50  loss=0.2836  tr_acc=0.9013  val_mf1=0.4463  val_acc=0.8411
  best epoch 40  val_mf1=0.4553  (129s)
  TEST: macro_f1=0.5747  wf1=0.8212  acc=0.8407

========== ours_cnn1d_facs × 7c × B1 (blendshape only) ==========
  feature dim: 52  range: [0.000, 0.998]  mean: 0.073
  ep   1  loss=0.7953  tr_acc=0.7962  val_mf1=0.1291  val_acc=0.8238
  ep  10  loss=0.3896  tr_acc=0.8775  val_mf1=0.1718  val_acc=0.8273
  ep  20  loss=0.3419  tr_acc=0.8905  val_mf1=0.1691  val_acc=0.8342
  ep  30  loss=0.3171  tr_acc=0.8981  val_mf1=0.1747  val_acc=0.8325
  ep  40  loss=0.2974  tr_acc=0.8998  val_mf1=0.1938  val_acc=0.8221
  best epoch 26  val_mf1=0.2267  (118s)
  TEST: macro_f1=0.2480  wf1=0.7982  acc=0.8159

========== bachtiar_multistack × 7c × B1 (blendshape only) ==========
  feature dim: 52  range: [0.000, 0.998]  mean: 0.073
  ep   1  loss=0.6609  tr_acc=0.8396  val_mf1=0.1291  val_acc=0.8238
  ep  10  loss=0.4498  tr_acc=0.8652  val_mf1=0.1772  val_acc=0.8325
  ep  20  loss=0.3979  tr_acc=0.8716  val_mf1=0.1839  val_acc=0.8359
  best epoch 8  val_mf1=0.1974  (62s)
  TEST: macro_f1=0.2184  wf1=0.7875  acc=0.8235
Saved: /mnt/extended-home/fitra_dosen/2025_iris_fer_taufik/MultimodalEmoLearn/models/frontonly_conf60/3class/Blendshape_compare/compare_archs.json
Saved: /mnt/extended-home/fitra_dosen/2025_iris_fer_taufik/MultimodalEmoLearn/models/frontonly_conf60/7class/Blendshape_compare/compare_archs.json

======================================================================
Summary: Blendshape-only (52-dim), B1 — Ours vs Bachtiar
======================================================================
  scheme     ours_macro_f1     bachtiar_macro_f1     delta
  3c               0.5841                0.5747   -0.0095
  7c               0.2480                0.2184   -0.0295
