===================================================================
=== ckplus_7class B1 chain ===
===================================================================
--- landmark sweep ---
Device: cuda
DATA_DIR: /mnt/extended-home/fitra_dosen/2025_iris_fer_taufik/MultimodalEmoLearn/data/benchmark/ckplus_7class
Output: /mnt/extended-home/fitra_dosen/2025_iris_fer_taufik/MultimodalEmoLearn/models/benchmark/ckplus_7class
Total runs: 8

[1/8]

==== mediapipe × raw_136 × fcnn × 3c × B1 ====
  Train N=508  in_dim=136  augment=False
  class counts train: [123, 260, 125]
  ep   1  loss=1.0966  val_mf1=0.2286
  ep  10  loss=0.6358  val_mf1=0.1379
  ep  20  loss=0.5277  val_mf1=0.4557
  ep  30  loss=0.5317  val_mf1=0.3745
  best ep 19  val_mf1=0.7371  (7s)  TEST mf1=0.6840  wf1=0.6513  acc=0.6441

[2/8]

==== mediapipe × raw_136 × cnn1d × 3c × B1 ====
  Train N=508  in_dim=136  augment=False
  class counts train: [123, 260, 125]
  ep   1  loss=1.1443  val_mf1=0.2286
  ep  10  loss=0.7790  val_mf1=0.4259
  ep  20  loss=0.6250  val_mf1=0.4645
  ep  30  loss=0.6199  val_mf1=0.4881
  ep  40  loss=0.5973  val_mf1=0.4373
  ep  50  loss=0.6195  val_mf1=0.6698
  best ep 48  val_mf1=0.6990  (19s)  TEST mf1=0.6375  wf1=0.6483  acc=0.6441

[3/8]

==== mediapipe × facs_28 × fcnn × 3c × B1 ====
  Train N=508  in_dim=28  augment=False
  class counts train: [123, 260, 125]
  ep   1  loss=0.8051  val_mf1=0.2286
  ep  10  loss=0.3328  val_mf1=0.9221
  ep  20  loss=0.2679  val_mf1=0.8359
  ep  30  loss=0.2345  val_mf1=0.8639
  best ep 17  val_mf1=0.9232  (10s)  TEST mf1=0.9109  wf1=0.9126  acc=0.9153

[4/8]

==== mediapipe × facs_28 × cnn1d × 3c × B1 ====
  Train N=508  in_dim=28  augment=False
  class counts train: [123, 260, 125]
  ep   1  loss=0.9828  val_mf1=0.1379
  ep  10  loss=0.4719  val_mf1=0.8222
  ep  20  loss=0.4310  val_mf1=0.7825
  best ep 5  val_mf1=0.8459  (5s)  TEST mf1=0.6453  wf1=0.6727  acc=0.6780

[5/8]

==== mediapipe × raw_136 × fcnn × 7c × B1 ====
  Train N=508  in_dim=136  augment=False
  class counts train: [260, 57, 23, 35, 17, 50, 66]
  ep   1  loss=1.7618  val_mf1=0.0980
  ep  10  loss=0.8854  val_mf1=0.0330
  ep  20  loss=0.8145  val_mf1=0.2869
  ep  30  loss=0.6968  val_mf1=0.0330
  ep  40  loss=0.6477  val_mf1=0.1462
  best ep 28  val_mf1=0.3630  (8s)  TEST mf1=0.4074  wf1=0.6078  acc=0.6949

[6/8]

==== mediapipe × raw_136 × cnn1d × 7c × B1 ====
  Train N=508  in_dim=136  augment=False
  class counts train: [260, 57, 23, 35, 17, 50, 66]
  ep   1  loss=1.8512  val_mf1=0.0980
  ep  10  loss=1.1633  val_mf1=0.1610
  ep  20  loss=0.9182  val_mf1=0.3719
  ep  30  loss=0.8786  val_mf1=0.4065
  ep  40  loss=0.7956  val_mf1=0.4558
  ep  50  loss=0.7303  val_mf1=0.1667
  best ep 47  val_mf1=0.6143  (18s)  TEST mf1=0.4594  wf1=0.6241  acc=0.6610

[7/8]

==== mediapipe × facs_28 × fcnn × 7c × B1 ====
  Train N=508  in_dim=28  augment=False
  class counts train: [260, 57, 23, 35, 17, 50, 66]
  ep   1  loss=1.5563  val_mf1=0.0980
  ep  10  loss=0.5045  val_mf1=0.7205
  ep  20  loss=0.3621  val_mf1=0.7729
  ep  30  loss=0.3150  val_mf1=0.7017
  ep  40  loss=0.2959  val_mf1=0.7054
  best ep 25  val_mf1=0.8786  (13s)  TEST mf1=0.6033  wf1=0.7935  acc=0.8136

[8/8]

==== mediapipe × facs_28 × cnn1d × 7c × B1 ====
  Train N=508  in_dim=28  augment=False
  class counts train: [260, 57, 23, 35, 17, 50, 66]
  ep   1  loss=1.7858  val_mf1=0.0980
  ep  10  loss=0.7048  val_mf1=0.4952
  ep  20  loss=0.6266  val_mf1=0.6192
  ep  30  loss=0.5321  val_mf1=0.6774
  ep  40  loss=0.4751  val_mf1=0.7900
  best ep 33  val_mf1=0.7900  (15s)  TEST mf1=0.6360  wf1=0.8065  acc=0.8305

Sweep done: trained=8, skipped_existing=0
Saved: /mnt/extended-home/fitra_dosen/2025_iris_fer_taufik/MultimodalEmoLearn/models/benchmark/ckplus_7class/3class/Unified/raw_136/results.json
Saved: /mnt/extended-home/fitra_dosen/2025_iris_fer_taufik/MultimodalEmoLearn/models/benchmark/ckplus_7class/3class/Unified/facs_28/results.json
Saved: /mnt/extended-home/fitra_dosen/2025_iris_fer_taufik/MultimodalEmoLearn/models/benchmark/ckplus_7class/7class/Unified/raw_136/results.json
Saved: /mnt/extended-home/fitra_dosen/2025_iris_fer_taufik/MultimodalEmoLearn/models/benchmark/ckplus_7class/7class/Unified/facs_28/results.json

===============================================================================================
SUMMARY: Unified protocol macro_f1
===============================================================================================
  scheme  feat      src         arch          B1        B2        B3
  3c     raw_136   mediapipe   fcnn      0.6840      -         -   
  3c     raw_136   mediapipe   cnn1d     0.6375      -         -   
  3c     facs_28   mediapipe   fcnn      0.9109      -         -   
  3c     facs_28   mediapipe   cnn1d     0.6453      -         -   
  7c     raw_136   mediapipe   fcnn      0.4074      -         -   
  7c     raw_136   mediapipe   cnn1d     0.4594      -         -   
  7c     facs_28   mediapipe   fcnn      0.6033      -         -   
  7c     facs_28   mediapipe   cnn1d     0.6360      -         -   
--- image sweep ---
Device: cuda
DATA_DIR: /mnt/extended-home/fitra_dosen/2025_iris_fer_taufik/MultimodalEmoLearn/data/benchmark/ckplus_7class
Output: /mnt/extended-home/fitra_dosen/2025_iris_fer_taufik/MultimodalEmoLearn/models/benchmark/ckplus_7class
Total runs: 4

[1/4]

==== cnn_scratch × 3c × B1 ====
  Train N=508  img_shape=(224, 224, 3)  augment=False  lr=0.001
  class counts train: [123, 260, 125]
  ep   1  loss=1.1818  val_mf1=0.2286
  ep   5  loss=1.0996  val_mf1=0.3097
  ep  10  loss=1.0700  val_mf1=0.2286
  ep  15  loss=1.0539  val_mf1=0.2286
  best ep 3  val_mf1=0.3624  (84s)  TEST mf1=0.3007  wf1=0.3942  acc=0.5085

[2/4]

==== cnn_tl × 3c × B1 ====
  Train N=508  img_shape=(224, 224, 3)  augment=False  lr=0.0001
  class counts train: [123, 260, 125]
  ep   1  loss=1.0882  val_mf1=0.6835
  ep   5  loss=0.1058  val_mf1=0.9127
  ep  10  loss=0.0264  val_mf1=0.9269
  ep  15  loss=0.0186  val_mf1=0.9449
  ep  20  loss=0.0133  val_mf1=0.9449
  ep  25  loss=0.0819  val_mf1=0.7048
  best ep 13  val_mf1=0.9700  (68s)  TEST mf1=0.9184  wf1=0.9179  acc=0.9153

[3/4]

==== cnn_scratch × 7c × B1 ====
  Train N=508  img_shape=(224, 224, 3)  augment=False  lr=0.001
  class counts train: [260, 57, 23, 35, 17, 50, 66]
  ep   1  loss=1.9140  val_mf1=0.0980
  ep   5  loss=1.6356  val_mf1=0.0952
  ep  10  loss=1.5779  val_mf1=0.0980
  ep  15  loss=1.5107  val_mf1=0.0980
  ep  20  loss=1.4986  val_mf1=0.0980
  best ep 8  val_mf1=0.1212  (105s)  TEST mf1=0.1168  wf1=0.3560  acc=0.4746

[4/4]

==== cnn_tl × 7c × B1 ====
  Train N=508  img_shape=(224, 224, 3)  augment=False  lr=0.0001
  class counts train: [260, 57, 23, 35, 17, 50, 66]
  ep   1  loss=1.8323  val_mf1=0.3563
  ep   5  loss=0.3603  val_mf1=0.6330
  ep  10  loss=0.1106  val_mf1=0.8672
  ep  15  loss=0.0646  val_mf1=0.7582
  ep  20  loss=0.0467  val_mf1=0.7719
  ep  25  loss=0.0376  val_mf1=0.8225
  best ep 10  val_mf1=0.8672  (59s)  TEST mf1=0.7906  wf1=0.8795  acc=0.8814

Sweep done: trained=4, skipped_existing=0
Saved: /mnt/extended-home/fitra_dosen/2025_iris_fer_taufik/MultimodalEmoLearn/models/benchmark/ckplus_7class/3class/Unified/cnn_scratch/results.json
Saved: /mnt/extended-home/fitra_dosen/2025_iris_fer_taufik/MultimodalEmoLearn/models/benchmark/ckplus_7class/3class/Unified/cnn_tl/results.json
Saved: /mnt/extended-home/fitra_dosen/2025_iris_fer_taufik/MultimodalEmoLearn/models/benchmark/ckplus_7class/7class/Unified/cnn_scratch/results.json
Saved: /mnt/extended-home/fitra_dosen/2025_iris_fer_taufik/MultimodalEmoLearn/models/benchmark/ckplus_7class/7class/Unified/cnn_tl/results.json

================================================================================
SUMMARY: Unified protocol image-based macro_f1
================================================================================
  scheme  arch                B1        B2        B3
  3c     cnn_scratch     0.3007       nan       nan
  3c     cnn_tl          0.9184       nan       nan
  7c     cnn_scratch     0.1168       nan       nan
  7c     cnn_tl          0.7906       nan       nan
--- fusion sweep ---
Device: cuda
DATA_DIR: /mnt/extended-home/fitra_dosen/2025_iris_fer_taufik/MultimodalEmoLearn/data/benchmark/ckplus_7class
Output: /mnt/extended-home/fitra_dosen/2025_iris_fer_taufik/MultimodalEmoLearn/models/benchmark/ckplus_7class
Total runs: 8

[1/8]

==== fusion_early_scratch × 3c × B1 × lm=mediapipe ====
  Train N=508  augment=False  lr=0.001
  class counts train: [123, 260, 125]
  ep   1  loss=1.1668  val_mf1=0.2286
  ep   5  loss=1.0883  val_mf1=0.2659
  ep  10  loss=1.0192  val_mf1=0.3837
  ep  15  loss=0.8059  val_mf1=0.5617
  ep  20  loss=0.6304  val_mf1=0.6982
  ep  25  loss=0.5258  val_mf1=0.6175
  ep  30  loss=0.4630  val_mf1=0.6520
  ep  35  loss=0.4397  val_mf1=0.7298
  ep  40  loss=0.3617  val_mf1=0.7093
  ep  45  loss=0.2808  val_mf1=0.7613
  ep  50  loss=0.2454  val_mf1=0.8054
  best ep 37  val_mf1=0.8111  (235s)  TEST mf1=0.7538  wf1=0.7657  acc=0.7797

[2/8]

==== fusion_early_tl × 3c × B1 × lm=mediapipe ====
  Train N=508  augment=False  lr=0.0001
  class counts train: [123, 260, 125]
  ep   1  loss=1.0404  val_mf1=0.4316
  ep   5  loss=0.1148  val_mf1=0.8830
  ep  10  loss=0.0324  val_mf1=0.8866
  ep  15  loss=0.0194  val_mf1=0.8967
  ep  20  loss=0.0173  val_mf1=0.8866
  ep  25  loss=0.0398  val_mf1=0.7336
  best ep 11  val_mf1=0.9182  (67s)  TEST mf1=0.8610  wf1=0.8503  acc=0.8475

[3/8]

==== fusion_intermediate_scratch × 3c × B1 × lm=mediapipe ====
  Train N=508  augment=False  lr=0.001
  class counts train: [123, 260, 125]
  ep   1  loss=1.1228  val_mf1=0.2286
  ep   5  loss=0.8531  val_mf1=0.3757
  ep  10  loss=0.6941  val_mf1=0.4037
  ep  15  loss=0.6426  val_mf1=0.4652
  ep  20  loss=0.6253  val_mf1=0.4021
  ep  25  loss=0.5367  val_mf1=0.2715
  best ep 14  val_mf1=0.6034  (129s)  TEST mf1=0.4946  wf1=0.5416  acc=0.6102

[4/8]

==== fusion_intermediate_tl × 3c × B1 × lm=mediapipe ====
  Train N=508  augment=False  lr=0.0001
  class counts train: [123, 260, 125]
  ep   1  loss=1.1363  val_mf1=0.5136
  ep   5  loss=0.7673  val_mf1=0.6571
  ep  10  loss=0.2278  val_mf1=0.9424
  ep  15  loss=0.0949  val_mf1=0.9409
  ep  20  loss=0.0636  val_mf1=0.9105
  ep  25  loss=0.0534  val_mf1=0.9487
  ep  30  loss=0.0404  val_mf1=0.9311
  ep  35  loss=0.0787  val_mf1=0.9183
  best ep 22  val_mf1=0.9795  (94s)  TEST mf1=0.8601  wf1=0.8335  acc=0.8305

[5/8]

==== fusion_early_scratch × 7c × B1 × lm=mediapipe ====
  Train N=508  augment=False  lr=0.001
  class counts train: [260, 57, 23, 35, 17, 50, 66]
  ep   1  loss=1.8083  val_mf1=0.0980
  ep   5  loss=1.5524  val_mf1=0.0980
  ep  10  loss=1.3152  val_mf1=0.2704
  ep  15  loss=1.0480  val_mf1=0.1942
  ep  20  loss=0.8559  val_mf1=0.3140
  ep  25  loss=0.7469  val_mf1=0.3512
  ep  30  loss=0.6274  val_mf1=0.3030
  ep  35  loss=0.5437  val_mf1=0.3405
  ep  40  loss=0.4529  val_mf1=0.4741
  ep  45  loss=0.3991  val_mf1=0.5607
  ep  50  loss=0.4801  val_mf1=0.6075
  best ep 50  val_mf1=0.6075  (238s)  TEST mf1=0.5058  wf1=0.6932  acc=0.7288

[6/8]

==== fusion_early_tl × 7c × B1 × lm=mediapipe ====
  Train N=508  augment=False  lr=0.0001
  class counts train: [260, 57, 23, 35, 17, 50, 66]
  ep   1  loss=1.8784  val_mf1=0.2426
  ep   5  loss=0.3943  val_mf1=0.6261
  ep  10  loss=0.1329  val_mf1=0.8147
  ep  15  loss=0.0672  val_mf1=0.7208
  ep  20  loss=0.0441  val_mf1=0.7777
  ep  25  loss=0.0316  val_mf1=0.7733
  best ep 10  val_mf1=0.8147  (65s)  TEST mf1=0.6545  wf1=0.7006  acc=0.6780

[7/8]

==== fusion_intermediate_scratch × 7c × B1 × lm=mediapipe ====
  Train N=508  augment=False  lr=0.001
  class counts train: [260, 57, 23, 35, 17, 50, 66]
  ep   1  loss=1.8750  val_mf1=0.0980
  ep   5  loss=1.5035  val_mf1=0.0330
  ep  10  loss=1.0760  val_mf1=0.2661
  ep  15  loss=0.9217  val_mf1=0.2214
  ep  20  loss=0.8176  val_mf1=0.1564
  ep  25  loss=0.7916  val_mf1=0.1309
  ep  30  loss=0.7376  val_mf1=0.1532
  ep  35  loss=0.7223  val_mf1=0.2585
  ep  40  loss=0.7250  val_mf1=0.0210
  ep  45  loss=0.6240  val_mf1=0.1833
  best ep 32  val_mf1=0.4543  (218s)  TEST mf1=0.3826  wf1=0.5997  acc=0.6441

[8/8]

==== fusion_intermediate_tl × 7c × B1 × lm=mediapipe ====
  Train N=508  augment=False  lr=0.0001
  class counts train: [260, 57, 23, 35, 17, 50, 66]
  ep   1  loss=1.9673  val_mf1=0.1661
  ep   5  loss=1.4982  val_mf1=0.4412
  ep  10  loss=0.8151  val_mf1=0.4665
  ep  15  loss=0.5222  val_mf1=0.5859
  ep  20  loss=0.3845  val_mf1=0.6025
  ep  25  loss=0.2932  val_mf1=0.7118
  ep  30  loss=0.2285  val_mf1=0.7118
  ep  35  loss=0.1696  val_mf1=0.8507
  ep  40  loss=0.1313  val_mf1=1.0000
  ep  45  loss=0.1081  val_mf1=0.9523
  ep  50  loss=0.0731  val_mf1=0.9746
  best ep 40  val_mf1=1.0000  (129s)  TEST mf1=0.7538  wf1=0.8157  acc=0.7797

Sweep done: trained=8, skipped_existing=0
Saved: /mnt/extended-home/fitra_dosen/2025_iris_fer_taufik/MultimodalEmoLearn/models/benchmark/ckplus_7class/3class/Unified/fusion_early_scratch/results.json
Saved: /mnt/extended-home/fitra_dosen/2025_iris_fer_taufik/MultimodalEmoLearn/models/benchmark/ckplus_7class/3class/Unified/fusion_early_tl/results.json
Saved: /mnt/extended-home/fitra_dosen/2025_iris_fer_taufik/MultimodalEmoLearn/models/benchmark/ckplus_7class/3class/Unified/fusion_intermediate_scratch/results.json
Saved: /mnt/extended-home/fitra_dosen/2025_iris_fer_taufik/MultimodalEmoLearn/models/benchmark/ckplus_7class/3class/Unified/fusion_intermediate_tl/results.json
Saved: /mnt/extended-home/fitra_dosen/2025_iris_fer_taufik/MultimodalEmoLearn/models/benchmark/ckplus_7class/7class/Unified/fusion_early_scratch/results.json
Saved: /mnt/extended-home/fitra_dosen/2025_iris_fer_taufik/MultimodalEmoLearn/models/benchmark/ckplus_7class/7class/Unified/fusion_early_tl/results.json
Saved: /mnt/extended-home/fitra_dosen/2025_iris_fer_taufik/MultimodalEmoLearn/models/benchmark/ckplus_7class/7class/Unified/fusion_intermediate_scratch/results.json
Saved: /mnt/extended-home/fitra_dosen/2025_iris_fer_taufik/MultimodalEmoLearn/models/benchmark/ckplus_7class/7class/Unified/fusion_intermediate_tl/results.json

====================================================================================================
SUMMARY: Unified protocol fusion macro_f1
====================================================================================================
  scheme  fusion         variant   lm_src            B1        B2        B3
  3c     early          scratch   mediapipe     0.7538       nan       nan
  3c     early          tl        mediapipe     0.8610       nan       nan
  3c     intermediate   scratch   mediapipe     0.4946       nan       nan
  3c     intermediate   tl        mediapipe     0.8601       nan       nan
  7c     early          scratch   mediapipe     0.5058       nan       nan
  7c     early          tl        mediapipe     0.6545       nan       nan
  7c     intermediate   scratch   mediapipe     0.3826       nan       nan
  7c     intermediate   tl        mediapipe     0.7538       nan       nan
===================================================================
=== jaffe_7class B1 chain ===
===================================================================
--- landmark sweep ---
Device: cuda
DATA_DIR: /mnt/extended-home/fitra_dosen/2025_iris_fer_taufik/MultimodalEmoLearn/data/benchmark/jaffe_7class
Output: /mnt/extended-home/fitra_dosen/2025_iris_fer_taufik/MultimodalEmoLearn/models/benchmark/jaffe_7class
Total runs: 8

[1/8]

==== mediapipe × raw_136 × fcnn × 3c × B1 ====
  Train N=152  in_dim=136  augment=False
  class counts train: [44, 21, 87]
  ep   1  loss=1.1467  val_mf1=0.2424
  ep  10  loss=0.3495  val_mf1=0.3397
  ep  20  loss=0.1201  val_mf1=0.6940
  ep  30  loss=0.1049  val_mf1=0.5897
  best ep 20  val_mf1=0.6940  (3s)  TEST mf1=0.1630  wf1=0.1344  acc=0.2750

[2/8]

==== mediapipe × raw_136 × cnn1d × 3c × B1 ====
  Train N=152  in_dim=136  augment=False
  class counts train: [44, 21, 87]
  ep   1  loss=1.2527  val_mf1=0.0833
  ep  10  loss=0.9588  val_mf1=0.2424
  ep  20  loss=0.9321  val_mf1=0.4889
  ep  30  loss=0.8084  val_mf1=0.4529
  best ep 16  val_mf1=0.4889  (4s)  TEST mf1=0.2295  wf1=0.3959  acc=0.5250

[3/8]

==== mediapipe × facs_28 × fcnn × 3c × B1 ====
  Train N=152  in_dim=28  augment=False
  class counts train: [44, 21, 87]
  ep   1  loss=1.0281  val_mf1=0.2424
  ep  10  loss=0.2534  val_mf1=0.2667
  ep  20  loss=0.1826  val_mf1=0.9599
  ep  30  loss=0.2198  val_mf1=0.8077
  best ep 23  val_mf1=1.0000  (5s)  TEST mf1=0.2917  wf1=0.4571  acc=0.5750

[4/8]

==== mediapipe × facs_28 × cnn1d × 3c × B1 ====
  Train N=152  in_dim=28  augment=False
  class counts train: [44, 21, 87]
  ep   1  loss=1.1400  val_mf1=0.1481
  ep  10  loss=0.6268  val_mf1=0.1481
  ep  20  loss=0.4591  val_mf1=0.6942
  ep  30  loss=0.4281  val_mf1=0.5167
  best ep 15  val_mf1=0.8857  (3s)  TEST mf1=0.2330  wf1=0.2614  acc=0.3500

[5/8]

==== mediapipe × raw_136 × fcnn × 7c × B1 ====
  Train N=152  in_dim=136  augment=False
  class counts train: [21, 23, 22, 21, 23, 21, 21]
  ep   1  loss=1.9798  val_mf1=0.0357
  ep  10  loss=1.0633  val_mf1=0.0190
  ep  20  loss=0.5175  val_mf1=0.0357
  ep  30  loss=0.3276  val_mf1=0.2041
  ep  40  loss=0.2860  val_mf1=0.0357
  best ep 27  val_mf1=0.2486  (4s)  TEST mf1=0.1608  wf1=0.1620  acc=0.2750

[6/8]

==== mediapipe × raw_136 × cnn1d × 7c × B1 ====
  Train N=152  in_dim=136  augment=False
  class counts train: [21, 23, 22, 21, 23, 21, 21]
  ep   1  loss=2.0764  val_mf1=0.0357
  ep  10  loss=1.9087  val_mf1=0.0357
  ep  20  loss=1.7997  val_mf1=0.3361
  ep  30  loss=1.6445  val_mf1=0.1857
  best ep 22  val_mf1=0.4076  (5s)  TEST mf1=0.0985  wf1=0.0966  acc=0.2000

[7/8]

==== mediapipe × facs_28 × fcnn × 7c × B1 ====
  Train N=152  in_dim=28  augment=False
  class counts train: [21, 23, 22, 21, 23, 21, 21]
  ep   1  loss=1.9798  val_mf1=0.0357
  ep  10  loss=0.9240  val_mf1=0.0429
  ep  20  loss=0.4605  val_mf1=0.6245
  ep  30  loss=0.2580  val_mf1=0.6122
  best ep 22  val_mf1=0.7973  (4s)  TEST mf1=0.2440  wf1=0.2255  acc=0.2750

[8/8]

==== mediapipe × facs_28 × cnn1d × 7c × B1 ====
  Train N=152  in_dim=28  augment=False
  class counts train: [21, 23, 22, 21, 23, 21, 21]
  ep   1  loss=1.9832  val_mf1=0.0357
  ep  10  loss=1.5776  val_mf1=0.0357
  ep  20  loss=1.2424  val_mf1=0.5381
  ep  30  loss=1.0668  val_mf1=0.5796
  ep  40  loss=0.9521  val_mf1=0.5272
  best ep 33  val_mf1=0.7092  (5s)  TEST mf1=0.2763  wf1=0.2702  acc=0.3500

Sweep done: trained=8, skipped_existing=0
Saved: /mnt/extended-home/fitra_dosen/2025_iris_fer_taufik/MultimodalEmoLearn/models/benchmark/jaffe_7class/3class/Unified/raw_136/results.json
Saved: /mnt/extended-home/fitra_dosen/2025_iris_fer_taufik/MultimodalEmoLearn/models/benchmark/jaffe_7class/3class/Unified/facs_28/results.json
Saved: /mnt/extended-home/fitra_dosen/2025_iris_fer_taufik/MultimodalEmoLearn/models/benchmark/jaffe_7class/7class/Unified/raw_136/results.json
Saved: /mnt/extended-home/fitra_dosen/2025_iris_fer_taufik/MultimodalEmoLearn/models/benchmark/jaffe_7class/7class/Unified/facs_28/results.json

===============================================================================================
SUMMARY: Unified protocol macro_f1
===============================================================================================
  scheme  feat      src         arch          B1        B2        B3
  3c     raw_136   mediapipe   fcnn      0.1630      -         -   
  3c     raw_136   mediapipe   cnn1d     0.2295      -         -   
  3c     facs_28   mediapipe   fcnn      0.2917      -         -   
  3c     facs_28   mediapipe   cnn1d     0.2330      -         -   
  7c     raw_136   mediapipe   fcnn      0.1608      -         -   
  7c     raw_136   mediapipe   cnn1d     0.0985      -         -   
  7c     facs_28   mediapipe   fcnn      0.2440      -         -   
  7c     facs_28   mediapipe   cnn1d     0.2763      -         -   
--- image sweep ---
Device: cuda
DATA_DIR: /mnt/extended-home/fitra_dosen/2025_iris_fer_taufik/MultimodalEmoLearn/data/benchmark/jaffe_7class
Output: /mnt/extended-home/fitra_dosen/2025_iris_fer_taufik/MultimodalEmoLearn/models/benchmark/jaffe_7class
Total runs: 4

[1/4]

==== cnn_scratch × 3c × B1 ====
  Train N=152  img_shape=(224, 224, 3)  augment=False  lr=0.001
  class counts train: [44, 21, 87]
  ep   1  loss=1.1137  val_mf1=0.0833
  ep   5  loss=0.9512  val_mf1=0.2424
  ep  10  loss=0.8647  val_mf1=0.2424
  ep  15  loss=0.8126  val_mf1=0.2424
  ep  20  loss=0.6606  val_mf1=0.7265
  ep  25  loss=0.5990  val_mf1=0.8056
  ep  30  loss=0.3701  val_mf1=0.8110
  ep  35  loss=0.2535  val_mf1=0.9564
  ep  40  loss=0.2373  val_mf1=0.9564
  ep  45  loss=0.1158  val_mf1=0.8644
  best ep 33  val_mf1=0.9564  (81s)  TEST mf1=0.4986  wf1=0.6602  acc=0.7000

[2/4]

==== cnn_tl × 3c × B1 ====
  Train N=152  img_shape=(224, 224, 3)  augment=False  lr=0.0001
  class counts train: [44, 21, 87]
  ep   1  loss=1.0303  val_mf1=0.5079
  ep   5  loss=0.1831  val_mf1=0.5399
  ep  10  loss=0.0724  val_mf1=0.4439
  ep  15  loss=0.0521  val_mf1=0.6667
  ep  20  loss=0.0359  val_mf1=0.8142
  ep  25  loss=0.0215  val_mf1=0.9221
  ep  30  loss=0.0248  val_mf1=0.8571
  ep  35  loss=0.0172  val_mf1=0.9221
  best ep 24  val_mf1=0.9221  (40s)  TEST mf1=0.4640  wf1=0.4217  acc=0.4500

[3/4]

==== cnn_scratch × 7c × B1 ====
  Train N=152  img_shape=(224, 224, 3)  augment=False  lr=0.001
  class counts train: [21, 23, 22, 21, 23, 21, 21]
  ep   1  loss=2.1367  val_mf1=0.0357
  ep   5  loss=1.9752  val_mf1=0.0357
  ep  10  loss=1.6464  val_mf1=0.0357
  ep  15  loss=1.3202  val_mf1=0.1087
  ep  20  loss=1.0676  val_mf1=0.2738
  ep  25  loss=0.7345  val_mf1=0.3929
  ep  30  loss=0.5759  val_mf1=0.4440
  ep  35  loss=0.3440  val_mf1=0.1769
  ep  40  loss=0.2440  val_mf1=0.3796
  best ep 26  val_mf1=0.5357  (75s)  TEST mf1=0.3424  wf1=0.3359  acc=0.3500

[4/4]

==== cnn_tl × 7c × B1 ====
  Train N=152  img_shape=(224, 224, 3)  augment=False  lr=0.0001
  class counts train: [21, 23, 22, 21, 23, 21, 21]
  ep   1  loss=1.9725  val_mf1=0.1286
  ep   5  loss=0.4755  val_mf1=0.3878
  ep  10  loss=0.1857  val_mf1=0.5224
  ep  15  loss=0.0997  val_mf1=0.3622
  ep  20  loss=0.0932  val_mf1=0.5645
  ep  25  loss=0.0679  val_mf1=0.4836
  ep  30  loss=0.0505  val_mf1=0.5262
  best ep 17  val_mf1=0.6534  (41s)  TEST mf1=0.2684  wf1=0.2718  acc=0.3250

Sweep done: trained=4, skipped_existing=0
Saved: /mnt/extended-home/fitra_dosen/2025_iris_fer_taufik/MultimodalEmoLearn/models/benchmark/jaffe_7class/3class/Unified/cnn_scratch/results.json
Saved: /mnt/extended-home/fitra_dosen/2025_iris_fer_taufik/MultimodalEmoLearn/models/benchmark/jaffe_7class/3class/Unified/cnn_tl/results.json
Saved: /mnt/extended-home/fitra_dosen/2025_iris_fer_taufik/MultimodalEmoLearn/models/benchmark/jaffe_7class/7class/Unified/cnn_scratch/results.json
Saved: /mnt/extended-home/fitra_dosen/2025_iris_fer_taufik/MultimodalEmoLearn/models/benchmark/jaffe_7class/7class/Unified/cnn_tl/results.json

================================================================================
SUMMARY: Unified protocol image-based macro_f1
================================================================================
  scheme  arch                B1        B2        B3
  3c     cnn_scratch     0.4986       nan       nan
  3c     cnn_tl          0.4640       nan       nan
  7c     cnn_scratch     0.3424       nan       nan
  7c     cnn_tl          0.2684       nan       nan
--- fusion sweep ---
Device: cuda
DATA_DIR: /mnt/extended-home/fitra_dosen/2025_iris_fer_taufik/MultimodalEmoLearn/data/benchmark/jaffe_7class
Output: /mnt/extended-home/fitra_dosen/2025_iris_fer_taufik/MultimodalEmoLearn/models/benchmark/jaffe_7class
Total runs: 8

[1/8]

==== fusion_early_scratch × 3c × B1 × lm=mediapipe/raw_136(dim=136) ====
  Train N=152  augment=False  is_coord=True  lr=0.001
  class counts train: [44, 21, 87]
  ep   1  loss=1.2661  val_mf1=0.2424
  ep   5  loss=1.0186  val_mf1=0.2424
  ep  10  loss=1.0304  val_mf1=0.2424
  ep  15  loss=0.9622  val_mf1=0.3632
  ep  20  loss=0.9312  val_mf1=0.2963
  ep  25  loss=0.8644  val_mf1=0.4456
  ep  30  loss=0.6956  val_mf1=0.5079
  ep  35  loss=0.5530  val_mf1=0.4781
  ep  40  loss=0.4927  val_mf1=0.4889
  ep  45  loss=0.3507  val_mf1=0.5043
  ep  50  loss=0.1939  val_mf1=0.7522
  best ep 46  val_mf1=0.9167  (87s)  TEST mf1=0.4505  wf1=0.5986  acc=0.6250

[2/8]

==== fusion_early_tl × 3c × B1 × lm=mediapipe/raw_136(dim=136) ====
  Train N=152  augment=False  is_coord=True  lr=0.0001
  class counts train: [44, 21, 87]
  ep   1  loss=1.0486  val_mf1=0.1481
  ep   5  loss=0.1916  val_mf1=0.5383
  ep  10  loss=0.0781  val_mf1=0.5079
  ep  15  loss=0.0462  val_mf1=0.5079
  best ep 3  val_mf1=0.5383  (20s)  TEST mf1=0.2785  wf1=0.3369  acc=0.4000

[3/8]

==== fusion_intermediate_scratch × 3c × B1 × lm=mediapipe/raw_136(dim=136) ====
  Train N=152  augment=False  is_coord=True  lr=0.001
  class counts train: [44, 21, 87]
  ep   1  loss=1.2169  val_mf1=0.0833
  ep   5  loss=0.8407  val_mf1=0.2424
  ep  10  loss=0.6057  val_mf1=0.2581
  ep  15  loss=0.3378  val_mf1=0.3452
  ep  20  loss=0.1866  val_mf1=0.1481
  ep  25  loss=0.1677  val_mf1=0.1481
  ep  30  loss=0.1196  val_mf1=0.2424
  ep  35  loss=0.0675  val_mf1=0.4772
  ep  40  loss=0.1395  val_mf1=0.1481
  ep  45  loss=0.0735  val_mf1=0.1481
  ep  50  loss=0.1931  val_mf1=0.5897
  best ep 37  val_mf1=0.5897  (89s)  TEST mf1=0.5410  wf1=0.7263  acc=0.7750

[4/8]

==== fusion_intermediate_tl × 3c × B1 × lm=mediapipe/raw_136(dim=136) ====
  Train N=152  augment=False  is_coord=True  lr=0.0001
  class counts train: [44, 21, 87]
  ep   1  loss=1.3843  val_mf1=0.1067
  ep   5  loss=1.0841  val_mf1=0.3000
  ep  10  loss=0.7724  val_mf1=0.5722
  ep  15  loss=0.5613  val_mf1=0.8422
  ep  20  loss=0.3665  val_mf1=0.7677
  ep  25  loss=0.2599  val_mf1=0.6296
  ep  30  loss=0.2000  val_mf1=0.6296
  best ep 15  val_mf1=0.8422  (32s)  TEST mf1=0.4057  wf1=0.4615  acc=0.4500

[5/8]

==== fusion_early_scratch × 7c × B1 × lm=mediapipe/raw_136(dim=136) ====
  Train N=152  augment=False  is_coord=True  lr=0.001
  class counts train: [21, 23, 22, 21, 23, 21, 21]
  ep   1  loss=2.0603  val_mf1=0.0357
  ep   5  loss=2.0221  val_mf1=0.0357
  ep  10  loss=1.8997  val_mf1=0.0357
  ep  15  loss=1.8192  val_mf1=0.4504
  ep  20  loss=1.5271  val_mf1=0.4034
  ep  25  loss=1.2263  val_mf1=0.5748
  ep  30  loss=0.9331  val_mf1=0.4864
  ep  35  loss=0.7247  val_mf1=0.6214
  ep  40  loss=0.5153  val_mf1=0.6163
  ep  45  loss=0.4365  val_mf1=0.6582
  ep  50  loss=0.3067  val_mf1=0.8558
  best ep 49  val_mf1=0.8558  (89s)  TEST mf1=0.3631  wf1=0.3573  acc=0.4000

[6/8]

==== fusion_early_tl × 7c × B1 × lm=mediapipe/raw_136(dim=136) ====
  Train N=152  augment=False  is_coord=True  lr=0.0001
  class counts train: [21, 23, 22, 21, 23, 21, 21]
  ep   1  loss=2.0585  val_mf1=0.1701
  ep   5  loss=0.6428  val_mf1=0.2679
  ep  10  loss=0.2431  val_mf1=0.3734
  ep  15  loss=0.1183  val_mf1=0.5724
  ep  20  loss=0.0810  val_mf1=0.5437
  ep  25  loss=0.0703  val_mf1=0.4330
  ep  30  loss=0.0639  val_mf1=0.5380
  best ep 18  val_mf1=0.5786  (39s)  TEST mf1=0.1266  wf1=0.1288  acc=0.2250

[7/8]

==== fusion_intermediate_scratch × 7c × B1 × lm=mediapipe/raw_136(dim=136) ====
  Train N=152  augment=False  is_coord=True  lr=0.001
  class counts train: [21, 23, 22, 21, 23, 21, 21]
  ep   1  loss=2.1676  val_mf1=0.0357
  ep   5  loss=1.9173  val_mf1=0.0357
  ep  10  loss=1.7523  val_mf1=0.0357
  ep  15  loss=1.2908  val_mf1=0.2741
  ep  20  loss=0.9020  val_mf1=0.0357
  ep  25  loss=0.6834  val_mf1=0.1964
  ep  30  loss=0.5916  val_mf1=0.0357
  ep  35  loss=0.4578  val_mf1=0.0357
  ep  40  loss=0.2744  val_mf1=0.1837
  best ep 26  val_mf1=0.2857  (67s)  TEST mf1=0.3012  wf1=0.3030  acc=0.4000

[8/8]

==== fusion_intermediate_tl × 7c × B1 × lm=mediapipe/raw_136(dim=136) ====
  Train N=152  augment=False  is_coord=True  lr=0.0001
  class counts train: [21, 23, 22, 21, 23, 21, 21]
  ep   1  loss=2.0677  val_mf1=0.0357
  ep   5  loss=1.8763  val_mf1=0.1886
  ep  10  loss=1.6723  val_mf1=0.2806
  ep  15  loss=1.4283  val_mf1=0.4032
  ep  20  loss=1.1523  val_mf1=0.4510
  ep  25  loss=0.9588  val_mf1=0.4939
  ep  30  loss=0.7228  val_mf1=0.5170
  ep  35  loss=0.5940  val_mf1=0.5480
  ep  40  loss=0.4137  val_mf1=0.6122
  ep  45  loss=0.3840  val_mf1=0.6122
  ep  50  loss=0.3345  val_mf1=0.5051
  best ep 39  val_mf1=0.6122  (56s)  TEST mf1=0.1766  wf1=0.1854  acc=0.2500

Sweep done: trained=8, skipped_existing=0
Saved: /mnt/extended-home/fitra_dosen/2025_iris_fer_taufik/MultimodalEmoLearn/models/benchmark/jaffe_7class/3class/Unified/fusion_early_scratch/results.json
Saved: /mnt/extended-home/fitra_dosen/2025_iris_fer_taufik/MultimodalEmoLearn/models/benchmark/jaffe_7class/3class/Unified/fusion_early_tl/results.json
Saved: /mnt/extended-home/fitra_dosen/2025_iris_fer_taufik/MultimodalEmoLearn/models/benchmark/jaffe_7class/3class/Unified/fusion_intermediate_scratch/results.json
Saved: /mnt/extended-home/fitra_dosen/2025_iris_fer_taufik/MultimodalEmoLearn/models/benchmark/jaffe_7class/3class/Unified/fusion_intermediate_tl/results.json
Saved: /mnt/extended-home/fitra_dosen/2025_iris_fer_taufik/MultimodalEmoLearn/models/benchmark/jaffe_7class/7class/Unified/fusion_early_scratch/results.json
Saved: /mnt/extended-home/fitra_dosen/2025_iris_fer_taufik/MultimodalEmoLearn/models/benchmark/jaffe_7class/7class/Unified/fusion_early_tl/results.json
Saved: /mnt/extended-home/fitra_dosen/2025_iris_fer_taufik/MultimodalEmoLearn/models/benchmark/jaffe_7class/7class/Unified/fusion_intermediate_scratch/results.json
Saved: /mnt/extended-home/fitra_dosen/2025_iris_fer_taufik/MultimodalEmoLearn/models/benchmark/jaffe_7class/7class/Unified/fusion_intermediate_tl/results.json

==============================================================================================================
SUMMARY: Unified protocol fusion macro_f1
==============================================================================================================
  scheme  fusion         variant   feature           lm_src            B1        B2        B3
  3c     early          scratch   raw_136           mediapipe     0.4505       nan       nan
  3c     early          tl        raw_136           mediapipe     0.2785       nan       nan
  3c     intermediate   scratch   raw_136           mediapipe     0.5410       nan       nan
  3c     intermediate   tl        raw_136           mediapipe     0.4057       nan       nan
  7c     early          scratch   raw_136           mediapipe     0.3631       nan       nan
  7c     early          tl        raw_136           mediapipe     0.1266       nan       nan
  7c     intermediate   scratch   raw_136           mediapipe     0.3012       nan       nan
  7c     intermediate   tl        raw_136           mediapipe     0.1766       nan       nan
=== CK+ & JAFFE B1 chain done at 2026-05-17T08:51:46+07:00 ===
