Device: cuda
FACS pairs: 28

========== FACS-CNN1D  mediapipe × 3c × B1 ==========
  feature stats: min=0.000 max=3.136 mean=0.364
  epoch   1  loss=0.5788  tr_acc=0.8229  val_mf1=0.3011
  epoch  10  loss=0.3784  tr_acc=0.8705  val_mf1=0.5063
  epoch  20  loss=0.3605  tr_acc=0.8720  val_mf1=0.4560
  epoch  30  loss=0.3524  tr_acc=0.8741  val_mf1=0.5217
  epoch  40  loss=0.3354  tr_acc=0.8822  val_mf1=0.5370
  best epoch 28  val_mf1=0.5710  (165s)
  TEST: macro_f1=0.5363  wf1=0.7671  acc=0.7879

========== FACS-CNN1D  mediapipe × 3c × B2 ==========
  feature stats: min=0.000 max=3.136 mean=0.364
  epoch   1  loss=1.0493  tr_acc=0.4835  val_mf1=0.4484
  epoch  10  loss=0.8015  tr_acc=0.6839  val_mf1=0.4375
  best epoch 3  val_mf1=0.5670  (69s)
  TEST: macro_f1=0.4962  wf1=0.7417  acc=0.7255

========== FACS-CNN1D  faceapi × 3c × B1 ==========
  feature stats: min=0.000 max=5.239 mean=0.430
  epoch   1  loss=0.5497  tr_acc=0.8373  val_mf1=0.5351
  epoch  10  loss=0.3297  tr_acc=0.8922  val_mf1=0.6459
  epoch  20  loss=0.3067  tr_acc=0.8987  val_mf1=0.6256
  best epoch 7  val_mf1=0.7239  (83s)
  TEST: macro_f1=0.6818  wf1=0.8359  acc=0.8471

========== FACS-CNN1D  faceapi × 3c × B2 ==========
  feature stats: min=0.000 max=5.239 mean=0.430
  epoch   1  loss=0.9914  tr_acc=0.4828  val_mf1=0.7058
  epoch  10  loss=0.7124  tr_acc=0.7460  val_mf1=0.7135
  best epoch 3  val_mf1=0.7653  (69s)
  TEST: macro_f1=0.6778  wf1=0.8417  acc=0.8224

========== FACS-CNN1D  mediapipe × 7c × B1 ==========
  feature stats: min=0.000 max=3.136 mean=0.364
  epoch   1  loss=0.8589  tr_acc=0.7892  val_mf1=0.1291
  epoch  10  loss=0.4329  tr_acc=0.8646  val_mf1=0.1786
  epoch  20  loss=0.3911  tr_acc=0.8727  val_mf1=0.1884
  epoch  30  loss=0.3792  tr_acc=0.8792  val_mf1=0.2079
  epoch  40  loss=0.3698  tr_acc=0.8801  val_mf1=0.2202
  best epoch 34  val_mf1=0.2544  (187s)
  TEST: macro_f1=0.2311  wf1=0.7639  acc=0.7826

========== FACS-CNN1D  mediapipe × 7c × B2 ==========
  feature stats: min=0.000 max=3.136 mean=0.364
  epoch   1  loss=1.7240  tr_acc=0.4218  val_mf1=0.1993
  epoch  10  loss=1.4485  tr_acc=0.6004  val_mf1=0.2093
  epoch  20  loss=1.2833  tr_acc=0.6278  val_mf1=0.2260
  epoch  30  loss=1.2161  tr_acc=0.6129  val_mf1=0.1771
  best epoch 18  val_mf1=0.2535  (118s)
  TEST: macro_f1=0.1999  wf1=0.6453  acc=0.5823

========== FACS-CNN1D  faceapi × 7c × B1 ==========
  feature stats: min=0.000 max=5.239 mean=0.430
  epoch   1  loss=0.8288  tr_acc=0.8006  val_mf1=0.2350
  epoch  10  loss=0.3705  tr_acc=0.8884  val_mf1=0.3154
  epoch  20  loss=0.3377  tr_acc=0.8953  val_mf1=0.3100
  best epoch 12  val_mf1=0.3448  (90s)
  TEST: macro_f1=0.3063  wf1=0.8539  acc=0.8590

========== FACS-CNN1D  faceapi × 7c × B2 ==========
  feature stats: min=0.000 max=5.239 mean=0.430
  epoch   1  loss=1.6841  tr_acc=0.4019  val_mf1=0.0763
  epoch  10  loss=1.2517  tr_acc=0.6593  val_mf1=0.3120
  epoch  20  loss=1.1909  tr_acc=0.6528  val_mf1=0.3466
  epoch  30  loss=1.0772  tr_acc=0.6661  val_mf1=0.3174
  epoch  40  loss=1.0128  tr_acc=0.6803  val_mf1=0.3436
  epoch  50  loss=0.9991  tr_acc=0.6703  val_mf1=0.3242
  best epoch 37  val_mf1=0.3670  (166s)
  TEST: macro_f1=0.2956  wf1=0.8203  acc=0.7944
Saved: /mnt/extended-home/fitra_dosen/2025_iris_fer_taufik/MultimodalEmoLearn/models/frontonly_conf60/3class/CNN1D_FACS/facs_sweep_results.json
Saved: /mnt/extended-home/fitra_dosen/2025_iris_fer_taufik/MultimodalEmoLearn/models/frontonly_conf60/7class/CNN1D_FACS/facs_sweep_results.json

================================================================================
Summary: FACS-CNN1D macro_f1
================================================================================
  scheme  scen   mediapipe   face-api.js     delta
  3c    B1       0.5363        0.6818   +0.1455
  3c    B2       0.4962        0.6778   +0.1816
  7c    B1       0.2311        0.3063   +0.0752
  7c    B2       0.1999        0.2956   +0.0957
