Device: cuda

========== mediapipe × 3c ==========
  train: (5287, 136)  counts: [432, 4526, 329]
  val:   (579, 136)  counts: [72, 477, 30]
  test:  (929, 136)  counts: [186, 688, 55]
  epoch   1  loss=0.5584  val_mf1=0.3011  val_acc=0.8238
  epoch   5  loss=0.4521  val_mf1=0.3666  val_acc=0.8325
  epoch  10  loss=0.4315  val_mf1=0.3522  val_acc=0.8307
  epoch  15  loss=0.4055  val_mf1=0.3432  val_acc=0.8273
  epoch  20  loss=0.3870  val_mf1=0.4189  val_acc=0.8342
  epoch  25  loss=0.3654  val_mf1=0.3714  val_acc=0.8290
  epoch  30  loss=0.3567  val_mf1=0.4517  val_acc=0.8411
  epoch  35  loss=0.3480  val_mf1=0.4815  val_acc=0.8411
  epoch  40  loss=0.3411  val_mf1=0.5116  val_acc=0.8411
  epoch  45  loss=0.3319  val_mf1=0.3995  val_acc=0.8325
  early stop at 48
  best epoch 33  val_mf1=0.5385  (134s)
  TEST: macro_f1=0.6380  wf1=0.7903  acc=0.7912

========== faceapi × 3c ==========
  train: (5287, 136)  counts: [432, 4526, 329]
  val:   (579, 136)  counts: [72, 477, 30]
  test:  (929, 136)  counts: [186, 688, 55]
  epoch   1  loss=0.5777  val_mf1=0.3011  val_acc=0.8238
  epoch   5  loss=0.4276  val_mf1=0.4768  val_acc=0.8187
  epoch  10  loss=0.3709  val_mf1=0.5694  val_acc=0.8860
  epoch  15  loss=0.3458  val_mf1=0.6286  val_acc=0.8895
  epoch  20  loss=0.3354  val_mf1=0.5947  val_acc=0.8877
  epoch  25  loss=0.3125  val_mf1=0.5715  val_acc=0.8860
  epoch  30  loss=0.3099  val_mf1=0.6461  val_acc=0.8826
  epoch  35  loss=0.3012  val_mf1=0.5974  val_acc=0.8860
  epoch  40  loss=0.2974  val_mf1=0.6751  val_acc=0.8929
  early stop at 43
  best epoch 28  val_mf1=0.6983  (120s)
  TEST: macro_f1=0.7524  wf1=0.8721  acc=0.8741

========== mediapipe × 7c ==========
  train: (5287, 136)  counts: [4526, 416, 287, 27, 2, 13, 16]
  val:   (579, 136)  counts: [477, 52, 24, 3, 2, 1, 20]
  test:  (929, 136)  counts: [688, 183, 50, 2, 1, 2, 3]
  epoch   1  loss=0.7433  val_mf1=0.1291  val_acc=0.8238
  epoch   5  loss=0.5111  val_mf1=0.1581  val_acc=0.8307
  epoch  10  loss=0.4652  val_mf1=0.1395  val_acc=0.8256
  epoch  15  loss=0.4350  val_mf1=0.1722  val_acc=0.8325
  epoch  20  loss=0.4183  val_mf1=0.1920  val_acc=0.8325
  epoch  25  loss=0.4123  val_mf1=0.2198  val_acc=0.8307
  epoch  30  loss=0.3949  val_mf1=0.2569  val_acc=0.8446
  epoch  35  loss=0.3848  val_mf1=0.1743  val_acc=0.7150
  epoch  40  loss=0.3776  val_mf1=0.2073  val_acc=0.8480
  epoch  45  loss=0.3626  val_mf1=0.1756  val_acc=0.8290
  epoch  50  loss=0.3586  val_mf1=0.2200  val_acc=0.8342
  best epoch 39  val_mf1=0.2588  (139s)
  TEST: macro_f1=0.2679  wf1=0.8015  acc=0.8062

========== faceapi × 7c ==========
  train: (5287, 136)  counts: [4526, 416, 287, 27, 2, 13, 16]
  val:   (579, 136)  counts: [477, 52, 24, 3, 2, 1, 20]
  test:  (929, 136)  counts: [688, 183, 50, 2, 1, 2, 3]
  epoch   1  loss=0.7653  val_mf1=0.1291  val_acc=0.8238
  epoch   5  loss=0.4732  val_mf1=0.2449  val_acc=0.8705
  epoch  10  loss=0.3974  val_mf1=0.2898  val_acc=0.8912
  epoch  15  loss=0.3710  val_mf1=0.2583  val_acc=0.8549
  epoch  20  loss=0.3447  val_mf1=0.2439  val_acc=0.7306
  epoch  25  loss=0.3486  val_mf1=0.3261  val_acc=0.8998
  epoch  30  loss=0.3284  val_mf1=0.3154  val_acc=0.8843
  epoch  35  loss=0.3156  val_mf1=0.2932  val_acc=0.8912
  epoch  40  loss=0.3142  val_mf1=0.3024  val_acc=0.8912
  early stop at 40
  best epoch 25  val_mf1=0.3261  (137s)
  TEST: macro_f1=0.3036  wf1=0.8343  acc=0.8396

Saved: /mnt/extended-home/fitra_dosen/2025_iris_fer_taufik/MultimodalEmoLearn/models/frontonly_conf60/3class/CNN1D_geom_compare/compare_landmark_source.json

Saved: /mnt/extended-home/fitra_dosen/2025_iris_fer_taufik/MultimodalEmoLearn/models/frontonly_conf60/7class/CNN1D_geom_compare/compare_landmark_source.json

============================================================
Summary: CNN1D B1, MediaPipe vs face-api.js (full 6795 samples)
============================================================

  --- 3-class ---
  metric                 MediaPipe   face-api.js     delta
  test_macro_f1            0.6380        0.7524   +0.1144
  test_weighted_f1         0.7903        0.8721   +0.0818
  test_accuracy            0.7912        0.8741   +0.0829

  --- 7-class ---
  metric                 MediaPipe   face-api.js     delta
  test_macro_f1            0.2679        0.3036   +0.0358
  test_weighted_f1         0.8015        0.8343   +0.0328
  test_accuracy            0.8062        0.8396   +0.0334
