=== 7c B3 ===
Device: cuda
Data dir: /mnt/extended-home/fitra_dosen/2025_iris_fer_taufik/MultimodalEmoLearn/data/dataset_frontonly_conf60
Output dir: /mnt/extended-home/fitra_dosen/2025_iris_fer_taufik/MultimodalEmoLearn/models/frontonly_conf60/7class/CNN1D_geom
Num classes: 7

train: X=(5287, 136)  y=(5287,)
val:   X=(579, 136)  y=(579,)
test:  X=(929, 136)  y=(929,)
class counts (train): [4526, 416, 287, 27, 2, 13, 16]

[CNN1D B3 7c — raw landmark coordinates, on-the-fly landmark aug + balanced class weights]
  model params: 441,735
  post-aug train: X=(31682, 136)  per-class added: {0: 0, 1: 4110, 2: 4239, 3: 4499, 4: 4524, 5: 4513, 6: 4510}
  post-aug class counts: [4526, 4526, 4526, 4526, 4526, 4526, 4526]
  class weights: [1.0, 1.0, 1.0, 1.0, 1.0, 1.0, 1.0]
  epoch   1  train_loss=1.4424  val_macro_f1=0.1403  val_wf1=0.7078  val_acc=0.7081
  epoch   5  train_loss=0.5853  val_macro_f1=0.2181  val_wf1=0.7493  val_acc=0.7513
  epoch  10  train_loss=0.3749  val_macro_f1=0.1768  val_wf1=0.7464  val_acc=0.7668
  epoch  15  train_loss=0.2857  val_macro_f1=0.2248  val_wf1=0.7651  val_acc=0.7703
  epoch  20  train_loss=0.2465  val_macro_f1=0.2163  val_wf1=0.7605  val_acc=0.7824
  epoch  25  train_loss=0.2127  val_macro_f1=0.1756  val_wf1=0.7506  val_acc=0.7824
  epoch  30  train_loss=0.1926  val_macro_f1=0.1747  val_wf1=0.7630  val_acc=0.8014
  early stop at epoch 34 (no improve 15).
  best epoch 19  val_macro_f1=0.2409  (551.1s)

Results saved: /mnt/extended-home/fitra_dosen/2025_iris_fer_taufik/MultimodalEmoLearn/models/frontonly_conf60/7class/CNN1D_geom/cnn1d_geom_b3_results.json

=== Hasil vs FCNN B3 baseline (7-class) ===
  metric              FCNN B3   CNN1D B3   delta
  test_macro_f1       0.2224     0.2235      +0.0011
  test_weighted_f1    0.7580     0.7003      -0.0577
  test_accuracy       0.7395     0.6609      -0.0786
=== 3c B1 ===
Device: cuda
Data dir: /mnt/extended-home/fitra_dosen/2025_iris_fer_taufik/MultimodalEmoLearn/data/dataset_frontonly_conf60
Output dir: /mnt/extended-home/fitra_dosen/2025_iris_fer_taufik/MultimodalEmoLearn/models/frontonly_conf60/3class/CNN1D_geom
Num classes: 3

train: X=(5287, 136)  y=(5287,)
val:   X=(579, 136)  y=(579,)
test:  X=(929, 136)  y=(929,)
class counts (train): [432, 4526, 329]

[CNN1D B1 3c — raw landmark coordinates, no aug, no class weight]
  model params: 441,219
  epoch   1  train_loss=0.5642  val_macro_f1=0.3011  val_wf1=0.7443  val_acc=0.8238
  epoch   5  train_loss=0.4600  val_macro_f1=0.3601  val_wf1=0.7690  val_acc=0.8325
  epoch  10  train_loss=0.4361  val_macro_f1=0.3522  val_wf1=0.7654  val_acc=0.8307
  epoch  15  train_loss=0.3903  val_macro_f1=0.3191  val_wf1=0.7514  val_acc=0.8256
  epoch  20  train_loss=0.3839  val_macro_f1=0.4434  val_wf1=0.8027  val_acc=0.8428
  epoch  25  train_loss=0.3616  val_macro_f1=0.3280  val_wf1=0.7553  val_acc=0.8273
  epoch  30  train_loss=0.3581  val_macro_f1=0.3789  val_wf1=0.7757  val_acc=0.8325
  epoch  35  train_loss=0.3462  val_macro_f1=0.4716  val_wf1=0.7966  val_acc=0.8394
  early stop at epoch 39 (no improve 15).
  best epoch 24  val_macro_f1=0.5977  (110.2s)

Results saved: /mnt/extended-home/fitra_dosen/2025_iris_fer_taufik/MultimodalEmoLearn/models/frontonly_conf60/3class/CNN1D_geom/cnn1d_geom_b1_results.json

=== Hasil vs FCNN B1 baseline (3-class) ===
  metric              FCNN B1   CNN1D B1   delta
  test_macro_f1       0.5893     0.6183      +0.0290
  test_weighted_f1    0.7596     0.8203      +0.0607
  test_accuracy       0.7406     0.8299      +0.0893
=== 3c B2 ===
Device: cuda
Data dir: /mnt/extended-home/fitra_dosen/2025_iris_fer_taufik/MultimodalEmoLearn/data/dataset_frontonly_conf60
Output dir: /mnt/extended-home/fitra_dosen/2025_iris_fer_taufik/MultimodalEmoLearn/models/frontonly_conf60/3class/CNN1D_geom
Num classes: 3

train: X=(5287, 136)  y=(5287,)
val:   X=(579, 136)  y=(579,)
test:  X=(929, 136)  y=(929,)
class counts (train): [432, 4526, 329]

[CNN1D B2 3c — raw landmark coordinates, no aug, balanced class weights]
  model params: 441,219
  class weights: [4.078999996185303, 0.3889999985694885, 5.35699987411499]
  epoch   1  train_loss=1.1293  val_macro_f1=0.3569  val_wf1=0.7083  val_acc=0.7254
  epoch   5  train_loss=0.9831  val_macro_f1=0.3584  val_wf1=0.7420  val_acc=0.7927
  epoch  10  train_loss=0.9161  val_macro_f1=0.4868  val_wf1=0.7576  val_acc=0.7323
  epoch  15  train_loss=0.8285  val_macro_f1=0.5482  val_wf1=0.8091  val_acc=0.8187
  epoch  20  train_loss=0.8087  val_macro_f1=0.4182  val_wf1=0.7281  val_acc=0.7116
  epoch  25  train_loss=0.7902  val_macro_f1=0.3640  val_wf1=0.4983  val_acc=0.4214
  epoch  30  train_loss=0.7781  val_macro_f1=0.5353  val_wf1=0.8040  val_acc=0.7979
  epoch  35  train_loss=0.7454  val_macro_f1=0.5542  val_wf1=0.7965  val_acc=0.7824
  early stop at epoch 39 (no improve 15).
  best epoch 24  val_macro_f1=0.6039  (108.8s)

Results saved: /mnt/extended-home/fitra_dosen/2025_iris_fer_taufik/MultimodalEmoLearn/models/frontonly_conf60/3class/CNN1D_geom/cnn1d_geom_b2_results.json

=== Hasil vs FCNN B2 baseline (3-class) ===
  metric              FCNN B2   CNN1D B2   delta
  test_macro_f1       0.5750     0.5935      +0.0185
  test_weighted_f1    0.7302     0.7686      +0.0384
  test_accuracy       0.7018     0.7524      +0.0506
=== 3c B3 ===
Device: cuda
Data dir: /mnt/extended-home/fitra_dosen/2025_iris_fer_taufik/MultimodalEmoLearn/data/dataset_frontonly_conf60
Output dir: /mnt/extended-home/fitra_dosen/2025_iris_fer_taufik/MultimodalEmoLearn/models/frontonly_conf60/3class/CNN1D_geom
Num classes: 3

train: X=(5287, 136)  y=(5287,)
val:   X=(579, 136)  y=(579,)
test:  X=(929, 136)  y=(929,)
class counts (train): [432, 4526, 329]

[CNN1D B3 3c — raw landmark coordinates, on-the-fly landmark aug + balanced class weights]
  model params: 441,219
  post-aug train: X=(13578, 136)  per-class added: {0: 4094, 1: 0, 2: 4197}
  post-aug class counts: [4526, 4526, 4526]
  class weights: [1.0, 1.0, 1.0]
  epoch   1  train_loss=0.8310  val_macro_f1=0.3510  val_wf1=0.7354  val_acc=0.7703
  epoch   5  train_loss=0.6098  val_macro_f1=0.4155  val_wf1=0.7616  val_acc=0.7807
  epoch  10  train_loss=0.5393  val_macro_f1=0.4231  val_wf1=0.7751  val_acc=0.8100
  epoch  15  train_loss=0.5050  val_macro_f1=0.5189  val_wf1=0.8045  val_acc=0.8221
  epoch  20  train_loss=0.4725  val_macro_f1=0.4865  val_wf1=0.7931  val_acc=0.8135
  epoch  25  train_loss=0.4450  val_macro_f1=0.5617  val_wf1=0.8059  val_acc=0.8100
  epoch  30  train_loss=0.4238  val_macro_f1=0.4520  val_wf1=0.7909  val_acc=0.8152
  epoch  35  train_loss=0.3953  val_macro_f1=0.4487  val_wf1=0.7927  val_acc=0.8169
  epoch  40  train_loss=0.3806  val_macro_f1=0.4369  val_wf1=0.7817  val_acc=0.8083
  early stop at epoch 40 (no improve 15).
  best epoch 25  val_macro_f1=0.5617  (279.2s)

Results saved: /mnt/extended-home/fitra_dosen/2025_iris_fer_taufik/MultimodalEmoLearn/models/frontonly_conf60/3class/CNN1D_geom/cnn1d_geom_b3_results.json

=== Hasil vs FCNN B3 baseline (3-class) ===
  metric              FCNN B3   CNN1D B3   delta
  test_macro_f1       0.6342     0.5744      -0.0598
  test_weighted_f1    0.7636     0.7072      -0.0564
  test_accuracy       0.7492     0.6598      -0.0894
=== DONE ===
