Device: cuda
Data dir: /mnt/extended-home/fitra_dosen/2025_iris_fer_taufik/MultimodalEmoLearn/data/dataset_frontonly_conf60
Output dir: /mnt/extended-home/fitra_dosen/2025_iris_fer_taufik/MultimodalEmoLearn/models/frontonly_conf60/7class/CNN1D_geom

train: X=(5287, 136)  y=(5287,)
val:   X=(579, 136)  y=(579,)
test:  X=(929, 136)  y=(929,)
class counts (train): [4526, 416, 287, 27, 2, 13, 16]

[CNN1D B2 — raw landmark coordinates, no aug, balanced class weights]
  model params: 441,735
  class weights: [0.16699999570846558, 1.815999984741211, 2.631999969482422, 27.974000930786133, 377.64300537109375, 58.0989990234375, 47.20500183105469]
  epoch   1  train_loss=1.8096  val_macro_f1=0.0928  val_wf1=0.4970  val_acc=0.4041
  epoch   5  train_loss=1.6482  val_macro_f1=0.0975  val_wf1=0.4117  val_acc=0.3247
  epoch  10  train_loss=1.5729  val_macro_f1=0.0443  val_wf1=0.1468  val_acc=0.1468
  epoch  15  train_loss=1.5893  val_macro_f1=0.1502  val_wf1=0.5125  val_acc=0.4197
  epoch  20  train_loss=1.5023  val_macro_f1=0.0554  val_wf1=0.0835  val_acc=0.1330
  epoch  25  train_loss=1.5365  val_macro_f1=0.0249  val_wf1=0.0218  val_acc=0.0933
  epoch  30  train_loss=1.4952  val_macro_f1=0.1502  val_wf1=0.5473  val_acc=0.4750
  epoch  35  train_loss=1.4522  val_macro_f1=0.1703  val_wf1=0.5819  val_acc=0.5095
  epoch  40  train_loss=1.4005  val_macro_f1=0.1812  val_wf1=0.7275  val_acc=0.7185
  epoch  45  train_loss=1.3479  val_macro_f1=0.2041  val_wf1=0.6788  val_acc=0.6304
  epoch  50  train_loss=1.3337  val_macro_f1=0.2043  val_wf1=0.7601  val_acc=0.7703
  best epoch 36  val_macro_f1=0.2184  (142.3s)

Results saved: /mnt/extended-home/fitra_dosen/2025_iris_fer_taufik/MultimodalEmoLearn/models/frontonly_conf60/7class/CNN1D_geom/cnn1d_geom_b2_results.json

=== Hasil vs FCNN B2 baseline (7-class) ===
  metric              FCNN B2   CNN1D B2   delta
  test_macro_f1       0.2437     0.1631      -0.0806
  test_weighted_f1    0.7674     0.5994      -0.1680
  test_accuracy       0.7653     0.5608      -0.2045
