Device: cuda
Data dir: /mnt/extended-home/fitra_dosen/2025_iris_fer_taufik/MultimodalEmoLearn/data/dataset_frontonly_conf60
Output dir: /mnt/extended-home/fitra_dosen/2025_iris_fer_taufik/MultimodalEmoLearn/models/frontonly_conf60/7class/CNN1D_geom

train: X=(5287, 136)  y=(5287,)
val:   X=(579, 136)  y=(579,)
test:  X=(929, 136)  y=(929,)
class counts (train): [4526, 416, 287, 27, 2, 13, 16]

[CNN1D B1 — raw landmark coordinates, no aug, no class weight]
  model params: 441,735
  epoch   1  train_loss=0.7469  val_macro_f1=0.1291  val_wf1=0.7443  val_acc=0.8238
  epoch   5  train_loss=0.5143  val_macro_f1=0.0970  val_wf1=0.3969  val_acc=0.3420
  epoch  10  train_loss=0.4649  val_macro_f1=0.1291  val_wf1=0.7443  val_acc=0.8238
  epoch  15  train_loss=0.4325  val_macro_f1=0.1536  val_wf1=0.7613  val_acc=0.8290
  epoch  20  train_loss=0.4132  val_macro_f1=0.1740  val_wf1=0.7044  val_acc=0.6788
  epoch  25  train_loss=0.4045  val_macro_f1=0.1981  val_wf1=0.7886  val_acc=0.8377
  epoch  30  train_loss=0.3928  val_macro_f1=0.1525  val_wf1=0.7591  val_acc=0.8256
  epoch  35  train_loss=0.3835  val_macro_f1=0.2638  val_wf1=0.8117  val_acc=0.8394
  epoch  40  train_loss=0.3738  val_macro_f1=0.2021  val_wf1=0.7942  val_acc=0.8394
  epoch  45  train_loss=0.3677  val_macro_f1=0.1900  val_wf1=0.7866  val_acc=0.8377
  early stop at epoch 47 (no improve 15).
  best epoch 32  val_macro_f1=0.2777  (171.0s)

Results saved: /mnt/extended-home/fitra_dosen/2025_iris_fer_taufik/MultimodalEmoLearn/models/frontonly_conf60/7class/CNN1D_geom/cnn1d_geom_b1_results.json

=== Hasil vs FCNN B1 baseline (7-class) ===
  metric         FCNN B1   CNN1D B1   delta
  test_macro_f1    0.2317    0.2766    +0.0449
  test_weighted_f1  0.7650    0.8014    +0.0364
  test_accuracy    0.7675    0.8084    +0.0409
