Loading original conf60 arrays from /mnt/extended-home/fitra_dosen/2025_iris_fer_taufik/MultimodalEmoLearn/data/dataset_frontonly_conf60...
Loading clean index from /mnt/extended-home/fitra_dosen/2025_iris_fer_taufik/MultimodalEmoLearn/data/dataset_frontonly_conf60_clean6c/clean_index.npz...
Clean dataset: 5482 samples, img (5482, 224, 224, 3), lm (5482, 136), hm (5482, 224, 224)
Class distribution: [4781, 491, 142, 25, 13, 30] (['neutral', 'happy', 'sad', 'angry', 'disgusted', 'surprised'])

[intermediate_tl] fold 0: train=3934 inner_val=438 test=1110 (test_users=9)
  -> test_macro_f1=0.2763  weighted_f1=0.8661  acc=0.8613  (340.9s)

[intermediate_tl] fold 1: train=3952 inner_val=440 test=1090 (test_users=7)
  -> test_macro_f1=0.2747  weighted_f1=0.8800  acc=0.8899  (386.1s)

[intermediate_tl] fold 2: train=3959 inner_val=440 test=1083 (test_users=7)
  -> test_macro_f1=0.3336  weighted_f1=0.8382  acc=0.8283  (306.1s)

[intermediate_tl] fold 3: train=3935 inner_val=438 test=1109 (test_users=8)
  -> test_macro_f1=0.2808  weighted_f1=0.8428  acc=0.8070  (283.6s)

[intermediate_tl] fold 4: train=3952 inner_val=440 test=1090 (test_users=6)
  -> test_macro_f1=0.2585  weighted_f1=0.8814  acc=0.8817  (341.0s)

[late_fusion_tl] fold 0: train=3934 inner_val=438 test=1110 (test_users=9)
  -> test_macro_f1=0.2695  weighted_f1=0.8483  acc=0.8261  (275.4s)

[late_fusion_tl] fold 1: train=3952 inner_val=440 test=1090 (test_users=7)
  -> test_macro_f1=0.2817  weighted_f1=0.8735  acc=0.8771  (465.2s)

[late_fusion_tl] fold 2: train=3959 inner_val=440 test=1083 (test_users=7)
  -> test_macro_f1=0.2948  weighted_f1=0.8482  acc=0.8596  (406.8s)

[late_fusion_tl] fold 3: train=3935 inner_val=438 test=1109 (test_users=8)
  -> test_macro_f1=0.2686  weighted_f1=0.8676  acc=0.8629  (282.5s)

[late_fusion_tl] fold 4: train=3952 inner_val=440 test=1090 (test_users=6)
  -> test_macro_f1=0.2492  weighted_f1=0.8550  acc=0.8376  (296.2s)

[early_fusion_tl] fold 0: train=3934 inner_val=438 test=1110 (test_users=9)
  -> test_macro_f1=0.2431  weighted_f1=0.8730  acc=0.8883  (286.0s)

[early_fusion_tl] fold 1: train=3952 inner_val=440 test=1090 (test_users=7)
  -> test_macro_f1=0.2406  weighted_f1=0.8359  acc=0.8183  (294.8s)

[early_fusion_tl] fold 2: train=3959 inner_val=440 test=1083 (test_users=7)
  -> test_macro_f1=0.2872  weighted_f1=0.8531  acc=0.8624  (275.6s)

[early_fusion_tl] fold 3: train=3935 inner_val=438 test=1109 (test_users=8)
  -> test_macro_f1=0.2926  weighted_f1=0.8929  acc=0.8954  (217.7s)

[early_fusion_tl] fold 4: train=3952 inner_val=440 test=1090 (test_users=6)
  -> test_macro_f1=0.2643  weighted_f1=0.8789  acc=0.8780  (234.5s)

=== CV5 clean-6c summary ===
  intermediate_tl       macro_f1 = 0.2848 ± 0.0255  (n=5)
  late_fusion_tl        macro_f1 = 0.2728 ± 0.0152  (n=5)
  early_fusion_tl       macro_f1 = 0.2655 ± 0.0216  (n=5)
