=== Derived sweep: kdef_7class ===
Device: cuda
DATA_DIR: /mnt/extended-home/fitra_dosen/2025_iris_fer_taufik/MultimodalEmoLearn/data/benchmark/kdef_7class
Output: /mnt/extended-home/fitra_dosen/2025_iris_fer_taufik/MultimodalEmoLearn/models/benchmark/kdef_7class
Total runs: 8

[1/8]

==== blendshape_52 × mediapipe × fcnn × 3c × B1 ====
  Train N=2353  in_dim=52  augment=False
  ep   1  loss=0.6496  val_mf1=0.8154
  ep  10  loss=0.3864  val_mf1=0.8365
  ep  20  loss=0.3329  val_mf1=0.8583
  ep  30  loss=0.3094  val_mf1=0.8292
  ep  40  loss=0.2784  val_mf1=0.8601
  ep  50  loss=0.2710  val_mf1=0.8330
  best ep 44  val_mf1=0.8789  (32s)  TEST mf1=0.6835  wf1=0.7389  acc=0.7483

[2/8]

==== blendshape_52 × mediapipe × cnn1d × 3c × B1 ====
  Train N=2353  in_dim=52  augment=False
  ep   1  loss=0.7721  val_mf1=0.5441
  ep  10  loss=0.4083  val_mf1=0.7781
  ep  20  loss=0.3587  val_mf1=0.8523
  ep  30  loss=0.3312  val_mf1=0.8634
  ep  40  loss=0.2854  val_mf1=0.8455
  ep  50  loss=0.2670  val_mf1=0.8304
  best ep 35  val_mf1=0.8794  (37s)  TEST mf1=0.7480  wf1=0.7653  acc=0.7653

[3/8]

==== blendshape_52 × mediapipe × fcnn × 7c × B1 ====
  Train N=2353  in_dim=52  augment=False
  ep   1  loss=1.3631  val_mf1=0.6771
  ep  10  loss=0.8273  val_mf1=0.7575
  ep  20  loss=0.7449  val_mf1=0.7567
  ep  30  loss=0.6759  val_mf1=0.7553
  ep  40  loss=0.6006  val_mf1=0.7598
  ep  50  loss=0.5735  val_mf1=0.7388
  best ep 44  val_mf1=0.7892  (23s)  TEST mf1=0.6015  wf1=0.6015  acc=0.6122

[4/8]

==== blendshape_52 × mediapipe × cnn1d × 7c × B1 ====
  Train N=2353  in_dim=52  augment=False
  ep   1  loss=1.5884  val_mf1=0.4937
  ep  10  loss=0.8673  val_mf1=0.7424
  ep  20  loss=0.7496  val_mf1=0.7206
  ep  30  loss=0.6977  val_mf1=0.7308
  ep  40  loss=0.6316  val_mf1=0.7772
  ep  50  loss=0.5708  val_mf1=0.7619
  best ep 35  val_mf1=0.8028  (27s)  TEST mf1=0.5821  wf1=0.5821  acc=0.5918

[5/8]

==== facs_plus_bs_80 × mediapipe × fcnn × 3c × B1 ====
  Train N=2353  in_dim=80  augment=False
  ep   1  loss=0.6451  val_mf1=0.8325
  ep  10  loss=0.3870  val_mf1=0.8290
  ep  20  loss=0.3241  val_mf1=0.8592
  ep  30  loss=0.2774  val_mf1=0.8678
  ep  40  loss=0.2868  val_mf1=0.8742
  best ep 33  val_mf1=0.9032  (50s)  TEST mf1=0.7751  wf1=0.8094  acc=0.8129

[6/8]

==== facs_plus_bs_80 × mediapipe × cnn1d × 3c × B1 ====
  Train N=2353  in_dim=80  augment=False
  ep   1  loss=0.8250  val_mf1=0.6277
  ep  10  loss=0.4264  val_mf1=0.8282
  ep  20  loss=0.3709  val_mf1=0.8691
  ep  30  loss=0.3477  val_mf1=0.8502
  ep  40  loss=0.3188  val_mf1=0.8290
  ep  50  loss=0.3005  val_mf1=0.8403
  best ep 37  val_mf1=0.8881  (60s)  TEST mf1=0.7000  wf1=0.7610  acc=0.7755

[7/8]

==== facs_plus_bs_80 × mediapipe × fcnn × 7c × B1 ====
  Train N=2353  in_dim=80  augment=False
  ep   1  loss=1.3882  val_mf1=0.6903
  ep  10  loss=0.8120  val_mf1=0.7612
  ep  20  loss=0.6810  val_mf1=0.7376
  best ep 7  val_mf1=0.7867  (23s)  TEST mf1=0.5966  wf1=0.5966  acc=0.6122

[8/8]

==== facs_plus_bs_80 × mediapipe × cnn1d × 7c × B1 ====
  Train N=2353  in_dim=80  augment=False
  ep   1  loss=1.6691  val_mf1=0.4312
  ep  10  loss=0.9057  val_mf1=0.7357
  ep  20  loss=0.7682  val_mf1=0.7069
  best ep 11  val_mf1=0.7868  (31s)  TEST mf1=0.5590  wf1=0.5590  acc=0.5714

Sweep done: trained=8, skipped_existing=0
Saved: /mnt/extended-home/fitra_dosen/2025_iris_fer_taufik/MultimodalEmoLearn/models/benchmark/kdef_7class/3class/Unified/blendshape_52/results.json
Saved: /mnt/extended-home/fitra_dosen/2025_iris_fer_taufik/MultimodalEmoLearn/models/benchmark/kdef_7class/3class/Unified/facs_plus_bs_80/results.json
Saved: /mnt/extended-home/fitra_dosen/2025_iris_fer_taufik/MultimodalEmoLearn/models/benchmark/kdef_7class/7class/Unified/blendshape_52/results.json
Saved: /mnt/extended-home/fitra_dosen/2025_iris_fer_taufik/MultimodalEmoLearn/models/benchmark/kdef_7class/7class/Unified/facs_plus_bs_80/results.json

===============================================================================================
SUMMARY: derived features macro_f1
===============================================================================================
  scheme  feat                src         arch          B1        B2        B3
  3c     blendshape_52       mediapipe   fcnn      0.6835      -         -   
  3c     blendshape_52       mediapipe   cnn1d     0.7480      -         -   
  3c     facs_plus_bs_80     mediapipe   fcnn      0.7751      -         -   
  3c     facs_plus_bs_80     mediapipe   cnn1d     0.7000      -         -   
  3c     facs_plus_bs_80     faceapi     fcnn        -         -         -   
  3c     facs_plus_bs_80     faceapi     cnn1d       -         -         -   
  7c     blendshape_52       mediapipe   fcnn      0.6015      -         -   
  7c     blendshape_52       mediapipe   cnn1d     0.5821      -         -   
  7c     facs_plus_bs_80     mediapipe   fcnn      0.5966      -         -   
  7c     facs_plus_bs_80     mediapipe   cnn1d     0.5590      -         -   
  7c     facs_plus_bs_80     faceapi     fcnn        -         -         -   
  7c     facs_plus_bs_80     faceapi     cnn1d       -         -         -   
=== Derived sweep: rafdb_7class ===
Device: cuda
DATA_DIR: /mnt/extended-home/fitra_dosen/2025_iris_fer_taufik/MultimodalEmoLearn/data/benchmark/rafdb_7class
Output: /mnt/extended-home/fitra_dosen/2025_iris_fer_taufik/MultimodalEmoLearn/models/benchmark/rafdb_7class
Total runs: 8

[1/8]

==== blendshape_52 × mediapipe × fcnn × 3c × B1 ====
  Train N=9404  in_dim=52  augment=False
  ep   1  loss=0.7886  val_mf1=0.6131
  ep  10  loss=0.6927  val_mf1=0.6504
  ep  20  loss=0.6632  val_mf1=0.6368
  ep  30  loss=0.6415  val_mf1=0.6502
  ep  40  loss=0.6251  val_mf1=0.6538
  ep  50  loss=0.6095  val_mf1=0.6585
  best ep 42  val_mf1=0.6657  (109s)  TEST mf1=0.6787  wf1=0.7080  acc=0.7071

[2/8]

==== blendshape_52 × mediapipe × cnn1d × 3c × B1 ====
  Train N=9404  in_dim=52  augment=False
  ep   1  loss=0.8866  val_mf1=0.5017
  ep  10  loss=0.7025  val_mf1=0.6237
  ep  20  loss=0.6665  val_mf1=0.6189
  ep  30  loss=0.6460  val_mf1=0.6250
  ep  40  loss=0.6218  val_mf1=0.6438
  best ep 25  val_mf1=0.6547  (104s)  TEST mf1=0.6628  wf1=0.6937  acc=0.6928

[3/8]

==== blendshape_52 × mediapipe × fcnn × 7c × B1 ====
  Train N=9404  in_dim=52  augment=False
  ep   1  loss=1.2489  val_mf1=0.3644
  ep  10  loss=1.0587  val_mf1=0.4363
  ep  20  loss=1.0081  val_mf1=0.4495
  ep  30  loss=0.9803  val_mf1=0.4589
  ep  40  loss=0.9463  val_mf1=0.4755
  ep  50  loss=0.9185  val_mf1=0.4826
  best ep 48  val_mf1=0.4965  (114s)  TEST mf1=0.5033  wf1=0.6365  acc=0.6526

[4/8]

==== blendshape_52 × mediapipe × cnn1d × 7c × B1 ====
  Train N=9404  in_dim=52  augment=False
  ep   1  loss=1.4116  val_mf1=0.2169
  ep  10  loss=1.0714  val_mf1=0.4180
  ep  20  loss=1.0117  val_mf1=0.4321
  ep  30  loss=0.9718  val_mf1=0.4438
  ep  40  loss=0.9424  val_mf1=0.4450
  best ep 32  val_mf1=0.4658  (126s)  TEST mf1=0.4822  wf1=0.6267  acc=0.6396

[5/8]

==== facs_plus_bs_80 × mediapipe × fcnn × 3c × B1 ====
  Train N=9404  in_dim=80  augment=False
  ep   1  loss=0.7828  val_mf1=0.6254
  ep  10  loss=0.6592  val_mf1=0.6688
  ep  20  loss=0.6304  val_mf1=0.6690
  ep  30  loss=0.6053  val_mf1=0.6865
  ep  40  loss=0.5866  val_mf1=0.6695
  best ep 31  val_mf1=0.6967  (205s)  TEST mf1=0.6915  wf1=0.7233  acc=0.7238

[6/8]

==== facs_plus_bs_80 × mediapipe × cnn1d × 3c × B1 ====
  Train N=9404  in_dim=80  augment=False
  ep   1  loss=0.8974  val_mf1=0.5310
  ep  10  loss=0.7073  val_mf1=0.6239
  ep  20  loss=0.6634  val_mf1=0.6376
  ep  30  loss=0.6519  val_mf1=0.6307
  ep  40  loss=0.6307  val_mf1=0.6413
  ep  50  loss=0.6121  val_mf1=0.6512
  best ep 46  val_mf1=0.6608  (248s)  TEST mf1=0.6683  wf1=0.7029  acc=0.7061

[7/8]

==== facs_plus_bs_80 × mediapipe × fcnn × 7c × B1 ====
  Train N=9404  in_dim=80  augment=False
  ep   1  loss=1.2268  val_mf1=0.3899
  ep  10  loss=1.0120  val_mf1=0.4595
  ep  20  loss=0.9511  val_mf1=0.4860
  ep  30  loss=0.9153  val_mf1=0.4893
  ep  40  loss=0.8724  val_mf1=0.5129
  ep  50  loss=0.8493  val_mf1=0.5260
  best ep 46  val_mf1=0.5459  (222s)  TEST mf1=0.5418  wf1=0.6580  acc=0.6628

[8/8]

==== facs_plus_bs_80 × mediapipe × cnn1d × 7c × B1 ====
  Train N=9404  in_dim=80  augment=False
  ep   1  loss=1.4147  val_mf1=0.2584
  ep  10  loss=1.0750  val_mf1=0.4455
  ep  20  loss=1.0163  val_mf1=0.3881
  best ep 10  val_mf1=0.4455  (124s)  TEST mf1=0.4431  wf1=0.6027  acc=0.6260

Sweep done: trained=8, skipped_existing=0
Saved: /mnt/extended-home/fitra_dosen/2025_iris_fer_taufik/MultimodalEmoLearn/models/benchmark/rafdb_7class/3class/Unified/blendshape_52/results.json
Saved: /mnt/extended-home/fitra_dosen/2025_iris_fer_taufik/MultimodalEmoLearn/models/benchmark/rafdb_7class/3class/Unified/facs_plus_bs_80/results.json
Saved: /mnt/extended-home/fitra_dosen/2025_iris_fer_taufik/MultimodalEmoLearn/models/benchmark/rafdb_7class/7class/Unified/blendshape_52/results.json
Saved: /mnt/extended-home/fitra_dosen/2025_iris_fer_taufik/MultimodalEmoLearn/models/benchmark/rafdb_7class/7class/Unified/facs_plus_bs_80/results.json

===============================================================================================
SUMMARY: derived features macro_f1
===============================================================================================
  scheme  feat                src         arch          B1        B2        B3
  3c     blendshape_52       mediapipe   fcnn      0.6787      -         -   
  3c     blendshape_52       mediapipe   cnn1d     0.6628      -         -   
  3c     facs_plus_bs_80     mediapipe   fcnn      0.6915      -         -   
  3c     facs_plus_bs_80     mediapipe   cnn1d     0.6683      -         -   
  3c     facs_plus_bs_80     faceapi     fcnn        -         -         -   
  3c     facs_plus_bs_80     faceapi     cnn1d       -         -         -   
  7c     blendshape_52       mediapipe   fcnn      0.5033      -         -   
  7c     blendshape_52       mediapipe   cnn1d     0.4822      -         -   
  7c     facs_plus_bs_80     mediapipe   fcnn      0.5418      -         -   
  7c     facs_plus_bs_80     mediapipe   cnn1d     0.4431      -         -   
  7c     facs_plus_bs_80     faceapi     fcnn        -         -         -   
  7c     facs_plus_bs_80     faceapi     cnn1d       -         -         -   
=== Derived sweep: ckplus_7class ===
Device: cuda
DATA_DIR: /mnt/extended-home/fitra_dosen/2025_iris_fer_taufik/MultimodalEmoLearn/data/benchmark/ckplus_7class
Output: /mnt/extended-home/fitra_dosen/2025_iris_fer_taufik/MultimodalEmoLearn/models/benchmark/ckplus_7class
Total runs: 8

[1/8]

==== blendshape_52 × mediapipe × fcnn × 3c × B1 ====
  Train N=508  in_dim=52  augment=False
  ep   1  loss=0.7985  val_mf1=0.2286
  ep  10  loss=0.3036  val_mf1=0.8834
  ep  20  loss=0.2169  val_mf1=0.8642
  ep  30  loss=0.1930  val_mf1=0.8674
  best ep 15  val_mf1=0.9518  (5s)  TEST mf1=0.8605  wf1=0.8641  acc=0.8644

[2/8]

==== blendshape_52 × mediapipe × cnn1d × 3c × B1 ====
  Train N=508  in_dim=52  augment=False
  ep   1  loss=0.8524  val_mf1=0.2286
  ep  10  loss=0.3419  val_mf1=0.8120
  ep  20  loss=0.3111  val_mf1=0.9112
  ep  30  loss=0.2632  val_mf1=0.8690
  best ep 20  val_mf1=0.9112  (6s)  TEST mf1=0.8391  wf1=0.8549  acc=0.8644

[3/8]

==== blendshape_52 × mediapipe × fcnn × 7c × B1 ====
  Train N=508  in_dim=52  augment=False
  ep   1  loss=1.4722  val_mf1=0.0980
  ep  10  loss=0.4083  val_mf1=0.7303
  ep  20  loss=0.3487  val_mf1=0.7325
  ep  30  loss=0.3528  val_mf1=0.8491
  best ep 22  val_mf1=0.9057  (6s)  TEST mf1=0.6839  wf1=0.8515  acc=0.8644

[4/8]

==== blendshape_52 × mediapipe × cnn1d × 7c × B1 ====
  Train N=508  in_dim=52  augment=False
  ep   1  loss=1.5932  val_mf1=0.0980
  ep  10  loss=0.6162  val_mf1=0.5026
  ep  20  loss=0.4310  val_mf1=0.6756
  ep  30  loss=0.3775  val_mf1=0.8480
  ep  40  loss=0.3184  val_mf1=0.6918
  ep  50  loss=0.2788  val_mf1=0.8110
  best ep 42  val_mf1=0.8496  (8s)  TEST mf1=0.5881  wf1=0.7736  acc=0.8136

[5/8]

==== facs_plus_bs_80 × mediapipe × fcnn × 3c × B1 ====
  Train N=508  in_dim=80  augment=False
  ep   1  loss=0.7574  val_mf1=0.2286
  ep  10  loss=0.2802  val_mf1=0.8439
  ep  20  loss=0.3077  val_mf1=0.7770
  ep  30  loss=0.1616  val_mf1=0.8485
  best ep 18  val_mf1=0.9449  (9s)  TEST mf1=0.8921  wf1=0.9115  acc=0.9153

[6/8]

==== facs_plus_bs_80 × mediapipe × cnn1d × 3c × B1 ====
  Train N=508  in_dim=80  augment=False
  ep   1  loss=0.9365  val_mf1=0.2286
  ep  10  loss=0.4087  val_mf1=0.6305
  ep  20  loss=0.3534  val_mf1=0.8587
  ep  30  loss=0.3216  val_mf1=0.7986
  ep  40  loss=0.2821  val_mf1=0.8823
  ep  50  loss=0.2751  val_mf1=0.8531
  best ep 39  val_mf1=0.9182  (13s)  TEST mf1=0.7963  wf1=0.7986  acc=0.7966

[7/8]

==== facs_plus_bs_80 × mediapipe × fcnn × 7c × B1 ====
  Train N=508  in_dim=80  augment=False
  ep   1  loss=1.4954  val_mf1=0.0980
  ep  10  loss=0.4287  val_mf1=0.8429
  ep  20  loss=0.3151  val_mf1=0.7901
  ep  30  loss=0.2894  val_mf1=0.8150
  ep  40  loss=0.2326  val_mf1=0.7677
  best ep 25  val_mf1=0.8766  (12s)  TEST mf1=0.7323  wf1=0.8730  acc=0.8814

[8/8]

==== facs_plus_bs_80 × mediapipe × cnn1d × 7c × B1 ====
  Train N=508  in_dim=80  augment=False
  ep   1  loss=1.7170  val_mf1=0.0980
  ep  10  loss=0.6516  val_mf1=0.5298
  ep  20  loss=0.4767  val_mf1=0.6845
  ep  30  loss=0.4455  val_mf1=0.7127
  ep  40  loss=0.3796  val_mf1=0.7561
  best ep 34  val_mf1=0.8341  (13s)  TEST mf1=0.6559  wf1=0.8081  acc=0.8136

Sweep done: trained=8, skipped_existing=0
Saved: /mnt/extended-home/fitra_dosen/2025_iris_fer_taufik/MultimodalEmoLearn/models/benchmark/ckplus_7class/3class/Unified/blendshape_52/results.json
Saved: /mnt/extended-home/fitra_dosen/2025_iris_fer_taufik/MultimodalEmoLearn/models/benchmark/ckplus_7class/3class/Unified/facs_plus_bs_80/results.json
Saved: /mnt/extended-home/fitra_dosen/2025_iris_fer_taufik/MultimodalEmoLearn/models/benchmark/ckplus_7class/7class/Unified/blendshape_52/results.json
Saved: /mnt/extended-home/fitra_dosen/2025_iris_fer_taufik/MultimodalEmoLearn/models/benchmark/ckplus_7class/7class/Unified/facs_plus_bs_80/results.json

===============================================================================================
SUMMARY: derived features macro_f1
===============================================================================================
  scheme  feat                src         arch          B1        B2        B3
  3c     blendshape_52       mediapipe   fcnn      0.8605      -         -   
  3c     blendshape_52       mediapipe   cnn1d     0.8391      -         -   
  3c     facs_plus_bs_80     mediapipe   fcnn      0.8921      -         -   
  3c     facs_plus_bs_80     mediapipe   cnn1d     0.7963      -         -   
  3c     facs_plus_bs_80     faceapi     fcnn        -         -         -   
  3c     facs_plus_bs_80     faceapi     cnn1d       -         -         -   
  7c     blendshape_52       mediapipe   fcnn      0.6839      -         -   
  7c     blendshape_52       mediapipe   cnn1d     0.5881      -         -   
  7c     facs_plus_bs_80     mediapipe   fcnn      0.7323      -         -   
  7c     facs_plus_bs_80     mediapipe   cnn1d     0.6559      -         -   
  7c     facs_plus_bs_80     faceapi     fcnn        -         -         -   
  7c     facs_plus_bs_80     faceapi     cnn1d       -         -         -   
=== Derived sweep: jaffe_7class ===
Device: cuda
DATA_DIR: /mnt/extended-home/fitra_dosen/2025_iris_fer_taufik/MultimodalEmoLearn/data/benchmark/jaffe_7class
Output: /mnt/extended-home/fitra_dosen/2025_iris_fer_taufik/MultimodalEmoLearn/models/benchmark/jaffe_7class
Total runs: 8

[1/8]

==== blendshape_52 × mediapipe × fcnn × 3c × B1 ====
  Train N=152  in_dim=52  augment=False
  ep   1  loss=1.0798  val_mf1=0.1481
  ep  10  loss=0.3168  val_mf1=0.5851
  ep  20  loss=0.1740  val_mf1=0.6296
  best ep 11  val_mf1=0.6296  (3s)  TEST mf1=0.3101  wf1=0.4849  acc=0.5500

[2/8]

==== blendshape_52 × mediapipe × cnn1d × 3c × B1 ====
  Train N=152  in_dim=52  augment=False
  ep   1  loss=0.9667  val_mf1=0.1481
  ep  10  loss=0.4502  val_mf1=0.2424
  ep  20  loss=0.3599  val_mf1=0.5167
  ep  30  loss=0.3562  val_mf1=0.5897
  ep  40  loss=0.2932  val_mf1=0.5851
  ep  50  loss=0.2131  val_mf1=0.6296
  best ep 49  val_mf1=0.6296  (3s)  TEST mf1=0.3029  wf1=0.4724  acc=0.6000

[3/8]

==== blendshape_52 × mediapipe × fcnn × 7c × B1 ====
  Train N=152  in_dim=52  augment=False
  ep   1  loss=1.9964  val_mf1=0.0357
  ep  10  loss=0.7914  val_mf1=0.3429
  ep  20  loss=0.5511  val_mf1=0.6247
  best ep 11  val_mf1=0.7000  (2s)  TEST mf1=0.1418  wf1=0.1489  acc=0.2250

[4/8]

==== blendshape_52 × mediapipe × cnn1d × 7c × B1 ====
  Train N=152  in_dim=52  augment=False
  ep   1  loss=1.9023  val_mf1=0.0357
  ep  10  loss=1.1840  val_mf1=0.0357
  ep  20  loss=0.8779  val_mf1=0.4891
  ep  30  loss=0.7291  val_mf1=0.4521
  ep  40  loss=0.6093  val_mf1=0.4446
  best ep 34  val_mf1=0.6122  (3s)  TEST mf1=0.2491  wf1=0.2462  acc=0.2750

[5/8]

==== facs_plus_bs_80 × mediapipe × fcnn × 3c × B1 ====
  Train N=152  in_dim=80  augment=False
  ep   1  loss=1.0285  val_mf1=0.2424
  ep  10  loss=0.3316  val_mf1=0.5887
  ep  20  loss=0.1715  val_mf1=0.6296
  best ep 11  val_mf1=0.6296  (2s)  TEST mf1=0.2434  wf1=0.4198  acc=0.5750

[6/8]

==== facs_plus_bs_80 × mediapipe × cnn1d × 3c × B1 ====
  Train N=152  in_dim=80  augment=False
  ep   1  loss=1.0041  val_mf1=0.1481
  ep  10  loss=0.5526  val_mf1=0.2424
  ep  20  loss=0.3958  val_mf1=0.5425
  ep  30  loss=0.3672  val_mf1=0.5897
  ep  40  loss=0.3106  val_mf1=0.5425
  best ep 29  val_mf1=0.5897  (4s)  TEST mf1=0.4025  wf1=0.5531  acc=0.6250

[7/8]

==== facs_plus_bs_80 × mediapipe × fcnn × 7c × B1 ====
  Train N=152  in_dim=80  augment=False
  ep   1  loss=1.9679  val_mf1=0.0357
  ep  10  loss=0.7995  val_mf1=0.4000
  ep  20  loss=0.5403  val_mf1=0.5857
  best ep 13  val_mf1=0.6296  (3s)  TEST mf1=0.2544  wf1=0.2528  acc=0.3000

[8/8]

==== facs_plus_bs_80 × mediapipe × cnn1d × 7c × B1 ====
  Train N=152  in_dim=80  augment=False
  ep   1  loss=1.9237  val_mf1=0.0357
  ep  10  loss=1.3134  val_mf1=0.0357
  ep  20  loss=1.0602  val_mf1=0.2408
  ep  30  loss=0.8158  val_mf1=0.2802
  ep  40  loss=0.7239  val_mf1=0.4446
  best ep 26  val_mf1=0.4983  (3s)  TEST mf1=0.1561  wf1=0.1483  acc=0.2250

Sweep done: trained=8, skipped_existing=0
Saved: /mnt/extended-home/fitra_dosen/2025_iris_fer_taufik/MultimodalEmoLearn/models/benchmark/jaffe_7class/3class/Unified/blendshape_52/results.json
Saved: /mnt/extended-home/fitra_dosen/2025_iris_fer_taufik/MultimodalEmoLearn/models/benchmark/jaffe_7class/3class/Unified/facs_plus_bs_80/results.json
Saved: /mnt/extended-home/fitra_dosen/2025_iris_fer_taufik/MultimodalEmoLearn/models/benchmark/jaffe_7class/7class/Unified/blendshape_52/results.json
Saved: /mnt/extended-home/fitra_dosen/2025_iris_fer_taufik/MultimodalEmoLearn/models/benchmark/jaffe_7class/7class/Unified/facs_plus_bs_80/results.json

===============================================================================================
SUMMARY: derived features macro_f1
===============================================================================================
  scheme  feat                src         arch          B1        B2        B3
  3c     blendshape_52       mediapipe   fcnn      0.3101      -         -   
  3c     blendshape_52       mediapipe   cnn1d     0.3029      -         -   
  3c     facs_plus_bs_80     mediapipe   fcnn      0.2434      -         -   
  3c     facs_plus_bs_80     mediapipe   cnn1d     0.4025      -         -   
  3c     facs_plus_bs_80     faceapi     fcnn        -         -         -   
  3c     facs_plus_bs_80     faceapi     cnn1d       -         -         -   
  7c     blendshape_52       mediapipe   fcnn      0.1418      -         -   
  7c     blendshape_52       mediapipe   cnn1d     0.2491      -         -   
  7c     facs_plus_bs_80     mediapipe   fcnn      0.2544      -         -   
  7c     facs_plus_bs_80     mediapipe   cnn1d     0.1561      -         -   
  7c     facs_plus_bs_80     faceapi     fcnn        -         -         -   
  7c     facs_plus_bs_80     faceapi     cnn1d       -         -         -   
=== Derived sweep all done at 2026-05-17T08:28:44+07:00 ===
