[2026-05-17T17:53:29+07:00] Launching [E] Late Fusion sekunder B2/B3 RECOVERY on GPU 2 (parallel dengan gated primer).
--- kdef_7class Late Fusion B2/B3 ---
[retry_run] Attempt 1/3: CUDA_VISIBLE_DEVICES=2 /mnt/extended-home/fitra_dosen/2025_iris_fer_taufik/miniconda3/envs/2025_iris_fer_taufik/bin/python -u scripts/compute_late_fusion_unified.py         --data-dir data/benchmark/kdef_7class         --output-prefix models/benchmark/kdef_7class         --landmark-features raw_136 facs_28 blendshape_52 facs_plus_bs_80         --landmark-sources mediapipe         --scenarios b2 b3         --classes 3 7
Device: cuda
DATA_DIR: /mnt/extended-home/fitra_dosen/2025_iris_fer_taufik/MultimodalEmoLearn/data/benchmark/kdef_7class
Output prefix: /mnt/extended-home/fitra_dosen/2025_iris_fer_taufik/MultimodalEmoLearn/models/benchmark/kdef_7class
Cache dir: /mnt/extended-home/fitra_dosen/2025_iris_fer_taufik/MultimodalEmoLearn/models/benchmark/kdef_7class/late_fusion_cache

[3c × scratch × B2] Image branch
  Training image_cnn_scratch × 3c × B2 (lr=0.001, aug=False)
    best ep 30  val_mf1=0.9369  (1281s)

[3c × scratch × B3] Image branch
  Training image_cnn_scratch × 3c × B3 (lr=0.001, aug=True)
    best ep 33  val_mf1=0.9861  (1369s)

[3c × tl × B2] Image branch
  Training image_cnn_tl × 3c × B2 (lr=0.0001, aug=False)
    best ep 8  val_mf1=0.9793  (310s)

[3c × tl × B3] Image branch
  Training image_cnn_tl × 3c × B3 (lr=0.0001, aug=True)
    best ep 16  val_mf1=0.9921  (436s)

[3c × raw_136/mediapipe × B2] Landmark branch
  Training landmark_fcnn × raw_136/mediapipe(dim=136) × 3c × B2 (aug=False)
    best ep 16  val_mf1=0.7851  (17s)

[3c × raw_136/mediapipe × B3] Landmark branch
  Training landmark_fcnn × raw_136/mediapipe(dim=136) × 3c × B3 (aug=True)
    best ep 40  val_mf1=0.8177  (29s)

  [3c × scratch × raw_136/mediapipe × B2] Computing late fusion weight sweep...
  best_w_image=0.65  val_mf1=0.9369  TEST mf1=0.8095  wf1=0.8245  acc=0.8231

  [3c × scratch × raw_136/mediapipe × B3] Computing late fusion weight sweep...
  best_w_image=0.80  val_mf1=0.9861  TEST mf1=0.8453  wf1=0.8646  acc=0.8639

  [3c × tl × raw_136/mediapipe × B2] Computing late fusion weight sweep...
  best_w_image=0.55  val_mf1=0.9871  TEST mf1=0.9259  wf1=0.9322  acc=0.9320

  [3c × tl × raw_136/mediapipe × B3] Computing late fusion weight sweep...
  best_w_image=0.55  val_mf1=0.9970  TEST mf1=0.9508  wf1=0.9526  acc=0.9524

[3c × facs_28/mediapipe × B2] Landmark branch
  Training landmark_fcnn × facs_28/mediapipe(dim=28) × 3c × B2 (aug=False)
    best ep 23  val_mf1=0.8752  (20s)

[3c × facs_28/mediapipe × B3] Landmark branch
  Training landmark_fcnn × facs_28/mediapipe(dim=28) × 3c × B3 (aug=False)
    best ep 23  val_mf1=0.8752  (20s)

  [3c × scratch × facs_28/mediapipe × B2] Computing late fusion weight sweep...
  best_w_image=0.50  val_mf1=0.9565  TEST mf1=0.8421  wf1=0.8474  acc=0.8469

  [3c × scratch × facs_28/mediapipe × B3] Computing late fusion weight sweep...
  best_w_image=0.85  val_mf1=0.9861  TEST mf1=0.8508  wf1=0.8682  acc=0.8673

  [3c × tl × facs_28/mediapipe × B2] Computing late fusion weight sweep...
  best_w_image=0.50  val_mf1=0.9873  TEST mf1=0.9303  wf1=0.9323  acc=0.9320

  [3c × tl × facs_28/mediapipe × B3] Computing late fusion weight sweep...
  best_w_image=0.60  val_mf1=0.9921  TEST mf1=0.9581  wf1=0.9562  acc=0.9558

[3c × blendshape_52/mediapipe × B2] Landmark branch
  Training landmark_fcnn × blendshape_52/mediapipe(dim=52) × 3c × B2 (aug=False)
    best ep 45  val_mf1=0.8355  (28s)

[3c × blendshape_52/mediapipe × B3] Landmark branch
  Training landmark_fcnn × blendshape_52/mediapipe(dim=52) × 3c × B3 (aug=False)
    best ep 45  val_mf1=0.8355  (27s)

  [3c × scratch × blendshape_52/mediapipe × B2] Computing late fusion weight sweep...
  best_w_image=0.65  val_mf1=0.9553  TEST mf1=0.8235  wf1=0.8343  acc=0.8333

  [3c × scratch × blendshape_52/mediapipe × B3] Computing late fusion weight sweep...
  best_w_image=0.85  val_mf1=0.9861  TEST mf1=0.8480  wf1=0.8680  acc=0.8673

  [3c × tl × blendshape_52/mediapipe × B2] Computing late fusion weight sweep...
  best_w_image=0.50  val_mf1=0.9843  TEST mf1=0.9324  wf1=0.9324  acc=0.9320

  [3c × tl × blendshape_52/mediapipe × B3] Computing late fusion weight sweep...
  best_w_image=0.60  val_mf1=0.9921  TEST mf1=0.9529  wf1=0.9528  acc=0.9524

[3c × facs_plus_bs_80/mediapipe × B2] Landmark branch
  Training landmark_fcnn × facs_plus_bs_80/mediapipe(dim=80) × 3c × B2 (aug=False)
    best ep 21  val_mf1=0.8845  (19s)

[3c × facs_plus_bs_80/mediapipe × B3] Landmark branch
  Training landmark_fcnn × facs_plus_bs_80/mediapipe(dim=80) × 3c × B3 (aug=False)
    best ep 21  val_mf1=0.8845  (19s)

  [3c × scratch × facs_plus_bs_80/mediapipe × B2] Computing late fusion weight sweep...
  best_w_image=0.60  val_mf1=0.9511  TEST mf1=0.8123  wf1=0.8298  acc=0.8299

  [3c × scratch × facs_plus_bs_80/mediapipe × B3] Computing late fusion weight sweep...
  best_w_image=0.55  val_mf1=0.9881  TEST mf1=0.8518  wf1=0.8704  acc=0.8707

  [3c × tl × facs_plus_bs_80/mediapipe × B2] Computing late fusion weight sweep...
  best_w_image=0.55  val_mf1=0.9920  TEST mf1=0.9253  wf1=0.9321  acc=0.9320

  [3c × tl × facs_plus_bs_80/mediapipe × B3] Computing late fusion weight sweep...
  best_w_image=0.65  val_mf1=0.9921  TEST mf1=0.9558  wf1=0.9561  acc=0.9558

[7c × scratch × B2] Image branch
  Training image_cnn_scratch × 7c × B2 (lr=0.001, aug=False)
    best ep 46  val_mf1=0.8180  (1465s)

[7c × scratch × B3] Image branch
  Training image_cnn_scratch × 7c × B3 (lr=0.001, aug=True)
    best ep 39  val_mf1=0.8283  (1508s)

[7c × tl × B2] Image branch
  Training image_cnn_tl × 7c × B2 (lr=0.0001, aug=False)
    best ep 12  val_mf1=0.9031  (337s)

[7c × tl × B3] Image branch
  Training image_cnn_tl × 7c × B3 (lr=0.0001, aug=True)
    best ep 17  val_mf1=0.8962  (408s)

[7c × raw_136/mediapipe × B2] Landmark branch
  Training landmark_fcnn × raw_136/mediapipe(dim=136) × 7c × B2 (aug=False)
    best ep 14  val_mf1=0.5849  (16s)

[7c × raw_136/mediapipe × B3] Landmark branch
  Training landmark_fcnn × raw_136/mediapipe(dim=136) × 7c × B3 (aug=True)
    best ep 48  val_mf1=0.6693  (28s)

  [7c × scratch × raw_136/mediapipe × B2] Computing late fusion weight sweep...
  best_w_image=0.50  val_mf1=0.8278  TEST mf1=0.7922  wf1=0.7922  acc=0.7959

  [7c × scratch × raw_136/mediapipe × B3] Computing late fusion weight sweep...
  best_w_image=0.35  val_mf1=0.8380  TEST mf1=0.8167  wf1=0.8167  acc=0.8197

  [7c × tl × raw_136/mediapipe × B2] Computing late fusion weight sweep...
  best_w_image=0.55  val_mf1=0.9138  TEST mf1=0.8546  wf1=0.8546  acc=0.8605

  [7c × tl × raw_136/mediapipe × B3] Computing late fusion weight sweep...
  best_w_image=0.50  val_mf1=0.9177  TEST mf1=0.8505  wf1=0.8505  acc=0.8571

[7c × facs_28/mediapipe × B2] Landmark branch
  Training landmark_fcnn × facs_28/mediapipe(dim=28) × 7c × B2 (aug=False)
    best ep 8  val_mf1=0.7911  (13s)

[7c × facs_28/mediapipe × B3] Landmark branch
  Training landmark_fcnn × facs_28/mediapipe(dim=28) × 7c × B3 (aug=False)
    best ep 8  val_mf1=0.7911  (13s)

  [7c × scratch × facs_28/mediapipe × B2] Computing late fusion weight sweep...
  best_w_image=0.35  val_mf1=0.8775  TEST mf1=0.7758  wf1=0.7758  acc=0.7823

  [7c × scratch × facs_28/mediapipe × B3] Computing late fusion weight sweep...
  best_w_image=0.45  val_mf1=0.8660  TEST mf1=0.8203  wf1=0.8203  acc=0.8231

  [7c × tl × facs_28/mediapipe × B2] Computing late fusion weight sweep...
  best_w_image=0.40  val_mf1=0.9243  TEST mf1=0.8343  wf1=0.8343  acc=0.8435

  [7c × tl × facs_28/mediapipe × B3] Computing late fusion weight sweep...
  best_w_image=0.50  val_mf1=0.9212  TEST mf1=0.8461  wf1=0.8461  acc=0.8537

[7c × blendshape_52/mediapipe × B2] Landmark branch
  Training landmark_fcnn × blendshape_52/mediapipe(dim=52) × 7c × B2 (aug=False)
    best ep 7  val_mf1=0.7755  (12s)

[7c × blendshape_52/mediapipe × B3] Landmark branch
  Training landmark_fcnn × blendshape_52/mediapipe(dim=52) × 7c × B3 (aug=False)
    best ep 7  val_mf1=0.7755  (11s)

  [7c × scratch × blendshape_52/mediapipe × B2] Computing late fusion weight sweep...
  best_w_image=0.30  val_mf1=0.8521  TEST mf1=0.7434  wf1=0.7434  acc=0.7483

  [7c × scratch × blendshape_52/mediapipe × B3] Computing late fusion weight sweep...
  best_w_image=0.40  val_mf1=0.8571  TEST mf1=0.7901  wf1=0.7901  acc=0.7925

  [7c × tl × blendshape_52/mediapipe × B2] Computing late fusion weight sweep...
  best_w_image=0.75  val_mf1=0.9171  TEST mf1=0.8524  wf1=0.8524  acc=0.8605

  [7c × tl × blendshape_52/mediapipe × B3] Computing late fusion weight sweep...
  best_w_image=0.45  val_mf1=0.9029  TEST mf1=0.8595  wf1=0.8595  acc=0.8639

[7c × facs_plus_bs_80/mediapipe × B2] Landmark branch
  Training landmark_fcnn × facs_plus_bs_80/mediapipe(dim=80) × 7c × B2 (aug=False)
    best ep 9  val_mf1=0.7845  (13s)

[7c × facs_plus_bs_80/mediapipe × B3] Landmark branch
  Training landmark_fcnn × facs_plus_bs_80/mediapipe(dim=80) × 7c × B3 (aug=False)
    best ep 9  val_mf1=0.7845  (13s)

  [7c × scratch × facs_plus_bs_80/mediapipe × B2] Computing late fusion weight sweep...
  best_w_image=0.40  val_mf1=0.8696  TEST mf1=0.7598  wf1=0.7598  acc=0.7653

  [7c × scratch × facs_plus_bs_80/mediapipe × B3] Computing late fusion weight sweep...
  best_w_image=0.40  val_mf1=0.8712  TEST mf1=0.7963  wf1=0.7963  acc=0.7993

  [7c × tl × facs_plus_bs_80/mediapipe × B2] Computing late fusion weight sweep...
  best_w_image=0.65  val_mf1=0.9213  TEST mf1=0.8457  wf1=0.8457  acc=0.8537

  [7c × tl × facs_plus_bs_80/mediapipe × B3] Computing late fusion weight sweep...
  best_w_image=0.50  val_mf1=0.9140  TEST mf1=0.8615  wf1=0.8615  acc=0.8673
Saved: /mnt/extended-home/fitra_dosen/2025_iris_fer_taufik/MultimodalEmoLearn/models/benchmark/kdef_7class/3class/Unified/fusion_late_scratch/results.json
Saved: /mnt/extended-home/fitra_dosen/2025_iris_fer_taufik/MultimodalEmoLearn/models/benchmark/kdef_7class/3class/Unified/fusion_late_tl/results.json
Saved: /mnt/extended-home/fitra_dosen/2025_iris_fer_taufik/MultimodalEmoLearn/models/benchmark/kdef_7class/3class/Unified/fusion_late_scratch_facs_28/results.json
Saved: /mnt/extended-home/fitra_dosen/2025_iris_fer_taufik/MultimodalEmoLearn/models/benchmark/kdef_7class/3class/Unified/fusion_late_tl_facs_28/results.json
Saved: /mnt/extended-home/fitra_dosen/2025_iris_fer_taufik/MultimodalEmoLearn/models/benchmark/kdef_7class/3class/Unified/fusion_late_scratch_blendshape_52/results.json
Saved: /mnt/extended-home/fitra_dosen/2025_iris_fer_taufik/MultimodalEmoLearn/models/benchmark/kdef_7class/3class/Unified/fusion_late_tl_blendshape_52/results.json
Saved: /mnt/extended-home/fitra_dosen/2025_iris_fer_taufik/MultimodalEmoLearn/models/benchmark/kdef_7class/3class/Unified/fusion_late_scratch_facs_plus_bs_80/results.json
Saved: /mnt/extended-home/fitra_dosen/2025_iris_fer_taufik/MultimodalEmoLearn/models/benchmark/kdef_7class/3class/Unified/fusion_late_tl_facs_plus_bs_80/results.json
Saved: /mnt/extended-home/fitra_dosen/2025_iris_fer_taufik/MultimodalEmoLearn/models/benchmark/kdef_7class/7class/Unified/fusion_late_scratch/results.json
Saved: /mnt/extended-home/fitra_dosen/2025_iris_fer_taufik/MultimodalEmoLearn/models/benchmark/kdef_7class/7class/Unified/fusion_late_tl/results.json
Saved: /mnt/extended-home/fitra_dosen/2025_iris_fer_taufik/MultimodalEmoLearn/models/benchmark/kdef_7class/7class/Unified/fusion_late_scratch_facs_28/results.json
Saved: /mnt/extended-home/fitra_dosen/2025_iris_fer_taufik/MultimodalEmoLearn/models/benchmark/kdef_7class/7class/Unified/fusion_late_tl_facs_28/results.json
Saved: /mnt/extended-home/fitra_dosen/2025_iris_fer_taufik/MultimodalEmoLearn/models/benchmark/kdef_7class/7class/Unified/fusion_late_scratch_blendshape_52/results.json
Saved: /mnt/extended-home/fitra_dosen/2025_iris_fer_taufik/MultimodalEmoLearn/models/benchmark/kdef_7class/7class/Unified/fusion_late_tl_blendshape_52/results.json
Saved: /mnt/extended-home/fitra_dosen/2025_iris_fer_taufik/MultimodalEmoLearn/models/benchmark/kdef_7class/7class/Unified/fusion_late_scratch_facs_plus_bs_80/results.json
Saved: /mnt/extended-home/fitra_dosen/2025_iris_fer_taufik/MultimodalEmoLearn/models/benchmark/kdef_7class/7class/Unified/fusion_late_tl_facs_plus_bs_80/results.json

====================================================================================================
SUMMARY: Late Fusion Unified Protocol macro_f1
====================================================================================================
  scheme  variant   feature             source            B1        B2        B3
  3c     scratch   raw_136             mediapipe        nan    0.8095    0.8453
  3c     tl        raw_136             mediapipe        nan    0.9259    0.9508
  3c     scratch   facs_28             mediapipe        nan    0.8421    0.8508
  3c     tl        facs_28             mediapipe        nan    0.9303    0.9581
  3c     scratch   blendshape_52       mediapipe        nan    0.8235    0.8480
  3c     tl        blendshape_52       mediapipe        nan    0.9324    0.9529
  3c     scratch   facs_plus_bs_80     mediapipe        nan    0.8123    0.8518
  3c     tl        facs_plus_bs_80     mediapipe        nan    0.9253    0.9558
  7c     scratch   raw_136             mediapipe        nan    0.7922    0.8167
  7c     tl        raw_136             mediapipe        nan    0.8546    0.8505
  7c     scratch   facs_28             mediapipe        nan    0.7758    0.8203
  7c     tl        facs_28             mediapipe        nan    0.8343    0.8461
  7c     scratch   blendshape_52       mediapipe        nan    0.7434    0.7901
  7c     tl        blendshape_52       mediapipe        nan    0.8524    0.8595
  7c     scratch   facs_plus_bs_80     mediapipe        nan    0.7598    0.7963
  7c     tl        facs_plus_bs_80     mediapipe        nan    0.8457    0.8615
[retry_run] ✅ Succeeded on attempt 1
--- rafdb_7class Late Fusion B2/B3 ---
[retry_run] Attempt 1/3: CUDA_VISIBLE_DEVICES=2 /mnt/extended-home/fitra_dosen/2025_iris_fer_taufik/miniconda3/envs/2025_iris_fer_taufik/bin/python -u scripts/compute_late_fusion_unified.py         --data-dir data/benchmark/rafdb_7class         --output-prefix models/benchmark/rafdb_7class         --landmark-features raw_136 facs_28 blendshape_52 facs_plus_bs_80         --landmark-sources mediapipe         --scenarios b2 b3         --classes 3 7
Device: cuda
DATA_DIR: /mnt/extended-home/fitra_dosen/2025_iris_fer_taufik/MultimodalEmoLearn/data/benchmark/rafdb_7class
Output prefix: /mnt/extended-home/fitra_dosen/2025_iris_fer_taufik/MultimodalEmoLearn/models/benchmark/rafdb_7class
Cache dir: /mnt/extended-home/fitra_dosen/2025_iris_fer_taufik/MultimodalEmoLearn/models/benchmark/rafdb_7class/late_fusion_cache

[3c × scratch × B2] Image branch
  Training image_cnn_scratch × 3c × B2 (lr=0.001, aug=False)
    best ep 50  val_mf1=0.7867  (5922s)

[3c × scratch × B3] Image branch
  Training image_cnn_scratch × 3c × B3 (lr=0.001, aug=True)
    best ep 45  val_mf1=0.8349  (5471s)

[3c × tl × B2] Image branch
  Training image_cnn_tl × 3c × B2 (lr=0.0001, aug=False)
    best ep 29  val_mf1=0.8287  (2380s)

[3c × tl × B3] Image branch
  Training image_cnn_tl × 3c × B3 (lr=0.0001, aug=True)
    best ep 41  val_mf1=0.8493  (2566s)

[3c × raw_136/mediapipe × B2] Landmark branch
  Training landmark_fcnn × raw_136/mediapipe(dim=136) × 3c × B2 (aug=False)
    best ep 11  val_mf1=0.6394  (59s)

[3c × raw_136/mediapipe × B3] Landmark branch
  Training landmark_fcnn × raw_136/mediapipe(dim=136) × 3c × B3 (aug=True)
    best ep 31  val_mf1=0.6509  (111s)

  [3c × scratch × raw_136/mediapipe × B2] Computing late fusion weight sweep...
  best_w_image=0.40  val_mf1=0.7980  TEST mf1=0.7967  wf1=0.8202  acc=0.8195

  [3c × scratch × raw_136/mediapipe × B3] Computing late fusion weight sweep...
  best_w_image=0.55  val_mf1=0.8381  TEST mf1=0.8340  wf1=0.8534  acc=0.8525

  [3c × tl × raw_136/mediapipe × B2] Computing late fusion weight sweep...
  best_w_image=0.45  val_mf1=0.8307  TEST mf1=0.8190  wf1=0.8388  acc=0.8379

  [3c × tl × raw_136/mediapipe × B3] Computing late fusion weight sweep...
  best_w_image=0.60  val_mf1=0.8517  TEST mf1=0.8400  wf1=0.8587  acc=0.8573

[3c × facs_28/mediapipe × B2] Landmark branch
  Training landmark_fcnn × facs_28/mediapipe(dim=28) × 3c × B2 (aug=False)
    best ep 31  val_mf1=0.6643  (101s)

[3c × facs_28/mediapipe × B3] Landmark branch
  Training landmark_fcnn × facs_28/mediapipe(dim=28) × 3c × B3 (aug=False)
    best ep 31  val_mf1=0.6643  (102s)

  [3c × scratch × facs_28/mediapipe × B2] Computing late fusion weight sweep...
  best_w_image=0.60  val_mf1=0.7923  TEST mf1=0.7956  wf1=0.8203  acc=0.8202

  [3c × scratch × facs_28/mediapipe × B3] Computing late fusion weight sweep...
  best_w_image=0.55  val_mf1=0.8374  TEST mf1=0.8340  wf1=0.8532  acc=0.8525

  [3c × tl × facs_28/mediapipe × B2] Computing late fusion weight sweep...
  best_w_image=0.55  val_mf1=0.8326  TEST mf1=0.8164  wf1=0.8360  acc=0.8351

  [3c × tl × facs_28/mediapipe × B3] Computing late fusion weight sweep...
  best_w_image=0.45  val_mf1=0.8518  TEST mf1=0.8417  wf1=0.8596  acc=0.8583

[3c × blendshape_52/mediapipe × B2] Landmark branch
  Training landmark_fcnn × blendshape_52/mediapipe(dim=52) × 3c × B2 (aug=False)
    best ep 26  val_mf1=0.6553  (90s)

[3c × blendshape_52/mediapipe × B3] Landmark branch
  Training landmark_fcnn × blendshape_52/mediapipe(dim=52) × 3c × B3 (aug=False)
    best ep 26  val_mf1=0.6553  (91s)

  [3c × scratch × blendshape_52/mediapipe × B2] Computing late fusion weight sweep...
  best_w_image=0.60  val_mf1=0.7931  TEST mf1=0.7967  wf1=0.8215  acc=0.8212

  [3c × scratch × blendshape_52/mediapipe × B3] Computing late fusion weight sweep...
  best_w_image=0.50  val_mf1=0.8404  TEST mf1=0.8297  wf1=0.8487  acc=0.8481

  [3c × tl × blendshape_52/mediapipe × B2] Computing late fusion weight sweep...
  best_w_image=0.50  val_mf1=0.8339  TEST mf1=0.8191  wf1=0.8387  acc=0.8379

  [3c × tl × blendshape_52/mediapipe × B3] Computing late fusion weight sweep...
  best_w_image=0.50  val_mf1=0.8525  TEST mf1=0.8416  wf1=0.8590  acc=0.8580

[3c × facs_plus_bs_80/mediapipe × B2] Landmark branch
  Training landmark_fcnn × facs_plus_bs_80/mediapipe(dim=80) × 3c × B2 (aug=False)
    best ep 26  val_mf1=0.6799  (90s)

[3c × facs_plus_bs_80/mediapipe × B3] Landmark branch
  Training landmark_fcnn × facs_plus_bs_80/mediapipe(dim=80) × 3c × B3 (aug=False)
    best ep 26  val_mf1=0.6799  (94s)

  [3c × scratch × facs_plus_bs_80/mediapipe × B2] Computing late fusion weight sweep...
  best_w_image=0.40  val_mf1=0.8007  TEST mf1=0.8020  wf1=0.8243  acc=0.8243

  [3c × scratch × facs_plus_bs_80/mediapipe × B3] Computing late fusion weight sweep...
  best_w_image=0.60  val_mf1=0.8424  TEST mf1=0.8358  wf1=0.8552  acc=0.8546

  [3c × tl × facs_plus_bs_80/mediapipe × B2] Computing late fusion weight sweep...
  best_w_image=0.50  val_mf1=0.8333  TEST mf1=0.8204  wf1=0.8395  acc=0.8389

  [3c × tl × facs_plus_bs_80/mediapipe × B3] Computing late fusion weight sweep...
  best_w_image=0.55  val_mf1=0.8531  TEST mf1=0.8388  wf1=0.8571  acc=0.8559

[7c × scratch × B2] Image branch
  Training image_cnn_scratch × 7c × B2 (lr=0.001, aug=False)
    best ep 22  val_mf1=0.6904  (4379s)

[7c × scratch × B3] Image branch
  Training image_cnn_scratch × 7c × B3 (lr=0.001, aug=True)
    best ep 42  val_mf1=0.7349  (5853s)

[7c × tl × B2] Image branch
  Training image_cnn_tl × 7c × B2 (lr=0.0001, aug=False)
    best ep 42  val_mf1=0.7309  (2716s)

[7c × tl × B3] Image branch
  Training image_cnn_tl × 7c × B3 (lr=0.0001, aug=True)
    best ep 23  val_mf1=0.7486  (2090s)

[7c × raw_136/mediapipe × B2] Landmark branch
  Training landmark_fcnn × raw_136/mediapipe(dim=136) × 7c × B2 (aug=False)
    best ep 49  val_mf1=0.5093  (119s)

[7c × raw_136/mediapipe × B3] Landmark branch
  Training landmark_fcnn × raw_136/mediapipe(dim=136) × 7c × B3 (aug=True)
    best ep 17  val_mf1=0.4716  (77s)

  [7c × scratch × raw_136/mediapipe × B2] Computing late fusion weight sweep...
  best_w_image=0.60  val_mf1=0.6977  TEST mf1=0.6968  wf1=0.7865  acc=0.7892

  [7c × scratch × raw_136/mediapipe × B3] Computing late fusion weight sweep...
  best_w_image=0.65  val_mf1=0.7358  TEST mf1=0.7217  wf1=0.8107  acc=0.8072

  [7c × tl × raw_136/mediapipe × B2] Computing late fusion weight sweep...
  best_w_image=0.50  val_mf1=0.7370  TEST mf1=0.7302  wf1=0.8142  acc=0.8171

  [7c × tl × raw_136/mediapipe × B3] Computing late fusion weight sweep...
  best_w_image=0.55  val_mf1=0.7521  TEST mf1=0.7520  wf1=0.8269  acc=0.8273

[7c × facs_28/mediapipe × B2] Landmark branch
  Training landmark_fcnn × facs_28/mediapipe(dim=28) × 7c × B2 (aug=False)
    best ep 4  val_mf1=0.4710  (45s)

[7c × facs_28/mediapipe × B3] Landmark branch
  Training landmark_fcnn × facs_28/mediapipe(dim=28) × 7c × B3 (aug=False)
    best ep 4  val_mf1=0.4710  (45s)

  [7c × scratch × facs_28/mediapipe × B2] Computing late fusion weight sweep...
  best_w_image=0.50  val_mf1=0.6920  TEST mf1=0.6918  wf1=0.7810  acc=0.7834

  [7c × scratch × facs_28/mediapipe × B3] Computing late fusion weight sweep...
  best_w_image=1.00  val_mf1=0.7349  TEST mf1=0.7221  wf1=0.8081  acc=0.8042

  [7c × tl × facs_28/mediapipe × B2] Computing late fusion weight sweep...
  best_w_image=0.70  val_mf1=0.7358  TEST mf1=0.7336  wf1=0.8154  acc=0.8178

  [7c × tl × facs_28/mediapipe × B3] Computing late fusion weight sweep...
  best_w_image=0.60  val_mf1=0.7533  TEST mf1=0.7478  wf1=0.8259  acc=0.8263

[7c × blendshape_52/mediapipe × B2] Landmark branch
  Training landmark_fcnn × blendshape_52/mediapipe(dim=52) × 7c × B2 (aug=False)
    best ep 6  val_mf1=0.4774  (49s)

[7c × blendshape_52/mediapipe × B3] Landmark branch
  Training landmark_fcnn × blendshape_52/mediapipe(dim=52) × 7c × B3 (aug=False)
    best ep 6  val_mf1=0.4774  (49s)

  [7c × scratch × blendshape_52/mediapipe × B2] Computing late fusion weight sweep...
  best_w_image=0.90  val_mf1=0.6930  TEST mf1=0.6935  wf1=0.7825  acc=0.7844

  [7c × scratch × blendshape_52/mediapipe × B3] Computing late fusion weight sweep...
  best_w_image=0.75  val_mf1=0.7356  TEST mf1=0.7274  wf1=0.8124  acc=0.8089

  [7c × tl × blendshape_52/mediapipe × B2] Computing late fusion weight sweep...
  best_w_image=0.50  val_mf1=0.7444  TEST mf1=0.7376  wf1=0.8153  acc=0.8174

  [7c × tl × blendshape_52/mediapipe × B3] Computing late fusion weight sweep...
  best_w_image=0.55  val_mf1=0.7597  TEST mf1=0.7429  wf1=0.8257  acc=0.8260

[7c × facs_plus_bs_80/mediapipe × B2] Landmark branch
  Training landmark_fcnn × facs_plus_bs_80/mediapipe(dim=80) × 7c × B2 (aug=False)
    best ep 31  val_mf1=0.5167  (106s)

[7c × facs_plus_bs_80/mediapipe × B3] Landmark branch
  Training landmark_fcnn × facs_plus_bs_80/mediapipe(dim=80) × 7c × B3 (aug=False)
    best ep 31  val_mf1=0.5167  (107s)

  [7c × scratch × facs_plus_bs_80/mediapipe × B2] Computing late fusion weight sweep...
  best_w_image=0.55  val_mf1=0.6970  TEST mf1=0.6964  wf1=0.7876  acc=0.7895

  [7c × scratch × facs_plus_bs_80/mediapipe × B3] Computing late fusion weight sweep...
  best_w_image=1.00  val_mf1=0.7349  TEST mf1=0.7221  wf1=0.8081  acc=0.8042

  [7c × tl × facs_plus_bs_80/mediapipe × B2] Computing late fusion weight sweep...
  best_w_image=0.55  val_mf1=0.7402  TEST mf1=0.7353  wf1=0.8167  acc=0.8188

  [7c × tl × facs_plus_bs_80/mediapipe × B3] Computing late fusion weight sweep...
  best_w_image=0.65  val_mf1=0.7515  TEST mf1=0.7479  wf1=0.8263  acc=0.8266
Saved: /mnt/extended-home/fitra_dosen/2025_iris_fer_taufik/MultimodalEmoLearn/models/benchmark/rafdb_7class/3class/Unified/fusion_late_scratch/results.json
Saved: /mnt/extended-home/fitra_dosen/2025_iris_fer_taufik/MultimodalEmoLearn/models/benchmark/rafdb_7class/3class/Unified/fusion_late_tl/results.json
Saved: /mnt/extended-home/fitra_dosen/2025_iris_fer_taufik/MultimodalEmoLearn/models/benchmark/rafdb_7class/3class/Unified/fusion_late_scratch_facs_28/results.json
Saved: /mnt/extended-home/fitra_dosen/2025_iris_fer_taufik/MultimodalEmoLearn/models/benchmark/rafdb_7class/3class/Unified/fusion_late_tl_facs_28/results.json
Saved: /mnt/extended-home/fitra_dosen/2025_iris_fer_taufik/MultimodalEmoLearn/models/benchmark/rafdb_7class/3class/Unified/fusion_late_scratch_blendshape_52/results.json
Saved: /mnt/extended-home/fitra_dosen/2025_iris_fer_taufik/MultimodalEmoLearn/models/benchmark/rafdb_7class/3class/Unified/fusion_late_tl_blendshape_52/results.json
Saved: /mnt/extended-home/fitra_dosen/2025_iris_fer_taufik/MultimodalEmoLearn/models/benchmark/rafdb_7class/3class/Unified/fusion_late_scratch_facs_plus_bs_80/results.json
Saved: /mnt/extended-home/fitra_dosen/2025_iris_fer_taufik/MultimodalEmoLearn/models/benchmark/rafdb_7class/3class/Unified/fusion_late_tl_facs_plus_bs_80/results.json
Saved: /mnt/extended-home/fitra_dosen/2025_iris_fer_taufik/MultimodalEmoLearn/models/benchmark/rafdb_7class/7class/Unified/fusion_late_scratch/results.json
Saved: /mnt/extended-home/fitra_dosen/2025_iris_fer_taufik/MultimodalEmoLearn/models/benchmark/rafdb_7class/7class/Unified/fusion_late_tl/results.json
Saved: /mnt/extended-home/fitra_dosen/2025_iris_fer_taufik/MultimodalEmoLearn/models/benchmark/rafdb_7class/7class/Unified/fusion_late_scratch_facs_28/results.json
Saved: /mnt/extended-home/fitra_dosen/2025_iris_fer_taufik/MultimodalEmoLearn/models/benchmark/rafdb_7class/7class/Unified/fusion_late_tl_facs_28/results.json
Saved: /mnt/extended-home/fitra_dosen/2025_iris_fer_taufik/MultimodalEmoLearn/models/benchmark/rafdb_7class/7class/Unified/fusion_late_scratch_blendshape_52/results.json
Saved: /mnt/extended-home/fitra_dosen/2025_iris_fer_taufik/MultimodalEmoLearn/models/benchmark/rafdb_7class/7class/Unified/fusion_late_tl_blendshape_52/results.json
Saved: /mnt/extended-home/fitra_dosen/2025_iris_fer_taufik/MultimodalEmoLearn/models/benchmark/rafdb_7class/7class/Unified/fusion_late_scratch_facs_plus_bs_80/results.json
Saved: /mnt/extended-home/fitra_dosen/2025_iris_fer_taufik/MultimodalEmoLearn/models/benchmark/rafdb_7class/7class/Unified/fusion_late_tl_facs_plus_bs_80/results.json

====================================================================================================
SUMMARY: Late Fusion Unified Protocol macro_f1
====================================================================================================
  scheme  variant   feature             source            B1        B2        B3
  3c     scratch   raw_136             mediapipe        nan    0.7967    0.8340
  3c     tl        raw_136             mediapipe        nan    0.8190    0.8400
  3c     scratch   facs_28             mediapipe        nan    0.7956    0.8340
  3c     tl        facs_28             mediapipe        nan    0.8164    0.8417
  3c     scratch   blendshape_52       mediapipe        nan    0.7967    0.8297
  3c     tl        blendshape_52       mediapipe        nan    0.8191    0.8416
  3c     scratch   facs_plus_bs_80     mediapipe        nan    0.8020    0.8358
  3c     tl        facs_plus_bs_80     mediapipe        nan    0.8204    0.8388
  7c     scratch   raw_136             mediapipe        nan    0.6968    0.7217
  7c     tl        raw_136             mediapipe        nan    0.7302    0.7520
  7c     scratch   facs_28             mediapipe        nan    0.6918    0.7221
  7c     tl        facs_28             mediapipe        nan    0.7336    0.7478
  7c     scratch   blendshape_52       mediapipe        nan    0.6935    0.7274
  7c     tl        blendshape_52       mediapipe        nan    0.7376    0.7429
  7c     scratch   facs_plus_bs_80     mediapipe        nan    0.6964    0.7221
  7c     tl        facs_plus_bs_80     mediapipe        nan    0.7353    0.7479
[retry_run] ✅ Succeeded on attempt 1
--- ckplus_7class Late Fusion B2/B3 ---
[retry_run] Attempt 1/3: CUDA_VISIBLE_DEVICES=2 /mnt/extended-home/fitra_dosen/2025_iris_fer_taufik/miniconda3/envs/2025_iris_fer_taufik/bin/python -u scripts/compute_late_fusion_unified.py         --data-dir data/benchmark/ckplus_7class         --output-prefix models/benchmark/ckplus_7class         --landmark-features raw_136 facs_28 blendshape_52 facs_plus_bs_80         --landmark-sources mediapipe         --scenarios b2 b3         --classes 3 7
Device: cuda
DATA_DIR: /mnt/extended-home/fitra_dosen/2025_iris_fer_taufik/MultimodalEmoLearn/data/benchmark/ckplus_7class
Output prefix: /mnt/extended-home/fitra_dosen/2025_iris_fer_taufik/MultimodalEmoLearn/models/benchmark/ckplus_7class
Cache dir: /mnt/extended-home/fitra_dosen/2025_iris_fer_taufik/MultimodalEmoLearn/models/benchmark/ckplus_7class/late_fusion_cache

[3c × scratch × B2] Image branch
  Training image_cnn_scratch × 3c × B2 (lr=0.001, aug=False)
    best ep 49  val_mf1=0.7051  (316s)

[3c × scratch × B3] Image branch
  Training image_cnn_scratch × 3c × B3 (lr=0.001, aug=True)
    best ep 50  val_mf1=0.8640  (295s)

[3c × tl × B2] Image branch
  Training image_cnn_tl × 3c × B2 (lr=0.0001, aug=False)
    best ep 35  val_mf1=0.9672  (135s)

[3c × tl × B3] Image branch
  Training image_cnn_tl × 3c × B3 (lr=0.0001, aug=True)
    best ep 29  val_mf1=0.9685  (119s)

[3c × raw_136/mediapipe × B2] Landmark branch
  Training landmark_fcnn × raw_136/mediapipe(dim=136) × 3c × B2 (aug=False)
    best ep 23  val_mf1=0.7265  (5s)

[3c × raw_136/mediapipe × B3] Landmark branch
  Training landmark_fcnn × raw_136/mediapipe(dim=136) × 3c × B3 (aug=True)
    best ep 7  val_mf1=0.6308  (3s)

  [3c × scratch × raw_136/mediapipe × B2] Computing late fusion weight sweep...
  best_w_image=0.35  val_mf1=0.8429  TEST mf1=0.5934  wf1=0.5927  acc=0.5932

  [3c × scratch × raw_136/mediapipe × B3] Computing late fusion weight sweep...
  best_w_image=0.75  val_mf1=0.8888  TEST mf1=0.7473  wf1=0.7545  acc=0.7627

  [3c × tl × raw_136/mediapipe × B2] Computing late fusion weight sweep...
  best_w_image=1.00  val_mf1=0.9672  TEST mf1=0.9754  wf1=0.9832  acc=0.9831

  [3c × tl × raw_136/mediapipe × B3] Computing late fusion weight sweep...
  best_w_image=0.25  val_mf1=0.9700  TEST mf1=0.8498  wf1=0.8657  acc=0.8644

[3c × facs_28/mediapipe × B2] Landmark branch
  Training landmark_fcnn × facs_28/mediapipe(dim=28) × 3c × B2 (aug=False)
    best ep 8  val_mf1=0.9141  (3s)

[3c × facs_28/mediapipe × B3] Landmark branch
  Training landmark_fcnn × facs_28/mediapipe(dim=28) × 3c × B3 (aug=False)
    best ep 8  val_mf1=0.9141  (3s)

  [3c × scratch × facs_28/mediapipe × B2] Computing late fusion weight sweep...
  best_w_image=0.00  val_mf1=0.9141  TEST mf1=0.8188  wf1=0.8004  acc=0.7966

  [3c × scratch × facs_28/mediapipe × B3] Computing late fusion weight sweep...
  best_w_image=0.40  val_mf1=0.9412  TEST mf1=0.8320  wf1=0.8168  acc=0.8136

  [3c × tl × facs_28/mediapipe × B2] Computing late fusion weight sweep...
  best_w_image=0.40  val_mf1=0.9685  TEST mf1=0.9299  wf1=0.9322  acc=0.9322

  [3c × tl × facs_28/mediapipe × B3] Computing late fusion weight sweep...
  best_w_image=0.40  val_mf1=0.9846  TEST mf1=0.9129  wf1=0.9002  acc=0.8983

[3c × blendshape_52/mediapipe × B2] Landmark branch
  Training landmark_fcnn × blendshape_52/mediapipe(dim=52) × 3c × B2 (aug=False)
    best ep 19  val_mf1=0.9518  (4s)

[3c × blendshape_52/mediapipe × B3] Landmark branch
  Training landmark_fcnn × blendshape_52/mediapipe(dim=52) × 3c × B3 (aug=False)
    best ep 19  val_mf1=0.9518  (4s)

  [3c × scratch × blendshape_52/mediapipe × B2] Computing late fusion weight sweep...
  best_w_image=0.00  val_mf1=0.9518  TEST mf1=0.8337  wf1=0.8320  acc=0.8305

  [3c × scratch × blendshape_52/mediapipe × B3] Computing late fusion weight sweep...
  best_w_image=0.00  val_mf1=0.9518  TEST mf1=0.8337  wf1=0.8320  acc=0.8305

  [3c × tl × blendshape_52/mediapipe × B2] Computing late fusion weight sweep...
  best_w_image=0.50  val_mf1=0.9839  TEST mf1=0.9365  wf1=0.9497  acc=0.9492

  [3c × tl × blendshape_52/mediapipe × B3] Computing late fusion weight sweep...
  best_w_image=0.50  val_mf1=1.0000  TEST mf1=0.8663  wf1=0.8675  acc=0.8644

[3c × facs_plus_bs_80/mediapipe × B2] Landmark branch
  Training landmark_fcnn × facs_plus_bs_80/mediapipe(dim=80) × 3c × B2 (aug=False)
    best ep 23  val_mf1=0.9593  (5s)

[3c × facs_plus_bs_80/mediapipe × B3] Landmark branch
  Training landmark_fcnn × facs_plus_bs_80/mediapipe(dim=80) × 3c × B3 (aug=False)
    best ep 23  val_mf1=0.9593  (4s)

  [3c × scratch × facs_plus_bs_80/mediapipe × B2] Computing late fusion weight sweep...
  best_w_image=0.00  val_mf1=0.9593  TEST mf1=0.8637  wf1=0.8661  acc=0.8644

  [3c × scratch × facs_plus_bs_80/mediapipe × B3] Computing late fusion weight sweep...
  best_w_image=0.50  val_mf1=0.9795  TEST mf1=0.8702  wf1=0.8805  acc=0.8814

  [3c × tl × facs_plus_bs_80/mediapipe × B2] Computing late fusion weight sweep...
  best_w_image=1.00  val_mf1=0.9672  TEST mf1=0.9754  wf1=0.9832  acc=0.9831

  [3c × tl × facs_plus_bs_80/mediapipe × B3] Computing late fusion weight sweep...
  best_w_image=0.65  val_mf1=0.9685  TEST mf1=0.9280  wf1=0.9170  acc=0.9153

[7c × scratch × B2] Image branch
  Training image_cnn_scratch × 7c × B2 (lr=0.001, aug=False)
    best ep 43  val_mf1=0.3931  (280s)

[7c × scratch × B3] Image branch
  Training image_cnn_scratch × 7c × B3 (lr=0.001, aug=True)
    best ep 50  val_mf1=0.7375  (248s)

[7c × tl × B2] Image branch
  Training image_cnn_tl × 7c × B2 (lr=0.0001, aug=False)
    best ep 18  val_mf1=0.7582  (71s)

[7c × tl × B3] Image branch
  Training image_cnn_tl × 7c × B3 (lr=0.0001, aug=True)
    best ep 13  val_mf1=0.9850  (63s)

[7c × raw_136/mediapipe × B2] Landmark branch
  Training landmark_fcnn × raw_136/mediapipe(dim=136) × 7c × B2 (aug=False)
    best ep 28  val_mf1=0.4106  (5s)

[7c × raw_136/mediapipe × B3] Landmark branch
  Training landmark_fcnn × raw_136/mediapipe(dim=136) × 7c × B3 (aug=True)
    best ep 45  val_mf1=0.5016  (6s)

  [7c × scratch × raw_136/mediapipe × B2] Computing late fusion weight sweep...
  best_w_image=0.50  val_mf1=0.4631  TEST mf1=0.4861  wf1=0.5801  acc=0.5424

  [7c × scratch × raw_136/mediapipe × B3] Computing late fusion weight sweep...
  best_w_image=0.90  val_mf1=0.7537  TEST mf1=0.4254  wf1=0.3182  acc=0.3898

  [7c × tl × raw_136/mediapipe × B2] Computing late fusion weight sweep...
  best_w_image=0.70  val_mf1=0.7981  TEST mf1=0.7020  wf1=0.8160  acc=0.8136

  [7c × tl × raw_136/mediapipe × B3] Computing late fusion weight sweep...
  best_w_image=0.60  val_mf1=0.9850  TEST mf1=0.7994  wf1=0.8369  acc=0.8305

[7c × facs_28/mediapipe × B2] Landmark branch
  Training landmark_fcnn × facs_28/mediapipe(dim=28) × 7c × B2 (aug=False)
    best ep 20  val_mf1=0.8543  (3s)

[7c × facs_28/mediapipe × B3] Landmark branch
  Training landmark_fcnn × facs_28/mediapipe(dim=28) × 7c × B3 (aug=False)
    best ep 20  val_mf1=0.8543  (3s)

  [7c × scratch × facs_28/mediapipe × B2] Computing late fusion weight sweep...
  best_w_image=0.30  val_mf1=0.8955  TEST mf1=0.6886  wf1=0.7258  acc=0.6949

  [7c × scratch × facs_28/mediapipe × B3] Computing late fusion weight sweep...
  best_w_image=0.40  val_mf1=0.9285  TEST mf1=0.6797  wf1=0.6811  acc=0.6610

  [7c × tl × facs_28/mediapipe × B2] Computing late fusion weight sweep...
  best_w_image=0.30  val_mf1=0.9285  TEST mf1=0.7365  wf1=0.7725  acc=0.7458

  [7c × tl × facs_28/mediapipe × B3] Computing late fusion weight sweep...
  best_w_image=0.50  val_mf1=1.0000  TEST mf1=0.8331  wf1=0.8806  acc=0.8814

[7c × blendshape_52/mediapipe × B2] Landmark branch
  Training landmark_fcnn × blendshape_52/mediapipe(dim=52) × 7c × B2 (aug=False)
    best ep 27  val_mf1=0.8402  (4s)

[7c × blendshape_52/mediapipe × B3] Landmark branch
  Training landmark_fcnn × blendshape_52/mediapipe(dim=52) × 7c × B3 (aug=False)
    best ep 27  val_mf1=0.8402  (4s)

  [7c × scratch × blendshape_52/mediapipe × B2] Computing late fusion weight sweep...
  best_w_image=0.35  val_mf1=0.8492  TEST mf1=0.6358  wf1=0.7288  acc=0.6949

  [7c × scratch × blendshape_52/mediapipe × B3] Computing late fusion weight sweep...
  best_w_image=0.50  val_mf1=0.9179  TEST mf1=0.6025  wf1=0.6113  acc=0.5932

  [7c × tl × blendshape_52/mediapipe × B2] Computing late fusion weight sweep...
  best_w_image=0.55  val_mf1=0.9334  TEST mf1=0.7198  wf1=0.7847  acc=0.7627

  [7c × tl × blendshape_52/mediapipe × B3] Computing late fusion weight sweep...
  best_w_image=0.75  val_mf1=0.9850  TEST mf1=0.8012  wf1=0.8667  acc=0.8644

[7c × facs_plus_bs_80/mediapipe × B2] Landmark branch
  Training landmark_fcnn × facs_plus_bs_80/mediapipe(dim=80) × 7c × B2 (aug=False)
    best ep 4  val_mf1=0.8487  (2s)

[7c × facs_plus_bs_80/mediapipe × B3] Landmark branch
  Training landmark_fcnn × facs_plus_bs_80/mediapipe(dim=80) × 7c × B3 (aug=False)
    best ep 4  val_mf1=0.8487  (2s)

  [7c × scratch × facs_plus_bs_80/mediapipe × B2] Computing late fusion weight sweep...
  best_w_image=0.30  val_mf1=0.8668  TEST mf1=0.5745  wf1=0.7158  acc=0.7119

  [7c × scratch × facs_plus_bs_80/mediapipe × B3] Computing late fusion weight sweep...
  best_w_image=0.45  val_mf1=0.9637  TEST mf1=0.6746  wf1=0.7074  acc=0.6949

  [7c × tl × facs_plus_bs_80/mediapipe × B2] Computing late fusion weight sweep...
  best_w_image=0.50  val_mf1=0.9247  TEST mf1=0.6508  wf1=0.7980  acc=0.7966

  [7c × tl × facs_plus_bs_80/mediapipe × B3] Computing late fusion weight sweep...
  best_w_image=0.40  val_mf1=1.0000  TEST mf1=0.7297  wf1=0.8362  acc=0.8305
Saved: /mnt/extended-home/fitra_dosen/2025_iris_fer_taufik/MultimodalEmoLearn/models/benchmark/ckplus_7class/3class/Unified/fusion_late_scratch/results.json
Saved: /mnt/extended-home/fitra_dosen/2025_iris_fer_taufik/MultimodalEmoLearn/models/benchmark/ckplus_7class/3class/Unified/fusion_late_tl/results.json
Saved: /mnt/extended-home/fitra_dosen/2025_iris_fer_taufik/MultimodalEmoLearn/models/benchmark/ckplus_7class/3class/Unified/fusion_late_scratch_facs_28/results.json
Saved: /mnt/extended-home/fitra_dosen/2025_iris_fer_taufik/MultimodalEmoLearn/models/benchmark/ckplus_7class/3class/Unified/fusion_late_tl_facs_28/results.json
Saved: /mnt/extended-home/fitra_dosen/2025_iris_fer_taufik/MultimodalEmoLearn/models/benchmark/ckplus_7class/3class/Unified/fusion_late_scratch_blendshape_52/results.json
Saved: /mnt/extended-home/fitra_dosen/2025_iris_fer_taufik/MultimodalEmoLearn/models/benchmark/ckplus_7class/3class/Unified/fusion_late_tl_blendshape_52/results.json
Saved: /mnt/extended-home/fitra_dosen/2025_iris_fer_taufik/MultimodalEmoLearn/models/benchmark/ckplus_7class/3class/Unified/fusion_late_scratch_facs_plus_bs_80/results.json
Saved: /mnt/extended-home/fitra_dosen/2025_iris_fer_taufik/MultimodalEmoLearn/models/benchmark/ckplus_7class/3class/Unified/fusion_late_tl_facs_plus_bs_80/results.json
Saved: /mnt/extended-home/fitra_dosen/2025_iris_fer_taufik/MultimodalEmoLearn/models/benchmark/ckplus_7class/7class/Unified/fusion_late_scratch/results.json
Saved: /mnt/extended-home/fitra_dosen/2025_iris_fer_taufik/MultimodalEmoLearn/models/benchmark/ckplus_7class/7class/Unified/fusion_late_tl/results.json
Saved: /mnt/extended-home/fitra_dosen/2025_iris_fer_taufik/MultimodalEmoLearn/models/benchmark/ckplus_7class/7class/Unified/fusion_late_scratch_facs_28/results.json
Saved: /mnt/extended-home/fitra_dosen/2025_iris_fer_taufik/MultimodalEmoLearn/models/benchmark/ckplus_7class/7class/Unified/fusion_late_tl_facs_28/results.json
Saved: /mnt/extended-home/fitra_dosen/2025_iris_fer_taufik/MultimodalEmoLearn/models/benchmark/ckplus_7class/7class/Unified/fusion_late_scratch_blendshape_52/results.json
Saved: /mnt/extended-home/fitra_dosen/2025_iris_fer_taufik/MultimodalEmoLearn/models/benchmark/ckplus_7class/7class/Unified/fusion_late_tl_blendshape_52/results.json
Saved: /mnt/extended-home/fitra_dosen/2025_iris_fer_taufik/MultimodalEmoLearn/models/benchmark/ckplus_7class/7class/Unified/fusion_late_scratch_facs_plus_bs_80/results.json
Saved: /mnt/extended-home/fitra_dosen/2025_iris_fer_taufik/MultimodalEmoLearn/models/benchmark/ckplus_7class/7class/Unified/fusion_late_tl_facs_plus_bs_80/results.json

====================================================================================================
SUMMARY: Late Fusion Unified Protocol macro_f1
====================================================================================================
  scheme  variant   feature             source            B1        B2        B3
  3c     scratch   raw_136             mediapipe        nan    0.5934    0.7473
  3c     tl        raw_136             mediapipe        nan    0.9754    0.8498
  3c     scratch   facs_28             mediapipe        nan    0.8188    0.8320
  3c     tl        facs_28             mediapipe        nan    0.9299    0.9129
  3c     scratch   blendshape_52       mediapipe        nan    0.8337    0.8337
  3c     tl        blendshape_52       mediapipe        nan    0.9365    0.8663
  3c     scratch   facs_plus_bs_80     mediapipe        nan    0.8637    0.8702
  3c     tl        facs_plus_bs_80     mediapipe        nan    0.9754    0.9280
  7c     scratch   raw_136             mediapipe        nan    0.4861    0.4254
  7c     tl        raw_136             mediapipe        nan    0.7020    0.7994
  7c     scratch   facs_28             mediapipe        nan    0.6886    0.6797
  7c     tl        facs_28             mediapipe        nan    0.7365    0.8331
  7c     scratch   blendshape_52       mediapipe        nan    0.6358    0.6025
  7c     tl        blendshape_52       mediapipe        nan    0.7198    0.8012
  7c     scratch   facs_plus_bs_80     mediapipe        nan    0.5745    0.6746
  7c     tl        facs_plus_bs_80     mediapipe        nan    0.6508    0.7297
[retry_run] ✅ Succeeded on attempt 1
--- jaffe_7class Late Fusion B2/B3 ---
[retry_run] Attempt 1/3: CUDA_VISIBLE_DEVICES=2 /mnt/extended-home/fitra_dosen/2025_iris_fer_taufik/miniconda3/envs/2025_iris_fer_taufik/bin/python -u scripts/compute_late_fusion_unified.py         --data-dir data/benchmark/jaffe_7class         --output-prefix models/benchmark/jaffe_7class         --landmark-features raw_136 facs_28 blendshape_52 facs_plus_bs_80         --landmark-sources mediapipe         --scenarios b2 b3         --classes 3 7
Device: cuda
DATA_DIR: /mnt/extended-home/fitra_dosen/2025_iris_fer_taufik/MultimodalEmoLearn/data/benchmark/jaffe_7class
Output prefix: /mnt/extended-home/fitra_dosen/2025_iris_fer_taufik/MultimodalEmoLearn/models/benchmark/jaffe_7class
Cache dir: /mnt/extended-home/fitra_dosen/2025_iris_fer_taufik/MultimodalEmoLearn/models/benchmark/jaffe_7class/late_fusion_cache

[3c × scratch × B2] Image branch
  Training image_cnn_scratch × 3c × B2 (lr=0.001, aug=False)
    best ep 33  val_mf1=0.9564  (68s)

[3c × scratch × B3] Image branch
  Training image_cnn_scratch × 3c × B3 (lr=0.001, aug=True)
    best ep 41  val_mf1=0.8429  (76s)

[3c × tl × B2] Image branch
  Training image_cnn_tl × 3c × B2 (lr=0.0001, aug=False)
    best ep 21  val_mf1=0.9200  (30s)

[3c × tl × B3] Image branch
  Training image_cnn_tl × 3c × B3 (lr=0.0001, aug=True)
    best ep 20  val_mf1=1.0000  (30s)

[3c × raw_136/mediapipe × B2] Landmark branch
  Training landmark_fcnn × raw_136/mediapipe(dim=136) × 3c × B2 (aug=False)
    best ep 33  val_mf1=0.5675  (2s)

[3c × raw_136/mediapipe × B3] Landmark branch
  Training landmark_fcnn × raw_136/mediapipe(dim=136) × 3c × B3 (aug=True)
    best ep 24  val_mf1=0.8857  (2s)

  [3c × scratch × raw_136/mediapipe × B2] Computing late fusion weight sweep...
  best_w_image=0.30  val_mf1=0.9564  TEST mf1=0.5317  wf1=0.7011  acc=0.7500

  [3c × scratch × raw_136/mediapipe × B3] Computing late fusion weight sweep...
  best_w_image=0.00  val_mf1=0.8857  TEST mf1=0.6269  wf1=0.6839  acc=0.6750

  [3c × tl × raw_136/mediapipe × B2] Computing late fusion weight sweep...
  best_w_image=0.50  val_mf1=0.9200  TEST mf1=0.7303  wf1=0.8058  acc=0.8000

  [3c × tl × raw_136/mediapipe × B3] Computing late fusion weight sweep...
  best_w_image=0.45  val_mf1=1.0000  TEST mf1=0.5835  wf1=0.6077  acc=0.5750

[3c × facs_28/mediapipe × B2] Landmark branch
  Training landmark_fcnn × facs_28/mediapipe(dim=28) × 3c × B2 (aug=False)
    best ep 21  val_mf1=1.0000  (1s)

[3c × facs_28/mediapipe × B3] Landmark branch
  Training landmark_fcnn × facs_28/mediapipe(dim=28) × 3c × B3 (aug=False)
    best ep 21  val_mf1=1.0000  (1s)

  [3c × scratch × facs_28/mediapipe × B2] Computing late fusion weight sweep...
  best_w_image=0.00  val_mf1=1.0000  TEST mf1=0.2917  wf1=0.4571  acc=0.5750

  [3c × scratch × facs_28/mediapipe × B3] Computing late fusion weight sweep...
  best_w_image=0.00  val_mf1=1.0000  TEST mf1=0.2917  wf1=0.4571  acc=0.5750

  [3c × tl × facs_28/mediapipe × B2] Computing late fusion weight sweep...
  best_w_image=0.00  val_mf1=1.0000  TEST mf1=0.2917  wf1=0.4571  acc=0.5750

  [3c × tl × facs_28/mediapipe × B3] Computing late fusion weight sweep...
  best_w_image=0.00  val_mf1=1.0000  TEST mf1=0.2917  wf1=0.4571  acc=0.5750

[3c × blendshape_52/mediapipe × B2] Landmark branch
  Training landmark_fcnn × blendshape_52/mediapipe(dim=52) × 3c × B2 (aug=False)
    best ep 11  val_mf1=0.7354  (1s)

[3c × blendshape_52/mediapipe × B3] Landmark branch
  Training landmark_fcnn × blendshape_52/mediapipe(dim=52) × 3c × B3 (aug=False)
    best ep 11  val_mf1=0.7354  (1s)

  [3c × scratch × blendshape_52/mediapipe × B2] Computing late fusion weight sweep...
  best_w_image=0.50  val_mf1=0.9564  TEST mf1=0.6848  wf1=0.7905  acc=0.7750

  [3c × scratch × blendshape_52/mediapipe × B3] Computing late fusion weight sweep...
  best_w_image=1.00  val_mf1=0.8429  TEST mf1=0.4026  wf1=0.3634  acc=0.4000

  [3c × tl × blendshape_52/mediapipe × B2] Computing late fusion weight sweep...
  best_w_image=0.70  val_mf1=0.9200  TEST mf1=0.7522  wf1=0.7863  acc=0.7750

  [3c × tl × blendshape_52/mediapipe × B3] Computing late fusion weight sweep...
  best_w_image=0.60  val_mf1=1.0000  TEST mf1=0.6051  wf1=0.6877  acc=0.6500

[3c × facs_plus_bs_80/mediapipe × B2] Landmark branch
  Training landmark_fcnn × facs_plus_bs_80/mediapipe(dim=80) × 3c × B2 (aug=False)
    best ep 9  val_mf1=0.7000  (1s)

[3c × facs_plus_bs_80/mediapipe × B3] Landmark branch
  Training landmark_fcnn × facs_plus_bs_80/mediapipe(dim=80) × 3c × B3 (aug=False)
    best ep 9  val_mf1=0.7000  (1s)

  [3c × scratch × facs_plus_bs_80/mediapipe × B2] Computing late fusion weight sweep...
  best_w_image=0.45  val_mf1=0.9564  TEST mf1=0.6482  wf1=0.7482  acc=0.7250

  [3c × scratch × facs_plus_bs_80/mediapipe × B3] Computing late fusion weight sweep...
  best_w_image=1.00  val_mf1=0.8429  TEST mf1=0.4026  wf1=0.3634  acc=0.4000

  [3c × tl × facs_plus_bs_80/mediapipe × B2] Computing late fusion weight sweep...
  best_w_image=0.70  val_mf1=0.9200  TEST mf1=0.7107  wf1=0.7644  acc=0.7500

  [3c × tl × facs_plus_bs_80/mediapipe × B3] Computing late fusion weight sweep...
  best_w_image=0.55  val_mf1=1.0000  TEST mf1=0.5397  wf1=0.6010  acc=0.5500

[7c × scratch × B2] Image branch
  Training image_cnn_scratch × 7c × B2 (lr=0.001, aug=False)
    best ep 44  val_mf1=0.6173  (77s)

[7c × scratch × B3] Image branch
  Training image_cnn_scratch × 7c × B3 (lr=0.001, aug=True)
    best ep 42  val_mf1=0.5204  (78s)

[7c × tl × B2] Image branch
  Training image_cnn_tl × 7c × B2 (lr=0.0001, aug=False)
    best ep 23  val_mf1=0.5810  (31s)

[7c × tl × B3] Image branch
  Training image_cnn_tl × 7c × B3 (lr=0.0001, aug=True)
    best ep 16  val_mf1=0.7653  (28s)

[7c × raw_136/mediapipe × B2] Landmark branch
  Training landmark_fcnn × raw_136/mediapipe(dim=136) × 7c × B2 (aug=False)
    best ep 20  val_mf1=0.2571  (1s)

[7c × raw_136/mediapipe × B3] Landmark branch
  Training landmark_fcnn × raw_136/mediapipe(dim=136) × 7c × B3 (aug=True)
    best ep 30  val_mf1=0.2718  (2s)

  [7c × scratch × raw_136/mediapipe × B2] Computing late fusion weight sweep...
  best_w_image=0.60  val_mf1=0.6173  TEST mf1=0.3267  wf1=0.3377  acc=0.3750

  [7c × scratch × raw_136/mediapipe × B3] Computing late fusion weight sweep...
  best_w_image=0.55  val_mf1=0.6812  TEST mf1=0.1944  wf1=0.1979  acc=0.2750

  [7c × tl × raw_136/mediapipe × B2] Computing late fusion weight sweep...
  best_w_image=0.85  val_mf1=0.5810  TEST mf1=0.3656  wf1=0.3548  acc=0.4250

  [7c × tl × raw_136/mediapipe × B3] Computing late fusion weight sweep...
  best_w_image=0.70  val_mf1=0.7653  TEST mf1=0.2570  wf1=0.2627  acc=0.3500

[7c × facs_28/mediapipe × B2] Landmark branch
  Training landmark_fcnn × facs_28/mediapipe(dim=28) × 7c × B2 (aug=False)
    best ep 34  val_mf1=0.7891  (2s)

[7c × facs_28/mediapipe × B3] Landmark branch
  Training landmark_fcnn × facs_28/mediapipe(dim=28) × 7c × B3 (aug=False)
    best ep 34  val_mf1=0.7891  (2s)

  [7c × scratch × facs_28/mediapipe × B2] Computing late fusion weight sweep...
  best_w_image=0.00  val_mf1=0.7891  TEST mf1=0.4116  wf1=0.3968  acc=0.4000

  [7c × scratch × facs_28/mediapipe × B3] Computing late fusion weight sweep...
  best_w_image=0.00  val_mf1=0.7891  TEST mf1=0.4116  wf1=0.3968  acc=0.4000

  [7c × tl × facs_28/mediapipe × B2] Computing late fusion weight sweep...
  best_w_image=0.00  val_mf1=0.7891  TEST mf1=0.4116  wf1=0.3968  acc=0.4000

  [7c × tl × facs_28/mediapipe × B3] Computing late fusion weight sweep...
  best_w_image=0.00  val_mf1=0.7891  TEST mf1=0.4116  wf1=0.3968  acc=0.4000

[7c × blendshape_52/mediapipe × B2] Landmark branch
  Training landmark_fcnn × blendshape_52/mediapipe(dim=52) × 7c × B2 (aug=False)
    best ep 26  val_mf1=0.6673  (2s)

[7c × blendshape_52/mediapipe × B3] Landmark branch
  Training landmark_fcnn × blendshape_52/mediapipe(dim=52) × 7c × B3 (aug=False)
    best ep 26  val_mf1=0.6673  (1s)

  [7c × scratch × blendshape_52/mediapipe × B2] Computing late fusion weight sweep...
  best_w_image=0.75  val_mf1=0.6806  TEST mf1=0.4033  wf1=0.4135  acc=0.4750

  [7c × scratch × blendshape_52/mediapipe × B3] Computing late fusion weight sweep...
  best_w_image=0.00  val_mf1=0.6673  TEST mf1=0.3110  wf1=0.3123  acc=0.3500

  [7c × tl × blendshape_52/mediapipe × B2] Computing late fusion weight sweep...
  best_w_image=0.00  val_mf1=0.6673  TEST mf1=0.3110  wf1=0.3123  acc=0.3500

  [7c × tl × blendshape_52/mediapipe × B3] Computing late fusion weight sweep...
  best_w_image=0.95  val_mf1=0.7653  TEST mf1=0.2915  wf1=0.2989  acc=0.4000

[7c × facs_plus_bs_80/mediapipe × B2] Landmark branch
  Training landmark_fcnn × facs_plus_bs_80/mediapipe(dim=80) × 7c × B2 (aug=False)
    best ep 39  val_mf1=0.7605  (2s)

[7c × facs_plus_bs_80/mediapipe × B3] Landmark branch
  Training landmark_fcnn × facs_plus_bs_80/mediapipe(dim=80) × 7c × B3 (aug=False)
    best ep 39  val_mf1=0.7605  (2s)

  [7c × scratch × facs_plus_bs_80/mediapipe × B2] Computing late fusion weight sweep...
  best_w_image=0.00  val_mf1=0.7605  TEST mf1=0.2912  wf1=0.2807  acc=0.3250

  [7c × scratch × facs_plus_bs_80/mediapipe × B3] Computing late fusion weight sweep...
  best_w_image=0.00  val_mf1=0.7605  TEST mf1=0.2912  wf1=0.2807  acc=0.3250

  [7c × tl × facs_plus_bs_80/mediapipe × B2] Computing late fusion weight sweep...
  best_w_image=0.00  val_mf1=0.7605  TEST mf1=0.2912  wf1=0.2807  acc=0.3250

  [7c × tl × facs_plus_bs_80/mediapipe × B3] Computing late fusion weight sweep...
  best_w_image=0.95  val_mf1=0.7653  TEST mf1=0.3311  wf1=0.3322  acc=0.4000
Saved: /mnt/extended-home/fitra_dosen/2025_iris_fer_taufik/MultimodalEmoLearn/models/benchmark/jaffe_7class/3class/Unified/fusion_late_scratch/results.json
Saved: /mnt/extended-home/fitra_dosen/2025_iris_fer_taufik/MultimodalEmoLearn/models/benchmark/jaffe_7class/3class/Unified/fusion_late_tl/results.json
Saved: /mnt/extended-home/fitra_dosen/2025_iris_fer_taufik/MultimodalEmoLearn/models/benchmark/jaffe_7class/3class/Unified/fusion_late_scratch_facs_28/results.json
Saved: /mnt/extended-home/fitra_dosen/2025_iris_fer_taufik/MultimodalEmoLearn/models/benchmark/jaffe_7class/3class/Unified/fusion_late_tl_facs_28/results.json
Saved: /mnt/extended-home/fitra_dosen/2025_iris_fer_taufik/MultimodalEmoLearn/models/benchmark/jaffe_7class/3class/Unified/fusion_late_scratch_blendshape_52/results.json
Saved: /mnt/extended-home/fitra_dosen/2025_iris_fer_taufik/MultimodalEmoLearn/models/benchmark/jaffe_7class/3class/Unified/fusion_late_tl_blendshape_52/results.json
Saved: /mnt/extended-home/fitra_dosen/2025_iris_fer_taufik/MultimodalEmoLearn/models/benchmark/jaffe_7class/3class/Unified/fusion_late_scratch_facs_plus_bs_80/results.json
Saved: /mnt/extended-home/fitra_dosen/2025_iris_fer_taufik/MultimodalEmoLearn/models/benchmark/jaffe_7class/3class/Unified/fusion_late_tl_facs_plus_bs_80/results.json
Saved: /mnt/extended-home/fitra_dosen/2025_iris_fer_taufik/MultimodalEmoLearn/models/benchmark/jaffe_7class/7class/Unified/fusion_late_scratch/results.json
Saved: /mnt/extended-home/fitra_dosen/2025_iris_fer_taufik/MultimodalEmoLearn/models/benchmark/jaffe_7class/7class/Unified/fusion_late_tl/results.json
Saved: /mnt/extended-home/fitra_dosen/2025_iris_fer_taufik/MultimodalEmoLearn/models/benchmark/jaffe_7class/7class/Unified/fusion_late_scratch_facs_28/results.json
Saved: /mnt/extended-home/fitra_dosen/2025_iris_fer_taufik/MultimodalEmoLearn/models/benchmark/jaffe_7class/7class/Unified/fusion_late_tl_facs_28/results.json
Saved: /mnt/extended-home/fitra_dosen/2025_iris_fer_taufik/MultimodalEmoLearn/models/benchmark/jaffe_7class/7class/Unified/fusion_late_scratch_blendshape_52/results.json
Saved: /mnt/extended-home/fitra_dosen/2025_iris_fer_taufik/MultimodalEmoLearn/models/benchmark/jaffe_7class/7class/Unified/fusion_late_tl_blendshape_52/results.json
Saved: /mnt/extended-home/fitra_dosen/2025_iris_fer_taufik/MultimodalEmoLearn/models/benchmark/jaffe_7class/7class/Unified/fusion_late_scratch_facs_plus_bs_80/results.json
Saved: /mnt/extended-home/fitra_dosen/2025_iris_fer_taufik/MultimodalEmoLearn/models/benchmark/jaffe_7class/7class/Unified/fusion_late_tl_facs_plus_bs_80/results.json

====================================================================================================
SUMMARY: Late Fusion Unified Protocol macro_f1
====================================================================================================
  scheme  variant   feature             source            B1        B2        B3
  3c     scratch   raw_136             mediapipe        nan    0.5317    0.6269
  3c     tl        raw_136             mediapipe        nan    0.7303    0.5835
  3c     scratch   facs_28             mediapipe        nan    0.2917    0.2917
  3c     tl        facs_28             mediapipe        nan    0.2917    0.2917
  3c     scratch   blendshape_52       mediapipe        nan    0.6848    0.4026
  3c     tl        blendshape_52       mediapipe        nan    0.7522    0.6051
  3c     scratch   facs_plus_bs_80     mediapipe        nan    0.6482    0.4026
  3c     tl        facs_plus_bs_80     mediapipe        nan    0.7107    0.5397
  7c     scratch   raw_136             mediapipe        nan    0.3267    0.1944
  7c     tl        raw_136             mediapipe        nan    0.3656    0.2570
  7c     scratch   facs_28             mediapipe        nan    0.4116    0.4116
  7c     tl        facs_28             mediapipe        nan    0.4116    0.4116
  7c     scratch   blendshape_52       mediapipe        nan    0.4033    0.3110
  7c     tl        blendshape_52       mediapipe        nan    0.3110    0.2915
  7c     scratch   facs_plus_bs_80     mediapipe        nan    0.2912    0.2912
  7c     tl        facs_plus_bs_80     mediapipe        nan    0.2912    0.3311
[retry_run] ✅ Succeeded on attempt 1
=== [E] recovery done at 2026-05-18T05:41:56+07:00 ===
