=== Extract MP features CK+ 7c ===
DATA_DIR: /mnt/extended-home/fitra_dosen/2025_iris_fer_taufik/MultimodalEmoLearn/data/benchmark/ckplus_7class

=== train ===
  508 images, shape (224, 224, 3)
WARNING: All log messages before absl::InitializeLog() is called are written to STDERR
W0000 00:00:1778979481.987036 1175389 face_landmarker_graph.cc:174] Sets FaceBlendshapesGraph acceleration to xnnpack by default.
I0000 00:00:1778979482.609338 1175389 gl_context_egl.cc:85] Successfully initialized EGL. Major : 1 Minor: 5
I0000 00:00:1778979482.814656 1175445 gl_context.cc:385] GL version: 3.2 (OpenGL ES 3.2 NVIDIA 535.261.03), renderer: NVIDIA L40/PCIe/SSE2
INFO: Created TensorFlow Lite XNNPACK delegate for CPU.
W0000 00:00:1778979482.898322 1175392 inference_feedback_manager.cc:114] Feedback manager requires a model with a single signature inference. Disabling support for feedback tensors.
  500/508  elapsed=8s  eta=0s  fail=0
  done: 508/508 success (0 failed), 8s
  saved: X_train_mp3d_landmarks.npy  X_train_mp_blendshapes.npy  X_train_mp_headpose.npy  mask_train_mp_features.npy

=== val ===
  69 images, shape (224, 224, 3)
W0000 00:00:1778979491.071028 1175488 face_landmarker_graph.cc:174] Sets FaceBlendshapesGraph acceleration to xnnpack by default.
I0000 00:00:1778979491.077425 1175488 gl_context_egl.cc:85] Successfully initialized EGL. Major : 1 Minor: 5
I0000 00:00:1778979491.143826 1175544 gl_context.cc:385] GL version: 3.2 (OpenGL ES 3.2 NVIDIA 535.261.03), renderer: NVIDIA L40/PCIe/SSE2
W0000 00:00:1778979491.146976 1175490 inference_feedback_manager.cc:114] Feedback manager requires a model with a single signature inference. Disabling support for feedback tensors.
  done: 69/69 success (0 failed), 1s
  saved: X_val_mp3d_landmarks.npy  X_val_mp_blendshapes.npy  X_val_mp_headpose.npy  mask_val_mp_features.npy

=== test ===
  59 images, shape (224, 224, 3)
W0000 00:00:1778979492.368492 1175548 face_landmarker_graph.cc:174] Sets FaceBlendshapesGraph acceleration to xnnpack by default.
I0000 00:00:1778979492.374284 1175548 gl_context_egl.cc:85] Successfully initialized EGL. Major : 1 Minor: 5
I0000 00:00:1778979492.433552 1175604 gl_context.cc:385] GL version: 3.2 (OpenGL ES 3.2 NVIDIA 535.261.03), renderer: NVIDIA L40/PCIe/SSE2
W0000 00:00:1778979492.435287 1175551 inference_feedback_manager.cc:114] Feedback manager requires a model with a single signature inference. Disabling support for feedback tensors.
  done: 59/59 success (0 failed), 1s
  saved: X_test_mp3d_landmarks.npy  X_test_mp_blendshapes.npy  X_test_mp_headpose.npy  mask_test_mp_features.npy

Done.
=== Extract MP features JAFFE 7c ===
DATA_DIR: /mnt/extended-home/fitra_dosen/2025_iris_fer_taufik/MultimodalEmoLearn/data/benchmark/jaffe_7class

=== train ===
  152 images, shape (224, 224, 3)
WARNING: All log messages before absl::InitializeLog() is called are written to STDERR
W0000 00:00:1778979495.546722 1175782 face_landmarker_graph.cc:174] Sets FaceBlendshapesGraph acceleration to xnnpack by default.
I0000 00:00:1778979496.016063 1175782 gl_context_egl.cc:85] Successfully initialized EGL. Major : 1 Minor: 5
I0000 00:00:1778979496.215433 1175841 gl_context.cc:385] GL version: 3.2 (OpenGL ES 3.2 NVIDIA 535.261.03), renderer: NVIDIA L40/PCIe/SSE2
INFO: Created TensorFlow Lite XNNPACK delegate for CPU.
W0000 00:00:1778979496.222082 1175785 inference_feedback_manager.cc:114] Feedback manager requires a model with a single signature inference. Disabling support for feedback tensors.
  done: 152/152 success (0 failed), 2s
  saved: X_train_mp3d_landmarks.npy  X_train_mp_blendshapes.npy  X_train_mp_headpose.npy  mask_train_mp_features.npy

=== val ===
  21 images, shape (224, 224, 3)
W0000 00:00:1778979498.705637 1175856 face_landmarker_graph.cc:174] Sets FaceBlendshapesGraph acceleration to xnnpack by default.
I0000 00:00:1778979498.711888 1175856 gl_context_egl.cc:85] Successfully initialized EGL. Major : 1 Minor: 5
I0000 00:00:1778979498.775014 1175912 gl_context.cc:385] GL version: 3.2 (OpenGL ES 3.2 NVIDIA 535.261.03), renderer: NVIDIA L40/PCIe/SSE2
W0000 00:00:1778979498.778252 1175858 inference_feedback_manager.cc:114] Feedback manager requires a model with a single signature inference. Disabling support for feedback tensors.
  done: 21/21 success (0 failed), 0s
  saved: X_val_mp3d_landmarks.npy  X_val_mp_blendshapes.npy  X_val_mp_headpose.npy  mask_val_mp_features.npy

=== test ===
  40 images, shape (224, 224, 3)
W0000 00:00:1778979500.038401 1175921 face_landmarker_graph.cc:174] Sets FaceBlendshapesGraph acceleration to xnnpack by default.
I0000 00:00:1778979500.044096 1175921 gl_context_egl.cc:85] Successfully initialized EGL. Major : 1 Minor: 5
I0000 00:00:1778979500.128594 1175977 gl_context.cc:385] GL version: 3.2 (OpenGL ES 3.2 NVIDIA 535.261.03), renderer: NVIDIA L40/PCIe/SSE2
W0000 00:00:1778979500.133311 1175924 inference_feedback_manager.cc:114] Feedback manager requires a model with a single signature inference. Disabling support for feedback tensors.
  done: 40/40 success (0 failed), 1s
  saved: X_test_mp3d_landmarks.npy  X_test_mp_blendshapes.npy  X_test_mp_headpose.npy  mask_test_mp_features.npy

Done.
=== Done extract MP features at $(date -Iseconds) ===
