
=== train ===
  5287 images, shape (224, 224, 3)
WARNING: All log messages before absl::InitializeLog() is called are written to STDERR
W0000 00:00:1778735800.388581 4086307 face_landmarker_graph.cc:174] Sets FaceBlendshapesGraph acceleration to xnnpack by default.
I0000 00:00:1778735800.466705 4086307 gl_context_egl.cc:85] Successfully initialized EGL. Major : 1 Minor: 5
I0000 00:00:1778735800.628324 4086363 gl_context.cc:385] GL version: 3.2 (OpenGL ES 3.2 NVIDIA 535.261.03), renderer: NVIDIA L40/PCIe/SSE2
INFO: Created TensorFlow Lite XNNPACK delegate for CPU.
W0000 00:00:1778735800.634604 4086342 inference_feedback_manager.cc:114] Feedback manager requires a model with a single signature inference. Disabling support for feedback tensors.
  500/5287  elapsed=6s  eta=61s  fail=1
  1000/5287  elapsed=13s  eta=54s  fail=3
  1500/5287  elapsed=19s  eta=48s  fail=3
  2000/5287  elapsed=27s  eta=44s  fail=6
  2500/5287  elapsed=33s  eta=37s  fail=9
  3000/5287  elapsed=41s  eta=31s  fail=9
  3500/5287  elapsed=47s  eta=24s  fail=10
  4000/5287  elapsed=53s  eta=17s  fail=10
  4500/5287  elapsed=59s  eta=10s  fail=10
  5000/5287  elapsed=67s  eta=4s  fail=11
  done: 5276/5287 success (11 failed), 70s
  saved: X_train_mp3d_landmarks.npy  X_train_mp_blendshapes.npy  X_train_mp_headpose.npy  mask_train_mp_features.npy

=== val ===
  579 images, shape (224, 224, 3)
W0000 00:00:1778735871.289988 4086500 face_landmarker_graph.cc:174] Sets FaceBlendshapesGraph acceleration to xnnpack by default.
I0000 00:00:1778735871.296323 4086500 gl_context_egl.cc:85] Successfully initialized EGL. Major : 1 Minor: 5
I0000 00:00:1778735872.452537 4086556 gl_context.cc:385] GL version: 3.2 (OpenGL ES 3.2 NVIDIA 535.261.03), renderer: NVIDIA L40/PCIe/SSE2
W0000 00:00:1778735872.456271 4086502 inference_feedback_manager.cc:114] Feedback manager requires a model with a single signature inference. Disabling support for feedback tensors.
  500/579  elapsed=6s  eta=1s  fail=1
  done: 578/579 success (1 failed), 7s
  saved: X_val_mp3d_landmarks.npy  X_val_mp_blendshapes.npy  X_val_mp_headpose.npy  mask_val_mp_features.npy

=== test ===
  929 images, shape (224, 224, 3)
W0000 00:00:1778735880.505859 4086575 face_landmarker_graph.cc:174] Sets FaceBlendshapesGraph acceleration to xnnpack by default.
I0000 00:00:1778735880.512343 4086575 gl_context_egl.cc:85] Successfully initialized EGL. Major : 1 Minor: 5
I0000 00:00:1778735880.583806 4086631 gl_context.cc:385] GL version: 3.2 (OpenGL ES 3.2 NVIDIA 535.261.03), renderer: NVIDIA L40/PCIe/SSE2
W0000 00:00:1778735880.587975 4086578 inference_feedback_manager.cc:114] Feedback manager requires a model with a single signature inference. Disabling support for feedback tensors.
  500/929  elapsed=6s  eta=5s  fail=0
  done: 929/929 success (0 failed), 12s
  saved: X_test_mp3d_landmarks.npy  X_test_mp_blendshapes.npy  X_test_mp_headpose.npy  mask_test_mp_features.npy

Done.
