=== KDEF 7c Blendshape extract ===
WARNING: All log messages before absl::InitializeLog() is called are written to STDERR
W0000 00:00:1778928816.505141  826107 face_landmarker_graph.cc:174] Sets FaceBlendshapesGraph acceleration to xnnpack by default.
I0000 00:00:1778928816.685502  826107 gl_context_egl.cc:85] Successfully initialized EGL. Major : 1 Minor: 5
I0000 00:00:1778928817.597789  826163 gl_context.cc:385] GL version: 3.2 (OpenGL ES 3.2 NVIDIA 535.261.03), renderer: NVIDIA L40/PCIe/SSE2
INFO: Created TensorFlow Lite XNNPACK delegate for CPU.
W0000 00:00:1778928817.605989  826110 inference_feedback_manager.cc:114] Feedback manager requires a model with a single signature inference. Disabling support for feedback tensors.
W0000 00:00:1778928849.358767  826411 face_landmarker_graph.cc:174] Sets FaceBlendshapesGraph acceleration to xnnpack by default.
I0000 00:00:1778928849.365762  826411 gl_context_egl.cc:85] Successfully initialized EGL. Major : 1 Minor: 5
I0000 00:00:1778928849.466356  826467 gl_context.cc:385] GL version: 3.2 (OpenGL ES 3.2 NVIDIA 535.261.03), renderer: NVIDIA L40/PCIe/SSE2
W0000 00:00:1778928849.470876  826414 inference_feedback_manager.cc:114] Feedback manager requires a model with a single signature inference. Disabling support for feedback tensors.
W0000 00:00:1778928853.299796  826479 face_landmarker_graph.cc:174] Sets FaceBlendshapesGraph acceleration to xnnpack by default.
I0000 00:00:1778928853.308005  826479 gl_context_egl.cc:85] Successfully initialized EGL. Major : 1 Minor: 5
I0000 00:00:1778928853.397859  826535 gl_context.cc:385] GL version: 3.2 (OpenGL ES 3.2 NVIDIA 535.261.03), renderer: NVIDIA L40/PCIe/SSE2
W0000 00:00:1778928853.401296  826481 inference_feedback_manager.cc:114] Feedback manager requires a model with a single signature inference. Disabling support for feedback tensors.
DATA_DIR: /mnt/extended-home/fitra_dosen/2025_iris_fer_taufik/MultimodalEmoLearn/data/benchmark/kdef_7class

=== train ===
  2353 images, shape (224, 224, 3)
  500/2353  elapsed=6s  eta=23s  fail=0
  1000/2353  elapsed=13s  eta=17s  fail=0
  1500/2353  elapsed=19s  eta=11s  fail=0
  2000/2353  elapsed=26s  eta=5s  fail=0
  done: 2353/2353 success (0 failed), 31s
  saved: X_train_mp3d_landmarks.npy  X_train_mp_blendshapes.npy  X_train_mp_headpose.npy  mask_train_mp_features.npy

=== val ===
  294 images, shape (224, 224, 3)
  done: 294/294 success (0 failed), 4s
  saved: X_val_mp3d_landmarks.npy  X_val_mp_blendshapes.npy  X_val_mp_headpose.npy  mask_val_mp_features.npy

=== test ===
  294 images, shape (224, 224, 3)
  done: 294/294 success (0 failed), 4s
  saved: X_test_mp3d_landmarks.npy  X_test_mp_blendshapes.npy  X_test_mp_headpose.npy  mask_test_mp_features.npy

Done.
=== RAFDB 7c Blendshape extract ===
WARNING: All log messages before absl::InitializeLog() is called are written to STDERR
W0000 00:00:1778928858.932386  826717 face_landmarker_graph.cc:174] Sets FaceBlendshapesGraph acceleration to xnnpack by default.
I0000 00:00:1778928858.997768  826717 gl_context_egl.cc:85] Successfully initialized EGL. Major : 1 Minor: 5
I0000 00:00:1778928859.432362  826774 gl_context.cc:385] GL version: 3.2 (OpenGL ES 3.2 NVIDIA 535.261.03), renderer: NVIDIA L40/PCIe/SSE2
INFO: Created TensorFlow Lite XNNPACK delegate for CPU.
W0000 00:00:1778928859.438588  826720 inference_feedback_manager.cc:114] Feedback manager requires a model with a single signature inference. Disabling support for feedback tensors.
W0000 00:00:1778929024.032801  827935 face_landmarker_graph.cc:174] Sets FaceBlendshapesGraph acceleration to xnnpack by default.
I0000 00:00:1778929024.041436  827935 gl_context_egl.cc:85] Successfully initialized EGL. Major : 1 Minor: 5
I0000 00:00:1778929024.151973  827991 gl_context.cc:385] GL version: 3.2 (OpenGL ES 3.2 NVIDIA 535.261.03), renderer: NVIDIA L40/PCIe/SSE2
W0000 00:00:1778929024.155173  827937 inference_feedback_manager.cc:114] Feedback manager requires a model with a single signature inference. Disabling support for feedback tensors.
W0000 00:00:1778929064.166945  828326 face_landmarker_graph.cc:174] Sets FaceBlendshapesGraph acceleration to xnnpack by default.
I0000 00:00:1778929064.174301  828326 gl_context_egl.cc:85] Successfully initialized EGL. Major : 1 Minor: 5
I0000 00:00:1778929064.250344  828382 gl_context.cc:385] GL version: 3.2 (OpenGL ES 3.2 NVIDIA 535.261.03), renderer: NVIDIA L40/PCIe/SSE2
W0000 00:00:1778929064.254273  828333 inference_feedback_manager.cc:114] Feedback manager requires a model with a single signature inference. Disabling support for feedback tensors.
DATA_DIR: /mnt/extended-home/fitra_dosen/2025_iris_fer_taufik/MultimodalEmoLearn/data/benchmark/rafdb_7class

=== train ===
  9404 images, shape (224, 224, 3)
  500/9404  elapsed=8s  eta=150s  fail=0
  1000/9404  elapsed=17s  eta=141s  fail=0
  1500/9404  elapsed=25s  eta=132s  fail=0
  2000/9404  elapsed=34s  eta=128s  fail=0
  2500/9404  elapsed=43s  eta=120s  fail=0
  3000/9404  elapsed=53s  eta=112s  fail=0
  3500/9404  elapsed=61s  eta=103s  fail=0
  4000/9404  elapsed=70s  eta=95s  fail=0
  4500/9404  elapsed=79s  eta=86s  fail=0
  5000/9404  elapsed=87s  eta=77s  fail=0
  5500/9404  elapsed=97s  eta=69s  fail=0
  6000/9404  elapsed=105s  eta=60s  fail=0
  6500/9404  elapsed=114s  eta=51s  fail=0
  7000/9404  elapsed=122s  eta=42s  fail=0
  7500/9404  elapsed=130s  eta=33s  fail=0
  8000/9404  elapsed=138s  eta=24s  fail=0
  8500/9404  elapsed=147s  eta=16s  fail=0
  9000/9404  elapsed=155s  eta=7s  fail=0
  done: 9404/9404 success (0 failed), 163s
  saved: X_train_mp3d_landmarks.npy  X_train_mp_blendshapes.npy  X_train_mp_headpose.npy  mask_train_mp_features.npy

=== val ===
  2347 images, shape (224, 224, 3)
  500/2347  elapsed=9s  eta=32s  fail=0
  1000/2347  elapsed=17s  eta=23s  fail=0
  1500/2347  elapsed=25s  eta=14s  fail=0
  2000/2347  elapsed=33s  eta=6s  fail=0
  done: 2347/2347 success (0 failed), 39s
  saved: X_val_mp3d_landmarks.npy  X_val_mp_blendshapes.npy  X_val_mp_headpose.npy  mask_val_mp_features.npy

=== test ===
  2936 images, shape (224, 224, 3)
  500/2936  elapsed=8s  eta=40s  fail=0
  1000/2936  elapsed=17s  eta=32s  fail=0
  1500/2936  elapsed=26s  eta=24s  fail=0
  2000/2936  elapsed=34s  eta=16s  fail=0
  2500/2936  elapsed=42s  eta=7s  fail=0
  done: 2936/2936 success (0 failed), 49s
  saved: X_test_mp3d_landmarks.npy  X_test_mp_blendshapes.npy  X_test_mp_headpose.npy  mask_test_mp_features.npy

Done.
=== Blendshape extract DONE ===
