Device: cuda
  GPU: NVIDIA L40  VRAM: 47.6 GB
  PyTorch: 2.5.1+cu121  CUDA: 12.1

========== CNN1D  mediapipe  3c  B2 ==========
  train: (5287, 136)  counts: [432, 4526, 329]
  class weights: [4.078999996185303, 0.3889999985694885, 5.35699987411499]
  epoch   1  loss=1.1249  val_mf1=0.3273  val_acc=0.7409
  epoch   5  loss=0.9956  val_mf1=0.4359  val_acc=0.7029
  epoch  10  loss=0.9143  val_mf1=0.2774  val_acc=0.3886
  epoch  15  loss=0.8234  val_mf1=0.5449  val_acc=0.8152
  epoch  20  loss=0.8148  val_mf1=0.4568  val_acc=0.8117
  epoch  25  loss=0.7948  val_mf1=0.3986  val_acc=0.4870
  epoch  30  loss=0.7747  val_mf1=0.5658  val_acc=0.8152
  epoch  35  loss=0.7363  val_mf1=0.5238  val_acc=0.7064
  early stop at 37
  best epoch 22  val_mf1=0.5692  (152s)
  TEST: macro_f1=0.5747  wf1=0.7087  acc=0.6598

========== CNN1D  faceapi  3c  B2 ==========
  train: (5287, 136)  counts: [432, 4526, 329]
  class weights: [4.078999996185303, 0.3889999985694885, 5.35699987411499]
  epoch   1  loss=1.1608  val_mf1=0.3153  val_acc=0.8083
  epoch   5  loss=0.8929  val_mf1=0.2316  val_acc=0.3506
  epoch  10  loss=0.8106  val_mf1=0.2119  val_acc=0.2107
  epoch  15  loss=0.7636  val_mf1=0.6813  val_acc=0.8756
  epoch  20  loss=0.7502  val_mf1=0.6245  val_acc=0.8377
  epoch  25  loss=0.7092  val_mf1=0.7199  val_acc=0.8946
  epoch  30  loss=0.6992  val_mf1=0.6599  val_acc=0.8428
  epoch  35  loss=0.6640  val_mf1=0.4739  val_acc=0.6131
  epoch  40  loss=0.6622  val_mf1=0.6264  val_acc=0.8204
  early stop at 40
  best epoch 25  val_mf1=0.7199  (165s)
  TEST: macro_f1=0.7263  wf1=0.8571  acc=0.8525

========== CNN1D  mediapipe  3c  B3 ==========
  post-aug train counts: [4526, 4526, 4526]  added: {0: 4094, 1: 0, 2: 4197}
  train: (13578, 136)  counts: [4526, 4526, 4526]
  class weights: [1.0, 1.0, 1.0]
  epoch   1  loss=0.8377  val_mf1=0.3429  val_acc=0.7962
  epoch   5  loss=0.6133  val_mf1=0.3010  val_acc=0.4197
  epoch  10  loss=0.5394  val_mf1=0.4598  val_acc=0.7858
  epoch  15  loss=0.5098  val_mf1=0.5298  val_acc=0.8256
  epoch  20  loss=0.4761  val_mf1=0.4343  val_acc=0.7997
  epoch  25  loss=0.4499  val_mf1=0.4990  val_acc=0.7133
  epoch  30  loss=0.4251  val_mf1=0.4069  val_acc=0.8307
  epoch  35  loss=0.4023  val_mf1=0.4424  val_acc=0.8083
  epoch  40  loss=0.3867  val_mf1=0.4340  val_acc=0.8083
  early stop at 43
  best epoch 28  val_mf1=0.5717  (444s)
  TEST: macro_f1=0.6209  wf1=0.7644  acc=0.7374

========== CNN1D  faceapi  3c  B3 ==========
  post-aug train counts: [4526, 4526, 4526]  added: {0: 4094, 1: 0, 2: 4197}
  train: (13578, 136)  counts: [4526, 4526, 4526]
  class weights: [1.0, 1.0, 1.0]
  epoch   1  loss=0.7877  val_mf1=0.5078  val_acc=0.8446
  epoch   5  loss=0.5179  val_mf1=0.5895  val_acc=0.8566
  epoch  10  loss=0.4486  val_mf1=0.5863  val_acc=0.8687
  epoch  15  loss=0.4234  val_mf1=0.6521  val_acc=0.8739
  epoch  20  loss=0.4043  val_mf1=0.6376  val_acc=0.8791
  epoch  25  loss=0.3856  val_mf1=0.5828  val_acc=0.8756
  epoch  30  loss=0.3656  val_mf1=0.5735  val_acc=0.8722
  early stop at 30
  best epoch 15  val_mf1=0.6521  (392s)
  TEST: macro_f1=0.6927  wf1=0.8298  acc=0.8310

========== CNN1D  mediapipe  7c  B2 ==========
  train: (5287, 136)  counts: [4526, 416, 287, 27, 2, 13, 16]
  class weights: [0.16699999570846558, 1.815999984741211, 2.631999969482422, 27.974000930786133, 377.64300537109375, 58.0989990234375, 47.20500183105469]
  epoch   1  loss=1.8243  val_mf1=0.1046  val_acc=0.4093
  epoch   5  loss=1.6647  val_mf1=0.0989  val_acc=0.3212
  epoch  10  loss=1.6020  val_mf1=0.0635  val_acc=0.1416
  epoch  15  loss=1.6118  val_mf1=0.0320  val_acc=0.1054
  epoch  20  loss=1.4780  val_mf1=0.1395  val_acc=0.4888
  epoch  25  loss=1.4586  val_mf1=0.1519  val_acc=0.5440
  epoch  30  loss=1.4371  val_mf1=0.1174  val_acc=0.3351
  epoch  35  loss=1.3661  val_mf1=0.1987  val_acc=0.6166
  epoch  40  loss=1.3646  val_mf1=0.1727  val_acc=0.4836
  epoch  45  loss=1.3122  val_mf1=0.1710  val_acc=0.4888
  epoch  50  loss=1.2897  val_mf1=0.1242  val_acc=0.2746
  best epoch 41  val_mf1=0.2054  (260s)
  TEST: macro_f1=0.2082  wf1=0.6319  acc=0.5587

========== CNN1D  faceapi  7c  B2 ==========
  train: (5287, 136)  counts: [4526, 416, 287, 27, 2, 13, 16]
  class weights: [0.16699999570846558, 1.815999984741211, 2.631999969482422, 27.974000930786133, 377.64300537109375, 58.0989990234375, 47.20500183105469]
  epoch   1  loss=1.7928  val_mf1=0.0972  val_acc=0.4007
  epoch   5  loss=1.7225  val_mf1=0.1120  val_acc=0.3921
  epoch  10  loss=1.6675  val_mf1=0.0765  val_acc=0.2401
  epoch  15  loss=1.6204  val_mf1=0.0826  val_acc=0.2383
  early stop at 18
  best epoch 3  val_mf1=0.1449  (95s)
  TEST: macro_f1=0.1383  wf1=0.6210  acc=0.6868

========== CNN1D  mediapipe  7c  B3 ==========
  post-aug train counts: [4526, 4526, 4526, 4526, 4526, 4526, 4526]  added: {0: 0, 1: 4110, 2: 4239, 3: 4499, 4: 4524, 5: 4513, 6: 4510}
  train: (31682, 136)  counts: [4526, 4526, 4526, 4526, 4526, 4526, 4526]
  class weights: [1.0, 1.0, 1.0, 1.0, 1.0, 1.0, 1.0]
  epoch   1  loss=1.4302  val_mf1=0.1212  val_acc=0.7254
  epoch   5  loss=0.5825  val_mf1=0.2090  val_acc=0.7617
  epoch  10  loss=0.3764  val_mf1=0.2103  val_acc=0.6822
  epoch  15  loss=0.2953  val_mf1=0.2286  val_acc=0.7910
  epoch  20  loss=0.2560  val_mf1=0.2127  val_acc=0.7634
  epoch  25  loss=0.2228  val_mf1=0.1643  val_acc=0.7876
  epoch  30  loss=0.1960  val_mf1=0.2163  val_acc=0.7340
  early stop at 32
  best epoch 17  val_mf1=0.2664  (817s)
  TEST: macro_f1=0.2747  wf1=0.7902  acc=0.7740

========== CNN1D  faceapi  7c  B3 ==========
  post-aug train counts: [4526, 4526, 4526, 4526, 4526, 4526, 4526]  added: {0: 0, 1: 4110, 2: 4239, 3: 4499, 4: 4524, 5: 4513, 6: 4510}
  train: (31682, 136)  counts: [4526, 4526, 4526, 4526, 4526, 4526, 4526]
  class weights: [1.0, 1.0, 1.0, 1.0, 1.0, 1.0, 1.0]
  epoch   1  loss=1.3426  val_mf1=0.2550  val_acc=0.7858
  epoch   5  loss=0.3980  val_mf1=0.2400  val_acc=0.8446
  epoch  10  loss=0.2686  val_mf1=0.3015  val_acc=0.8446
  epoch  15  loss=0.2106  val_mf1=0.3142  val_acc=0.8463
  epoch  20  loss=0.1744  val_mf1=0.2918  val_acc=0.8515
  epoch  25  loss=0.1535  val_mf1=0.3033  val_acc=0.8601
  epoch  30  loss=0.1419  val_mf1=0.2726  val_acc=0.8722
  early stop at 32
  best epoch 17  val_mf1=0.3212  (852s)
  TEST: macro_f1=0.2889  wf1=0.8076  acc=0.7793

========== FCNN  mediapipe  3c  B2 ==========
  train: (5287, 136)  counts: [432, 4526, 329]
  class weights: [4.078999996185303, 0.3889999985694885, 5.35699987411499]
  epoch   1  loss=1.1174  val_mf1=0.2768  val_acc=0.4853
  epoch   5  loss=0.8666  val_mf1=0.1205  val_acc=0.1088
  epoch  10  loss=0.7863  val_mf1=0.0738  val_acc=0.1244
  epoch  15  loss=0.7635  val_mf1=0.5473  val_acc=0.7478
  epoch  20  loss=0.7470  val_mf1=0.1033  val_acc=0.1589
  epoch  25  loss=0.7080  val_mf1=0.4285  val_acc=0.7547
  epoch  30  loss=0.7143  val_mf1=0.3962  val_acc=0.5250
  early stop at 30
  best epoch 15  val_mf1=0.5473  (61s)
  TEST: macro_f1=0.5205  wf1=0.6523  acc=0.6211

========== FCNN  faceapi  3c  B2 ==========
  train: (5287, 136)  counts: [432, 4526, 329]
  class weights: [4.078999996185303, 0.3889999985694885, 5.35699987411499]
  epoch   1  loss=1.0303  val_mf1=0.1498  val_acc=0.1434
  epoch   5  loss=0.6946  val_mf1=0.0974  val_acc=0.1485
  epoch  10  loss=0.6544  val_mf1=0.6510  val_acc=0.8618
  epoch  15  loss=0.6361  val_mf1=0.4646  val_acc=0.4646
  epoch  20  loss=0.6259  val_mf1=0.5254  val_acc=0.7513
  epoch  25  loss=0.6154  val_mf1=0.6313  val_acc=0.8359
  early stop at 25
  best epoch 10  val_mf1=0.6510  (50s)
  TEST: macro_f1=0.7448  wf1=0.8726  acc=0.8676

========== FCNN  mediapipe  3c  B3 ==========
  post-aug train counts: [4526, 4526, 4526]  added: {0: 4094, 1: 0, 2: 4197}
  train: (13578, 136)  counts: [4526, 4526, 4526]
  class weights: [1.0, 1.0, 1.0]
  epoch   1  loss=0.8118  val_mf1=0.3678  val_acc=0.7237
  epoch   5  loss=0.6015  val_mf1=0.4196  val_acc=0.7478
  epoch  10  loss=0.5469  val_mf1=0.3476  val_acc=0.8083
  epoch  15  loss=0.5013  val_mf1=0.3920  val_acc=0.8273
  epoch  20  loss=0.4734  val_mf1=0.4438  val_acc=0.8204
  epoch  25  loss=0.4579  val_mf1=0.3997  val_acc=0.7945
  epoch  30  loss=0.4349  val_mf1=0.4541  val_acc=0.8204
  early stop at 33
  best epoch 18  val_mf1=0.5400  (164s)
  TEST: macro_f1=0.6483  wf1=0.7901  acc=0.7750

========== FCNN  faceapi  3c  B3 ==========
  post-aug train counts: [4526, 4526, 4526]  added: {0: 4094, 1: 0, 2: 4197}
  train: (13578, 136)  counts: [4526, 4526, 4526]
  class weights: [1.0, 1.0, 1.0]
  epoch   1  loss=0.7225  val_mf1=0.1130  val_acc=0.1675
  epoch   5  loss=0.5039  val_mf1=0.6220  val_acc=0.7703
  epoch  10  loss=0.4535  val_mf1=0.5344  val_acc=0.8480
  epoch  15  loss=0.4167  val_mf1=0.5734  val_acc=0.8722
  epoch  20  loss=0.3933  val_mf1=0.6107  val_acc=0.8687
  epoch  25  loss=0.3763  val_mf1=0.6011  val_acc=0.8428
  early stop at 29
  best epoch 14  val_mf1=0.6804  (144s)
  TEST: macro_f1=0.6827  wf1=0.8052  acc=0.7783

========== FCNN  mediapipe  7c  B2 ==========
  train: (5287, 136)  counts: [4526, 416, 287, 27, 2, 13, 16]
  class weights: [0.16699999570846558, 1.815999984741211, 2.631999969482422, 27.974000930786133, 377.64300537109375, 58.0989990234375, 47.20500183105469]
  epoch   1  loss=1.8023  val_mf1=0.0998  val_acc=0.3661
  epoch   5  loss=1.5954  val_mf1=0.1149  val_acc=0.4663
  epoch  10  loss=1.4079  val_mf1=0.1049  val_acc=0.4041
  epoch  15  loss=1.3400  val_mf1=0.1718  val_acc=0.5855
  epoch  20  loss=1.3060  val_mf1=0.1397  val_acc=0.3109
  epoch  25  loss=1.2498  val_mf1=0.2029  val_acc=0.6839
  epoch  30  loss=1.2299  val_mf1=0.1887  val_acc=0.4784
  epoch  35  loss=1.1834  val_mf1=0.1530  val_acc=0.3661
  epoch  40  loss=1.1724  val_mf1=0.2203  val_acc=0.6321
  epoch  45  loss=1.1200  val_mf1=0.0973  val_acc=0.2712
  early stop at 46
  best epoch 31  val_mf1=0.2715  (91s)
  TEST: macro_f1=0.3086  wf1=0.7228  acc=0.6975

========== FCNN  faceapi  7c  B2 ==========
  train: (5287, 136)  counts: [4526, 416, 287, 27, 2, 13, 16]
  class weights: [0.16699999570846558, 1.815999984741211, 2.631999969482422, 27.974000930786133, 377.64300537109375, 58.0989990234375, 47.20500183105469]
  epoch   1  loss=1.7485  val_mf1=0.1114  val_acc=0.3731
  epoch   5  loss=1.3266  val_mf1=0.2400  val_acc=0.6839
  epoch  10  loss=1.1944  val_mf1=0.0637  val_acc=0.1606
  epoch  15  loss=1.0191  val_mf1=0.3017  val_acc=0.7807
  epoch  20  loss=0.9997  val_mf1=0.3027  val_acc=0.8083
  epoch  25  loss=0.9511  val_mf1=0.2901  val_acc=0.6805
  early stop at 28
  best epoch 13  val_mf1=0.3081  (57s)
  TEST: macro_f1=0.2903  wf1=0.7961  acc=0.7427

========== FCNN  mediapipe  7c  B3 ==========
  post-aug train counts: [4526, 4526, 4526, 4526, 4526, 4526, 4526]  added: {0: 0, 1: 4110, 2: 4239, 3: 4499, 4: 4524, 5: 4513, 6: 4510}
  train: (31682, 136)  counts: [4526, 4526, 4526, 4526, 4526, 4526, 4526]
  class weights: [1.0, 1.0, 1.0, 1.0, 1.0, 1.0, 1.0]
  epoch   1  loss=1.3941  val_mf1=0.1225  val_acc=0.5682
  epoch   5  loss=0.7103  val_mf1=0.2212  val_acc=0.7547
  epoch  10  loss=0.5044  val_mf1=0.1995  val_acc=0.7703
  epoch  15  loss=0.4299  val_mf1=0.2024  val_acc=0.6857
  epoch  20  loss=0.3710  val_mf1=0.1934  val_acc=0.7185
  epoch  25  loss=0.3492  val_mf1=0.2360  val_acc=0.7893
  epoch  30  loss=0.3192  val_mf1=0.2063  val_acc=0.8135
  epoch  35  loss=0.3057  val_mf1=0.2197  val_acc=0.7755
  early stop at 37
  best epoch 22  val_mf1=0.2490  (419s)
  TEST: macro_f1=0.2679  wf1=0.7515  acc=0.7621

========== FCNN  faceapi  7c  B3 ==========
  post-aug train counts: [4526, 4526, 4526, 4526, 4526, 4526, 4526]  added: {0: 0, 1: 4110, 2: 4239, 3: 4499, 4: 4524, 5: 4513, 6: 4510}
  train: (31682, 136)  counts: [4526, 4526, 4526, 4526, 4526, 4526, 4526]
  class weights: [1.0, 1.0, 1.0, 1.0, 1.0, 1.0, 1.0]
  epoch   1  loss=1.2106  val_mf1=0.1611  val_acc=0.8031
  epoch   5  loss=0.4685  val_mf1=0.2947  val_acc=0.8187
  epoch  10  loss=0.3579  val_mf1=0.2750  val_acc=0.8446
  epoch  15  loss=0.3114  val_mf1=0.2988  val_acc=0.8739
  epoch  20  loss=0.2678  val_mf1=0.2856  val_acc=0.8670
  epoch  25  loss=0.2519  val_mf1=0.2837  val_acc=0.8705
  early stop at 27
  best epoch 12  val_mf1=0.3359  (307s)
  TEST: macro_f1=0.2932  wf1=0.7712  acc=0.7740

Saved: /mnt/extended-home/fitra_dosen/2025_iris_fer_taufik/MultimodalEmoLearn/models/frontonly_conf60/3class/CNN1D_geom_compare/compare_landmark_source_b2b3.json

Saved: /mnt/extended-home/fitra_dosen/2025_iris_fer_taufik/MultimodalEmoLearn/models/frontonly_conf60/7class/CNN1D_geom_compare/compare_landmark_source_b2b3.json

Saved: /mnt/extended-home/fitra_dosen/2025_iris_fer_taufik/MultimodalEmoLearn/models/frontonly_conf60/3class/FCNN_compare/compare_landmark_source_b2b3.json

Saved: /mnt/extended-home/fitra_dosen/2025_iris_fer_taufik/MultimodalEmoLearn/models/frontonly_conf60/7class/FCNN_compare/compare_landmark_source_b2b3.json

==============================================================================
SUMMARY — face-api.js B2/B3 extension (test_macro_f1)
==============================================================================
  model    scheme scenario        MP  face-api    delta
  -----------------------------------------------------
  cnn1d    3c     B2          0.5747    0.7263  +0.1516
  cnn1d    3c     B3          0.6209    0.6927  +0.0717
  cnn1d    7c     B2          0.2082    0.1383  -0.0699
  cnn1d    7c     B3          0.2747    0.2889  +0.0143
  fcnn     3c     B2          0.5205    0.7448  +0.2243
  fcnn     3c     B3          0.6483    0.6827  +0.0344
  fcnn     7c     B2          0.3086    0.2903  -0.0183
  fcnn     7c     B3          0.2679    0.2932  +0.0253
