Device: cuda

========== ours_cnn1d_facs × facs=mediapipe × 3c × B1 (FACS+Blendshape 80-dim) ==========
  feature dim: 80  range: [0.000, 3.136]
  ep   1  loss=0.5469  val_mf1=0.3011
  ep  10  loss=0.3685  val_mf1=0.4372
  ep  20  loss=0.3317  val_mf1=0.4229
  ep  30  loss=0.3068  val_mf1=0.5171
  ep  40  loss=0.2941  val_mf1=0.4155
  ep  50  loss=0.2758  val_mf1=0.5581
  best epoch 50  val_mf1=0.5581  (135s)
  TEST: macro_f1=0.6252  wf1=0.8221  acc=0.8299

========== fcnn × facs=mediapipe × 3c × B1 (FACS+Blendshape 80-dim) ==========
  feature dim: 80  range: [0.000, 3.136]
  ep   1  loss=0.4479  val_mf1=0.4529
  ep  10  loss=0.3158  val_mf1=0.4427
  ep  20  loss=0.2825  val_mf1=0.4537
  ep  30  loss=0.2578  val_mf1=0.5165
  best epoch 23  val_mf1=0.5467  (104s)
  TEST: macro_f1=0.5600  wf1=0.8283  acc=0.8525

========== ours_cnn1d_facs × facs=mediapipe × 7c × B1 (FACS+Blendshape 80-dim) ==========
  feature dim: 80  range: [0.000, 3.136]
  ep   1  loss=0.8284  val_mf1=0.1684
  ep  10  loss=0.4054  val_mf1=0.1549
  ep  20  loss=0.3617  val_mf1=0.1790
  ep  30  loss=0.3327  val_mf1=0.1654
  ep  40  loss=0.3142  val_mf1=0.2230
  ep  50  loss=0.3013  val_mf1=0.1818
  best epoch 37  val_mf1=0.2317  (145s)
  TEST: macro_f1=0.2344  wf1=0.8093  acc=0.8375

========== fcnn × facs=mediapipe × 7c × B1 (FACS+Blendshape 80-dim) ==========
  feature dim: 80  range: [0.000, 3.136]
  ep   1  loss=0.6635  val_mf1=0.1980
  ep  10  loss=0.3418  val_mf1=0.2547
  ep  20  loss=0.3115  val_mf1=0.2126
  best epoch 10  val_mf1=0.2547  (69s)
  TEST: macro_f1=0.2631  wf1=0.8131  acc=0.8213

========== ours_cnn1d_facs × facs=faceapi × 3c × B1 (FACS+Blendshape 80-dim) ==========
  feature dim: 80  range: [0.000, 5.239]
  ep   1  loss=0.5388  val_mf1=0.3197
  ep  10  loss=0.3175  val_mf1=0.5308
  ep  20  loss=0.2752  val_mf1=0.5316
  ep  30  loss=0.2502  val_mf1=0.5388
  best epoch 24  val_mf1=0.6152  (99s)
  TEST: macro_f1=0.6991  wf1=0.8458  acc=0.8547

========== fcnn × facs=faceapi × 3c × B1 (FACS+Blendshape 80-dim) ==========
  feature dim: 80  range: [0.000, 5.239]
  ep   1  loss=0.4278  val_mf1=0.4952
  ep  10  loss=0.2673  val_mf1=0.5269
  ep  20  loss=0.2282  val_mf1=0.5815
  best epoch 13  val_mf1=0.7202  (48s)
  TEST: macro_f1=0.7350  wf1=0.8693  acc=0.8687

========== ours_cnn1d_facs × facs=faceapi × 7c × B1 (FACS+Blendshape 80-dim) ==========
  feature dim: 80  range: [0.000, 5.239]
  ep   1  loss=0.8158  val_mf1=0.1938
  ep  10  loss=0.3536  val_mf1=0.2519
  ep  20  loss=0.3030  val_mf1=0.2846
  ep  30  loss=0.2879  val_mf1=0.2643
  ep  40  loss=0.2613  val_mf1=0.2731
  best epoch 28  val_mf1=0.3056  (109s)
  TEST: macro_f1=0.3154  wf1=0.8686  acc=0.8719

========== fcnn × facs=faceapi × 7c × B1 (FACS+Blendshape 80-dim) ==========
  feature dim: 80  range: [0.000, 5.239]
  ep   1  loss=0.6370  val_mf1=0.2304
  ep  10  loss=0.2793  val_mf1=0.3293
  ep  20  loss=0.2421  val_mf1=0.2832
  best epoch 10  val_mf1=0.3293  (65s)
  TEST: macro_f1=0.2687  wf1=0.8124  acc=0.8192
Saved: /mnt/extended-home/fitra_dosen/2025_iris_fer_taufik/MultimodalEmoLearn/models/frontonly_conf60/3class/FACS_plus_Blendshape/sweep_results.json
Saved: /mnt/extended-home/fitra_dosen/2025_iris_fer_taufik/MultimodalEmoLearn/models/frontonly_conf60/7class/FACS_plus_Blendshape/sweep_results.json

================================================================================
Summary: FACS + Blendshape (80-dim), B1
================================================================================
  scheme  arch                    facs_src      macro_f1
  3c     ours_cnn1d_facs         mediapipe       0.6252
  3c     ours_cnn1d_facs         faceapi         0.6991
  3c     fcnn                    mediapipe       0.5600
  3c     fcnn                    faceapi         0.7350
  7c     ours_cnn1d_facs         mediapipe       0.2344
  7c     ours_cnn1d_facs         faceapi         0.3154
  7c     fcnn                    mediapipe       0.2631
  7c     fcnn                    faceapi         0.2687
