Device: cuda

========== FCNN  mediapipe × 3c ==========
  train: (5287, 136)  counts: [432, 4526, 329]
  epoch   1  loss=0.5526  val_mf1=0.3011  val_acc=0.8238
  epoch   5  loss=0.3977  val_mf1=0.3522  val_acc=0.8307
  epoch  10  loss=0.3732  val_mf1=0.3525  val_acc=0.8307
  epoch  15  loss=0.3657  val_mf1=0.3928  val_acc=0.7358
  epoch  20  loss=0.3521  val_mf1=0.2971  val_acc=0.4853
  early stop at 21
  best epoch 6  val_mf1=0.5010  (42s)
  TEST: macro_f1=0.5087  wf1=0.7867  acc=0.8202

========== FCNN  faceapi × 3c ==========
  train: (5287, 136)  counts: [432, 4526, 329]
  epoch   1  loss=0.5063  val_mf1=0.6101  val_acc=0.7997
  epoch   5  loss=0.3310  val_mf1=0.4659  val_acc=0.7098
  epoch  10  loss=0.3141  val_mf1=0.6067  val_acc=0.8877
  epoch  15  loss=0.3005  val_mf1=0.4302  val_acc=0.5440
  epoch  20  loss=0.2959  val_mf1=0.6719  val_acc=0.8877
  epoch  25  loss=0.2871  val_mf1=0.4597  val_acc=0.7858
  epoch  30  loss=0.2756  val_mf1=0.4191  val_acc=0.8428
  early stop at 33
  best epoch 18  val_mf1=0.7370  (65s)
  TEST: macro_f1=0.7119  wf1=0.8451  acc=0.8471

========== FCNN  mediapipe × 7c ==========
  train: (5287, 136)  counts: [4526, 416, 287, 27, 2, 13, 16]
  epoch   1  loss=0.6953  val_mf1=0.1291  val_acc=0.8238
  epoch   5  loss=0.4353  val_mf1=0.1652  val_acc=0.8307
  epoch  10  loss=0.4134  val_mf1=0.0820  val_acc=0.2815
  epoch  15  loss=0.4029  val_mf1=0.1880  val_acc=0.6494
  epoch  20  loss=0.3865  val_mf1=0.1944  val_acc=0.8394
  epoch  25  loss=0.3697  val_mf1=0.2047  val_acc=0.8463
  early stop at 28
  best epoch 13  val_mf1=0.2484  (55s)
  TEST: macro_f1=0.2255  wf1=0.7574  acc=0.7578

========== FCNN  faceapi × 7c ==========
  train: (5287, 136)  counts: [4526, 416, 287, 27, 2, 13, 16]
  epoch   1  loss=0.6436  val_mf1=0.2381  val_acc=0.8756
  epoch   5  loss=0.3649  val_mf1=0.2350  val_acc=0.8687
  epoch  10  loss=0.3357  val_mf1=0.2532  val_acc=0.6926
  epoch  15  loss=0.3200  val_mf1=0.3172  val_acc=0.8687
  epoch  20  loss=0.3034  val_mf1=0.2545  val_acc=0.7496
  epoch  25  loss=0.3010  val_mf1=0.2540  val_acc=0.8860
  epoch  30  loss=0.2857  val_mf1=0.3082  val_acc=0.8964
  epoch  35  loss=0.2781  val_mf1=0.2876  val_acc=0.8895
  epoch  40  loss=0.2720  val_mf1=0.2813  val_acc=0.8791
  epoch  45  loss=0.2714  val_mf1=0.2544  val_acc=0.8705
  epoch  50  loss=0.2468  val_mf1=0.3214  val_acc=0.8860
  best epoch 39  val_mf1=0.3528  (98s)
  TEST: macro_f1=0.3122  wf1=0.8445  acc=0.8450

Saved: /mnt/extended-home/fitra_dosen/2025_iris_fer_taufik/MultimodalEmoLearn/models/frontonly_conf60/3class/FCNN_compare/compare_landmark_source.json

Saved: /mnt/extended-home/fitra_dosen/2025_iris_fer_taufik/MultimodalEmoLearn/models/frontonly_conf60/7class/FCNN_compare/compare_landmark_source.json

============================================================
Summary: FCNN B1, MediaPipe vs face-api.js (full 6795 samples)
============================================================

  --- 3-class ---
  metric                 MediaPipe   face-api.js     delta
  test_macro_f1            0.5087        0.7119   +0.2032
  test_weighted_f1         0.7867        0.8451   +0.0584
  test_accuracy            0.8202        0.8471   +0.0269

  --- 7-class ---
  metric                 MediaPipe   face-api.js     delta
  test_macro_f1            0.2255        0.3122   +0.0867
  test_weighted_f1         0.7574        0.8445   +0.0872
  test_accuracy            0.7578        0.8450   +0.0872
