=== Blendshape FCNN ===
Device: cuda

========== FCNN × 3c × B1 (blendshape 52-dim) ==========
  ep   1  loss=0.4563  val_mf1=0.4524  val_acc=0.8394
  ep  10  loss=0.3252  val_mf1=0.5005  val_acc=0.8377
  ep  20  loss=0.2909  val_mf1=0.4551  val_acc=0.8307
  best epoch 10  val_mf1=0.5005  (68s)
  TEST: macro_f1=0.5688  wf1=0.8028  acc=0.8202
Saved: /mnt/extended-home/fitra_dosen/2025_iris_fer_taufik/MultimodalEmoLearn/models/frontonly_conf60/3class/Blendshape_compare/fcnn_results.json

========== FCNN × 7c × B1 (blendshape 52-dim) ==========
  ep   1  loss=0.6195  val_mf1=0.1773  val_acc=0.8273
  ep  10  loss=0.3485  val_mf1=0.2176  val_acc=0.8256
  best epoch 3  val_mf1=0.2470  (50s)
  TEST: macro_f1=0.2782  wf1=0.8181  acc=0.8235
Saved: /mnt/extended-home/fitra_dosen/2025_iris_fer_taufik/MultimodalEmoLearn/models/frontonly_conf60/7class/Blendshape_compare/fcnn_results.json
=== FACS FCNN ===
Device: cuda

========== FCNN × FACS × mediapipe × 3c × B1 ==========
  ep   1  loss=0.4722  val_mf1=0.4710
  ep  10  loss=0.3269  val_mf1=0.4233
  ep  20  loss=0.3046  val_mf1=0.4586
  ep  30  loss=0.2926  val_mf1=0.5171
  ep  40  loss=0.2753  val_mf1=0.4468
  ep  50  loss=0.2629  val_mf1=0.5440
  best epoch 39  val_mf1=0.5594  (123s)
  TEST: macro_f1=0.5594  wf1=0.7314  acc=0.7061

========== FCNN × FACS × faceapi × 3c × B1 ==========
  ep   1  loss=0.4184  val_mf1=0.7077
  ep  10  loss=0.2819  val_mf1=0.6666
  ep  20  loss=0.2601  val_mf1=0.6755
  best epoch 7  val_mf1=0.7279  (61s)
  TEST: macro_f1=0.7585  wf1=0.8889  acc=0.8870

========== FCNN × FACS × mediapipe × 7c × B1 ==========
  ep   1  loss=0.6735  val_mf1=0.2498
  ep  10  loss=0.3587  val_mf1=0.2028
  best epoch 1  val_mf1=0.2498  (45s)
  TEST: macro_f1=0.1972  wf1=0.7126  acc=0.7449

========== FCNN × FACS × faceapi × 7c × B1 ==========
  ep   1  loss=0.6180  val_mf1=0.3448
  ep  10  loss=0.3046  val_mf1=0.3173
  best epoch 2  val_mf1=0.3486  (46s)
  TEST: macro_f1=0.3090  wf1=0.8581  acc=0.8579
Saved: /mnt/extended-home/fitra_dosen/2025_iris_fer_taufik/MultimodalEmoLearn/models/frontonly_conf60/3class/CNN1D_FACS/fcnn_results.json
Saved: /mnt/extended-home/fitra_dosen/2025_iris_fer_taufik/MultimodalEmoLearn/models/frontonly_conf60/7class/CNN1D_FACS/fcnn_results.json

============================================================
Summary: FCNN × FACS distance
============================================================
  3c × mediapipe : mf1=0.5594  wf1=0.7314  acc=0.7061
  3c × faceapi   : mf1=0.7585  wf1=0.8889  acc=0.8870
  7c × mediapipe : mf1=0.1972  wf1=0.7126  acc=0.7449
  7c × faceapi   : mf1=0.3090  wf1=0.8581  acc=0.8579
=== ALL DONE ===
