[2026-05-17T11:54:02+07:00] Fix-up chain: waiting for [F+G] PID 1689099...
[2026-05-19T14:41:40+07:00] Launching CK+/JAFFE Late Fusion raw_136 B1 fix-up (recover from OOM crash).
Device: cuda
DATA_DIR: /mnt/extended-home/fitra_dosen/2025_iris_fer_taufik/MultimodalEmoLearn/data/benchmark/ckplus_7class
Output prefix: /mnt/extended-home/fitra_dosen/2025_iris_fer_taufik/MultimodalEmoLearn/models/benchmark/ckplus_7class
Cache dir: /mnt/extended-home/fitra_dosen/2025_iris_fer_taufik/MultimodalEmoLearn/models/benchmark/ckplus_7class/late_fusion_cache

[3c × scratch × B1] Image branch
  [cache hit] cnn_scratch_b1_3c

[3c × tl × B1] Image branch
  [cache hit] cnn_tl_b1_3c

[3c × raw_136/mediapipe × B1] Landmark branch
  [cache hit] fcnn_raw_136_mp_b1_3c

  [3c × scratch × raw_136/mediapipe × B1] Computing late fusion weight sweep...
  best_w_image=0.50  val_mf1=0.9016  TEST mf1=0.7778  wf1=0.7966  acc=0.7966

  [3c × tl × raw_136/mediapipe × B1] Computing late fusion weight sweep...
  best_w_image=0.80  val_mf1=0.9626  TEST mf1=0.7679  wf1=0.7694  acc=0.7627

[7c × scratch × B1] Image branch
  [cache hit] cnn_scratch_b1_7c

[7c × tl × B1] Image branch
  [cache hit] cnn_tl_b1_7c

[7c × raw_136/mediapipe × B1] Landmark branch
  [cache hit] fcnn_raw_136_mp_b1_7c

  [7c × scratch × raw_136/mediapipe × B1] Computing late fusion weight sweep...
  best_w_image=0.55  val_mf1=0.5961  TEST mf1=0.4418  wf1=0.6533  acc=0.7288

  [7c × tl × raw_136/mediapipe × B1] Computing late fusion weight sweep...
  best_w_image=0.80  val_mf1=0.8672  TEST mf1=0.7325  wf1=0.8509  acc=0.8475
Saved: /mnt/extended-home/fitra_dosen/2025_iris_fer_taufik/MultimodalEmoLearn/models/benchmark/ckplus_7class/3class/Unified/fusion_late_scratch/results.json
Saved: /mnt/extended-home/fitra_dosen/2025_iris_fer_taufik/MultimodalEmoLearn/models/benchmark/ckplus_7class/3class/Unified/fusion_late_tl/results.json
Saved: /mnt/extended-home/fitra_dosen/2025_iris_fer_taufik/MultimodalEmoLearn/models/benchmark/ckplus_7class/7class/Unified/fusion_late_scratch/results.json
Saved: /mnt/extended-home/fitra_dosen/2025_iris_fer_taufik/MultimodalEmoLearn/models/benchmark/ckplus_7class/7class/Unified/fusion_late_tl/results.json

====================================================================================================
SUMMARY: Late Fusion Unified Protocol macro_f1
====================================================================================================
  scheme  variant   feature             source            B1        B2        B3
  3c     scratch   raw_136             mediapipe     0.7778       nan       nan
  3c     tl        raw_136             mediapipe     0.7679       nan       nan
  7c     scratch   raw_136             mediapipe     0.4418       nan       nan
  7c     tl        raw_136             mediapipe     0.7325       nan       nan
Device: cuda
DATA_DIR: /mnt/extended-home/fitra_dosen/2025_iris_fer_taufik/MultimodalEmoLearn/data/benchmark/jaffe_7class
Output prefix: /mnt/extended-home/fitra_dosen/2025_iris_fer_taufik/MultimodalEmoLearn/models/benchmark/jaffe_7class
Cache dir: /mnt/extended-home/fitra_dosen/2025_iris_fer_taufik/MultimodalEmoLearn/models/benchmark/jaffe_7class/late_fusion_cache

[3c × scratch × B1] Image branch
  [cache hit] cnn_scratch_b1_3c

[3c × tl × B1] Image branch
  [cache hit] cnn_tl_b1_3c

[3c × raw_136/mediapipe × B1] Landmark branch
  [cache hit] fcnn_raw_136_mp_b1_3c

  [3c × scratch × raw_136/mediapipe × B1] Computing late fusion weight sweep...
  best_w_image=0.85  val_mf1=0.9599  TEST mf1=0.3598  wf1=0.4557  acc=0.5000

  [3c × tl × raw_136/mediapipe × B1] Computing late fusion weight sweep...
  best_w_image=0.85  val_mf1=0.9221  TEST mf1=0.4052  wf1=0.3604  acc=0.4000

[7c × scratch × B1] Image branch
  [cache hit] cnn_scratch_b1_7c

[7c × tl × B1] Image branch
  [cache hit] cnn_tl_b1_7c

[7c × raw_136/mediapipe × B1] Landmark branch
  [cache hit] fcnn_raw_136_mp_b1_7c

  [7c × scratch × raw_136/mediapipe × B1] Computing late fusion weight sweep...
  best_w_image=0.85  val_mf1=0.5556  TEST mf1=0.3694  wf1=0.3682  acc=0.4500

  [7c × tl × raw_136/mediapipe × B1] Computing late fusion weight sweep...
  best_w_image=0.90  val_mf1=0.6534  TEST mf1=0.3722  wf1=0.3647  acc=0.4000
Saved: /mnt/extended-home/fitra_dosen/2025_iris_fer_taufik/MultimodalEmoLearn/models/benchmark/jaffe_7class/3class/Unified/fusion_late_scratch/results.json
Saved: /mnt/extended-home/fitra_dosen/2025_iris_fer_taufik/MultimodalEmoLearn/models/benchmark/jaffe_7class/3class/Unified/fusion_late_tl/results.json
Saved: /mnt/extended-home/fitra_dosen/2025_iris_fer_taufik/MultimodalEmoLearn/models/benchmark/jaffe_7class/7class/Unified/fusion_late_scratch/results.json
Saved: /mnt/extended-home/fitra_dosen/2025_iris_fer_taufik/MultimodalEmoLearn/models/benchmark/jaffe_7class/7class/Unified/fusion_late_tl/results.json

====================================================================================================
SUMMARY: Late Fusion Unified Protocol macro_f1
====================================================================================================
  scheme  variant   feature             source            B1        B2        B3
  3c     scratch   raw_136             mediapipe     0.3598       nan       nan
  3c     tl        raw_136             mediapipe     0.4052       nan       nan
  7c     scratch   raw_136             mediapipe     0.3694       nan       nan
  7c     tl        raw_136             mediapipe     0.3722       nan       nan
=== Fix-up done at 2026-05-19T14:41:56+07:00 ===
