[2026-05-17T08:44:47+07:00] Waiting for late_fusion chain PID 1182136 to finish before launching landmark-feature fusion sweep...
[2026-05-17T11:30:48+07:00] GPU 0 free. Launching landmark-feature fusion sweep.
Device: cuda
DATA_DIR: /mnt/extended-home/fitra_dosen/2025_iris_fer_taufik/MultimodalEmoLearn/data/dataset_frontonly_conf60
Output: /mnt/extended-home/fitra_dosen/2025_iris_fer_taufik/MultimodalEmoLearn/models/frontonly_conf60
Total runs: 24

[1/24]

==== fusion_intermediate_tl × 3c × B1 × lm=mediapipe/facs_28(dim=28) ====
  Train N=5287  augment=False  is_coord=False  lr=0.0001
  class counts train: [432, 4526, 329]
  ep   1  loss=0.7385  val_mf1=0.4002
  ep   5  loss=0.2366  val_mf1=0.5018
  ep  10  loss=0.0942  val_mf1=0.3924
  ep  15  loss=0.0424  val_mf1=0.4592
  ep  20  loss=0.0318  val_mf1=0.5081
  ep  25  loss=0.0313  val_mf1=0.4233
  ep  30  loss=0.0277  val_mf1=0.4387
  best ep 16  val_mf1=0.5233  (778s)  TEST mf1=0.7142  wf1=0.8463  acc=0.8407

[2/24]

==== fusion_intermediate_tl × 3c × B2 × lm=mediapipe/facs_28(dim=28) ====
  Train N=5287  augment=False  is_coord=False  lr=0.0001
  class counts train: [432, 4526, 329]
  ep   1  loss=0.7865  val_mf1=0.5570
  ep   5  loss=0.1087  val_mf1=0.4737
  ep  10  loss=0.0564  val_mf1=0.4344
  ep  15  loss=0.0487  val_mf1=0.5062
  best ep 1  val_mf1=0.5570  (404s)  TEST mf1=0.6108  wf1=0.7522  acc=0.7320

[3/24]

==== fusion_intermediate_tl × 3c × B3 × lm=mediapipe/facs_28(dim=28) ====
  Train N=5287  augment=True  is_coord=False  lr=0.0001
  class counts train: [432, 4526, 329]
  ep   1  loss=0.7982  val_mf1=0.5403
  ep   5  loss=0.1210  val_mf1=0.4668
  ep  10  loss=0.0725  val_mf1=0.4031
  ep  15  loss=0.0368  val_mf1=0.4308
  best ep 4  val_mf1=0.5519  (482s)  TEST mf1=0.7229  wf1=0.8539  acc=0.8515

[4/24]

==== fusion_intermediate_tl × 3c × B1 × lm=faceapi/facs_28(dim=28) ====
  Train N=5287  augment=False  is_coord=False  lr=0.0001
  class counts train: [432, 4526, 329]
  ep   1  loss=0.7259  val_mf1=0.4319
  ep   5  loss=0.2244  val_mf1=0.5647
  ep  10  loss=0.0845  val_mf1=0.5253
  ep  15  loss=0.0559  val_mf1=0.5647
  ep  20  loss=0.0282  val_mf1=0.5497
  best ep 9  val_mf1=0.6149  (604s)  TEST mf1=0.6868  wf1=0.8295  acc=0.8235

[5/24]

==== fusion_intermediate_tl × 3c × B2 × lm=faceapi/facs_28(dim=28) ====
  Train N=5287  augment=False  is_coord=False  lr=0.0001
  class counts train: [432, 4526, 329]
  ep   1  loss=0.7860  val_mf1=0.6378
  ep   5  loss=0.0991  val_mf1=0.5034
  ep  10  loss=0.0536  val_mf1=0.5455
  ep  15  loss=0.0353  val_mf1=0.5847
  best ep 1  val_mf1=0.6378  (390s)  TEST mf1=0.7525  wf1=0.8738  acc=0.8644

[6/24]

==== fusion_intermediate_tl × 3c × B3 × lm=faceapi/facs_28(dim=28) ====
  Train N=5287  augment=True  is_coord=False  lr=0.0001
  class counts train: [432, 4526, 329]
  ep   1  loss=0.7918  val_mf1=0.6046
  ep   5  loss=0.1095  val_mf1=0.5045
  ep  10  loss=0.0582  val_mf1=0.4895
  ep  15  loss=0.0355  val_mf1=0.5527
  ep  20  loss=0.0298  val_mf1=0.5332
  ep  25  loss=0.0157  val_mf1=0.5181
  best ep 11  val_mf1=0.6461  (646s)  TEST mf1=0.7156  wf1=0.8443  acc=0.8461

[7/24]

==== fusion_intermediate_tl × 3c × B1 × lm=mediapipe/facs_plus_bs_80(dim=80) ====
  Train N=5287  augment=False  is_coord=False  lr=0.0001
  class counts train: [432, 4526, 329]
  ep   1  loss=0.6096  val_mf1=0.3966
  ep   5  loss=0.2292  val_mf1=0.5106
  ep  10  loss=0.0918  val_mf1=0.4474
  ep  15  loss=0.0445  val_mf1=0.4358
  ep  20  loss=0.0436  val_mf1=0.4415
  best ep 5  val_mf1=0.5106  (505s)  TEST mf1=0.6734  wf1=0.8212  acc=0.8095

[8/24]

==== fusion_intermediate_tl × 3c × B2 × lm=mediapipe/facs_plus_bs_80(dim=80) ====
  Train N=5287  augment=False  is_coord=False  lr=0.0001
  class counts train: [432, 4526, 329]
  ep   1  loss=0.8097  val_mf1=0.5083
  ep   5  loss=0.1248  val_mf1=0.4765
  ep  10  loss=0.0769  val_mf1=0.4255
  ep  15  loss=0.0459  val_mf1=0.3968
  best ep 1  val_mf1=0.5083  (398s)  TEST mf1=0.6018  wf1=0.6971  acc=0.6695

[9/24]

==== fusion_intermediate_tl × 3c × B3 × lm=mediapipe/facs_plus_bs_80(dim=80) ====
  Train N=5287  augment=True  is_coord=False  lr=0.0001
  class counts train: [432, 4526, 329]
  ep   1  loss=0.8292  val_mf1=0.5171
  ep   5  loss=0.1377  val_mf1=0.5156
  ep  10  loss=0.0825  val_mf1=0.4458
  ep  15  loss=0.0467  val_mf1=0.4692
  ep  20  loss=0.0515  val_mf1=0.4421
  ep  25  loss=0.0315  val_mf1=0.4675
  best ep 14  val_mf1=0.5183  (727s)  TEST mf1=0.6473  wf1=0.8182  acc=0.8267

[10/24]

==== fusion_intermediate_tl × 3c × B1 × lm=faceapi/facs_plus_bs_80(dim=80) ====
  Train N=5287  augment=False  is_coord=False  lr=0.0001
  class counts train: [432, 4526, 329]
  ep   1  loss=0.6074  val_mf1=0.4244
  ep   5  loss=0.2256  val_mf1=0.4795
  ep  10  loss=0.0953  val_mf1=0.3798
  ep  15  loss=0.0451  val_mf1=0.4882
  ep  20  loss=0.0389  val_mf1=0.4727
  ep  25  loss=0.0223  val_mf1=0.4197
  best ep 12  val_mf1=0.5628  (685s)  TEST mf1=0.6986  wf1=0.8552  acc=0.8439

[11/24]

==== fusion_intermediate_tl × 3c × B2 × lm=faceapi/facs_plus_bs_80(dim=80) ====
  Train N=5287  augment=False  is_coord=False  lr=0.0001
  class counts train: [432, 4526, 329]
  ep   1  loss=0.8084  val_mf1=0.5570
  ep   5  loss=0.1282  val_mf1=0.4825
  ep  10  loss=0.0594  val_mf1=0.4702
  ep  15  loss=0.0431  val_mf1=0.4781
  best ep 1  val_mf1=0.5570  (403s)  TEST mf1=0.6440  wf1=0.7493  acc=0.7255

[12/24]

==== fusion_intermediate_tl × 3c × B3 × lm=faceapi/facs_plus_bs_80(dim=80) ====
  Train N=5287  augment=True  is_coord=False  lr=0.0001
  class counts train: [432, 4526, 329]
  ep   1  loss=0.8357  val_mf1=0.4815
  ep   5  loss=0.1220  val_mf1=0.4808
  ep  10  loss=0.0753  val_mf1=0.4528
  ep  15  loss=0.0592  val_mf1=0.4964
  ep  20  loss=0.0262  val_mf1=0.3817
  ep  25  loss=0.0214  val_mf1=0.4314
  ep  30  loss=0.0130  val_mf1=0.4468
  best ep 19  val_mf1=0.4985  (870s)  TEST mf1=0.6850  wf1=0.8413  acc=0.8439

[13/24]

==== fusion_intermediate_tl × 7c × B1 × lm=mediapipe/facs_28(dim=28) ====
  Train N=5287  augment=False  is_coord=False  lr=0.0001
  class counts train: [4526, 416, 287, 27, 2, 13, 16]
  ep   1  loss=1.1333  val_mf1=0.1731
  ep   5  loss=0.2712  val_mf1=0.2189
  ep  10  loss=0.1292  val_mf1=0.1503
  ep  15  loss=0.0904  val_mf1=0.2052
  best ep 4  val_mf1=0.2302  (488s)  TEST mf1=0.2842  wf1=0.8104  acc=0.8030

[14/24]

==== fusion_intermediate_tl × 7c × B2 × lm=mediapipe/facs_28(dim=28) ====
  Train N=5287  augment=False  is_coord=False  lr=0.0001
  class counts train: [4526, 416, 287, 27, 2, 13, 16]
  ep   1  loss=1.3751  val_mf1=0.1723
  ep   5  loss=0.1671  val_mf1=0.2285
  ep  10  loss=0.1020  val_mf1=0.2101
  ep  15  loss=0.0704  val_mf1=0.2438
  ep  20  loss=0.0566  val_mf1=0.1871
  ep  25  loss=0.0430  val_mf1=0.1996
  ep  30  loss=0.0285  val_mf1=0.2105
  best ep 15  val_mf1=0.2438  (755s)  TEST mf1=0.2881  wf1=0.8366  acc=0.8364

[15/24]

==== fusion_intermediate_tl × 7c × B3 × lm=mediapipe/facs_28(dim=28) ====
  Train N=5287  augment=True  is_coord=False  lr=0.0001
  class counts train: [4526, 416, 287, 27, 2, 13, 16]
  ep   1  loss=1.4160  val_mf1=0.2386
  ep   5  loss=0.1846  val_mf1=0.2329
  ep  10  loss=0.0902  val_mf1=0.2082
  ep  15  loss=0.0601  val_mf1=0.1552
  best ep 2  val_mf1=0.2509  (430s)  TEST mf1=0.3000  wf1=0.8468  acc=0.8439

[16/24]

==== fusion_intermediate_tl × 7c × B1 × lm=faceapi/facs_28(dim=28) ====
  Train N=5287  augment=False  is_coord=False  lr=0.0001
  class counts train: [4526, 416, 287, 27, 2, 13, 16]
  ep   1  loss=1.1238  val_mf1=0.1951
  ep   5  loss=0.2582  val_mf1=0.2824
  ep  10  loss=0.1216  val_mf1=0.2157
  ep  15  loss=0.0924  val_mf1=0.2874
  ep  20  loss=0.0692  val_mf1=0.2541
  ep  25  loss=0.0445  val_mf1=0.2453
  best ep 13  val_mf1=0.2997  (722s)  TEST mf1=0.2476  wf1=0.7832  acc=0.8149

[17/24]

==== fusion_intermediate_tl × 7c × B2 × lm=faceapi/facs_28(dim=28) ====
  Train N=5287  augment=False  is_coord=False  lr=0.0001
  class counts train: [4526, 416, 287, 27, 2, 13, 16]
  ep   1  loss=1.3780  val_mf1=0.1990
  ep   5  loss=0.1584  val_mf1=0.2297
  ep  10  loss=0.0865  val_mf1=0.2281
  ep  15  loss=0.0409  val_mf1=0.2236
  ep  20  loss=0.0393  val_mf1=0.2536
  ep  25  loss=0.0309  val_mf1=0.2644
  ep  30  loss=0.0284  val_mf1=0.2285
  ep  35  loss=0.0237  val_mf1=0.2236
  best ep 21  val_mf1=0.2906  (1068s)  TEST mf1=0.3085  wf1=0.8690  acc=0.8644

[18/24]

==== fusion_intermediate_tl × 7c × B3 × lm=faceapi/facs_28(dim=28) ====
  Train N=5287  augment=True  is_coord=False  lr=0.0001
  class counts train: [4526, 416, 287, 27, 2, 13, 16]
  ep   1  loss=1.4074  val_mf1=0.2445
  ep   5  loss=0.1751  val_mf1=0.2754
  ep  10  loss=0.0837  val_mf1=0.2308
  ep  15  loss=0.0635  val_mf1=0.2577
  ep  20  loss=0.0541  val_mf1=0.2474
  best ep 5  val_mf1=0.2754  (583s)  TEST mf1=0.2845  wf1=0.8381  acc=0.8396

[19/24]

==== fusion_intermediate_tl × 7c × B1 × lm=mediapipe/facs_plus_bs_80(dim=80) ====
  Train N=5287  augment=False  is_coord=False  lr=0.0001
  class counts train: [4526, 416, 287, 27, 2, 13, 16]
  ep   1  loss=1.1878  val_mf1=0.2053
  ep   5  loss=0.2908  val_mf1=0.2279
  ep  10  loss=0.1402  val_mf1=0.1969
  ep  15  loss=0.0817  val_mf1=0.2088
  ep  20  loss=0.0501  val_mf1=0.2163
  ep  25  loss=0.0386  val_mf1=0.1871
  ep  30  loss=0.0293  val_mf1=0.2112
  ep  35  loss=0.0519  val_mf1=0.1931
  best ep 24  val_mf1=0.2544  (1131s)  TEST mf1=0.2466  wf1=0.7575  acc=0.7783

[20/24]

==== fusion_intermediate_tl × 7c × B2 × lm=mediapipe/facs_plus_bs_80(dim=80) ====
  Train N=5287  augment=False  is_coord=False  lr=0.0001
  class counts train: [4526, 416, 287, 27, 2, 13, 16]
  ep   1  loss=1.4469  val_mf1=0.2247
  ep   5  loss=0.1762  val_mf1=0.2192
  ep  10  loss=0.0877  val_mf1=0.2290
  ep  15  loss=0.0527  val_mf1=0.1879
  ep  20  loss=0.0324  val_mf1=0.2389
  ep  25  loss=0.0283  val_mf1=0.1769
  ep  30  loss=0.0575  val_mf1=0.1608
  ep  35  loss=0.0281  val_mf1=0.1978
  best ep 20  val_mf1=0.2389  (1077s)  TEST mf1=0.2895  wf1=0.8200  acc=0.8138

[21/24]

==== fusion_intermediate_tl × 7c × B3 × lm=mediapipe/facs_plus_bs_80(dim=80) ====
  Train N=5287  augment=True  is_coord=False  lr=0.0001
  class counts train: [4526, 416, 287, 27, 2, 13, 16]
  ep   1  loss=1.4764  val_mf1=0.2223
  ep   5  loss=0.1874  val_mf1=0.2043
  ep  10  loss=0.0983  val_mf1=0.1932
  ep  15  loss=0.0674  val_mf1=0.2257
  ep  20  loss=0.0576  val_mf1=0.2037
  ep  25  loss=0.0601  val_mf1=0.1912
  ep  30  loss=0.0374  val_mf1=0.1970
  best ep 15  val_mf1=0.2257  (935s)  TEST mf1=0.2834  wf1=0.7850  acc=0.7750

[22/24]

==== fusion_intermediate_tl × 7c × B1 × lm=faceapi/facs_plus_bs_80(dim=80) ====
  Train N=5287  augment=False  is_coord=False  lr=0.0001
  class counts train: [4526, 416, 287, 27, 2, 13, 16]
  ep   1  loss=1.1885  val_mf1=0.2056
  ep   5  loss=0.2839  val_mf1=0.2306
  ep  10  loss=0.1380  val_mf1=0.2206
  ep  15  loss=0.0726  val_mf1=0.2271
  ep  20  loss=0.0607  val_mf1=0.2094
  best ep 8  val_mf1=0.2543  (593s)  TEST mf1=0.2797  wf1=0.8104  acc=0.8030

[23/24]

==== fusion_intermediate_tl × 7c × B2 × lm=faceapi/facs_plus_bs_80(dim=80) ====
  Train N=5287  augment=False  is_coord=False  lr=0.0001
  class counts train: [4526, 416, 287, 27, 2, 13, 16]
  ep   1  loss=1.4435  val_mf1=0.2336
  ep   5  loss=0.1781  val_mf1=0.2560
  ep  10  loss=0.0891  val_mf1=0.2274
  ep  15  loss=0.0604  val_mf1=0.2206
  ep  20  loss=0.0414  val_mf1=0.2650
  ep  25  loss=0.0218  val_mf1=0.1980
  ep  30  loss=0.0348  val_mf1=0.1949
  ep  35  loss=0.0157  val_mf1=0.2570
  best ep 20  val_mf1=0.2650  (865s)  TEST mf1=0.3101  wf1=0.8432  acc=0.8342

[24/24]

==== fusion_intermediate_tl × 7c × B3 × lm=faceapi/facs_plus_bs_80(dim=80) ====
  Train N=5287  augment=True  is_coord=False  lr=0.0001
  class counts train: [4526, 416, 287, 27, 2, 13, 16]
  ep   1  loss=1.4597  val_mf1=0.2155
  ep   5  loss=0.1868  val_mf1=0.2373
  ep  10  loss=0.0914  val_mf1=0.2443
  ep  15  loss=0.0560  val_mf1=0.1538
  ep  20  loss=0.0402  val_mf1=0.2367
  ep  25  loss=0.0296  val_mf1=0.2188
  ep  30  loss=0.0422  val_mf1=0.2206
  ep  35  loss=0.0131  val_mf1=0.2053
  ep  40  loss=0.0232  val_mf1=0.2097
  ep  45  loss=0.0152  val_mf1=0.2304
  best ep 33  val_mf1=0.2772  (1215s)  TEST mf1=0.3033  wf1=0.8597  acc=0.8633

Sweep done: trained=24, skipped_existing=0
Saved: /mnt/extended-home/fitra_dosen/2025_iris_fer_taufik/MultimodalEmoLearn/models/frontonly_conf60/3class/Unified/fusion_intermediate_tl_facs_28/results.json
Saved: /mnt/extended-home/fitra_dosen/2025_iris_fer_taufik/MultimodalEmoLearn/models/frontonly_conf60/3class/Unified/fusion_intermediate_tl_facs_28_faceapi/results.json
Saved: /mnt/extended-home/fitra_dosen/2025_iris_fer_taufik/MultimodalEmoLearn/models/frontonly_conf60/3class/Unified/fusion_intermediate_tl_facs_plus_bs_80/results.json
Saved: /mnt/extended-home/fitra_dosen/2025_iris_fer_taufik/MultimodalEmoLearn/models/frontonly_conf60/3class/Unified/fusion_intermediate_tl_facs_plus_bs_80_faceapi/results.json
Saved: /mnt/extended-home/fitra_dosen/2025_iris_fer_taufik/MultimodalEmoLearn/models/frontonly_conf60/7class/Unified/fusion_intermediate_tl_facs_28/results.json
Saved: /mnt/extended-home/fitra_dosen/2025_iris_fer_taufik/MultimodalEmoLearn/models/frontonly_conf60/7class/Unified/fusion_intermediate_tl_facs_28_faceapi/results.json
Saved: /mnt/extended-home/fitra_dosen/2025_iris_fer_taufik/MultimodalEmoLearn/models/frontonly_conf60/7class/Unified/fusion_intermediate_tl_facs_plus_bs_80/results.json
Saved: /mnt/extended-home/fitra_dosen/2025_iris_fer_taufik/MultimodalEmoLearn/models/frontonly_conf60/7class/Unified/fusion_intermediate_tl_facs_plus_bs_80_faceapi/results.json

========================================================================================================================
SUMMARY: Unified protocol fusion macro_f1
========================================================================================================================
  scheme  fusion         mode    variant   feature           lm_src            B1        B2        B3
  3c     intermediate   concat  tl        facs_28           mediapipe     0.7142    0.6108    0.7229
  3c     intermediate   concat  tl        facs_28           faceapi       0.6868    0.7525    0.7156
  3c     intermediate   concat  tl        facs_plus_bs_80   mediapipe     0.6734    0.6018    0.6473
  3c     intermediate   concat  tl        facs_plus_bs_80   faceapi       0.6986    0.6440    0.6850
  7c     intermediate   concat  tl        facs_28           mediapipe     0.2842    0.2881    0.3000
  7c     intermediate   concat  tl        facs_28           faceapi       0.2476    0.3085    0.2845
  7c     intermediate   concat  tl        facs_plus_bs_80   mediapipe     0.2466    0.2895    0.2834
  7c     intermediate   concat  tl        facs_plus_bs_80   faceapi       0.2797    0.3101    0.3033
=== Landmark-feature fusion sweep done at 2026-05-17T16:14:48+07:00 ===
