===================================================================
=== Gated Early Fusion PRIMER (GPU 2) ===
===================================================================
Device: cuda
DATA_DIR: /mnt/extended-home/fitra_dosen/2025_iris_fer_taufik/MultimodalEmoLearn/data/dataset_frontonly_conf60
Output: /mnt/extended-home/fitra_dosen/2025_iris_fer_taufik/MultimodalEmoLearn/models/frontonly_conf60
Total runs: 24

[1/24]

==== fusion_early_gated_scratch × 3c × B1 × lm=mediapipe/raw_136(dim=136) ====
  Train N=5287  augment=False  is_coord=True  lr=0.001  early_fusion_mode=gated
  class counts train: [432, 4526, 329]
  ep   1  loss=0.5321  val_mf1=0.3915
  ep   5  loss=0.3799  val_mf1=0.3008
  ep  10  loss=0.3156  val_mf1=0.3011
  ep  15  loss=0.2742  val_mf1=0.4300
  ep  20  loss=0.2279  val_mf1=0.4629
  ep  25  loss=0.2025  val_mf1=0.4567
  ep  30  loss=0.1675  val_mf1=0.4332
  best ep 17  val_mf1=0.4839  (1610s)  TEST mf1=0.4112  wf1=0.7094  acc=0.7664
  Saved gated checkpoint: /mnt/extended-home/fitra_dosen/2025_iris_fer_taufik/MultimodalEmoLearn/models/frontonly_conf60/3class/Unified/fusion_early_gated_scratch/checkpoints/b1.pt

[2/24]

==== fusion_early_gated_scratch × 3c × B2 × lm=mediapipe/raw_136(dim=136) ====
  Train N=5287  augment=False  is_coord=True  lr=0.001  early_fusion_mode=gated
  class counts train: [432, 4526, 329]
  ep   1  loss=1.0329  val_mf1=0.4121
  ep   5  loss=0.5816  val_mf1=0.3963
  ep  10  loss=0.3391  val_mf1=0.3308
  ep  15  loss=0.2283  val_mf1=0.3249
  best ep 3  val_mf1=0.4486  (888s)  TEST mf1=0.3852  wf1=0.4242  acc=0.4144
  Saved gated checkpoint: /mnt/extended-home/fitra_dosen/2025_iris_fer_taufik/MultimodalEmoLearn/models/frontonly_conf60/3class/Unified/fusion_early_gated_scratch/checkpoints/b2.pt

[3/24]

==== fusion_early_gated_scratch × 3c × B3 × lm=mediapipe/raw_136(dim=136) ====
  Train N=5287  augment=True  is_coord=True  lr=0.001  early_fusion_mode=gated
  class counts train: [432, 4526, 329]
  ep   1  loss=1.0202  val_mf1=0.4429
  ep   5  loss=0.7858  val_mf1=0.4090
  ep  10  loss=0.6493  val_mf1=0.5049
  ep  15  loss=0.5391  val_mf1=0.4969
  ep  20  loss=0.4739  val_mf1=0.5550
  ep  25  loss=0.4023  val_mf1=0.5092
  ep  30  loss=0.3712  val_mf1=0.5037
  ep  35  loss=0.3329  val_mf1=0.4950
  best ep 20  val_mf1=0.5550  (1793s)  TEST mf1=0.6141  wf1=0.7821  acc=0.7567
  Saved gated checkpoint: /mnt/extended-home/fitra_dosen/2025_iris_fer_taufik/MultimodalEmoLearn/models/frontonly_conf60/3class/Unified/fusion_early_gated_scratch/checkpoints/b3.pt

[4/24]

==== fusion_early_gated_tl × 3c × B1 × lm=mediapipe/raw_136(dim=136) ====
  Train N=5287  augment=False  is_coord=True  lr=0.0001  early_fusion_mode=gated
  class counts train: [432, 4526, 329]
  ep   1  loss=0.6902  val_mf1=0.3753
  ep   5  loss=0.1249  val_mf1=0.3655
  ep  10  loss=0.0438  val_mf1=0.3405
  ep  15  loss=0.0172  val_mf1=0.4763
  ep  20  loss=0.0066  val_mf1=0.3441
  ep  25  loss=0.0623  val_mf1=0.4394
  ep  30  loss=0.0127  val_mf1=0.4699
  best ep 17  val_mf1=0.5080  (795s)  TEST mf1=0.6634  wf1=0.8176  acc=0.8149
  Saved gated checkpoint: /mnt/extended-home/fitra_dosen/2025_iris_fer_taufik/MultimodalEmoLearn/models/frontonly_conf60/3class/Unified/fusion_early_gated_tl/checkpoints/b1.pt

[5/24]

==== fusion_early_gated_tl × 3c × B2 × lm=mediapipe/raw_136(dim=136) ====
  Train N=5287  augment=False  is_coord=True  lr=0.0001  early_fusion_mode=gated
  class counts train: [432, 4526, 329]
  ep   1  loss=0.4946  val_mf1=0.4481
  ep   5  loss=0.0704  val_mf1=0.4591
  ep  10  loss=0.0301  val_mf1=0.3718
  ep  15  loss=0.0361  val_mf1=0.4680
  ep  20  loss=0.0163  val_mf1=0.4093
  ep  25  loss=0.0330  val_mf1=0.3200
  ep  30  loss=0.0242  val_mf1=0.4176
  best ep 15  val_mf1=0.4680  (731s)  TEST mf1=0.6343  wf1=0.8110  acc=0.8073
  Saved gated checkpoint: /mnt/extended-home/fitra_dosen/2025_iris_fer_taufik/MultimodalEmoLearn/models/frontonly_conf60/3class/Unified/fusion_early_gated_tl/checkpoints/b2.pt

[6/24]

==== fusion_early_gated_tl × 3c × B3 × lm=mediapipe/raw_136(dim=136) ====
  Train N=5287  augment=True  is_coord=True  lr=0.0001  early_fusion_mode=gated
  class counts train: [432, 4526, 329]
  ep   1  loss=0.6265  val_mf1=0.4943
  ep   5  loss=0.2286  val_mf1=0.5718
  ep  10  loss=0.1522  val_mf1=0.4433
  ep  15  loss=0.1059  val_mf1=0.4771
  ep  20  loss=0.0762  val_mf1=0.4729
  best ep 5  val_mf1=0.5718  (448s)  TEST mf1=0.6741  wf1=0.7863  acc=0.7675
  Saved gated checkpoint: /mnt/extended-home/fitra_dosen/2025_iris_fer_taufik/MultimodalEmoLearn/models/frontonly_conf60/3class/Unified/fusion_early_gated_tl/checkpoints/b3.pt

[7/24]

==== fusion_early_gated_scratch × 3c × B1 × lm=faceapi/raw_136(dim=136) ====
  Train N=5287  augment=False  is_coord=True  lr=0.001  early_fusion_mode=gated
  class counts train: [432, 4526, 329]
  ep   1  loss=0.5327  val_mf1=0.3008
  ep   5  loss=0.3736  val_mf1=0.2994
  ep  10  loss=0.2939  val_mf1=0.5062
  ep  15  loss=0.2500  val_mf1=0.5053
  ep  20  loss=0.2064  val_mf1=0.5177
  ep  25  loss=0.1728  val_mf1=0.5136
  ep  30  loss=0.1362  val_mf1=0.5124
  ep  35  loss=0.1177  val_mf1=0.4739
  ep  40  loss=0.0830  val_mf1=0.5378
  best ep 26  val_mf1=0.5793  (1805s)  TEST mf1=0.5838  wf1=0.7834  acc=0.7869
  Saved gated checkpoint: /mnt/extended-home/fitra_dosen/2025_iris_fer_taufik/MultimodalEmoLearn/models/frontonly_conf60/3class/Unified/fusion_early_gated_scratch/checkpoints/b1.pt

[8/24]

==== fusion_early_gated_scratch × 3c × B2 × lm=faceapi/raw_136(dim=136) ====
  Train N=5287  augment=False  is_coord=True  lr=0.001  early_fusion_mode=gated
  class counts train: [432, 4526, 329]
  ep   1  loss=1.0104  val_mf1=0.3578
  ep   5  loss=0.5580  val_mf1=0.4673
  ep  10  loss=0.3202  val_mf1=0.4815
  ep  15  loss=0.2062  val_mf1=0.4498
  ep  20  loss=0.1647  val_mf1=0.5496
  ep  25  loss=0.1130  val_mf1=0.5330
  ep  30  loss=0.0916  val_mf1=0.4859
  ep  35  loss=0.0960  val_mf1=0.4281
  best ep 20  val_mf1=0.5496  (1642s)  TEST mf1=0.5644  wf1=0.7542  acc=0.7449
  Saved gated checkpoint: /mnt/extended-home/fitra_dosen/2025_iris_fer_taufik/MultimodalEmoLearn/models/frontonly_conf60/3class/Unified/fusion_early_gated_scratch/checkpoints/b2.pt

[9/24]

==== fusion_early_gated_scratch × 3c × B3 × lm=faceapi/raw_136(dim=136) ====
  Train N=5287  augment=True  is_coord=True  lr=0.001  early_fusion_mode=gated
  class counts train: [432, 4526, 329]
  ep   1  loss=1.0240  val_mf1=0.5139
  ep   5  loss=0.7881  val_mf1=0.4115
  ep  10  loss=0.6425  val_mf1=0.4799
  ep  15  loss=0.5392  val_mf1=0.4730
  ep  20  loss=0.4660  val_mf1=0.5423
  ep  25  loss=0.4054  val_mf1=0.5222
  ep  30  loss=0.3613  val_mf1=0.4795
  ep  35  loss=0.3292  val_mf1=0.5136
  best ep 23  val_mf1=0.5469  (1918s)  TEST mf1=0.6128  wf1=0.7749  acc=0.7546
  Saved gated checkpoint: /mnt/extended-home/fitra_dosen/2025_iris_fer_taufik/MultimodalEmoLearn/models/frontonly_conf60/3class/Unified/fusion_early_gated_scratch/checkpoints/b3.pt

[10/24]

==== fusion_early_gated_tl × 3c × B1 × lm=faceapi/raw_136(dim=136) ====
  Train N=5287  augment=False  is_coord=True  lr=0.0001  early_fusion_mode=gated
  class counts train: [432, 4526, 329]
  ep   1  loss=0.6901  val_mf1=0.3531
  ep   5  loss=0.1262  val_mf1=0.3354
  ep  10  loss=0.0537  val_mf1=0.5026
  ep  15  loss=0.0146  val_mf1=0.4178
  ep  20  loss=0.0213  val_mf1=0.3796
  ep  25  loss=0.0205  val_mf1=0.4925
  ep  30  loss=0.0020  val_mf1=0.3962
  best ep 17  val_mf1=0.5345  (795s)  TEST mf1=0.5421  wf1=0.7771  acc=0.7922
  Saved gated checkpoint: /mnt/extended-home/fitra_dosen/2025_iris_fer_taufik/MultimodalEmoLearn/models/frontonly_conf60/3class/Unified/fusion_early_gated_tl/checkpoints/b1.pt

[11/24]

==== fusion_early_gated_tl × 3c × B2 × lm=faceapi/raw_136(dim=136) ====
  Train N=5287  augment=False  is_coord=True  lr=0.0001  early_fusion_mode=gated
  class counts train: [432, 4526, 329]
  ep   1  loss=0.4941  val_mf1=0.4423
  ep   5  loss=0.0655  val_mf1=0.5209
  ep  10  loss=0.0401  val_mf1=0.4051
  ep  15  loss=0.0350  val_mf1=0.4378
  ep  20  loss=0.0182  val_mf1=0.4551
  ep  25  loss=0.0411  val_mf1=0.4473
  ep  30  loss=0.0088  val_mf1=0.3319
  best ep 19  val_mf1=0.5391  (840s)  TEST mf1=0.6129  wf1=0.7715  acc=0.7643
  Saved gated checkpoint: /mnt/extended-home/fitra_dosen/2025_iris_fer_taufik/MultimodalEmoLearn/models/frontonly_conf60/3class/Unified/fusion_early_gated_tl/checkpoints/b2.pt

[12/24]

==== fusion_early_gated_tl × 3c × B3 × lm=faceapi/raw_136(dim=136) ====
  Train N=5287  augment=True  is_coord=True  lr=0.0001  early_fusion_mode=gated
  class counts train: [432, 4526, 329]
  ep   1  loss=0.6262  val_mf1=0.5194
  ep   5  loss=0.2227  val_mf1=0.4832
  ep  10  loss=0.1558  val_mf1=0.4950
  ep  15  loss=0.0992  val_mf1=0.4489
  ep  20  loss=0.0792  val_mf1=0.4646
  best ep 7  val_mf1=0.5843  (541s)  TEST mf1=0.7189  wf1=0.8471  acc=0.8353
  Saved gated checkpoint: /mnt/extended-home/fitra_dosen/2025_iris_fer_taufik/MultimodalEmoLearn/models/frontonly_conf60/3class/Unified/fusion_early_gated_tl/checkpoints/b3.pt

[13/24]

==== fusion_early_gated_scratch × 7c × B1 × lm=mediapipe/raw_136(dim=136) ====
  Train N=5287  augment=False  is_coord=True  lr=0.001  early_fusion_mode=gated
  class counts train: [4526, 416, 287, 27, 2, 13, 16]
  ep   1  loss=0.6338  val_mf1=0.1289
  ep   5  loss=0.3963  val_mf1=0.1765
  ep  10  loss=0.3363  val_mf1=0.2275
  ep  15  loss=0.2775  val_mf1=0.2728
  ep  20  loss=0.2198  val_mf1=0.2609
  ep  25  loss=0.1892  val_mf1=0.2723
  ep  30  loss=0.1426  val_mf1=0.2678
  best ep 15  val_mf1=0.2728  (1542s)  TEST mf1=0.2179  wf1=0.7674  acc=0.7966
  Saved gated checkpoint: /mnt/extended-home/fitra_dosen/2025_iris_fer_taufik/MultimodalEmoLearn/models/frontonly_conf60/7class/Unified/fusion_early_gated_scratch/checkpoints/b1.pt

[14/24]

==== fusion_early_gated_scratch × 7c × B2 × lm=mediapipe/raw_136(dim=136) ====
  Train N=5287  augment=False  is_coord=True  lr=0.001  early_fusion_mode=gated
  class counts train: [4526, 416, 287, 27, 2, 13, 16]
  ep   1  loss=1.2294  val_mf1=0.1564
  ep   5  loss=0.2733  val_mf1=0.2285
  ep  10  loss=0.1548  val_mf1=0.2134
  ep  15  loss=0.1101  val_mf1=0.2047
  ep  20  loss=0.0803  val_mf1=0.1988
  best ep 7  val_mf1=0.2310  (1100s)  TEST mf1=0.2129  wf1=0.6897  acc=0.6771
  Saved gated checkpoint: /mnt/extended-home/fitra_dosen/2025_iris_fer_taufik/MultimodalEmoLearn/models/frontonly_conf60/7class/Unified/fusion_early_gated_scratch/checkpoints/b2.pt

[15/24]

==== fusion_early_gated_scratch × 7c × B3 × lm=mediapipe/raw_136(dim=136) ====
  Train N=5287  augment=True  is_coord=True  lr=0.001  early_fusion_mode=gated
  class counts train: [4526, 416, 287, 27, 2, 13, 16]
  ep   1  loss=1.4830  val_mf1=0.1643
  ep   5  loss=0.5938  val_mf1=0.1530
  ep  10  loss=0.4184  val_mf1=0.1862
  ep  15  loss=0.3519  val_mf1=0.2070
  ep  20  loss=0.3021  val_mf1=0.2327
  ep  25  loss=0.2856  val_mf1=0.2251
  ep  30  loss=0.2517  val_mf1=0.2373
  ep  35  loss=0.2234  val_mf1=0.2143
  ep  40  loss=0.2119  val_mf1=0.2183
  best ep 27  val_mf1=0.2517  (2104s)  TEST mf1=0.2723  wf1=0.7995  acc=0.7836
  Saved gated checkpoint: /mnt/extended-home/fitra_dosen/2025_iris_fer_taufik/MultimodalEmoLearn/models/frontonly_conf60/7class/Unified/fusion_early_gated_scratch/checkpoints/b3.pt

[16/24]

==== fusion_early_gated_tl × 7c × B1 × lm=mediapipe/raw_136(dim=136) ====
  Train N=5287  augment=False  is_coord=True  lr=0.0001  early_fusion_mode=gated
  class counts train: [4526, 416, 287, 27, 2, 13, 16]
  ep   1  loss=1.1753  val_mf1=0.2024
  ep   5  loss=0.1646  val_mf1=0.1748
  ep  10  loss=0.0543  val_mf1=0.1799
  ep  15  loss=0.0363  val_mf1=0.1928
  ep  20  loss=0.0214  val_mf1=0.1675
  ep  25  loss=0.0164  val_mf1=0.1936
  ep  30  loss=0.0122  val_mf1=0.1877
  ep  35  loss=0.0032  val_mf1=0.1982
  ep  40  loss=0.0017  val_mf1=0.1941
  best ep 26  val_mf1=0.2167  (1041s)  TEST mf1=0.2725  wf1=0.8075  acc=0.8105
  Saved gated checkpoint: /mnt/extended-home/fitra_dosen/2025_iris_fer_taufik/MultimodalEmoLearn/models/frontonly_conf60/7class/Unified/fusion_early_gated_tl/checkpoints/b1.pt

[17/24]

==== fusion_early_gated_tl × 7c × B2 × lm=mediapipe/raw_136(dim=136) ====
  Train N=5287  augment=False  is_coord=True  lr=0.0001  early_fusion_mode=gated
  class counts train: [4526, 416, 287, 27, 2, 13, 16]
  ep   1  loss=0.5459  val_mf1=0.2515
  ep   5  loss=0.0702  val_mf1=0.2300
  ep  10  loss=0.0485  val_mf1=0.2706
  ep  15  loss=0.0236  val_mf1=0.2392
  ep  20  loss=0.0410  val_mf1=0.1757
  ep  25  loss=0.0121  val_mf1=0.1908
  best ep 10  val_mf1=0.2706  (604s)  TEST mf1=0.2975  wf1=0.8333  acc=0.8267
  Saved gated checkpoint: /mnt/extended-home/fitra_dosen/2025_iris_fer_taufik/MultimodalEmoLearn/models/frontonly_conf60/7class/Unified/fusion_early_gated_tl/checkpoints/b2.pt

[18/24]

==== fusion_early_gated_tl × 7c × B3 × lm=mediapipe/raw_136(dim=136) ====
  Train N=5287  augment=True  is_coord=True  lr=0.0001  early_fusion_mode=gated
  class counts train: [4526, 416, 287, 27, 2, 13, 16]
  ep   1  loss=0.7436  val_mf1=0.2685
  ep   5  loss=0.1808  val_mf1=0.2339
  ep  10  loss=0.1164  val_mf1=0.2244
  ep  15  loss=0.0795  val_mf1=0.2440
  best ep 2  val_mf1=0.2840  (419s)  TEST mf1=0.2965  wf1=0.8107  acc=0.7966
  Saved gated checkpoint: /mnt/extended-home/fitra_dosen/2025_iris_fer_taufik/MultimodalEmoLearn/models/frontonly_conf60/7class/Unified/fusion_early_gated_tl/checkpoints/b3.pt

[19/24]

==== fusion_early_gated_scratch × 7c × B1 × lm=faceapi/raw_136(dim=136) ====
  Train N=5287  augment=False  is_coord=True  lr=0.001  early_fusion_mode=gated
  class counts train: [4526, 416, 287, 27, 2, 13, 16]
  ep   1  loss=0.6410  val_mf1=0.1289
  ep   5  loss=0.3967  val_mf1=0.1947
  ep  10  loss=0.3381  val_mf1=0.2022
  ep  15  loss=0.2806  val_mf1=0.2432
  ep  20  loss=0.2445  val_mf1=0.2454
  ep  25  loss=0.2118  val_mf1=0.2569
  ep  30  loss=0.1612  val_mf1=0.2462
  ep  35  loss=0.1364  val_mf1=0.2319
  ep  40  loss=0.1185  val_mf1=0.2392
  best ep 25  val_mf1=0.2569  (2038s)  TEST mf1=0.2123  wf1=0.7534  acc=0.7815
  Saved gated checkpoint: /mnt/extended-home/fitra_dosen/2025_iris_fer_taufik/MultimodalEmoLearn/models/frontonly_conf60/7class/Unified/fusion_early_gated_scratch/checkpoints/b1.pt

[20/24]

==== fusion_early_gated_scratch × 7c × B2 × lm=faceapi/raw_136(dim=136) ====
  Train N=5287  augment=False  is_coord=True  lr=0.001  early_fusion_mode=gated
  class counts train: [4526, 416, 287, 27, 2, 13, 16]
  ep   1  loss=1.2242  val_mf1=0.1615
  ep   5  loss=0.2729  val_mf1=0.2378
  ep  10  loss=0.1500  val_mf1=0.2189
  ep  15  loss=0.1116  val_mf1=0.2405
  ep  20  loss=0.0893  val_mf1=0.2156
  best ep 9  val_mf1=0.2476  (1207s)  TEST mf1=0.2257  wf1=0.7353  acc=0.7298
  Saved gated checkpoint: /mnt/extended-home/fitra_dosen/2025_iris_fer_taufik/MultimodalEmoLearn/models/frontonly_conf60/7class/Unified/fusion_early_gated_scratch/checkpoints/b2.pt

[21/24]

==== fusion_early_gated_scratch × 7c × B3 × lm=faceapi/raw_136(dim=136) ====
  Train N=5287  augment=True  is_coord=True  lr=0.001  early_fusion_mode=gated
  class counts train: [4526, 416, 287, 27, 2, 13, 16]
  ep   1  loss=1.4691  val_mf1=0.0901
  ep   5  loss=0.5791  val_mf1=0.1184
  ep  10  loss=0.4132  val_mf1=0.2054
  ep  15  loss=0.3454  val_mf1=0.2187
  ep  20  loss=0.2915  val_mf1=0.2456
  ep  25  loss=0.2735  val_mf1=0.2093
  ep  30  loss=0.2426  val_mf1=0.2470
  ep  35  loss=0.2267  val_mf1=0.2050
  ep  40  loss=0.2093  val_mf1=0.2309
  ep  45  loss=0.1931  val_mf1=0.2311
  best ep 32  val_mf1=0.2472  (2381s)  TEST mf1=0.2440  wf1=0.7398  acc=0.7051
  Saved gated checkpoint: /mnt/extended-home/fitra_dosen/2025_iris_fer_taufik/MultimodalEmoLearn/models/frontonly_conf60/7class/Unified/fusion_early_gated_scratch/checkpoints/b3.pt

[22/24]

==== fusion_early_gated_tl × 7c × B1 × lm=faceapi/raw_136(dim=136) ====
  Train N=5287  augment=False  is_coord=True  lr=0.0001  early_fusion_mode=gated
  class counts train: [4526, 416, 287, 27, 2, 13, 16]
  ep   1  loss=1.1768  val_mf1=0.1832
  ep   5  loss=0.1662  val_mf1=0.1822
  ep  10  loss=0.0578  val_mf1=0.1619
  ep  15  loss=0.0419  val_mf1=0.1631
  best ep 1  val_mf1=0.1832  (407s)  TEST mf1=0.2389  wf1=0.7377  acc=0.7664
  Saved gated checkpoint: /mnt/extended-home/fitra_dosen/2025_iris_fer_taufik/MultimodalEmoLearn/models/frontonly_conf60/7class/Unified/fusion_early_gated_tl/checkpoints/b1.pt

[23/24]

==== fusion_early_gated_tl × 7c × B2 × lm=faceapi/raw_136(dim=136) ====
  Train N=5287  augment=False  is_coord=True  lr=0.0001  early_fusion_mode=gated
  class counts train: [4526, 416, 287, 27, 2, 13, 16]
  ep   1  loss=0.5457  val_mf1=0.2578
  ep   5  loss=0.0690  val_mf1=0.2715
  ep  10  loss=0.0528  val_mf1=0.2191
  ep  15  loss=0.0264  val_mf1=0.2293
  ep  20  loss=0.0193  val_mf1=0.1767
  best ep 5  val_mf1=0.2715  (501s)  TEST mf1=0.3069  wf1=0.8424  acc=0.8342
  Saved gated checkpoint: /mnt/extended-home/fitra_dosen/2025_iris_fer_taufik/MultimodalEmoLearn/models/frontonly_conf60/7class/Unified/fusion_early_gated_tl/checkpoints/b2.pt

[24/24]

==== fusion_early_gated_tl × 7c × B3 × lm=faceapi/raw_136(dim=136) ====
  Train N=5287  augment=True  is_coord=True  lr=0.0001  early_fusion_mode=gated
  class counts train: [4526, 416, 287, 27, 2, 13, 16]
  ep   1  loss=0.7426  val_mf1=0.2737
  ep   5  loss=0.1751  val_mf1=0.2642
  ep  10  loss=0.1149  val_mf1=0.2155
  ep  15  loss=0.0779  val_mf1=0.2563
  best ep 2  val_mf1=0.2779  (423s)  TEST mf1=0.2965  wf1=0.8073  acc=0.7922
  Saved gated checkpoint: /mnt/extended-home/fitra_dosen/2025_iris_fer_taufik/MultimodalEmoLearn/models/frontonly_conf60/7class/Unified/fusion_early_gated_tl/checkpoints/b3.pt

Sweep done: trained=24, skipped_existing=0
Saved: /mnt/extended-home/fitra_dosen/2025_iris_fer_taufik/MultimodalEmoLearn/models/frontonly_conf60/3class/Unified/fusion_early_gated_scratch/results.json
Saved: /mnt/extended-home/fitra_dosen/2025_iris_fer_taufik/MultimodalEmoLearn/models/frontonly_conf60/3class/Unified/fusion_early_gated_tl/results.json
Saved: /mnt/extended-home/fitra_dosen/2025_iris_fer_taufik/MultimodalEmoLearn/models/frontonly_conf60/3class/Unified/fusion_early_gated_scratch_faceapi/results.json
Saved: /mnt/extended-home/fitra_dosen/2025_iris_fer_taufik/MultimodalEmoLearn/models/frontonly_conf60/3class/Unified/fusion_early_gated_tl_faceapi/results.json
Saved: /mnt/extended-home/fitra_dosen/2025_iris_fer_taufik/MultimodalEmoLearn/models/frontonly_conf60/7class/Unified/fusion_early_gated_scratch/results.json
Saved: /mnt/extended-home/fitra_dosen/2025_iris_fer_taufik/MultimodalEmoLearn/models/frontonly_conf60/7class/Unified/fusion_early_gated_tl/results.json
Saved: /mnt/extended-home/fitra_dosen/2025_iris_fer_taufik/MultimodalEmoLearn/models/frontonly_conf60/7class/Unified/fusion_early_gated_scratch_faceapi/results.json
Saved: /mnt/extended-home/fitra_dosen/2025_iris_fer_taufik/MultimodalEmoLearn/models/frontonly_conf60/7class/Unified/fusion_early_gated_tl_faceapi/results.json

========================================================================================================================
SUMMARY: Unified protocol fusion macro_f1
========================================================================================================================
  scheme  fusion         mode    variant   feature           lm_src            B1        B2        B3
  3c     early          gated   scratch   raw_136           mediapipe     0.4112    0.3852    0.6141
  3c     early          gated   tl        raw_136           mediapipe     0.6634    0.6343    0.6741
  3c     early          gated   scratch   raw_136           faceapi       0.5838    0.5644    0.6128
  3c     early          gated   tl        raw_136           faceapi       0.5421    0.6129    0.7189
  7c     early          gated   scratch   raw_136           mediapipe     0.2179    0.2129    0.2723
  7c     early          gated   tl        raw_136           mediapipe     0.2725    0.2975    0.2965
  7c     early          gated   scratch   raw_136           faceapi       0.2123    0.2257    0.2440
  7c     early          gated   tl        raw_136           faceapi       0.2389    0.3069    0.2965

===================================================================
=== Gated Early Fusion SEKUNDER (4 datasets, GPU 2) ===
===================================================================
--- kdef_7class ---
Device: cuda
DATA_DIR: /mnt/extended-home/fitra_dosen/2025_iris_fer_taufik/MultimodalEmoLearn/data/benchmark/kdef_7class
Output: /mnt/extended-home/fitra_dosen/2025_iris_fer_taufik/MultimodalEmoLearn/models/benchmark/kdef_7class
Total runs: 4

[1/4]

==== fusion_early_gated_scratch × 3c × B1 × lm=mediapipe/raw_136(dim=136) ====
  Train N=2353  augment=False  is_coord=True  lr=0.001  early_fusion_mode=gated
  class counts train: [674, 334, 1345]
  ep   1  loss=1.0093  val_mf1=0.4542
  ep   5  loss=0.4660  val_mf1=0.8122
  ep  10  loss=0.3443  val_mf1=0.8445
  ep  15  loss=0.2497  val_mf1=0.8683
  ep  20  loss=0.2042  val_mf1=0.8826
  ep  25  loss=0.1339  val_mf1=0.8915
  ep  30  loss=0.1113  val_mf1=0.8220
  ep  35  loss=0.1005  val_mf1=0.8515
  ep  40  loss=0.0651  val_mf1=0.8252
  ep  45  loss=0.0669  val_mf1=0.8985
  ep  50  loss=0.0710  val_mf1=0.8856
  best ep 46  val_mf1=0.9049  (1139s)  TEST mf1=0.7679  wf1=0.7942  acc=0.7925
  Saved gated checkpoint: /mnt/extended-home/fitra_dosen/2025_iris_fer_taufik/MultimodalEmoLearn/models/benchmark/kdef_7class/3class/Unified/fusion_early_gated_scratch/checkpoints/b1.pt

[2/4]

==== fusion_early_gated_tl × 3c × B1 × lm=mediapipe/raw_136(dim=136) ====
  Train N=2353  augment=False  is_coord=True  lr=0.0001  early_fusion_mode=gated
  class counts train: [674, 334, 1345]
  ep   1  loss=0.6543  val_mf1=0.8893
  ep   5  loss=0.0417  val_mf1=0.9510
  ep  10  loss=0.0392  val_mf1=0.9417
  ep  15  loss=0.0106  val_mf1=0.9675
  ep  20  loss=0.0226  val_mf1=0.9346
  ep  25  loss=0.0113  val_mf1=0.9631
  ep  30  loss=0.0156  val_mf1=0.9241
  ep  35  loss=0.0441  val_mf1=0.9589
  best ep 23  val_mf1=0.9720  (658s)  TEST mf1=0.9009  wf1=0.9181  acc=0.9184
  Saved gated checkpoint: /mnt/extended-home/fitra_dosen/2025_iris_fer_taufik/MultimodalEmoLearn/models/benchmark/kdef_7class/3class/Unified/fusion_early_gated_tl/checkpoints/b1.pt

[3/4]

==== fusion_early_gated_scratch × 7c × B1 × lm=mediapipe/raw_136(dim=136) ====
  Train N=2353  augment=False  is_coord=True  lr=0.001  early_fusion_mode=gated
  class counts train: [334, 337, 336, 337, 338, 334, 337]
  ep   1  loss=1.9700  val_mf1=0.3563
  ep   5  loss=0.9361  val_mf1=0.6827
  ep  10  loss=0.6580  val_mf1=0.7884
  ep  15  loss=0.4320  val_mf1=0.7619
  ep  20  loss=0.3327  val_mf1=0.7705
  ep  25  loss=0.2359  val_mf1=0.8247
  ep  30  loss=0.1766  val_mf1=0.8057
  ep  35  loss=0.1343  val_mf1=0.7924
  ep  40  loss=0.1372  val_mf1=0.8106
  best ep 25  val_mf1=0.8247  (1345s)  TEST mf1=0.7372  wf1=0.7372  acc=0.7449
  Saved gated checkpoint: /mnt/extended-home/fitra_dosen/2025_iris_fer_taufik/MultimodalEmoLearn/models/benchmark/kdef_7class/7class/Unified/fusion_early_gated_scratch/checkpoints/b1.pt

[4/4]

==== fusion_early_gated_tl × 7c × B1 × lm=mediapipe/raw_136(dim=136) ====
  Train N=2353  augment=False  is_coord=True  lr=0.0001  early_fusion_mode=gated
  class counts train: [334, 337, 336, 337, 338, 334, 337]
  ep   1  loss=1.4420  val_mf1=0.7103
  ep   5  loss=0.1128  val_mf1=0.8433
  ep  10  loss=0.0388  val_mf1=0.8717
  ep  15  loss=0.0231  val_mf1=0.9019
  ep  20  loss=0.0494  val_mf1=0.8438
  ep  25  loss=0.0447  val_mf1=0.8638
  ep  30  loss=0.0058  val_mf1=0.8890
  best ep 15  val_mf1=0.9019  (522s)  TEST mf1=0.8975  wf1=0.8975  acc=0.8980
  Saved gated checkpoint: /mnt/extended-home/fitra_dosen/2025_iris_fer_taufik/MultimodalEmoLearn/models/benchmark/kdef_7class/7class/Unified/fusion_early_gated_tl/checkpoints/b1.pt

Sweep done: trained=4, skipped_existing=0
Saved: /mnt/extended-home/fitra_dosen/2025_iris_fer_taufik/MultimodalEmoLearn/models/benchmark/kdef_7class/3class/Unified/fusion_early_gated_scratch/results.json
Saved: /mnt/extended-home/fitra_dosen/2025_iris_fer_taufik/MultimodalEmoLearn/models/benchmark/kdef_7class/3class/Unified/fusion_early_gated_tl/results.json
Saved: /mnt/extended-home/fitra_dosen/2025_iris_fer_taufik/MultimodalEmoLearn/models/benchmark/kdef_7class/7class/Unified/fusion_early_gated_scratch/results.json
Saved: /mnt/extended-home/fitra_dosen/2025_iris_fer_taufik/MultimodalEmoLearn/models/benchmark/kdef_7class/7class/Unified/fusion_early_gated_tl/results.json

========================================================================================================================
SUMMARY: Unified protocol fusion macro_f1
========================================================================================================================
  scheme  fusion         mode    variant   feature           lm_src            B1        B2        B3
  3c     early          gated   scratch   raw_136           mediapipe     0.7679       nan       nan
  3c     early          gated   tl        raw_136           mediapipe     0.9009       nan       nan
  7c     early          gated   scratch   raw_136           mediapipe     0.7372       nan       nan
  7c     early          gated   tl        raw_136           mediapipe     0.8975       nan       nan
--- rafdb_7class ---
Device: cuda
DATA_DIR: /mnt/extended-home/fitra_dosen/2025_iris_fer_taufik/MultimodalEmoLearn/data/benchmark/rafdb_7class
Output: /mnt/extended-home/fitra_dosen/2025_iris_fer_taufik/MultimodalEmoLearn/models/benchmark/rafdb_7class
Total runs: 4

[1/4]

==== fusion_early_gated_scratch × 3c × B1 × lm=mediapipe/raw_136(dim=136) ====
  Train N=9404  augment=False  is_coord=True  lr=0.001  early_fusion_mode=gated
  class counts train: [4726, 1880, 2798]
  ep   1  loss=0.8787  val_mf1=0.6115
  ep   5  loss=0.6543  val_mf1=0.6695
  ep  10  loss=0.5117  val_mf1=0.7196
  ep  15  loss=0.3441  val_mf1=0.7595
  ep  20  loss=0.1925  val_mf1=0.7512
  ep  25  loss=0.1243  val_mf1=0.7492
  ep  30  loss=0.0845  val_mf1=0.7554
  best ep 15  val_mf1=0.7595  (3923s)  TEST mf1=0.7592  wf1=0.7853  acc=0.7841
  Saved gated checkpoint: /mnt/extended-home/fitra_dosen/2025_iris_fer_taufik/MultimodalEmoLearn/models/benchmark/rafdb_7class/3class/Unified/fusion_early_gated_scratch/checkpoints/b1.pt

[2/4]

==== fusion_early_gated_tl × 3c × B1 × lm=mediapipe/raw_136(dim=136) ====
  Train N=9404  augment=False  is_coord=True  lr=0.0001  early_fusion_mode=gated
  class counts train: [4726, 1880, 2798]
  ep   1  loss=0.7125  val_mf1=0.7560
  ep   5  loss=0.1059  val_mf1=0.7843
  ep  10  loss=0.0454  val_mf1=0.7608
  ep  15  loss=0.0448  val_mf1=0.7944
  ep  20  loss=0.0434  val_mf1=0.7974
  ep  25  loss=0.0220  val_mf1=0.7867
  ep  30  loss=0.0275  val_mf1=0.7968
  ep  35  loss=0.0207  val_mf1=0.7953
  ep  40  loss=0.0133  val_mf1=0.7995
  ep  45  loss=0.0295  val_mf1=0.7866
  ep  50  loss=0.0226  val_mf1=0.8046
  best ep 49  val_mf1=0.8173  (3322s)  TEST mf1=0.8072  wf1=0.8296  acc=0.8280
  Saved gated checkpoint: /mnt/extended-home/fitra_dosen/2025_iris_fer_taufik/MultimodalEmoLearn/models/benchmark/rafdb_7class/3class/Unified/fusion_early_gated_tl/checkpoints/b1.pt

[3/4]

==== fusion_early_gated_scratch × 7c × B1 × lm=mediapipe/raw_136(dim=136) ====
  Train N=9404  augment=False  is_coord=True  lr=0.001  early_fusion_mode=gated
  class counts train: [1880, 3725, 1515, 511, 212, 560, 1001]
  ep   1  loss=1.3449  val_mf1=0.4160
  ep   5  loss=0.9231  val_mf1=0.5518
  ep  10  loss=0.6217  val_mf1=0.6226
  ep  15  loss=0.3418  val_mf1=0.6423
  ep  20  loss=0.1954  val_mf1=0.6488
  ep  25  loss=0.1247  val_mf1=0.6413
  ep  30  loss=0.0959  val_mf1=0.6446
  ep  35  loss=0.0619  val_mf1=0.6272
  best ep 21  val_mf1=0.6582  (4903s)  TEST mf1=0.6649  wf1=0.7619  acc=0.7616
  Saved gated checkpoint: /mnt/extended-home/fitra_dosen/2025_iris_fer_taufik/MultimodalEmoLearn/models/benchmark/rafdb_7class/7class/Unified/fusion_early_gated_scratch/checkpoints/b1.pt

[4/4]

==== fusion_early_gated_tl × 7c × B1 × lm=mediapipe/raw_136(dim=136) ====
  Train N=9404  augment=False  is_coord=True  lr=0.0001  early_fusion_mode=gated
  class counts train: [1880, 3725, 1515, 511, 212, 560, 1001]
  ep   1  loss=1.1953  val_mf1=0.5732
  ep   5  loss=0.1250  val_mf1=0.6581
  ep  10  loss=0.0664  val_mf1=0.6524
  ep  15  loss=0.0413  val_mf1=0.6477
  ep  20  loss=0.0398  val_mf1=0.6615
  best ep 7  val_mf1=0.6912  (1509s)  TEST mf1=0.6813  wf1=0.7736  acc=0.7772
  Saved gated checkpoint: /mnt/extended-home/fitra_dosen/2025_iris_fer_taufik/MultimodalEmoLearn/models/benchmark/rafdb_7class/7class/Unified/fusion_early_gated_tl/checkpoints/b1.pt

Sweep done: trained=4, skipped_existing=0
Saved: /mnt/extended-home/fitra_dosen/2025_iris_fer_taufik/MultimodalEmoLearn/models/benchmark/rafdb_7class/3class/Unified/fusion_early_gated_scratch/results.json
Saved: /mnt/extended-home/fitra_dosen/2025_iris_fer_taufik/MultimodalEmoLearn/models/benchmark/rafdb_7class/3class/Unified/fusion_early_gated_tl/results.json
Saved: /mnt/extended-home/fitra_dosen/2025_iris_fer_taufik/MultimodalEmoLearn/models/benchmark/rafdb_7class/7class/Unified/fusion_early_gated_scratch/results.json
Saved: /mnt/extended-home/fitra_dosen/2025_iris_fer_taufik/MultimodalEmoLearn/models/benchmark/rafdb_7class/7class/Unified/fusion_early_gated_tl/results.json

========================================================================================================================
SUMMARY: Unified protocol fusion macro_f1
========================================================================================================================
  scheme  fusion         mode    variant   feature           lm_src            B1        B2        B3
  3c     early          gated   scratch   raw_136           mediapipe     0.7592       nan       nan
  3c     early          gated   tl        raw_136           mediapipe     0.8072       nan       nan
  7c     early          gated   scratch   raw_136           mediapipe     0.6649       nan       nan
  7c     early          gated   tl        raw_136           mediapipe     0.6813       nan       nan
--- ckplus_7class ---
Device: cuda
DATA_DIR: /mnt/extended-home/fitra_dosen/2025_iris_fer_taufik/MultimodalEmoLearn/data/benchmark/ckplus_7class
Output: /mnt/extended-home/fitra_dosen/2025_iris_fer_taufik/MultimodalEmoLearn/models/benchmark/ckplus_7class
Total runs: 4

[1/4]

==== fusion_early_gated_scratch × 3c × B1 × lm=mediapipe/raw_136(dim=136) ====
  Train N=508  augment=False  is_coord=True  lr=0.001  early_fusion_mode=gated
  class counts train: [123, 260, 125]
  ep   1  loss=1.1734  val_mf1=0.2286
  ep   5  loss=1.0680  val_mf1=0.3173
  ep  10  loss=1.0327  val_mf1=0.3346
  ep  15  loss=0.8252  val_mf1=0.4975
  ep  20  loss=0.6362  val_mf1=0.5924
  ep  25  loss=0.5374  val_mf1=0.6931
  ep  30  loss=0.4964  val_mf1=0.7417
  ep  35  loss=0.4100  val_mf1=0.6964
  ep  40  loss=0.2717  val_mf1=0.8407
  ep  45  loss=0.3223  val_mf1=0.7714
  ep  50  loss=0.2580  val_mf1=0.8343
  best ep 47  val_mf1=0.8480  (375s)  TEST mf1=0.8023  wf1=0.7921  acc=0.7966
  Saved gated checkpoint: /mnt/extended-home/fitra_dosen/2025_iris_fer_taufik/MultimodalEmoLearn/models/benchmark/ckplus_7class/3class/Unified/fusion_early_gated_scratch/checkpoints/b1.pt

[2/4]

==== fusion_early_gated_tl × 3c × B1 × lm=mediapipe/raw_136(dim=136) ====
  Train N=508  augment=False  is_coord=True  lr=0.0001  early_fusion_mode=gated
  class counts train: [123, 260, 125]
  ep   1  loss=1.1239  val_mf1=0.4491
  ep   5  loss=0.1142  val_mf1=0.8042
  ep  10  loss=0.0495  val_mf1=0.9142
  ep  15  loss=0.0285  val_mf1=0.9492
  ep  20  loss=0.0283  val_mf1=0.9068
  ep  25  loss=0.0504  val_mf1=0.9154
  ep  30  loss=0.0391  val_mf1=0.9105
  best ep 15  val_mf1=0.9492  (122s)  TEST mf1=0.9315  wf1=0.9332  acc=0.9322
  Saved gated checkpoint: /mnt/extended-home/fitra_dosen/2025_iris_fer_taufik/MultimodalEmoLearn/models/benchmark/ckplus_7class/3class/Unified/fusion_early_gated_tl/checkpoints/b1.pt

[3/4]

==== fusion_early_gated_scratch × 7c × B1 × lm=mediapipe/raw_136(dim=136) ====
  Train N=508  augment=False  is_coord=True  lr=0.001  early_fusion_mode=gated
  class counts train: [260, 57, 23, 35, 17, 50, 66]
  ep   1  loss=1.8972  val_mf1=0.0980
  ep   5  loss=1.5027  val_mf1=0.1907
  ep  10  loss=1.2740  val_mf1=0.3005
  ep  15  loss=1.0495  val_mf1=0.3207
  ep  20  loss=0.8545  val_mf1=0.3538
  ep  25  loss=0.6660  val_mf1=0.4747
  ep  30  loss=0.4877  val_mf1=0.4461
  ep  35  loss=0.3932  val_mf1=0.3279
  ep  40  loss=0.2726  val_mf1=0.4645
  ep  45  loss=0.2703  val_mf1=0.4398
  ep  50  loss=0.1946  val_mf1=0.5054
  best ep 42  val_mf1=0.5434  (373s)  TEST mf1=0.5481  wf1=0.6672  acc=0.6610
  Saved gated checkpoint: /mnt/extended-home/fitra_dosen/2025_iris_fer_taufik/MultimodalEmoLearn/models/benchmark/ckplus_7class/7class/Unified/fusion_early_gated_scratch/checkpoints/b1.pt

[4/4]

==== fusion_early_gated_tl × 7c × B1 × lm=mediapipe/raw_136(dim=136) ====
  Train N=508  augment=False  is_coord=True  lr=0.0001  early_fusion_mode=gated
  class counts train: [260, 57, 23, 35, 17, 50, 66]
  ep   1  loss=2.0776  val_mf1=0.1666
  ep   5  loss=0.4306  val_mf1=0.4879
  ep  10  loss=0.1305  val_mf1=0.7137
  ep  15  loss=0.0724  val_mf1=0.8385
  ep  20  loss=0.0554  val_mf1=0.8385
  ep  25  loss=0.0460  val_mf1=0.8485
  ep  30  loss=0.0469  val_mf1=0.7527
  best ep 18  val_mf1=0.8596  (133s)  TEST mf1=0.7446  wf1=0.8264  acc=0.8305
  Saved gated checkpoint: /mnt/extended-home/fitra_dosen/2025_iris_fer_taufik/MultimodalEmoLearn/models/benchmark/ckplus_7class/7class/Unified/fusion_early_gated_tl/checkpoints/b1.pt

Sweep done: trained=4, skipped_existing=0
Saved: /mnt/extended-home/fitra_dosen/2025_iris_fer_taufik/MultimodalEmoLearn/models/benchmark/ckplus_7class/3class/Unified/fusion_early_gated_scratch/results.json
Saved: /mnt/extended-home/fitra_dosen/2025_iris_fer_taufik/MultimodalEmoLearn/models/benchmark/ckplus_7class/3class/Unified/fusion_early_gated_tl/results.json
Saved: /mnt/extended-home/fitra_dosen/2025_iris_fer_taufik/MultimodalEmoLearn/models/benchmark/ckplus_7class/7class/Unified/fusion_early_gated_scratch/results.json
Saved: /mnt/extended-home/fitra_dosen/2025_iris_fer_taufik/MultimodalEmoLearn/models/benchmark/ckplus_7class/7class/Unified/fusion_early_gated_tl/results.json

========================================================================================================================
SUMMARY: Unified protocol fusion macro_f1
========================================================================================================================
  scheme  fusion         mode    variant   feature           lm_src            B1        B2        B3
  3c     early          gated   scratch   raw_136           mediapipe     0.8023       nan       nan
  3c     early          gated   tl        raw_136           mediapipe     0.9315       nan       nan
  7c     early          gated   scratch   raw_136           mediapipe     0.5481       nan       nan
  7c     early          gated   tl        raw_136           mediapipe     0.7446       nan       nan
--- jaffe_7class ---
Device: cuda
DATA_DIR: /mnt/extended-home/fitra_dosen/2025_iris_fer_taufik/MultimodalEmoLearn/data/benchmark/jaffe_7class
Output: /mnt/extended-home/fitra_dosen/2025_iris_fer_taufik/MultimodalEmoLearn/models/benchmark/jaffe_7class
Total runs: 4

[1/4]

==== fusion_early_gated_scratch × 3c × B1 × lm=mediapipe/raw_136(dim=136) ====
  Train N=152  augment=False  is_coord=True  lr=0.001  early_fusion_mode=gated
  class counts train: [44, 21, 87]
  ep   1  loss=1.1985  val_mf1=0.1481
  ep   5  loss=1.0632  val_mf1=0.2424
  ep  10  loss=0.7813  val_mf1=0.1481
  ep  15  loss=0.6063  val_mf1=0.3352
  ep  20  loss=0.4952  val_mf1=0.7616
  ep  25  loss=0.3982  val_mf1=0.4111
  ep  30  loss=0.2776  val_mf1=0.7778
  ep  35  loss=0.2903  val_mf1=0.5128
  ep  40  loss=0.1573  val_mf1=0.4893
  best ep 29  val_mf1=0.8442  (108s)  TEST mf1=0.3426  wf1=0.4375  acc=0.4750
  Saved gated checkpoint: /mnt/extended-home/fitra_dosen/2025_iris_fer_taufik/MultimodalEmoLearn/models/benchmark/jaffe_7class/3class/Unified/fusion_early_gated_scratch/checkpoints/b1.pt

[2/4]

==== fusion_early_gated_tl × 3c × B1 × lm=mediapipe/raw_136(dim=136) ====
  Train N=152  augment=False  is_coord=True  lr=0.0001  early_fusion_mode=gated
  class counts train: [44, 21, 87]
  ep   1  loss=0.9178  val_mf1=0.4759
  ep   5  loss=0.1758  val_mf1=0.2424
  ep  10  loss=0.0577  val_mf1=0.5897
  ep  15  loss=0.0477  val_mf1=0.5079
  ep  20  loss=0.0312  val_mf1=0.4772
  ep  25  loss=0.0383  val_mf1=0.5079
  best ep 10  val_mf1=0.5897  (37s)  TEST mf1=0.3614  wf1=0.4696  acc=0.5000
  Saved gated checkpoint: /mnt/extended-home/fitra_dosen/2025_iris_fer_taufik/MultimodalEmoLearn/models/benchmark/jaffe_7class/3class/Unified/fusion_early_gated_tl/checkpoints/b1.pt

[3/4]

==== fusion_early_gated_scratch × 7c × B1 × lm=mediapipe/raw_136(dim=136) ====
  Train N=152  augment=False  is_coord=True  lr=0.001  early_fusion_mode=gated
  class counts train: [21, 23, 22, 21, 23, 21, 21]
  ep   1  loss=2.0580  val_mf1=0.0357
  ep   5  loss=2.0046  val_mf1=0.0357
  ep  10  loss=1.8190  val_mf1=0.0357
  ep  15  loss=1.6889  val_mf1=0.0357
  ep  20  loss=1.6236  val_mf1=0.2048
  ep  25  loss=1.2049  val_mf1=0.3016
  ep  30  loss=1.0626  val_mf1=0.4765
  ep  35  loss=0.8185  val_mf1=0.5187
  ep  40  loss=0.6364  val_mf1=0.5724
  ep  45  loss=0.3411  val_mf1=0.6224
  ep  50  loss=0.3465  val_mf1=0.6650
  best ep 46  val_mf1=0.7449  (121s)  TEST mf1=0.3044  wf1=0.3013  acc=0.3750
  Saved gated checkpoint: /mnt/extended-home/fitra_dosen/2025_iris_fer_taufik/MultimodalEmoLearn/models/benchmark/jaffe_7class/7class/Unified/fusion_early_gated_scratch/checkpoints/b1.pt

[4/4]

==== fusion_early_gated_tl × 7c × B1 × lm=mediapipe/raw_136(dim=136) ====
  Train N=152  augment=False  is_coord=True  lr=0.0001  early_fusion_mode=gated
  class counts train: [21, 23, 22, 21, 23, 21, 21]
  ep   1  loss=1.9541  val_mf1=0.0357
  ep   5  loss=0.6066  val_mf1=0.2271
  ep  10  loss=0.2319  val_mf1=0.2341
  ep  15  loss=0.1227  val_mf1=0.4333
  ep  20  loss=0.0808  val_mf1=0.5102
  ep  25  loss=0.0654  val_mf1=0.5010
  ep  30  loss=0.0571  val_mf1=0.5986
  ep  35  loss=0.0573  val_mf1=0.6905
  ep  40  loss=0.0437  val_mf1=0.6446
  ep  45  loss=0.0441  val_mf1=0.7027
  ep  50  loss=0.0413  val_mf1=0.7027
  best ep 43  val_mf1=0.7027  (75s)  TEST mf1=0.2347  wf1=0.2339  acc=0.3000
  Saved gated checkpoint: /mnt/extended-home/fitra_dosen/2025_iris_fer_taufik/MultimodalEmoLearn/models/benchmark/jaffe_7class/7class/Unified/fusion_early_gated_tl/checkpoints/b1.pt

Sweep done: trained=4, skipped_existing=0
Saved: /mnt/extended-home/fitra_dosen/2025_iris_fer_taufik/MultimodalEmoLearn/models/benchmark/jaffe_7class/3class/Unified/fusion_early_gated_scratch/results.json
Saved: /mnt/extended-home/fitra_dosen/2025_iris_fer_taufik/MultimodalEmoLearn/models/benchmark/jaffe_7class/3class/Unified/fusion_early_gated_tl/results.json
Saved: /mnt/extended-home/fitra_dosen/2025_iris_fer_taufik/MultimodalEmoLearn/models/benchmark/jaffe_7class/7class/Unified/fusion_early_gated_scratch/results.json
Saved: /mnt/extended-home/fitra_dosen/2025_iris_fer_taufik/MultimodalEmoLearn/models/benchmark/jaffe_7class/7class/Unified/fusion_early_gated_tl/results.json

========================================================================================================================
SUMMARY: Unified protocol fusion macro_f1
========================================================================================================================
  scheme  fusion         mode    variant   feature           lm_src            B1        B2        B3
  3c     early          gated   scratch   raw_136           mediapipe     0.3426       nan       nan
  3c     early          gated   tl        raw_136           mediapipe     0.3614       nan       nan
  7c     early          gated   scratch   raw_136           mediapipe     0.3044       nan       nan
  7c     early          gated   tl        raw_136           mediapipe     0.2347       nan       nan
=== Gated Early Fusion chain done at 2026-05-17T22:50:46+07:00 ===
