[2026-05-19T16:24:24+07:00] === GPU0 JAFFE intermediate chain launched ===
[retry_run] Attempt 1/3: CUDA_VISIBLE_DEVICES=0 /mnt/extended-home/fitra_dosen/2025_iris_fer_taufik/miniconda3/envs/2025_iris_fer_taufik/bin/python -u scripts/run_unified_fusion.py --data-dir data/benchmark/jaffe_7class --output-prefix models/benchmark/jaffe_7class --fusions intermediate --variants scratch tl --landmark-features raw_136 facs_28 blendshape_52 facs_plus_bs_80 --landmark-sources mediapipe --scenarios b1 b2 b3 --classes 3 7
Device: cuda
DATA_DIR: /mnt/extended-home/fitra_dosen/2025_iris_fer_taufik/MultimodalEmoLearn/data/benchmark/jaffe_7class
Output: /mnt/extended-home/fitra_dosen/2025_iris_fer_taufik/MultimodalEmoLearn/models/benchmark/jaffe_7class
Total runs: 48
Pre-loaded 12 existing runs (use --force-retrain to ignore)

[1/48] SKIP fusion_intermediate_scratch_b1_3c (existing, mf1=0.5410)

[2/48] SKIP fusion_intermediate_scratch_b2_3c (existing, mf1=0.6157)

[3/48] SKIP fusion_intermediate_scratch_b3_3c (existing, mf1=0.3344)

[4/48] SKIP fusion_intermediate_tl_b1_3c (existing, mf1=0.4057)

[5/48] SKIP fusion_intermediate_tl_b2_3c (existing, mf1=0.3483)

[6/48] SKIP fusion_intermediate_tl_b3_3c (existing, mf1=0.3798)

[7/48]

==== fusion_intermediate_scratch × 3c × B1 × lm=mediapipe/facs_28(dim=28) ====
  Train N=152  augment=False  is_coord=False  lr=0.001
  class counts train: [44, 21, 87]
  ep   1  loss=1.0407  val_mf1=0.2424
  ep   5  loss=0.6614  val_mf1=0.2424
  ep  10  loss=0.4079  val_mf1=0.2424
  ep  15  loss=0.3468  val_mf1=0.5425
  ep  20  loss=0.1448  val_mf1=1.0000
  ep  25  loss=0.1496  val_mf1=0.8857
  ep  30  loss=0.0759  val_mf1=0.6296
  best ep 19  val_mf1=1.0000  (35s)  TEST mf1=0.3397  wf1=0.5002  acc=0.6000

[8/48]

==== fusion_intermediate_scratch × 3c × B2 × lm=mediapipe/facs_28(dim=28) ====
  Train N=152  augment=False  is_coord=False  lr=0.001
  class counts train: [44, 21, 87]
  ep   1  loss=1.2107  val_mf1=0.2424
  ep   5  loss=0.7867  val_mf1=0.0833
  ep  10  loss=0.5257  val_mf1=0.0833
  ep  15  loss=0.2379  val_mf1=0.8434
  ep  20  loss=0.2186  val_mf1=0.7813
  ep  25  loss=0.1699  val_mf1=0.8077
  ep  30  loss=0.1464  val_mf1=0.9221
  best ep 18  val_mf1=0.9599  (33s)  TEST mf1=0.3397  wf1=0.5002  acc=0.6000

[9/48]

==== fusion_intermediate_scratch × 3c × B3 × lm=mediapipe/facs_28(dim=28) ====
  Train N=152  augment=True  is_coord=False  lr=0.001
  class counts train: [44, 21, 87]
  ep   1  loss=1.1785  val_mf1=0.2424
  ep   5  loss=0.8217  val_mf1=0.0833
  ep  10  loss=0.5489  val_mf1=0.0833
  ep  15  loss=0.2312  val_mf1=0.7966
  ep  20  loss=0.2030  val_mf1=0.8857
  ep  25  loss=0.1661  val_mf1=0.9200
  ep  30  loss=0.1834  val_mf1=0.9221
  ep  35  loss=0.1700  val_mf1=0.8500
  best ep 24  val_mf1=1.0000  (40s)  TEST mf1=0.4841  wf1=0.6351  acc=0.7000

[10/48]

==== fusion_intermediate_tl × 3c × B1 × lm=mediapipe/facs_28(dim=28) ====
  Train N=152  augment=False  is_coord=False  lr=0.0001
  class counts train: [44, 21, 87]
  ep   1  loss=1.1819  val_mf1=0.2424
  ep   5  loss=0.9103  val_mf1=0.3452
  ep  10  loss=0.6406  val_mf1=0.5887
  ep  15  loss=0.4116  val_mf1=0.8964
  ep  20  loss=0.3066  val_mf1=0.8434
  ep  25  loss=0.1986  val_mf1=0.9221
  ep  30  loss=0.1379  val_mf1=0.9599
  ep  35  loss=0.1127  val_mf1=0.9599
  ep  40  loss=0.0888  val_mf1=0.9221
  best ep 26  val_mf1=0.9599  (28s)  TEST mf1=0.3403  wf1=0.2745  acc=0.3750

[11/48]

==== fusion_intermediate_tl × 3c × B2 × lm=mediapipe/facs_28(dim=28) ====
  Train N=152  augment=False  is_coord=False  lr=0.0001
  class counts train: [44, 21, 87]
  ep   1  loss=1.1240  val_mf1=0.2424
  ep   5  loss=1.0134  val_mf1=0.4889
  ep  10  loss=0.6728  val_mf1=0.4529
  ep  15  loss=0.4084  val_mf1=1.0000
  ep  20  loss=0.2256  val_mf1=1.0000
  ep  25  loss=0.1621  val_mf1=1.0000
  best ep 13  val_mf1=1.0000  (19s)  TEST mf1=0.7734  wf1=0.7972  acc=0.8000

[12/48]

==== fusion_intermediate_tl × 3c × B3 × lm=mediapipe/facs_28(dim=28) ====
  Train N=152  augment=True  is_coord=False  lr=0.0001
  class counts train: [44, 21, 87]
  ep   1  loss=1.1085  val_mf1=0.2424
  ep   5  loss=1.0802  val_mf1=0.4889
  ep  10  loss=0.7114  val_mf1=0.4889
  ep  15  loss=0.4590  val_mf1=0.9599
  ep  20  loss=0.2571  val_mf1=1.0000
  ep  25  loss=0.1726  val_mf1=0.6296
  best ep 12  val_mf1=1.0000  (19s)  TEST mf1=0.7109  wf1=0.7510  acc=0.7500

[13/48]

==== fusion_intermediate_scratch × 3c × B1 × lm=mediapipe/blendshape_52(dim=52) ====
  Train N=152  augment=False  is_coord=False  lr=0.001
  class counts train: [44, 21, 87]
  ep   1  loss=1.2016  val_mf1=0.2424
  ep   5  loss=0.6971  val_mf1=0.2424
  ep  10  loss=0.5600  val_mf1=0.6154
  ep  15  loss=0.3001  val_mf1=0.5833
  ep  20  loss=0.2529  val_mf1=0.6154
  ep  25  loss=0.3142  val_mf1=0.6154
  best ep 10  val_mf1=0.6154  (25s)  TEST mf1=0.2529  wf1=0.4362  acc=0.5500

[14/48]

==== fusion_intermediate_scratch × 3c × B2 × lm=mediapipe/blendshape_52(dim=52) ====
  Train N=152  augment=False  is_coord=False  lr=0.001
  class counts train: [44, 21, 87]
  ep   1  loss=1.1980  val_mf1=0.2424
  ep   5  loss=0.8201  val_mf1=0.0833
  ep  10  loss=0.4937  val_mf1=0.7354
  ep  15  loss=0.3905  val_mf1=0.5357
  ep  20  loss=0.2064  val_mf1=0.6296
  ep  25  loss=0.2513  val_mf1=0.5897
  best ep 10  val_mf1=0.7354  (25s)  TEST mf1=0.4068  wf1=0.5318  acc=0.5500

[15/48]

==== fusion_intermediate_scratch × 3c × B3 × lm=mediapipe/blendshape_52(dim=52) ====
  Train N=152  augment=True  is_coord=False  lr=0.001
  class counts train: [44, 21, 87]
  ep   1  loss=1.1873  val_mf1=0.2424
  ep   5  loss=0.7983  val_mf1=0.0833
  ep  10  loss=0.5391  val_mf1=0.7354
  ep  15  loss=0.3993  val_mf1=0.5833
  ep  20  loss=0.2347  val_mf1=0.6296
  ep  25  loss=0.2397  val_mf1=0.5897
  best ep 10  val_mf1=0.7354  (26s)  TEST mf1=0.4068  wf1=0.5318  acc=0.5500

[16/48]

==== fusion_intermediate_tl × 3c × B1 × lm=mediapipe/blendshape_52(dim=52) ====
  Train N=152  augment=False  is_coord=False  lr=0.0001
  class counts train: [44, 21, 87]
  ep   1  loss=1.1940  val_mf1=0.2966
  ep   5  loss=0.9907  val_mf1=0.6691
  ep  10  loss=0.7143  val_mf1=0.8077
  ep  15  loss=0.5031  val_mf1=0.6296
  ep  20  loss=0.2882  val_mf1=0.6296
  ep  25  loss=0.2177  val_mf1=0.6296
  best ep 10  val_mf1=0.8077  (17s)  TEST mf1=0.4259  wf1=0.4676  acc=0.4500

[17/48]

==== fusion_intermediate_tl × 3c × B2 × lm=mediapipe/blendshape_52(dim=52) ====
  Train N=152  augment=False  is_coord=False  lr=0.0001
  class counts train: [44, 21, 87]
  ep   1  loss=1.2059  val_mf1=0.2286
  ep   5  loss=0.9937  val_mf1=0.2667
  ep  10  loss=0.7623  val_mf1=0.6233
  ep  15  loss=0.4400  val_mf1=0.9221
  ep  20  loss=0.3236  val_mf1=0.5897
  ep  25  loss=0.1930  val_mf1=0.5897
  ep  30  loss=0.1414  val_mf1=0.5897
  best ep 15  val_mf1=0.9221  (21s)  TEST mf1=0.4841  wf1=0.4530  acc=0.4750

[18/48]

==== fusion_intermediate_tl × 3c × B3 × lm=mediapipe/blendshape_52(dim=52) ====
  Train N=152  augment=True  is_coord=False  lr=0.0001
  class counts train: [44, 21, 87]
  ep   1  loss=1.1672  val_mf1=0.2165
  ep   5  loss=1.0317  val_mf1=0.6111
  ep  10  loss=0.7913  val_mf1=0.8533
  ep  15  loss=0.5228  val_mf1=0.7677
  ep  20  loss=0.3322  val_mf1=0.8077
  ep  25  loss=0.2034  val_mf1=0.6296
  best ep 12  val_mf1=0.8857  (20s)  TEST mf1=0.5541  wf1=0.6132  acc=0.5500

[19/48]

==== fusion_intermediate_scratch × 3c × B1 × lm=mediapipe/facs_plus_bs_80(dim=80) ====
  Train N=152  augment=False  is_coord=False  lr=0.001
  class counts train: [44, 21, 87]
  ep   1  loss=1.1237  val_mf1=0.0833
  ep   5  loss=0.7021  val_mf1=0.2424
  ep  10  loss=0.4405  val_mf1=0.4524
  ep  15  loss=0.3005  val_mf1=0.6154
  ep  20  loss=0.2199  val_mf1=0.5897
  ep  25  loss=0.1816  val_mf1=0.5897
  ep  30  loss=0.1779  val_mf1=0.6296
  ep  35  loss=0.2053  val_mf1=0.6296
  ep  40  loss=0.1235  val_mf1=0.6296
  ep  45  loss=0.1485  val_mf1=0.8077
  best ep 31  val_mf1=0.8077  (47s)  TEST mf1=0.5117  wf1=0.6644  acc=0.7250

[20/48]

==== fusion_intermediate_scratch × 3c × B2 × lm=mediapipe/facs_plus_bs_80(dim=80) ====
  Train N=152  augment=False  is_coord=False  lr=0.001
  class counts train: [44, 21, 87]
  ep   1  loss=1.1253  val_mf1=0.0833
  ep   5  loss=0.6760  val_mf1=0.0833
  ep  10  loss=0.3787  val_mf1=0.1382
  ep  15  loss=0.2672  val_mf1=0.5652
  ep  20  loss=0.2180  val_mf1=0.5357
  ep  25  loss=0.1966  val_mf1=0.5897
  best ep 12  val_mf1=0.8000  (27s)  TEST mf1=0.3773  wf1=0.4914  acc=0.5000

[21/48]

==== fusion_intermediate_scratch × 3c × B3 × lm=mediapipe/facs_plus_bs_80(dim=80) ====
  Train N=152  augment=True  is_coord=False  lr=0.001
  class counts train: [44, 21, 87]
  ep   1  loss=1.1258  val_mf1=0.0833
  ep   5  loss=0.7538  val_mf1=0.0833
  ep  10  loss=0.3950  val_mf1=0.3013
  ep  15  loss=0.2991  val_mf1=0.5652
  ep  20  loss=0.2207  val_mf1=0.5167
  ep  25  loss=0.1882  val_mf1=0.6296
  ep  30  loss=0.2109  val_mf1=0.8077
  ep  35  loss=0.1444  val_mf1=0.5524
  ep  40  loss=0.1108  val_mf1=0.6296
  ep  45  loss=0.2586  val_mf1=0.6296
  best ep 31  val_mf1=0.8799  (47s)  TEST mf1=0.5114  wf1=0.6752  acc=0.7250

[22/48]

==== fusion_intermediate_tl × 3c × B1 × lm=mediapipe/facs_plus_bs_80(dim=80) ====
  Train N=152  augment=False  is_coord=False  lr=0.0001
  class counts train: [44, 21, 87]
  ep   1  loss=1.3836  val_mf1=0.0833
  ep   5  loss=1.1336  val_mf1=0.3380
  ep  10  loss=0.8658  val_mf1=0.7453
  ep  15  loss=0.5517  val_mf1=0.8364
  ep  20  loss=0.3517  val_mf1=0.6296
  best ep 7  val_mf1=0.8857  (15s)  TEST mf1=0.1550  wf1=0.1279  acc=0.2500

[23/48]

==== fusion_intermediate_tl × 3c × B2 × lm=mediapipe/facs_plus_bs_80(dim=80) ====
  Train N=152  augment=False  is_coord=False  lr=0.0001
  class counts train: [44, 21, 87]
  ep   1  loss=1.2094  val_mf1=0.0833
  ep   5  loss=0.9962  val_mf1=0.0870
  ep  10  loss=0.7882  val_mf1=0.6277
  ep  15  loss=0.5156  val_mf1=0.9221
  ep  20  loss=0.3269  val_mf1=0.6296
  ep  25  loss=0.1995  val_mf1=0.6296
  ep  30  loss=0.1360  val_mf1=0.6296
  best ep 15  val_mf1=0.9221  (21s)  TEST mf1=0.3857  wf1=0.3879  acc=0.4000

[24/48]

==== fusion_intermediate_tl × 3c × B3 × lm=mediapipe/facs_plus_bs_80(dim=80) ====
  Train N=152  augment=True  is_coord=False  lr=0.0001
  class counts train: [44, 21, 87]
  ep   1  loss=1.2460  val_mf1=0.0833
  ep   5  loss=1.0071  val_mf1=0.2037
  ep  10  loss=0.8116  val_mf1=0.6627
  ep  15  loss=0.5283  val_mf1=0.8857
  ep  20  loss=0.3360  val_mf1=0.6296
  ep  25  loss=0.2074  val_mf1=0.6296
  ep  30  loss=0.1431  val_mf1=0.6296
  best ep 17  val_mf1=1.0000  (23s)  TEST mf1=0.6168  wf1=0.6352  acc=0.6000

[25/48] SKIP fusion_intermediate_scratch_b1_7c (existing, mf1=0.3012)

[26/48] SKIP fusion_intermediate_scratch_b2_7c (existing, mf1=0.0816)

[27/48] SKIP fusion_intermediate_scratch_b3_7c (existing, mf1=0.1002)

[28/48] SKIP fusion_intermediate_tl_b1_7c (existing, mf1=0.1766)

[29/48] SKIP fusion_intermediate_tl_b2_7c (existing, mf1=0.1982)

[30/48] SKIP fusion_intermediate_tl_b3_7c (existing, mf1=0.1426)

[31/48]

==== fusion_intermediate_scratch × 7c × B1 × lm=mediapipe/facs_28(dim=28) ====
  Train N=152  augment=False  is_coord=False  lr=0.001
  class counts train: [21, 23, 22, 21, 23, 21, 21]
  ep   1  loss=2.0202  val_mf1=0.0357
  ep   5  loss=1.8714  val_mf1=0.0357
  ep  10  loss=1.4819  val_mf1=0.1087
  ep  15  loss=0.9868  val_mf1=0.3568
  ep  20  loss=0.8810  val_mf1=0.5034
  ep  25  loss=0.7200  val_mf1=0.6565
  ep  30  loss=0.4547  val_mf1=0.7347
  ep  35  loss=0.4151  val_mf1=0.7980
  ep  40  loss=0.4018  val_mf1=0.5306
  ep  45  loss=0.3872  val_mf1=0.7449
  ep  50  loss=0.1681  val_mf1=0.7993
  best ep 36  val_mf1=0.8544  (55s)  TEST mf1=0.2574  wf1=0.2435  acc=0.2750

[32/48]

==== fusion_intermediate_scratch × 7c × B2 × lm=mediapipe/facs_28(dim=28) ====
  Train N=152  augment=False  is_coord=False  lr=0.001
  class counts train: [21, 23, 22, 21, 23, 21, 21]
  ep   1  loss=2.0887  val_mf1=0.0357
  ep   5  loss=1.8009  val_mf1=0.0357
  ep  10  loss=1.3600  val_mf1=0.1905
  ep  15  loss=1.0854  val_mf1=0.5051
  ep  20  loss=0.8501  val_mf1=0.4592
  ep  25  loss=0.6624  val_mf1=0.4861
  ep  30  loss=0.4266  val_mf1=0.8469
  ep  35  loss=0.5970  val_mf1=0.5255
  ep  40  loss=0.4430  val_mf1=0.7167
  ep  45  loss=0.2343  val_mf1=0.7653
  best ep 30  val_mf1=0.8469  (48s)  TEST mf1=0.2701  wf1=0.2555  acc=0.3500

[33/48]

==== fusion_intermediate_scratch × 7c × B3 × lm=mediapipe/facs_28(dim=28) ====
  Train N=152  augment=True  is_coord=False  lr=0.001
  class counts train: [21, 23, 22, 21, 23, 21, 21]
  ep   1  loss=2.1082  val_mf1=0.0357
  ep   5  loss=1.8521  val_mf1=0.0357
  ep  10  loss=1.3755  val_mf1=0.1837
  ep  15  loss=1.1725  val_mf1=0.5367
  ep  20  loss=0.8929  val_mf1=0.5034
  ep  25  loss=0.6666  val_mf1=0.3789
  ep  30  loss=0.5178  val_mf1=0.7980
  ep  35  loss=0.5971  val_mf1=0.3952
  ep  40  loss=0.5201  val_mf1=0.4143
  ep  45  loss=0.3374  val_mf1=0.7449
  ep  50  loss=0.2902  val_mf1=0.4861
  best ep 44  val_mf1=0.8544  (53s)  TEST mf1=0.3561  wf1=0.3345  acc=0.4000

[34/48]

==== fusion_intermediate_tl × 7c × B1 × lm=mediapipe/facs_28(dim=28) ====
  Train N=152  augment=False  is_coord=False  lr=0.0001
  class counts train: [21, 23, 22, 21, 23, 21, 21]
  ep   1  loss=2.1052  val_mf1=0.0408
  ep   5  loss=1.9039  val_mf1=0.1091
  ep  10  loss=1.7182  val_mf1=0.2952
  ep  15  loss=1.3722  val_mf1=0.2857
  ep  20  loss=1.1996  val_mf1=0.5595
  ep  25  loss=0.9329  val_mf1=0.7194
  ep  30  loss=0.7701  val_mf1=0.7194
  ep  35  loss=0.6090  val_mf1=0.6265
  best ep 22  val_mf1=0.7194  (26s)  TEST mf1=0.2038  wf1=0.2069  acc=0.2750

[35/48]

==== fusion_intermediate_tl × 7c × B2 × lm=mediapipe/facs_28(dim=28) ====
  Train N=152  augment=False  is_coord=False  lr=0.0001
  class counts train: [21, 23, 22, 21, 23, 21, 21]
  ep   1  loss=2.0519  val_mf1=0.0927
  ep   5  loss=1.8553  val_mf1=0.1173
  ep  10  loss=1.6315  val_mf1=0.1916
  ep  15  loss=1.4654  val_mf1=0.4714
  ep  20  loss=1.0908  val_mf1=0.5187
  ep  25  loss=0.9576  val_mf1=0.6265
  ep  30  loss=0.7495  val_mf1=0.6265
  ep  35  loss=0.6028  val_mf1=0.5473
  ep  40  loss=0.4814  val_mf1=0.5000
  best ep 28  val_mf1=0.6789  (31s)  TEST mf1=0.1526  wf1=0.1602  acc=0.2500

[36/48]

==== fusion_intermediate_tl × 7c × B3 × lm=mediapipe/facs_28(dim=28) ====
  Train N=152  augment=True  is_coord=False  lr=0.0001
  class counts train: [21, 23, 22, 21, 23, 21, 21]
  ep   1  loss=2.0502  val_mf1=0.0373
  ep   5  loss=1.8357  val_mf1=0.0476
  ep  10  loss=1.7192  val_mf1=0.1297
  ep  15  loss=1.4855  val_mf1=0.4327
  ep  20  loss=1.1346  val_mf1=0.6276
  ep  25  loss=0.9917  val_mf1=0.5061
  ep  30  loss=0.8316  val_mf1=0.5551
  best ep 19  val_mf1=0.7002  (24s)  TEST mf1=0.3061  wf1=0.3064  acc=0.3500

[37/48]

==== fusion_intermediate_scratch × 7c × B1 × lm=mediapipe/blendshape_52(dim=52) ====
  Train N=152  augment=False  is_coord=False  lr=0.001
  class counts train: [21, 23, 22, 21, 23, 21, 21]
  ep   1  loss=2.0181  val_mf1=0.0357
  ep   5  loss=1.7770  val_mf1=0.0357
  ep  10  loss=1.3232  val_mf1=0.3857
  ep  15  loss=1.0221  val_mf1=0.5000
  ep  20  loss=0.7264  val_mf1=0.5714
  ep  25  loss=0.5606  val_mf1=0.5431
  ep  30  loss=0.4458  val_mf1=0.5612
  ep  35  loss=0.4685  val_mf1=0.3952
  best ep 21  val_mf1=0.5952  (39s)  TEST mf1=0.3379  wf1=0.3464  acc=0.4000

[38/48]

==== fusion_intermediate_scratch × 7c × B2 × lm=mediapipe/blendshape_52(dim=52) ====
  Train N=152  augment=False  is_coord=False  lr=0.001
  class counts train: [21, 23, 22, 21, 23, 21, 21]
  ep   1  loss=2.1402  val_mf1=0.0357
  ep   5  loss=1.8483  val_mf1=0.0357
  ep  10  loss=1.3588  val_mf1=0.3571
  ep  15  loss=1.1057  val_mf1=0.4143
  ep  20  loss=0.9060  val_mf1=0.5034
  ep  25  loss=0.6139  val_mf1=0.5000
  ep  30  loss=0.6908  val_mf1=0.5082
  ep  35  loss=0.5234  val_mf1=0.5145
  ep  40  loss=0.4661  val_mf1=0.4786
  ep  45  loss=0.5069  val_mf1=0.5380
  ep  50  loss=0.4304  val_mf1=0.5952
  best ep 36  val_mf1=0.6451  (54s)  TEST mf1=0.4312  wf1=0.4305  acc=0.4500

[39/48]

==== fusion_intermediate_scratch × 7c × B3 × lm=mediapipe/blendshape_52(dim=52) ====
  Train N=152  augment=True  is_coord=False  lr=0.001
  class counts train: [21, 23, 22, 21, 23, 21, 21]
  ep   1  loss=2.1362  val_mf1=0.0357
  ep   5  loss=1.8127  val_mf1=0.0408
  ep  10  loss=1.4031  val_mf1=0.3868
  ep  15  loss=1.0597  val_mf1=0.4351
  ep  20  loss=0.8859  val_mf1=0.5000
  ep  25  loss=0.6541  val_mf1=0.5000
  ep  30  loss=0.6908  val_mf1=0.3929
  ep  35  loss=0.5528  val_mf1=0.6745
  ep  40  loss=0.3894  val_mf1=0.4881
  ep  45  loss=0.4562  val_mf1=0.5316
  ep  50  loss=0.3594  val_mf1=0.5748
  best ep 36  val_mf1=0.6786  (53s)  TEST mf1=0.4261  wf1=0.4260  acc=0.4500

[40/48]

==== fusion_intermediate_tl × 7c × B1 × lm=mediapipe/blendshape_52(dim=52) ====
  Train N=152  augment=False  is_coord=False  lr=0.0001
  class counts train: [21, 23, 22, 21, 23, 21, 21]
  ep   1  loss=2.0957  val_mf1=0.0429
  ep   5  loss=1.8699  val_mf1=0.2272
  ep  10  loss=1.6997  val_mf1=0.2571
  ep  15  loss=1.4343  val_mf1=0.2153
  ep  20  loss=1.1105  val_mf1=0.2589
  ep  25  loss=0.8512  val_mf1=0.6190
  ep  30  loss=0.7180  val_mf1=0.6190
  ep  35  loss=0.5590  val_mf1=0.5952
  ep  40  loss=0.4193  val_mf1=0.5952
  best ep 25  val_mf1=0.6190  (29s)  TEST mf1=0.2737  wf1=0.2763  acc=0.3250

[41/48]

==== fusion_intermediate_tl × 7c × B2 × lm=mediapipe/blendshape_52(dim=52) ====
  Train N=152  augment=False  is_coord=False  lr=0.0001
  class counts train: [21, 23, 22, 21, 23, 21, 21]
  ep   1  loss=2.0182  val_mf1=0.0643
  ep   5  loss=1.9073  val_mf1=0.1837
  ep  10  loss=1.7440  val_mf1=0.2708
  ep  15  loss=1.3989  val_mf1=0.3146
  ep  20  loss=1.2035  val_mf1=0.6248
  ep  25  loss=1.0234  val_mf1=0.5190
  ep  30  loss=0.8896  val_mf1=0.7524
  ep  35  loss=0.6328  val_mf1=0.6190
  ep  40  loss=0.5003  val_mf1=0.6534
  best ep 29  val_mf1=0.7524  (32s)  TEST mf1=0.2236  wf1=0.2277  acc=0.3000

[42/48]

==== fusion_intermediate_tl × 7c × B3 × lm=mediapipe/blendshape_52(dim=52) ====
  Train N=152  augment=True  is_coord=False  lr=0.0001
  class counts train: [21, 23, 22, 21, 23, 21, 21]
  ep   1  loss=2.0565  val_mf1=0.0644
  ep   5  loss=1.8536  val_mf1=0.1969
  ep  10  loss=1.8224  val_mf1=0.3153
  ep  15  loss=1.4279  val_mf1=0.5680
  ep  20  loss=1.2656  val_mf1=0.5463
  ep  25  loss=1.0735  val_mf1=0.5259
  ep  30  loss=0.9601  val_mf1=0.6190
  ep  35  loss=0.6761  val_mf1=0.6190
  ep  40  loss=0.5121  val_mf1=0.6190
  ep  45  loss=0.4520  val_mf1=0.6310
  best ep 32  val_mf1=0.6310  (35s)  TEST mf1=0.5255  wf1=0.5304  acc=0.5500

[43/48]

==== fusion_intermediate_scratch × 7c × B1 × lm=mediapipe/facs_plus_bs_80(dim=80) ====
  Train N=152  augment=False  is_coord=False  lr=0.001
  class counts train: [21, 23, 22, 21, 23, 21, 21]
  ep   1  loss=2.0837  val_mf1=0.0357
  ep   5  loss=1.7731  val_mf1=0.0408
  ep  10  loss=1.2320  val_mf1=0.3571
  ep  15  loss=0.9753  val_mf1=0.5000
  ep  20  loss=0.8838  val_mf1=0.5748
  ep  25  loss=0.7021  val_mf1=0.5431
  ep  30  loss=0.5164  val_mf1=0.5431
  ep  35  loss=0.3900  val_mf1=0.5431
  best ep 20  val_mf1=0.5748  (38s)  TEST mf1=0.4489  wf1=0.4354  acc=0.4500

[44/48]

==== fusion_intermediate_scratch × 7c × B2 × lm=mediapipe/facs_plus_bs_80(dim=80) ====
  Train N=152  augment=False  is_coord=False  lr=0.001
  class counts train: [21, 23, 22, 21, 23, 21, 21]
  ep   1  loss=2.0731  val_mf1=0.0357
  ep   5  loss=1.7697  val_mf1=0.0357
  ep  10  loss=1.4671  val_mf1=0.2755
  ep  15  loss=1.0985  val_mf1=0.4816
  ep  20  loss=0.8157  val_mf1=0.5238
  ep  25  loss=0.7031  val_mf1=0.5476
  ep  30  loss=0.5311  val_mf1=0.5431
  ep  35  loss=0.5865  val_mf1=0.4738
  ep  40  loss=0.4082  val_mf1=0.4048
  best ep 28  val_mf1=0.6592  (45s)  TEST mf1=0.5287  wf1=0.5199  acc=0.5000

[45/48]

==== fusion_intermediate_scratch × 7c × B3 × lm=mediapipe/facs_plus_bs_80(dim=80) ====
  Train N=152  augment=True  is_coord=False  lr=0.001
  class counts train: [21, 23, 22, 21, 23, 21, 21]
  ep   1  loss=2.0761  val_mf1=0.0357
  ep   5  loss=1.7420  val_mf1=0.1653
  ep  10  loss=1.4413  val_mf1=0.3659
  ep  15  loss=1.1222  val_mf1=0.4796
  ep  20  loss=0.7820  val_mf1=0.4762
  ep  25  loss=0.7382  val_mf1=0.5986
  best ep 12  val_mf1=0.6340  (29s)  TEST mf1=0.1315  wf1=0.1297  acc=0.2250

[46/48]

==== fusion_intermediate_tl × 7c × B1 × lm=mediapipe/facs_plus_bs_80(dim=80) ====
  Train N=152  augment=False  is_coord=False  lr=0.0001
  class counts train: [21, 23, 22, 21, 23, 21, 21]
  ep   1  loss=2.1200  val_mf1=0.0000
  ep   5  loss=1.8926  val_mf1=0.0451
  ep  10  loss=1.6945  val_mf1=0.1551
  ep  15  loss=1.5496  val_mf1=0.5187
  ep  20  loss=1.1957  val_mf1=0.8031
  ep  25  loss=0.9039  val_mf1=0.5561
  ep  30  loss=0.7295  val_mf1=0.5918
  ep  35  loss=0.5997  val_mf1=0.6837
  best ep 20  val_mf1=0.8031  (25s)  TEST mf1=0.2437  wf1=0.2487  acc=0.3250

[47/48]

==== fusion_intermediate_tl × 7c × B2 × lm=mediapipe/facs_plus_bs_80(dim=80) ====
  Train N=152  augment=False  is_coord=False  lr=0.0001
  class counts train: [21, 23, 22, 21, 23, 21, 21]
  ep   1  loss=2.1133  val_mf1=0.0831
  ep   5  loss=1.8763  val_mf1=0.0476
  ep  10  loss=1.6965  val_mf1=0.3859
  ep  15  loss=1.4782  val_mf1=0.8095
  ep  20  loss=1.2102  val_mf1=0.7248
  ep  25  loss=0.9754  val_mf1=0.7605
  ep  30  loss=0.7315  val_mf1=0.6105
  best ep 18  val_mf1=0.8401  (23s)  TEST mf1=0.1197  wf1=0.1186  acc=0.2000

[48/48]

==== fusion_intermediate_tl × 7c × B3 × lm=mediapipe/facs_plus_bs_80(dim=80) ====
  Train N=152  augment=True  is_coord=False  lr=0.0001
  class counts train: [21, 23, 22, 21, 23, 21, 21]
  ep   1  loss=2.0999  val_mf1=0.1102
  ep   5  loss=1.9078  val_mf1=0.0929
  ep  10  loss=1.7735  val_mf1=0.2734
  ep  15  loss=1.5431  val_mf1=0.6003
  ep  20  loss=1.2445  val_mf1=0.7143
  ep  25  loss=1.0116  val_mf1=0.8095
  ep  30  loss=0.7461  val_mf1=0.7653
  ep  35  loss=0.6332  val_mf1=0.6480
  ep  40  loss=0.4555  val_mf1=0.7194
  best ep 25  val_mf1=0.8095  (28s)  TEST mf1=0.0914  wf1=0.0960  acc=0.2000

Sweep done: trained=36, skipped_existing=12
Saved: /mnt/extended-home/fitra_dosen/2025_iris_fer_taufik/MultimodalEmoLearn/models/benchmark/jaffe_7class/3class/Unified/fusion_intermediate_scratch/results.json
Saved: /mnt/extended-home/fitra_dosen/2025_iris_fer_taufik/MultimodalEmoLearn/models/benchmark/jaffe_7class/3class/Unified/fusion_intermediate_tl/results.json
Saved: /mnt/extended-home/fitra_dosen/2025_iris_fer_taufik/MultimodalEmoLearn/models/benchmark/jaffe_7class/3class/Unified/fusion_intermediate_scratch_facs_28/results.json
Saved: /mnt/extended-home/fitra_dosen/2025_iris_fer_taufik/MultimodalEmoLearn/models/benchmark/jaffe_7class/3class/Unified/fusion_intermediate_tl_facs_28/results.json
Saved: /mnt/extended-home/fitra_dosen/2025_iris_fer_taufik/MultimodalEmoLearn/models/benchmark/jaffe_7class/3class/Unified/fusion_intermediate_scratch_blendshape_52/results.json
Saved: /mnt/extended-home/fitra_dosen/2025_iris_fer_taufik/MultimodalEmoLearn/models/benchmark/jaffe_7class/3class/Unified/fusion_intermediate_tl_blendshape_52/results.json
Saved: /mnt/extended-home/fitra_dosen/2025_iris_fer_taufik/MultimodalEmoLearn/models/benchmark/jaffe_7class/3class/Unified/fusion_intermediate_scratch_facs_plus_bs_80/results.json
Saved: /mnt/extended-home/fitra_dosen/2025_iris_fer_taufik/MultimodalEmoLearn/models/benchmark/jaffe_7class/3class/Unified/fusion_intermediate_tl_facs_plus_bs_80/results.json
Saved: /mnt/extended-home/fitra_dosen/2025_iris_fer_taufik/MultimodalEmoLearn/models/benchmark/jaffe_7class/7class/Unified/fusion_intermediate_scratch/results.json
Saved: /mnt/extended-home/fitra_dosen/2025_iris_fer_taufik/MultimodalEmoLearn/models/benchmark/jaffe_7class/7class/Unified/fusion_intermediate_tl/results.json
Saved: /mnt/extended-home/fitra_dosen/2025_iris_fer_taufik/MultimodalEmoLearn/models/benchmark/jaffe_7class/7class/Unified/fusion_intermediate_scratch_facs_28/results.json
Saved: /mnt/extended-home/fitra_dosen/2025_iris_fer_taufik/MultimodalEmoLearn/models/benchmark/jaffe_7class/7class/Unified/fusion_intermediate_tl_facs_28/results.json
Saved: /mnt/extended-home/fitra_dosen/2025_iris_fer_taufik/MultimodalEmoLearn/models/benchmark/jaffe_7class/7class/Unified/fusion_intermediate_scratch_blendshape_52/results.json
Saved: /mnt/extended-home/fitra_dosen/2025_iris_fer_taufik/MultimodalEmoLearn/models/benchmark/jaffe_7class/7class/Unified/fusion_intermediate_tl_blendshape_52/results.json
Saved: /mnt/extended-home/fitra_dosen/2025_iris_fer_taufik/MultimodalEmoLearn/models/benchmark/jaffe_7class/7class/Unified/fusion_intermediate_scratch_facs_plus_bs_80/results.json
Saved: /mnt/extended-home/fitra_dosen/2025_iris_fer_taufik/MultimodalEmoLearn/models/benchmark/jaffe_7class/7class/Unified/fusion_intermediate_tl_facs_plus_bs_80/results.json

========================================================================================================================
SUMMARY: Unified protocol fusion macro_f1
========================================================================================================================
  scheme  fusion         mode    variant   feature           lm_src            B1        B2        B3
  3c     intermediate   concat  scratch   raw_136           mediapipe     0.5410    0.6157    0.3344
  3c     intermediate   concat  tl        raw_136           mediapipe     0.4057    0.3483    0.3798
  3c     intermediate   concat  scratch   facs_28           mediapipe     0.3397    0.3397    0.4841
  3c     intermediate   concat  tl        facs_28           mediapipe     0.3403    0.7734    0.7109
  3c     intermediate   concat  scratch   blendshape_52     mediapipe     0.2529    0.4068    0.4068
  3c     intermediate   concat  tl        blendshape_52     mediapipe     0.4259    0.4841    0.5541
  3c     intermediate   concat  scratch   facs_plus_bs_80   mediapipe     0.5117    0.3773    0.5114
  3c     intermediate   concat  tl        facs_plus_bs_80   mediapipe     0.1550    0.3857    0.6168
  7c     intermediate   concat  scratch   raw_136           mediapipe     0.3012    0.0816    0.1002
  7c     intermediate   concat  tl        raw_136           mediapipe     0.1766    0.1982    0.1426
  7c     intermediate   concat  scratch   facs_28           mediapipe     0.2574    0.2701    0.3561
  7c     intermediate   concat  tl        facs_28           mediapipe     0.2038    0.1526    0.3061
  7c     intermediate   concat  scratch   blendshape_52     mediapipe     0.3379    0.4312    0.4261
  7c     intermediate   concat  tl        blendshape_52     mediapipe     0.2737    0.2236    0.5255
  7c     intermediate   concat  scratch   facs_plus_bs_80   mediapipe     0.4489    0.5287    0.1315
  7c     intermediate   concat  tl        facs_plus_bs_80   mediapipe     0.2437    0.1197    0.0914
[retry_run] ✅ Succeeded on attempt 1
[2026-05-19T16:44:32+07:00] === GPU0 JAFFE intermediate done ===
