[2026-05-20T07:11:33+07:00] === GPU0 primer blendshape_52 intermediate launched ===
[retry_run] Attempt 1/3: CUDA_VISIBLE_DEVICES=0 /mnt/extended-home/fitra_dosen/2025_iris_fer_taufik/miniconda3/envs/2025_iris_fer_taufik/bin/python -u scripts/run_unified_fusion.py --fusions intermediate --variants scratch tl --landmark-features blendshape_52 --landmark-sources mediapipe --scenarios b1 b2 b3 --classes 3 7
Device: cuda
DATA_DIR: /mnt/extended-home/fitra_dosen/2025_iris_fer_taufik/MultimodalEmoLearn/data/dataset_frontonly_conf60
Output: /mnt/extended-home/fitra_dosen/2025_iris_fer_taufik/MultimodalEmoLearn/models/frontonly_conf60
Total runs: 12

[1/12]

==== fusion_intermediate_scratch × 3c × B1 × lm=mediapipe/blendshape_52(dim=52) ====
  Train N=5287  augment=False  is_coord=False  lr=0.001
  class counts train: [432, 4526, 329]
Traceback (most recent call last):
  File "/mnt/extended-home/fitra_dosen/2025_iris_fer_taufik/MultimodalEmoLearn/scripts/run_unified_fusion.py", line 529, in <module>
    main()
  File "/mnt/extended-home/fitra_dosen/2025_iris_fer_taufik/MultimodalEmoLearn/scripts/run_unified_fusion.py", line 469, in main
    all_recs[key] = train_run(fusion, variant, scen, nc,
                    ^^^^^^^^^^^^^^^^^^^^^^^^^^^^^^^^^^^^
  File "/mnt/extended-home/fitra_dosen/2025_iris_fer_taufik/MultimodalEmoLearn/scripts/run_unified_fusion.py", line 304, in train_run
    logits, yb = fwd(model, batch)
                 ^^^^^^^^^^^^^^^^^
  File "/mnt/extended-home/fitra_dosen/2025_iris_fer_taufik/MultimodalEmoLearn/scripts/run_unified_fusion.py", line 212, in fwd
    return model(img, lm), yb
           ^^^^^^^^^^^^^^
  File "/mnt/extended-home/fitra_dosen/2025_iris_fer_taufik/miniconda3/envs/2025_iris_fer_taufik/lib/python3.12/site-packages/torch/nn/modules/module.py", line 1736, in _wrapped_call_impl
    return self._call_impl(*args, **kwargs)
           ^^^^^^^^^^^^^^^^^^^^^^^^^^^^^^^^
  File "/mnt/extended-home/fitra_dosen/2025_iris_fer_taufik/miniconda3/envs/2025_iris_fer_taufik/lib/python3.12/site-packages/torch/nn/modules/module.py", line 1747, in _call_impl
    return forward_call(*args, **kwargs)
           ^^^^^^^^^^^^^^^^^^^^^^^^^^^^^
  File "/mnt/extended-home/fitra_dosen/2025_iris_fer_taufik/MultimodalEmoLearn/src/training/models.py", line 564, in forward
    img_feat = self.image_features(image)
               ^^^^^^^^^^^^^^^^^^^^^^^^^^
  File "/mnt/extended-home/fitra_dosen/2025_iris_fer_taufik/miniconda3/envs/2025_iris_fer_taufik/lib/python3.12/site-packages/torch/nn/modules/module.py", line 1736, in _wrapped_call_impl
    return self._call_impl(*args, **kwargs)
           ^^^^^^^^^^^^^^^^^^^^^^^^^^^^^^^^
  File "/mnt/extended-home/fitra_dosen/2025_iris_fer_taufik/miniconda3/envs/2025_iris_fer_taufik/lib/python3.12/site-packages/torch/nn/modules/module.py", line 1747, in _call_impl
    return forward_call(*args, **kwargs)
           ^^^^^^^^^^^^^^^^^^^^^^^^^^^^^
  File "/mnt/extended-home/fitra_dosen/2025_iris_fer_taufik/miniconda3/envs/2025_iris_fer_taufik/lib/python3.12/site-packages/torch/nn/modules/container.py", line 250, in forward
    input = module(input)
            ^^^^^^^^^^^^^
  File "/mnt/extended-home/fitra_dosen/2025_iris_fer_taufik/miniconda3/envs/2025_iris_fer_taufik/lib/python3.12/site-packages/torch/nn/modules/module.py", line 1736, in _wrapped_call_impl
    return self._call_impl(*args, **kwargs)
           ^^^^^^^^^^^^^^^^^^^^^^^^^^^^^^^^
  File "/mnt/extended-home/fitra_dosen/2025_iris_fer_taufik/miniconda3/envs/2025_iris_fer_taufik/lib/python3.12/site-packages/torch/nn/modules/module.py", line 1747, in _call_impl
    return forward_call(*args, **kwargs)
           ^^^^^^^^^^^^^^^^^^^^^^^^^^^^^
  File "/mnt/extended-home/fitra_dosen/2025_iris_fer_taufik/miniconda3/envs/2025_iris_fer_taufik/lib/python3.12/site-packages/torch/nn/modules/activation.py", line 133, in forward
    return F.relu(input, inplace=self.inplace)
           ^^^^^^^^^^^^^^^^^^^^^^^^^^^^^^^^^^^
  File "/mnt/extended-home/fitra_dosen/2025_iris_fer_taufik/miniconda3/envs/2025_iris_fer_taufik/lib/python3.12/site-packages/torch/nn/functional.py", line 1704, in relu
    result = torch.relu(input)
             ^^^^^^^^^^^^^^^^^
torch.OutOfMemoryError: CUDA out of memory. Tried to allocate 98.00 MiB. GPU 0 has a total capacity of 44.32 GiB of which 37.31 MiB is free. Process 886427 has 2.74 GiB memory in use. Process 3509016 has 11.86 GiB memory in use. Process 3576161 has 27.62 GiB memory in use. Including non-PyTorch memory, this process has 2.04 GiB memory in use. Of the allocated memory 1.51 GiB is allocated by PyTorch, and 52.52 MiB is reserved by PyTorch but unallocated. If reserved but unallocated memory is large try setting PYTORCH_CUDA_ALLOC_CONF=expandable_segments:True to avoid fragmentation.  See documentation for Memory Management  (https://pytorch.org/docs/stable/notes/cuda.html#environment-variables)
[retry_run] ❌ Attempt 1 exited with code 1
[retry_run] Waiting 300s before next attempt...
[retry_run] Attempt 2/3: CUDA_VISIBLE_DEVICES=0 /mnt/extended-home/fitra_dosen/2025_iris_fer_taufik/miniconda3/envs/2025_iris_fer_taufik/bin/python -u scripts/run_unified_fusion.py --fusions intermediate --variants scratch tl --landmark-features blendshape_52 --landmark-sources mediapipe --scenarios b1 b2 b3 --classes 3 7
Device: cuda
DATA_DIR: /mnt/extended-home/fitra_dosen/2025_iris_fer_taufik/MultimodalEmoLearn/data/dataset_frontonly_conf60
Output: /mnt/extended-home/fitra_dosen/2025_iris_fer_taufik/MultimodalEmoLearn/models/frontonly_conf60
Total runs: 12

[1/12]

==== fusion_intermediate_scratch × 3c × B1 × lm=mediapipe/blendshape_52(dim=52) ====
  Train N=5287  augment=False  is_coord=False  lr=0.001
  class counts train: [432, 4526, 329]
Traceback (most recent call last):
  File "/mnt/extended-home/fitra_dosen/2025_iris_fer_taufik/MultimodalEmoLearn/scripts/run_unified_fusion.py", line 529, in <module>
    main()
  File "/mnt/extended-home/fitra_dosen/2025_iris_fer_taufik/MultimodalEmoLearn/scripts/run_unified_fusion.py", line 469, in main
    all_recs[key] = train_run(fusion, variant, scen, nc,
                    ^^^^^^^^^^^^^^^^^^^^^^^^^^^^^^^^^^^^
  File "/mnt/extended-home/fitra_dosen/2025_iris_fer_taufik/MultimodalEmoLearn/scripts/run_unified_fusion.py", line 304, in train_run
    logits, yb = fwd(model, batch)
                 ^^^^^^^^^^^^^^^^^
  File "/mnt/extended-home/fitra_dosen/2025_iris_fer_taufik/MultimodalEmoLearn/scripts/run_unified_fusion.py", line 212, in fwd
    return model(img, lm), yb
           ^^^^^^^^^^^^^^
  File "/mnt/extended-home/fitra_dosen/2025_iris_fer_taufik/miniconda3/envs/2025_iris_fer_taufik/lib/python3.12/site-packages/torch/nn/modules/module.py", line 1736, in _wrapped_call_impl
    return self._call_impl(*args, **kwargs)
           ^^^^^^^^^^^^^^^^^^^^^^^^^^^^^^^^
  File "/mnt/extended-home/fitra_dosen/2025_iris_fer_taufik/miniconda3/envs/2025_iris_fer_taufik/lib/python3.12/site-packages/torch/nn/modules/module.py", line 1747, in _call_impl
    return forward_call(*args, **kwargs)
           ^^^^^^^^^^^^^^^^^^^^^^^^^^^^^
  File "/mnt/extended-home/fitra_dosen/2025_iris_fer_taufik/MultimodalEmoLearn/src/training/models.py", line 564, in forward
    img_feat = self.image_features(image)
               ^^^^^^^^^^^^^^^^^^^^^^^^^^
  File "/mnt/extended-home/fitra_dosen/2025_iris_fer_taufik/miniconda3/envs/2025_iris_fer_taufik/lib/python3.12/site-packages/torch/nn/modules/module.py", line 1736, in _wrapped_call_impl
    return self._call_impl(*args, **kwargs)
           ^^^^^^^^^^^^^^^^^^^^^^^^^^^^^^^^
  File "/mnt/extended-home/fitra_dosen/2025_iris_fer_taufik/miniconda3/envs/2025_iris_fer_taufik/lib/python3.12/site-packages/torch/nn/modules/module.py", line 1747, in _call_impl
    return forward_call(*args, **kwargs)
           ^^^^^^^^^^^^^^^^^^^^^^^^^^^^^
  File "/mnt/extended-home/fitra_dosen/2025_iris_fer_taufik/miniconda3/envs/2025_iris_fer_taufik/lib/python3.12/site-packages/torch/nn/modules/container.py", line 250, in forward
    input = module(input)
            ^^^^^^^^^^^^^
  File "/mnt/extended-home/fitra_dosen/2025_iris_fer_taufik/miniconda3/envs/2025_iris_fer_taufik/lib/python3.12/site-packages/torch/nn/modules/module.py", line 1736, in _wrapped_call_impl
    return self._call_impl(*args, **kwargs)
           ^^^^^^^^^^^^^^^^^^^^^^^^^^^^^^^^
  File "/mnt/extended-home/fitra_dosen/2025_iris_fer_taufik/miniconda3/envs/2025_iris_fer_taufik/lib/python3.12/site-packages/torch/nn/modules/module.py", line 1747, in _call_impl
    return forward_call(*args, **kwargs)
           ^^^^^^^^^^^^^^^^^^^^^^^^^^^^^
  File "/mnt/extended-home/fitra_dosen/2025_iris_fer_taufik/miniconda3/envs/2025_iris_fer_taufik/lib/python3.12/site-packages/torch/nn/modules/activation.py", line 133, in forward
    return F.relu(input, inplace=self.inplace)
           ^^^^^^^^^^^^^^^^^^^^^^^^^^^^^^^^^^^
  File "/mnt/extended-home/fitra_dosen/2025_iris_fer_taufik/miniconda3/envs/2025_iris_fer_taufik/lib/python3.12/site-packages/torch/nn/functional.py", line 1704, in relu
    result = torch.relu(input)
             ^^^^^^^^^^^^^^^^^
torch.OutOfMemoryError: CUDA out of memory. Tried to allocate 98.00 MiB. GPU 0 has a total capacity of 44.32 GiB of which 37.31 MiB is free. Process 886427 has 2.74 GiB memory in use. Process 3509016 has 11.86 GiB memory in use. Process 3576161 has 27.62 GiB memory in use. Including non-PyTorch memory, this process has 2.04 GiB memory in use. Of the allocated memory 1.51 GiB is allocated by PyTorch, and 52.52 MiB is reserved by PyTorch but unallocated. If reserved but unallocated memory is large try setting PYTORCH_CUDA_ALLOC_CONF=expandable_segments:True to avoid fragmentation.  See documentation for Memory Management  (https://pytorch.org/docs/stable/notes/cuda.html#environment-variables)
[retry_run] ❌ Attempt 2 exited with code 1
[retry_run] Waiting 300s before next attempt...
[retry_run] Attempt 3/3: CUDA_VISIBLE_DEVICES=0 /mnt/extended-home/fitra_dosen/2025_iris_fer_taufik/miniconda3/envs/2025_iris_fer_taufik/bin/python -u scripts/run_unified_fusion.py --fusions intermediate --variants scratch tl --landmark-features blendshape_52 --landmark-sources mediapipe --scenarios b1 b2 b3 --classes 3 7
Device: cuda
DATA_DIR: /mnt/extended-home/fitra_dosen/2025_iris_fer_taufik/MultimodalEmoLearn/data/dataset_frontonly_conf60
Output: /mnt/extended-home/fitra_dosen/2025_iris_fer_taufik/MultimodalEmoLearn/models/frontonly_conf60
Total runs: 12

[1/12]

==== fusion_intermediate_scratch × 3c × B1 × lm=mediapipe/blendshape_52(dim=52) ====
  Train N=5287  augment=False  is_coord=False  lr=0.001
  class counts train: [432, 4526, 329]
Traceback (most recent call last):
  File "/mnt/extended-home/fitra_dosen/2025_iris_fer_taufik/MultimodalEmoLearn/scripts/run_unified_fusion.py", line 529, in <module>
    main()
  File "/mnt/extended-home/fitra_dosen/2025_iris_fer_taufik/MultimodalEmoLearn/scripts/run_unified_fusion.py", line 469, in main
    all_recs[key] = train_run(fusion, variant, scen, nc,
                    ^^^^^^^^^^^^^^^^^^^^^^^^^^^^^^^^^^^^
  File "/mnt/extended-home/fitra_dosen/2025_iris_fer_taufik/MultimodalEmoLearn/scripts/run_unified_fusion.py", line 304, in train_run
    logits, yb = fwd(model, batch)
                 ^^^^^^^^^^^^^^^^^
  File "/mnt/extended-home/fitra_dosen/2025_iris_fer_taufik/MultimodalEmoLearn/scripts/run_unified_fusion.py", line 212, in fwd
    return model(img, lm), yb
           ^^^^^^^^^^^^^^
  File "/mnt/extended-home/fitra_dosen/2025_iris_fer_taufik/miniconda3/envs/2025_iris_fer_taufik/lib/python3.12/site-packages/torch/nn/modules/module.py", line 1736, in _wrapped_call_impl
    return self._call_impl(*args, **kwargs)
           ^^^^^^^^^^^^^^^^^^^^^^^^^^^^^^^^
  File "/mnt/extended-home/fitra_dosen/2025_iris_fer_taufik/miniconda3/envs/2025_iris_fer_taufik/lib/python3.12/site-packages/torch/nn/modules/module.py", line 1747, in _call_impl
    return forward_call(*args, **kwargs)
           ^^^^^^^^^^^^^^^^^^^^^^^^^^^^^
  File "/mnt/extended-home/fitra_dosen/2025_iris_fer_taufik/MultimodalEmoLearn/src/training/models.py", line 564, in forward
    img_feat = self.image_features(image)
               ^^^^^^^^^^^^^^^^^^^^^^^^^^
  File "/mnt/extended-home/fitra_dosen/2025_iris_fer_taufik/miniconda3/envs/2025_iris_fer_taufik/lib/python3.12/site-packages/torch/nn/modules/module.py", line 1736, in _wrapped_call_impl
    return self._call_impl(*args, **kwargs)
           ^^^^^^^^^^^^^^^^^^^^^^^^^^^^^^^^
  File "/mnt/extended-home/fitra_dosen/2025_iris_fer_taufik/miniconda3/envs/2025_iris_fer_taufik/lib/python3.12/site-packages/torch/nn/modules/module.py", line 1747, in _call_impl
    return forward_call(*args, **kwargs)
           ^^^^^^^^^^^^^^^^^^^^^^^^^^^^^
  File "/mnt/extended-home/fitra_dosen/2025_iris_fer_taufik/miniconda3/envs/2025_iris_fer_taufik/lib/python3.12/site-packages/torch/nn/modules/container.py", line 250, in forward
    input = module(input)
            ^^^^^^^^^^^^^
  File "/mnt/extended-home/fitra_dosen/2025_iris_fer_taufik/miniconda3/envs/2025_iris_fer_taufik/lib/python3.12/site-packages/torch/nn/modules/module.py", line 1736, in _wrapped_call_impl
    return self._call_impl(*args, **kwargs)
           ^^^^^^^^^^^^^^^^^^^^^^^^^^^^^^^^
  File "/mnt/extended-home/fitra_dosen/2025_iris_fer_taufik/miniconda3/envs/2025_iris_fer_taufik/lib/python3.12/site-packages/torch/nn/modules/module.py", line 1747, in _call_impl
    return forward_call(*args, **kwargs)
           ^^^^^^^^^^^^^^^^^^^^^^^^^^^^^
  File "/mnt/extended-home/fitra_dosen/2025_iris_fer_taufik/miniconda3/envs/2025_iris_fer_taufik/lib/python3.12/site-packages/torch/nn/modules/activation.py", line 133, in forward
    return F.relu(input, inplace=self.inplace)
           ^^^^^^^^^^^^^^^^^^^^^^^^^^^^^^^^^^^
  File "/mnt/extended-home/fitra_dosen/2025_iris_fer_taufik/miniconda3/envs/2025_iris_fer_taufik/lib/python3.12/site-packages/torch/nn/functional.py", line 1704, in relu
    result = torch.relu(input)
             ^^^^^^^^^^^^^^^^^
torch.OutOfMemoryError: CUDA out of memory. Tried to allocate 98.00 MiB. GPU 0 has a total capacity of 44.32 GiB of which 37.31 MiB is free. Process 886427 has 2.74 GiB memory in use. Process 3509016 has 11.86 GiB memory in use. Process 3576161 has 27.62 GiB memory in use. Including non-PyTorch memory, this process has 2.04 GiB memory in use. Of the allocated memory 1.51 GiB is allocated by PyTorch, and 52.52 MiB is reserved by PyTorch but unallocated. If reserved but unallocated memory is large try setting PYTORCH_CUDA_ALLOC_CONF=expandable_segments:True to avoid fragmentation.  See documentation for Memory Management  (https://pytorch.org/docs/stable/notes/cuda.html#environment-variables)
[retry_run] ❌ Attempt 3 exited with code 1
[retry_run] All 3 attempts failed. Last exit code: 1
