[2026-05-18T21:10:14+07:00] LF primer feature variants sweep launched (GPU 1)
[retry_run] Attempt 1/3: CUDA_VISIBLE_DEVICES=1 /mnt/extended-home/fitra_dosen/2025_iris_fer_taufik/miniconda3/envs/2025_iris_fer_taufik/bin/python -u scripts/compute_late_fusion_unified.py --landmark-features raw_136 facs_28 blendshape_52 facs_plus_bs_80 --landmark-sources mediapipe faceapi --scenarios b1 b2 b3 --classes 3 7
Device: cuda
DATA_DIR: /mnt/extended-home/fitra_dosen/2025_iris_fer_taufik/MultimodalEmoLearn/data/dataset_frontonly_conf60
Output prefix: /mnt/extended-home/fitra_dosen/2025_iris_fer_taufik/MultimodalEmoLearn/models/frontonly_conf60
Cache dir: /mnt/extended-home/fitra_dosen/2025_iris_fer_taufik/MultimodalEmoLearn/models/frontonly_conf60/late_fusion_cache

[3c × scratch × B1] Image branch
  [cache hit] cnn_scratch_b1_3c

[3c × scratch × B2] Image branch
  [cache hit] cnn_scratch_b2_3c

[3c × scratch × B3] Image branch
  [cache hit] cnn_scratch_b3_3c

[3c × tl × B1] Image branch
  [cache hit] cnn_tl_b1_3c

[3c × tl × B2] Image branch
  [cache hit] cnn_tl_b2_3c

[3c × tl × B3] Image branch
  [cache hit] cnn_tl_b3_3c

[3c × raw_136/mediapipe × B1] Landmark branch
  [cache hit] fcnn_raw_136_mp_b1_3c

[3c × raw_136/mediapipe × B2] Landmark branch
  [cache hit] fcnn_raw_136_mp_b2_3c

[3c × raw_136/mediapipe × B3] Landmark branch
  [cache hit] fcnn_raw_136_mp_b3_3c

  [3c × scratch × raw_136/mediapipe × B1] Computing late fusion weight sweep...
  best_w_image=0.95  val_mf1=0.5669  TEST mf1=0.4962  wf1=0.7655  acc=0.7966

  [3c × scratch × raw_136/mediapipe × B2] Computing late fusion weight sweep...
  best_w_image=0.75  val_mf1=0.5517  TEST mf1=0.4725  wf1=0.6545  acc=0.6297

  [3c × scratch × raw_136/mediapipe × B3] Computing late fusion weight sweep...
  best_w_image=0.80  val_mf1=0.5866  TEST mf1=0.5974  wf1=0.7589  acc=0.7449

  [3c × tl × raw_136/mediapipe × B1] Computing late fusion weight sweep...
  best_w_image=0.00  val_mf1=0.5010  TEST mf1=0.5087  wf1=0.7867  acc=0.8202

  [3c × tl × raw_136/mediapipe × B2] Computing late fusion weight sweep...
  best_w_image=0.80  val_mf1=0.5499  TEST mf1=0.7090  wf1=0.8329  acc=0.8181

  [3c × tl × raw_136/mediapipe × B3] Computing late fusion weight sweep...
  best_w_image=0.60  val_mf1=0.6167  TEST mf1=0.7067  wf1=0.8190  acc=0.8041

[3c × raw_136/faceapi × B1] Landmark branch
  [cache hit] fcnn_raw_136_fa_b1_3c

[3c × raw_136/faceapi × B2] Landmark branch
  [cache hit] fcnn_raw_136_fa_b2_3c

[3c × raw_136/faceapi × B3] Landmark branch
  [cache hit] fcnn_raw_136_fa_b3_3c

  [3c × scratch × raw_136/faceapi × B1] Computing late fusion weight sweep...
  best_w_image=0.00  val_mf1=0.7370  TEST mf1=0.7119  wf1=0.8451  acc=0.8471

  [3c × scratch × raw_136/faceapi × B2] Computing late fusion weight sweep...
  best_w_image=0.50  val_mf1=0.7037  TEST mf1=0.7131  wf1=0.8320  acc=0.8127

  [3c × scratch × raw_136/faceapi × B3] Computing late fusion weight sweep...
  best_w_image=0.05  val_mf1=0.7245  TEST mf1=0.6992  wf1=0.8417  acc=0.8095

  [3c × tl × raw_136/faceapi × B1] Computing late fusion weight sweep...
  best_w_image=0.00  val_mf1=0.7370  TEST mf1=0.7119  wf1=0.8451  acc=0.8471

  [3c × tl × raw_136/faceapi × B2] Computing late fusion weight sweep...
  best_w_image=0.50  val_mf1=0.7104  TEST mf1=0.7482  wf1=0.8686  acc=0.8558

  [3c × tl × raw_136/faceapi × B3] Computing late fusion weight sweep...
  best_w_image=0.20  val_mf1=0.7267  TEST mf1=0.7525  wf1=0.8806  acc=0.8644

[3c × facs_28/mediapipe × B1] Landmark branch
  [cache hit] fcnn_facs_28_mp_b1_3c

[3c × facs_28/mediapipe × B2] Landmark branch
  [cache hit] fcnn_facs_28_mp_b2_3c

[3c × facs_28/mediapipe × B3] Landmark branch
  [cache hit] fcnn_facs_28_mp_b3_3c

  [3c × scratch × facs_28/mediapipe × B1] Computing late fusion weight sweep...
  best_w_image=0.10  val_mf1=0.5686  TEST mf1=0.5877  wf1=0.7620  acc=0.7460

  [3c × scratch × facs_28/mediapipe × B2] Computing late fusion weight sweep...
  best_w_image=0.65  val_mf1=0.5832  TEST mf1=0.5849  wf1=0.7542  acc=0.7374

  [3c × scratch × facs_28/mediapipe × B3] Computing late fusion weight sweep...
  best_w_image=0.85  val_mf1=0.5717  TEST mf1=0.6218  wf1=0.7783  acc=0.7664

  [3c × tl × facs_28/mediapipe × B1] Computing late fusion weight sweep...
  best_w_image=0.00  val_mf1=0.5594  TEST mf1=0.5594  wf1=0.7314  acc=0.7061

  [3c × tl × facs_28/mediapipe × B2] Computing late fusion weight sweep...
  best_w_image=0.60  val_mf1=0.5482  TEST mf1=0.7042  wf1=0.8296  acc=0.8159

  [3c × tl × facs_28/mediapipe × B3] Computing late fusion weight sweep...
  best_w_image=0.75  val_mf1=0.6047  TEST mf1=0.7106  wf1=0.8282  acc=0.8138

[3c × facs_28/faceapi × B1] Landmark branch
  [cache hit] fcnn_facs_28_fa_b1_3c

[3c × facs_28/faceapi × B2] Landmark branch
  [cache hit] fcnn_facs_28_fa_b2_3c

[3c × facs_28/faceapi × B3] Landmark branch
  [cache hit] fcnn_facs_28_fa_b3_3c

  [3c × scratch × facs_28/faceapi × B1] Computing late fusion weight sweep...
  best_w_image=0.05  val_mf1=0.7321  TEST mf1=0.7604  wf1=0.8896  acc=0.8881

  [3c × scratch × facs_28/faceapi × B2] Computing late fusion weight sweep...
  best_w_image=0.00  val_mf1=0.7705  TEST mf1=0.7489  wf1=0.8622  acc=0.8536

  [3c × scratch × facs_28/faceapi × B3] Computing late fusion weight sweep...
  best_w_image=0.05  val_mf1=0.7720  TEST mf1=0.7489  wf1=0.8622  acc=0.8536

  [3c × tl × facs_28/faceapi × B1] Computing late fusion weight sweep...
  best_w_image=0.05  val_mf1=0.7344  TEST mf1=0.7604  wf1=0.8914  acc=0.8891

  [3c × tl × facs_28/faceapi × B2] Computing late fusion weight sweep...
  best_w_image=0.00  val_mf1=0.7705  TEST mf1=0.7489  wf1=0.8622  acc=0.8536

  [3c × tl × facs_28/faceapi × B3] Computing late fusion weight sweep...
  best_w_image=0.00  val_mf1=0.7705  TEST mf1=0.7489  wf1=0.8622  acc=0.8536

[3c × blendshape_52/mediapipe × B1] Landmark branch
  [cache hit] fcnn_blendshape_52_mp_b1_3c

[3c × blendshape_52/mediapipe × B2] Landmark branch
  [cache hit] fcnn_blendshape_52_mp_b2_3c

[3c × blendshape_52/mediapipe × B3] Landmark branch
  [cache hit] fcnn_blendshape_52_mp_b3_3c

  [3c × scratch × blendshape_52/mediapipe × B1] Computing late fusion weight sweep...
  best_w_image=0.95  val_mf1=0.5686  TEST mf1=0.5042  wf1=0.7719  acc=0.8019

  [3c × scratch × blendshape_52/mediapipe × B2] Computing late fusion weight sweep...
  best_w_image=0.50  val_mf1=0.6112  TEST mf1=0.6237  wf1=0.7887  acc=0.7761

  [3c × scratch × blendshape_52/mediapipe × B3] Computing late fusion weight sweep...
  best_w_image=0.25  val_mf1=0.6230  TEST mf1=0.6620  wf1=0.8001  acc=0.7847

  [3c × tl × blendshape_52/mediapipe × B1] Computing late fusion weight sweep...
  best_w_image=0.00  val_mf1=0.5249  TEST mf1=0.5713  wf1=0.8015  acc=0.8192

  [3c × tl × blendshape_52/mediapipe × B2] Computing late fusion weight sweep...
  best_w_image=0.30  val_mf1=0.6098  TEST mf1=0.6868  wf1=0.8170  acc=0.8030

  [3c × tl × blendshape_52/mediapipe × B3] Computing late fusion weight sweep...
  best_w_image=0.35  val_mf1=0.6244  TEST mf1=0.6927  wf1=0.8229  acc=0.8084
  SKIP combo: feature=blendshape_52 × source=faceapi (blendshape MP-only)

[3c × facs_plus_bs_80/mediapipe × B1] Landmark branch
  [cache hit] fcnn_facs_plus_bs_80_mp_b1_3c

[3c × facs_plus_bs_80/mediapipe × B2] Landmark branch
  [cache hit] fcnn_facs_plus_bs_80_mp_b2_3c

[3c × facs_plus_bs_80/mediapipe × B3] Landmark branch
  [cache hit] fcnn_facs_plus_bs_80_mp_b3_3c

  [3c × scratch × facs_plus_bs_80/mediapipe × B1] Computing late fusion weight sweep...
  best_w_image=0.95  val_mf1=0.5669  TEST mf1=0.5167  wf1=0.7767  acc=0.8052

  [3c × scratch × facs_plus_bs_80/mediapipe × B2] Computing late fusion weight sweep...
  best_w_image=0.50  val_mf1=0.6025  TEST mf1=0.5776  wf1=0.7859  acc=0.7761

  [3c × scratch × facs_plus_bs_80/mediapipe × B3] Computing late fusion weight sweep...
  best_w_image=0.40  val_mf1=0.5894  TEST mf1=0.6294  wf1=0.7999  acc=0.7890

  [3c × tl × facs_plus_bs_80/mediapipe × B1] Computing late fusion weight sweep...
  best_w_image=0.00  val_mf1=0.5260  TEST mf1=0.6680  wf1=0.8390  acc=0.8461

  [3c × tl × facs_plus_bs_80/mediapipe × B2] Computing late fusion weight sweep...
  best_w_image=0.45  val_mf1=0.5937  TEST mf1=0.6749  wf1=0.8188  acc=0.8062

  [3c × tl × facs_plus_bs_80/mediapipe × B3] Computing late fusion weight sweep...
  best_w_image=0.40  val_mf1=0.6259  TEST mf1=0.6550  wf1=0.8084  acc=0.7944

[3c × facs_plus_bs_80/faceapi × B1] Landmark branch
  [cache hit] fcnn_facs_plus_bs_80_fa_b1_3c

[3c × facs_plus_bs_80/faceapi × B2] Landmark branch
  [cache hit] fcnn_facs_plus_bs_80_fa_b2_3c

[3c × facs_plus_bs_80/faceapi × B3] Landmark branch
  [cache hit] fcnn_facs_plus_bs_80_fa_b3_3c

  [3c × scratch × facs_plus_bs_80/faceapi × B1] Computing late fusion weight sweep...
  best_w_image=0.00  val_mf1=0.6924  TEST mf1=0.7345  wf1=0.8864  acc=0.8902

  [3c × scratch × facs_plus_bs_80/faceapi × B2] Computing late fusion weight sweep...
  best_w_image=0.40  val_mf1=0.7074  TEST mf1=0.6717  wf1=0.8333  acc=0.8181

  [3c × scratch × facs_plus_bs_80/faceapi × B3] Computing late fusion weight sweep...
  best_w_image=0.10  val_mf1=0.6969  TEST mf1=0.6513  wf1=0.8255  acc=0.7998

  [3c × tl × facs_plus_bs_80/faceapi × B1] Computing late fusion weight sweep...
  best_w_image=0.00  val_mf1=0.6924  TEST mf1=0.7345  wf1=0.8864  acc=0.8902

  [3c × tl × facs_plus_bs_80/faceapi × B2] Computing late fusion weight sweep...
  best_w_image=0.15  val_mf1=0.7020  TEST mf1=0.6568  wf1=0.8262  acc=0.8009

  [3c × tl × facs_plus_bs_80/faceapi × B3] Computing late fusion weight sweep...
  best_w_image=0.40  val_mf1=0.7004  TEST mf1=0.6917  wf1=0.8422  acc=0.8245

[7c × scratch × B1] Image branch
  [cache hit] cnn_scratch_b1_7c

[7c × scratch × B2] Image branch
  [cache hit] cnn_scratch_b2_7c

[7c × scratch × B3] Image branch
  [cache hit] cnn_scratch_b3_7c

[7c × tl × B1] Image branch
  [cache hit] cnn_tl_b1_7c

[7c × tl × B2] Image branch
  [cache hit] cnn_tl_b2_7c

[7c × tl × B3] Image branch
  [cache hit] cnn_tl_b3_7c

[7c × raw_136/mediapipe × B1] Landmark branch
  [cache hit] fcnn_raw_136_mp_b1_7c

[7c × raw_136/mediapipe × B2] Landmark branch
  [cache hit] fcnn_raw_136_mp_b2_7c

[7c × raw_136/mediapipe × B3] Landmark branch
  [cache hit] fcnn_raw_136_mp_b3_7c

  [7c × scratch × raw_136/mediapipe × B1] Computing late fusion weight sweep...
  best_w_image=0.10  val_mf1=0.2507  TEST mf1=0.2338  wf1=0.7746  acc=0.7858

  [7c × scratch × raw_136/mediapipe × B2] Computing late fusion weight sweep...
  best_w_image=0.00  val_mf1=0.2264  TEST mf1=0.1827  wf1=0.6768  acc=0.6416

  [7c × scratch × raw_136/mediapipe × B3] Computing late fusion weight sweep...
  best_w_image=0.25  val_mf1=0.2832  TEST mf1=0.2551  wf1=0.7676  acc=0.7330

  [7c × tl × raw_136/mediapipe × B1] Computing late fusion weight sweep...
  best_w_image=0.05  val_mf1=0.2505  TEST mf1=0.2325  wf1=0.7738  acc=0.7804

  [7c × tl × raw_136/mediapipe × B2] Computing late fusion weight sweep...
  best_w_image=0.55  val_mf1=0.2523  TEST mf1=0.2828  wf1=0.8122  acc=0.7804

  [7c × tl × raw_136/mediapipe × B3] Computing late fusion weight sweep...
  best_w_image=0.90  val_mf1=0.2936  TEST mf1=0.2902  wf1=0.8030  acc=0.7890

[7c × raw_136/faceapi × B1] Landmark branch
  [cache hit] fcnn_raw_136_fa_b1_7c

[7c × raw_136/faceapi × B2] Landmark branch
  [cache hit] fcnn_raw_136_fa_b2_7c

[7c × raw_136/faceapi × B3] Landmark branch
  [cache hit] fcnn_raw_136_fa_b3_7c

  [7c × scratch × raw_136/faceapi × B1] Computing late fusion weight sweep...
  best_w_image=0.00  val_mf1=0.3528  TEST mf1=0.3122  wf1=0.8445  acc=0.8450

  [7c × scratch × raw_136/faceapi × B2] Computing late fusion weight sweep...
  best_w_image=0.10  val_mf1=0.3442  TEST mf1=0.2487  wf1=0.5758  acc=0.4715

  [7c × scratch × raw_136/faceapi × B3] Computing late fusion weight sweep...
  best_w_image=0.15  val_mf1=0.4737  TEST mf1=0.2989  wf1=0.7615  acc=0.6760

  [7c × tl × raw_136/faceapi × B1] Computing late fusion weight sweep...
  best_w_image=0.30  val_mf1=0.3543  TEST mf1=0.3159  wf1=0.8505  acc=0.8525

  [7c × tl × raw_136/faceapi × B2] Computing late fusion weight sweep...
  best_w_image=0.40  val_mf1=0.3740  TEST mf1=0.2970  wf1=0.6947  acc=0.5974

  [7c × tl × raw_136/faceapi × B3] Computing late fusion weight sweep...
  best_w_image=0.40  val_mf1=0.4909  TEST mf1=0.3264  wf1=0.8181  acc=0.7664

[7c × facs_28/mediapipe × B1] Landmark branch
  [cache hit] fcnn_facs_28_mp_b1_7c

[7c × facs_28/mediapipe × B2] Landmark branch
  [cache hit] fcnn_facs_28_mp_b2_7c

[7c × facs_28/mediapipe × B3] Landmark branch
  [cache hit] fcnn_facs_28_mp_b3_7c

  [7c × scratch × facs_28/mediapipe × B1] Computing late fusion weight sweep...
  best_w_image=0.00  val_mf1=0.2498  TEST mf1=0.1972  wf1=0.7126  acc=0.7449

  [7c × scratch × facs_28/mediapipe × B2] Computing late fusion weight sweep...
  best_w_image=0.05  val_mf1=0.2688  TEST mf1=0.2328  wf1=0.6432  acc=0.5414

  [7c × scratch × facs_28/mediapipe × B3] Computing late fusion weight sweep...
  best_w_image=0.10  val_mf1=0.2765  TEST mf1=0.2341  wf1=0.6574  acc=0.5576

  [7c × tl × facs_28/mediapipe × B1] Computing late fusion weight sweep...
  best_w_image=0.00  val_mf1=0.2498  TEST mf1=0.1972  wf1=0.7126  acc=0.7449

  [7c × tl × facs_28/mediapipe × B2] Computing late fusion weight sweep...
  best_w_image=0.50  val_mf1=0.2778  TEST mf1=0.2866  wf1=0.7876  acc=0.7449

  [7c × tl × facs_28/mediapipe × B3] Computing late fusion weight sweep...
  best_w_image=0.40  val_mf1=0.2947  TEST mf1=0.2792  wf1=0.7806  acc=0.7266

[7c × facs_28/faceapi × B1] Landmark branch
  [cache hit] fcnn_facs_28_fa_b1_7c

[7c × facs_28/faceapi × B2] Landmark branch
  [cache hit] fcnn_facs_28_fa_b2_7c

[7c × facs_28/faceapi × B3] Landmark branch
  [cache hit] fcnn_facs_28_fa_b3_7c

  [7c × scratch × facs_28/faceapi × B1] Computing late fusion weight sweep...
  best_w_image=0.25  val_mf1=0.3528  TEST mf1=0.3100  wf1=0.8593  acc=0.8611

  [7c × scratch × facs_28/faceapi × B2] Computing late fusion weight sweep...
  best_w_image=0.40  val_mf1=0.4108  TEST mf1=0.3262  wf1=0.8693  acc=0.8525

  [7c × scratch × facs_28/faceapi × B3] Computing late fusion weight sweep...
  best_w_image=0.40  val_mf1=0.3949  TEST mf1=0.3309  wf1=0.8830  acc=0.8644

  [7c × tl × facs_28/faceapi × B1] Computing late fusion weight sweep...
  best_w_image=0.05  val_mf1=0.3510  TEST mf1=0.3095  wf1=0.8580  acc=0.8579

  [7c × tl × facs_28/faceapi × B2] Computing late fusion weight sweep...
  best_w_image=0.35  val_mf1=0.4183  TEST mf1=0.3172  wf1=0.8681  acc=0.8418

  [7c × tl × facs_28/faceapi × B3] Computing late fusion weight sweep...
  best_w_image=0.45  val_mf1=0.4164  TEST mf1=0.3173  wf1=0.8671  acc=0.8418

[7c × blendshape_52/mediapipe × B1] Landmark branch
  [cache hit] fcnn_blendshape_52_mp_b1_7c

[7c × blendshape_52/mediapipe × B2] Landmark branch
  [cache hit] fcnn_blendshape_52_mp_b2_7c

[7c × blendshape_52/mediapipe × B3] Landmark branch
  [cache hit] fcnn_blendshape_52_mp_b3_7c

  [7c × scratch × blendshape_52/mediapipe × B1] Computing late fusion weight sweep...
  best_w_image=0.15  val_mf1=0.2601  TEST mf1=0.2988  wf1=0.8502  acc=0.8547

  [7c × scratch × blendshape_52/mediapipe × B2] Computing late fusion weight sweep...
  best_w_image=0.45  val_mf1=0.3117  TEST mf1=0.2281  wf1=0.7002  acc=0.6620

  [7c × scratch × blendshape_52/mediapipe × B3] Computing late fusion weight sweep...
  best_w_image=0.50  val_mf1=0.3727  TEST mf1=0.2403  wf1=0.7359  acc=0.7061

  [7c × tl × blendshape_52/mediapipe × B1] Computing late fusion weight sweep...
  best_w_image=0.25  val_mf1=0.2601  TEST mf1=0.2986  wf1=0.8406  acc=0.8439

  [7c × tl × blendshape_52/mediapipe × B2] Computing late fusion weight sweep...
  best_w_image=0.55  val_mf1=0.3230  TEST mf1=0.2813  wf1=0.7958  acc=0.7707

  [7c × tl × blendshape_52/mediapipe × B3] Computing late fusion weight sweep...
  best_w_image=0.55  val_mf1=0.3280  TEST mf1=0.2834  wf1=0.8087  acc=0.7879
  SKIP combo: feature=blendshape_52 × source=faceapi (blendshape MP-only)

[7c × facs_plus_bs_80/mediapipe × B1] Landmark branch
  [cache hit] fcnn_facs_plus_bs_80_mp_b1_7c

[7c × facs_plus_bs_80/mediapipe × B2] Landmark branch
  [cache hit] fcnn_facs_plus_bs_80_mp_b2_7c

[7c × facs_plus_bs_80/mediapipe × B3] Landmark branch
  [cache hit] fcnn_facs_plus_bs_80_mp_b3_7c

  [7c × scratch × facs_plus_bs_80/mediapipe × B1] Computing late fusion weight sweep...
  best_w_image=0.05  val_mf1=0.2495  TEST mf1=0.2475  wf1=0.8238  acc=0.8450

  [7c × scratch × facs_plus_bs_80/mediapipe × B2] Computing late fusion weight sweep...
  best_w_image=0.20  val_mf1=0.3116  TEST mf1=0.2711  wf1=0.7622  acc=0.7341

  [7c × scratch × facs_plus_bs_80/mediapipe × B3] Computing late fusion weight sweep...
  best_w_image=0.40  val_mf1=0.3207  TEST mf1=0.2730  wf1=0.7666  acc=0.7427

  [7c × tl × facs_plus_bs_80/mediapipe × B1] Computing late fusion weight sweep...
  best_w_image=0.05  val_mf1=0.2486  TEST mf1=0.2471  wf1=0.8231  acc=0.8439

  [7c × tl × facs_plus_bs_80/mediapipe × B2] Computing late fusion weight sweep...
  best_w_image=0.20  val_mf1=0.3079  TEST mf1=0.2734  wf1=0.7663  acc=0.7374

  [7c × tl × facs_plus_bs_80/mediapipe × B3] Computing late fusion weight sweep...
  best_w_image=0.20  val_mf1=0.3122  TEST mf1=0.2778  wf1=0.7752  acc=0.7470

[7c × facs_plus_bs_80/faceapi × B1] Landmark branch
  [cache hit] fcnn_facs_plus_bs_80_fa_b1_7c

[7c × facs_plus_bs_80/faceapi × B2] Landmark branch
  [cache hit] fcnn_facs_plus_bs_80_fa_b2_7c

[7c × facs_plus_bs_80/faceapi × B3] Landmark branch
  [cache hit] fcnn_facs_plus_bs_80_fa_b3_7c

  [7c × scratch × facs_plus_bs_80/faceapi × B1] Computing late fusion weight sweep...
  best_w_image=0.15  val_mf1=0.3305  TEST mf1=0.3042  wf1=0.8523  acc=0.8579

  [7c × scratch × facs_plus_bs_80/faceapi × B2] Computing late fusion weight sweep...
  best_w_image=0.00  val_mf1=0.3408  TEST mf1=0.3043  wf1=0.7844  acc=0.7578

  [7c × scratch × facs_plus_bs_80/faceapi × B3] Computing late fusion weight sweep...
  best_w_image=0.30  val_mf1=0.3697  TEST mf1=0.3171  wf1=0.7981  acc=0.7804

  [7c × tl × facs_plus_bs_80/faceapi × B1] Computing late fusion weight sweep...
  best_w_image=0.00  val_mf1=0.3275  TEST mf1=0.2970  wf1=0.8451  acc=0.8504

  [7c × tl × facs_plus_bs_80/faceapi × B2] Computing late fusion weight sweep...
  best_w_image=0.00  val_mf1=0.3408  TEST mf1=0.3043  wf1=0.7844  acc=0.7578

  [7c × tl × facs_plus_bs_80/faceapi × B3] Computing late fusion weight sweep...
  best_w_image=0.35  val_mf1=0.3507  TEST mf1=0.3332  wf1=0.8190  acc=0.8019
Saved: /mnt/extended-home/fitra_dosen/2025_iris_fer_taufik/MultimodalEmoLearn/models/frontonly_conf60/3class/Unified/fusion_late_scratch/results.json
Saved: /mnt/extended-home/fitra_dosen/2025_iris_fer_taufik/MultimodalEmoLearn/models/frontonly_conf60/3class/Unified/fusion_late_tl/results.json
Saved: /mnt/extended-home/fitra_dosen/2025_iris_fer_taufik/MultimodalEmoLearn/models/frontonly_conf60/3class/Unified/fusion_late_scratch_faceapi/results.json
Saved: /mnt/extended-home/fitra_dosen/2025_iris_fer_taufik/MultimodalEmoLearn/models/frontonly_conf60/3class/Unified/fusion_late_tl_faceapi/results.json
Saved: /mnt/extended-home/fitra_dosen/2025_iris_fer_taufik/MultimodalEmoLearn/models/frontonly_conf60/3class/Unified/fusion_late_scratch_facs_28/results.json
Saved: /mnt/extended-home/fitra_dosen/2025_iris_fer_taufik/MultimodalEmoLearn/models/frontonly_conf60/3class/Unified/fusion_late_tl_facs_28/results.json
Saved: /mnt/extended-home/fitra_dosen/2025_iris_fer_taufik/MultimodalEmoLearn/models/frontonly_conf60/3class/Unified/fusion_late_scratch_facs_28_faceapi/results.json
Saved: /mnt/extended-home/fitra_dosen/2025_iris_fer_taufik/MultimodalEmoLearn/models/frontonly_conf60/3class/Unified/fusion_late_tl_facs_28_faceapi/results.json
Saved: /mnt/extended-home/fitra_dosen/2025_iris_fer_taufik/MultimodalEmoLearn/models/frontonly_conf60/3class/Unified/fusion_late_scratch_blendshape_52/results.json
Saved: /mnt/extended-home/fitra_dosen/2025_iris_fer_taufik/MultimodalEmoLearn/models/frontonly_conf60/3class/Unified/fusion_late_tl_blendshape_52/results.json
Saved: /mnt/extended-home/fitra_dosen/2025_iris_fer_taufik/MultimodalEmoLearn/models/frontonly_conf60/3class/Unified/fusion_late_scratch_facs_plus_bs_80/results.json
Saved: /mnt/extended-home/fitra_dosen/2025_iris_fer_taufik/MultimodalEmoLearn/models/frontonly_conf60/3class/Unified/fusion_late_tl_facs_plus_bs_80/results.json
Saved: /mnt/extended-home/fitra_dosen/2025_iris_fer_taufik/MultimodalEmoLearn/models/frontonly_conf60/3class/Unified/fusion_late_scratch_facs_plus_bs_80_faceapi/results.json
Saved: /mnt/extended-home/fitra_dosen/2025_iris_fer_taufik/MultimodalEmoLearn/models/frontonly_conf60/3class/Unified/fusion_late_tl_facs_plus_bs_80_faceapi/results.json
Saved: /mnt/extended-home/fitra_dosen/2025_iris_fer_taufik/MultimodalEmoLearn/models/frontonly_conf60/7class/Unified/fusion_late_scratch/results.json
Saved: /mnt/extended-home/fitra_dosen/2025_iris_fer_taufik/MultimodalEmoLearn/models/frontonly_conf60/7class/Unified/fusion_late_tl/results.json
Saved: /mnt/extended-home/fitra_dosen/2025_iris_fer_taufik/MultimodalEmoLearn/models/frontonly_conf60/7class/Unified/fusion_late_scratch_faceapi/results.json
Saved: /mnt/extended-home/fitra_dosen/2025_iris_fer_taufik/MultimodalEmoLearn/models/frontonly_conf60/7class/Unified/fusion_late_tl_faceapi/results.json
Saved: /mnt/extended-home/fitra_dosen/2025_iris_fer_taufik/MultimodalEmoLearn/models/frontonly_conf60/7class/Unified/fusion_late_scratch_facs_28/results.json
Saved: /mnt/extended-home/fitra_dosen/2025_iris_fer_taufik/MultimodalEmoLearn/models/frontonly_conf60/7class/Unified/fusion_late_tl_facs_28/results.json
Saved: /mnt/extended-home/fitra_dosen/2025_iris_fer_taufik/MultimodalEmoLearn/models/frontonly_conf60/7class/Unified/fusion_late_scratch_facs_28_faceapi/results.json
Saved: /mnt/extended-home/fitra_dosen/2025_iris_fer_taufik/MultimodalEmoLearn/models/frontonly_conf60/7class/Unified/fusion_late_tl_facs_28_faceapi/results.json
Saved: /mnt/extended-home/fitra_dosen/2025_iris_fer_taufik/MultimodalEmoLearn/models/frontonly_conf60/7class/Unified/fusion_late_scratch_blendshape_52/results.json
Saved: /mnt/extended-home/fitra_dosen/2025_iris_fer_taufik/MultimodalEmoLearn/models/frontonly_conf60/7class/Unified/fusion_late_tl_blendshape_52/results.json
Saved: /mnt/extended-home/fitra_dosen/2025_iris_fer_taufik/MultimodalEmoLearn/models/frontonly_conf60/7class/Unified/fusion_late_scratch_facs_plus_bs_80/results.json
Saved: /mnt/extended-home/fitra_dosen/2025_iris_fer_taufik/MultimodalEmoLearn/models/frontonly_conf60/7class/Unified/fusion_late_tl_facs_plus_bs_80/results.json
Saved: /mnt/extended-home/fitra_dosen/2025_iris_fer_taufik/MultimodalEmoLearn/models/frontonly_conf60/7class/Unified/fusion_late_scratch_facs_plus_bs_80_faceapi/results.json
Saved: /mnt/extended-home/fitra_dosen/2025_iris_fer_taufik/MultimodalEmoLearn/models/frontonly_conf60/7class/Unified/fusion_late_tl_facs_plus_bs_80_faceapi/results.json

====================================================================================================
SUMMARY: Late Fusion Unified Protocol macro_f1
====================================================================================================
  scheme  variant   feature             source            B1        B2        B3
  3c     scratch   raw_136             mediapipe     0.4962    0.4725    0.5974
  3c     tl        raw_136             mediapipe     0.5087    0.7090    0.7067
  3c     scratch   raw_136             faceapi       0.7119    0.7131    0.6992
  3c     tl        raw_136             faceapi       0.7119    0.7482    0.7525
  3c     scratch   facs_28             mediapipe     0.5877    0.5849    0.6218
  3c     tl        facs_28             mediapipe     0.5594    0.7042    0.7106
  3c     scratch   facs_28             faceapi       0.7604    0.7489    0.7489
  3c     tl        facs_28             faceapi       0.7604    0.7489    0.7489
  3c     scratch   blendshape_52       mediapipe     0.5042    0.6237    0.6620
  3c     tl        blendshape_52       mediapipe     0.5713    0.6868    0.6927
  3c     scratch   facs_plus_bs_80     mediapipe     0.5167    0.5776    0.6294
  3c     tl        facs_plus_bs_80     mediapipe     0.6680    0.6749    0.6550
  3c     scratch   facs_plus_bs_80     faceapi       0.7345    0.6717    0.6513
  3c     tl        facs_plus_bs_80     faceapi       0.7345    0.6568    0.6917
  7c     scratch   raw_136             mediapipe     0.2338    0.1827    0.2551
  7c     tl        raw_136             mediapipe     0.2325    0.2828    0.2902
  7c     scratch   raw_136             faceapi       0.3122    0.2487    0.2989
  7c     tl        raw_136             faceapi       0.3159    0.2970    0.3264
  7c     scratch   facs_28             mediapipe     0.1972    0.2328    0.2341
  7c     tl        facs_28             mediapipe     0.1972    0.2866    0.2792
  7c     scratch   facs_28             faceapi       0.3100    0.3262    0.3309
  7c     tl        facs_28             faceapi       0.3095    0.3172    0.3173
  7c     scratch   blendshape_52       mediapipe     0.2988    0.2281    0.2403
  7c     tl        blendshape_52       mediapipe     0.2986    0.2813    0.2834
  7c     scratch   facs_plus_bs_80     mediapipe     0.2475    0.2711    0.2730
  7c     tl        facs_plus_bs_80     mediapipe     0.2471    0.2734    0.2778
  7c     scratch   facs_plus_bs_80     faceapi       0.3042    0.3043    0.3171
  7c     tl        facs_plus_bs_80     faceapi       0.2970    0.3043    0.3332
[retry_run] ✅ Succeeded on attempt 1
[2026-05-18T21:10:28+07:00] LF primer sweep done
