[2026-05-20T07:20:02+07:00] === GPU1 primer blendshape_52 intermediate (relaunch from GPU 0 OOM) ===
[retry_run] Attempt 1/3: CUDA_VISIBLE_DEVICES=1 /mnt/extended-home/fitra_dosen/2025_iris_fer_taufik/miniconda3/envs/2025_iris_fer_taufik/bin/python -u scripts/run_unified_fusion.py --fusions intermediate --variants scratch tl --landmark-features blendshape_52 --landmark-sources mediapipe --scenarios b1 b2 b3 --classes 3 7
Device: cuda
DATA_DIR: /mnt/extended-home/fitra_dosen/2025_iris_fer_taufik/MultimodalEmoLearn/data/dataset_frontonly_conf60
Output: /mnt/extended-home/fitra_dosen/2025_iris_fer_taufik/MultimodalEmoLearn/models/frontonly_conf60
Total runs: 12

[1/12]

==== fusion_intermediate_scratch × 3c × B1 × lm=mediapipe/blendshape_52(dim=52) ====
  Train N=5287  augment=False  is_coord=False  lr=0.001
  class counts train: [432, 4526, 329]
  ep   1  loss=0.4614  val_mf1=0.5650
  ep   5  loss=0.3313  val_mf1=0.4538
  ep  10  loss=0.2959  val_mf1=0.5444
  ep  15  loss=0.2746  val_mf1=0.4533
  ep  20  loss=0.2504  val_mf1=0.5970
  ep  25  loss=0.2278  val_mf1=0.4753
  ep  30  loss=0.2034  val_mf1=0.5434
  ep  35  loss=0.1736  val_mf1=0.4476
  best ep 20  val_mf1=0.5970  (2208s)  TEST mf1=0.5590  wf1=0.8089  acc=0.8267

[2/12]

==== fusion_intermediate_scratch × 3c × B2 × lm=mediapipe/blendshape_52(dim=52) ====
  Train N=5287  augment=False  is_coord=False  lr=0.001
  class counts train: [432, 4526, 329]
  ep   1  loss=0.8474  val_mf1=0.5528
  ep   5  loss=0.5031  val_mf1=0.5152
  ep  10  loss=0.3728  val_mf1=0.5020
  ep  15  loss=0.2445  val_mf1=0.4996
  ep  20  loss=0.1906  val_mf1=0.5206
  best ep 6  val_mf1=0.5954  (1336s)  TEST mf1=0.5502  wf1=0.7425  acc=0.7266

[3/12]

==== fusion_intermediate_scratch × 3c × B3 × lm=mediapipe/blendshape_52(dim=52) ====
  Train N=5287  augment=True  is_coord=False  lr=0.001
  class counts train: [432, 4526, 329]
  ep   1  loss=0.8696  val_mf1=0.5533
  ep   5  loss=0.5131  val_mf1=0.5519
  ep  10  loss=0.3091  val_mf1=0.5726
  ep  15  loss=0.1768  val_mf1=0.5251
  ep  20  loss=0.1252  val_mf1=0.5407
  best ep 7  val_mf1=0.5883  (1380s)  TEST mf1=0.5215  wf1=0.7287  acc=0.7061

[4/12]

==== fusion_intermediate_tl × 3c × B1 × lm=mediapipe/blendshape_52(dim=52) ====
  Train N=5287  augment=False  is_coord=False  lr=0.0001
  class counts train: [432, 4526, 329]
  ep   1  loss=0.6317  val_mf1=0.4213
  ep   5  loss=0.2239  val_mf1=0.4401
  ep  10  loss=0.0917  val_mf1=0.3759
  ep  15  loss=0.0501  val_mf1=0.3793
  ep  20  loss=0.0387  val_mf1=0.3903
  best ep 8  val_mf1=0.5020  (759s)  TEST mf1=0.6421  wf1=0.7896  acc=0.7869

[5/12]

==== fusion_intermediate_tl × 3c × B2 × lm=mediapipe/blendshape_52(dim=52) ====
  Train N=5287  augment=False  is_coord=False  lr=0.0001
  class counts train: [432, 4526, 329]
  ep   1  loss=0.8364  val_mf1=0.5037
  ep   5  loss=0.1169  val_mf1=0.4056
  ep  10  loss=0.0787  val_mf1=0.4201
  ep  15  loss=0.0440  val_mf1=0.4479
  ep  20  loss=0.0231  val_mf1=0.4288
  best ep 8  val_mf1=0.5699  (742s)  TEST mf1=0.6229  wf1=0.7973  acc=0.7869

[6/12]

==== fusion_intermediate_tl × 3c × B3 × lm=mediapipe/blendshape_52(dim=52) ====
  Train N=5287  augment=True  is_coord=False  lr=0.0001
  class counts train: [432, 4526, 329]
  ep   1  loss=0.8623  val_mf1=0.4885
  ep   5  loss=0.1355  val_mf1=0.3873
  ep  10  loss=0.0696  val_mf1=0.5344
  ep  15  loss=0.0512  val_mf1=0.4101
  ep  20  loss=0.0232  val_mf1=0.3927
  ep  25  loss=0.0268  val_mf1=0.4451
  best ep 10  val_mf1=0.5344  (813s)  TEST mf1=0.6698  wf1=0.8447  acc=0.8439

[7/12]

==== fusion_intermediate_scratch × 7c × B1 × lm=mediapipe/blendshape_52(dim=52) ====
  Train N=5287  augment=False  is_coord=False  lr=0.001
  class counts train: [4526, 416, 287, 27, 2, 13, 16]
  ep   1  loss=0.5973  val_mf1=0.1960
  ep   5  loss=0.3699  val_mf1=0.2620
  ep  10  loss=0.3248  val_mf1=0.2003
  ep  15  loss=0.3060  val_mf1=0.2082
  ep  20  loss=0.2829  val_mf1=0.2323
  best ep 5  val_mf1=0.2620  (1268s)  TEST mf1=0.2044  wf1=0.7367  acc=0.7793

[8/12]

==== fusion_intermediate_scratch × 7c × B2 × lm=mediapipe/blendshape_52(dim=52) ====
  Train N=5287  augment=False  is_coord=False  lr=0.001
  class counts train: [4526, 416, 287, 27, 2, 13, 16]
  ep   1  loss=1.3508  val_mf1=0.2483
  ep   5  loss=0.2859  val_mf1=0.2541
  ep  10  loss=0.1528  val_mf1=0.2051
  ep  15  loss=0.1150  val_mf1=0.2523
  best ep 2  val_mf1=0.3131  (1114s)  TEST mf1=0.2249  wf1=0.7483  acc=0.7384

[9/12]

==== fusion_intermediate_scratch × 7c × B3 × lm=mediapipe/blendshape_52(dim=52) ====
  Train N=5287  augment=True  is_coord=False  lr=0.001
  class counts train: [4526, 416, 287, 27, 2, 13, 16]
  ep   1  loss=1.3995  val_mf1=0.1914
  ep   5  loss=0.3188  val_mf1=0.2113
  ep  10  loss=0.1823  val_mf1=0.2138
  ep  15  loss=0.1222  val_mf1=0.2241
  best ep 2  val_mf1=0.2680  (1124s)  TEST mf1=0.2359  wf1=0.7221  acc=0.6857

[10/12]

==== fusion_intermediate_tl × 7c × B1 × lm=mediapipe/blendshape_52(dim=52) ====
  Train N=5287  augment=False  is_coord=False  lr=0.0001
  class counts train: [4526, 416, 287, 27, 2, 13, 16]
  ep   1  loss=1.3264  val_mf1=0.1992
  ep   5  loss=0.2862  val_mf1=0.2199
  ep  10  loss=0.1410  val_mf1=0.1970
  ep  15  loss=0.1041  val_mf1=0.2100
  ep  20  loss=0.0675  val_mf1=0.2035
  ep  25  loss=0.0502  val_mf1=0.1868
  ep  30  loss=0.0324  val_mf1=0.2095
  best ep 18  val_mf1=0.2370  (1082s)  TEST mf1=0.2852  wf1=0.8337  acc=0.8375

[11/12]

==== fusion_intermediate_tl × 7c × B2 × lm=mediapipe/blendshape_52(dim=52) ====
  Train N=5287  augment=False  is_coord=False  lr=0.0001
  class counts train: [4526, 416, 287, 27, 2, 13, 16]
  ep   1  loss=1.3522  val_mf1=0.2143
  ep   5  loss=0.1646  val_mf1=0.2170
  ep  10  loss=0.0790  val_mf1=0.2004
  ep  15  loss=0.0685  val_mf1=0.2042
  best ep 2  val_mf1=0.2550  (577s)  TEST mf1=0.2856  wf1=0.8131  acc=0.8052

[12/12]

==== fusion_intermediate_tl × 7c × B3 × lm=mediapipe/blendshape_52(dim=52) ====
  Train N=5287  augment=True  is_coord=False  lr=0.0001
  class counts train: [4526, 416, 287, 27, 2, 13, 16]
  ep   1  loss=1.4067  val_mf1=0.2345
  ep   5  loss=0.1742  val_mf1=0.2500
  ep  10  loss=0.0829  val_mf1=0.2027
  ep  15  loss=0.0646  val_mf1=0.2155
  ep  20  loss=0.0720  val_mf1=0.2031
  ep  25  loss=0.0397  val_mf1=0.2011
  best ep 12  val_mf1=0.2544  (980s)  TEST mf1=0.2958  wf1=0.8367  acc=0.8224

Sweep done: trained=12, skipped_existing=0
Saved: /mnt/extended-home/fitra_dosen/2025_iris_fer_taufik/MultimodalEmoLearn/models/frontonly_conf60/3class/Unified/fusion_intermediate_scratch_blendshape_52/results.json
Saved: /mnt/extended-home/fitra_dosen/2025_iris_fer_taufik/MultimodalEmoLearn/models/frontonly_conf60/3class/Unified/fusion_intermediate_tl_blendshape_52/results.json
Saved: /mnt/extended-home/fitra_dosen/2025_iris_fer_taufik/MultimodalEmoLearn/models/frontonly_conf60/7class/Unified/fusion_intermediate_scratch_blendshape_52/results.json
Saved: /mnt/extended-home/fitra_dosen/2025_iris_fer_taufik/MultimodalEmoLearn/models/frontonly_conf60/7class/Unified/fusion_intermediate_tl_blendshape_52/results.json

========================================================================================================================
SUMMARY: Unified protocol fusion macro_f1
========================================================================================================================
  scheme  fusion         mode    variant   feature           lm_src            B1        B2        B3
  3c     intermediate   concat  scratch   blendshape_52     mediapipe     0.5590    0.5502    0.5215
  3c     intermediate   concat  tl        blendshape_52     mediapipe     0.6421    0.6229    0.6698
  7c     intermediate   concat  scratch   blendshape_52     mediapipe     0.2044    0.2249    0.2359
  7c     intermediate   concat  tl        blendshape_52     mediapipe     0.2852    0.2856    0.2958
[retry_run] ✅ Succeeded on attempt 1
[2026-05-20T11:05:33+07:00] === Done ===
