[2026-05-18T19:17:50+07:00] GPU1 primer intermediate-fusion sweep launched
[retry_run] Attempt 1/3: CUDA_VISIBLE_DEVICES=1 /mnt/extended-home/fitra_dosen/2025_iris_fer_taufik/miniconda3/envs/2025_iris_fer_taufik/bin/python -u scripts/run_unified_fusion.py --fusions intermediate --variants scratch tl --landmark-features facs_28 facs_plus_bs_80 --landmark-sources mediapipe faceapi --scenarios b1 b2 b3 --classes 3 7
Device: cuda
DATA_DIR: /mnt/extended-home/fitra_dosen/2025_iris_fer_taufik/MultimodalEmoLearn/data/dataset_frontonly_conf60
Output: /mnt/extended-home/fitra_dosen/2025_iris_fer_taufik/MultimodalEmoLearn/models/frontonly_conf60
Total runs: 48
Pre-loaded 24 existing runs (use --force-retrain to ignore)

[1/48]

==== fusion_intermediate_scratch × 3c × B1 × lm=mediapipe/facs_28(dim=28) ====
  Train N=5287  augment=False  is_coord=False  lr=0.001
  class counts train: [432, 4526, 329]
  ep   1  loss=0.5068  val_mf1=0.5630
  ep   5  loss=0.3368  val_mf1=0.5038
  ep  10  loss=0.3011  val_mf1=0.4454
  ep  15  loss=0.2821  val_mf1=0.5069
  best ep 1  val_mf1=0.5630  (681s)  TEST mf1=0.5214  wf1=0.7740  acc=0.8052

[2/48]

==== fusion_intermediate_scratch × 3c × B2 × lm=mediapipe/facs_28(dim=28) ====
  Train N=5287  augment=False  is_coord=False  lr=0.001
  class counts train: [432, 4526, 329]
  ep   1  loss=0.8542  val_mf1=0.5132
  ep   5  loss=0.5205  val_mf1=0.5217
  ep  10  loss=0.3259  val_mf1=0.5563
  ep  15  loss=0.2056  val_mf1=0.5062
  ep  20  loss=0.1486  val_mf1=0.5191
  ep  25  loss=0.1139  val_mf1=0.4723
  best ep 14  val_mf1=0.5618  (1220s)  TEST mf1=0.5415  wf1=0.7544  acc=0.7427

[3/48]

==== fusion_intermediate_scratch × 3c × B3 × lm=mediapipe/facs_28(dim=28) ====
  Train N=5287  augment=True  is_coord=False  lr=0.001
  class counts train: [432, 4526, 329]
  ep   1  loss=0.8776  val_mf1=0.4631
  ep   5  loss=0.5642  val_mf1=0.5748
  ep  10  loss=0.4524  val_mf1=0.5182
  ep  15  loss=0.2949  val_mf1=0.5532
  ep  20  loss=0.1975  val_mf1=0.4945
  best ep 5  val_mf1=0.5748  (839s)  TEST mf1=0.6481  wf1=0.8172  acc=0.8073

[4/48] SKIP fusion_intermediate_tl_facs_28_b1_3c (existing, mf1=0.7142)

[5/48] SKIP fusion_intermediate_tl_facs_28_b2_3c (existing, mf1=0.6108)

[6/48] SKIP fusion_intermediate_tl_facs_28_b3_3c (existing, mf1=0.7229)

[7/48]

==== fusion_intermediate_scratch × 3c × B1 × lm=faceapi/facs_28(dim=28) ====
  Train N=5287  augment=False  is_coord=False  lr=0.001
  class counts train: [432, 4526, 329]
  ep   1  loss=0.4453  val_mf1=0.5479
  ep   5  loss=0.2888  val_mf1=0.7179
  ep  10  loss=0.2456  val_mf1=0.5778
  ep  15  loss=0.2307  val_mf1=0.6935
  ep  20  loss=0.2185  val_mf1=0.5563
  best ep 5  val_mf1=0.7179  (849s)  TEST mf1=0.7581  wf1=0.8860  acc=0.8848

[8/48]

==== fusion_intermediate_scratch × 3c × B2 × lm=faceapi/facs_28(dim=28) ====
  Train N=5287  augment=False  is_coord=False  lr=0.001
  class counts train: [432, 4526, 329]
  ep   1  loss=0.7730  val_mf1=0.6539
  ep   5  loss=0.3110  val_mf1=0.6504
  ep  10  loss=0.1779  val_mf1=0.6624
  ep  15  loss=0.1190  val_mf1=0.5687
  best ep 4  val_mf1=0.7164  (797s)  TEST mf1=0.7107  wf1=0.8234  acc=0.8138

[9/48]

==== fusion_intermediate_scratch × 3c × B3 × lm=faceapi/facs_28(dim=28) ====
  Train N=5287  augment=True  is_coord=False  lr=0.001
  class counts train: [432, 4526, 329]
  ep   1  loss=0.7764  val_mf1=0.6061
  ep   5  loss=0.4236  val_mf1=0.6852
  ep  10  loss=0.2069  val_mf1=0.6696
  ep  15  loss=0.1255  val_mf1=0.5834
  ep  20  loss=0.0940  val_mf1=0.6052
  best ep 9  val_mf1=0.6994  (1011s)  TEST mf1=0.7193  wf1=0.8784  acc=0.8805

[10/48] SKIP fusion_intermediate_tl_facs_28_faceapi_b1_3c (existing, mf1=0.6868)

[11/48] SKIP fusion_intermediate_tl_facs_28_faceapi_b2_3c (existing, mf1=0.7525)

[12/48] SKIP fusion_intermediate_tl_facs_28_faceapi_b3_3c (existing, mf1=0.7156)

[13/48]

==== fusion_intermediate_scratch × 3c × B1 × lm=mediapipe/facs_plus_bs_80(dim=80) ====
  Train N=5287  augment=False  is_coord=False  lr=0.001
  class counts train: [432, 4526, 329]
  ep   1  loss=0.4724  val_mf1=0.4769
  ep   5  loss=0.3372  val_mf1=0.4533
  ep  10  loss=0.2994  val_mf1=0.4633
  ep  15  loss=0.2869  val_mf1=0.4568
  ep  20  loss=0.2554  val_mf1=0.4464
  ep  25  loss=0.2286  val_mf1=0.4554
  ep  30  loss=0.2209  val_mf1=0.3428
  ep  35  loss=0.1935  val_mf1=0.4228
  best ep 23  val_mf1=0.5635  (1600s)  TEST mf1=0.5899  wf1=0.8242  acc=0.8439

[14/48]

==== fusion_intermediate_scratch × 3c × B2 × lm=mediapipe/facs_plus_bs_80(dim=80) ====
  Train N=5287  augment=False  is_coord=False  lr=0.001
  class counts train: [432, 4526, 329]
  ep   1  loss=0.8534  val_mf1=0.5624
  ep   5  loss=0.4911  val_mf1=0.5241
  ep  10  loss=0.3188  val_mf1=0.5127
  ep  15  loss=0.2157  val_mf1=0.4929
  best ep 2  val_mf1=0.5949  (708s)  TEST mf1=0.6106  wf1=0.8018  acc=0.7933

[15/48]

==== fusion_intermediate_scratch × 3c × B3 × lm=mediapipe/facs_plus_bs_80(dim=80) ====
  Train N=5287  augment=True  is_coord=False  lr=0.001
  class counts train: [432, 4526, 329]
  ep   1  loss=0.8829  val_mf1=0.5617
  ep   5  loss=0.5281  val_mf1=0.5270
  ep  10  loss=0.3158  val_mf1=0.5197
  ep  15  loss=0.2111  val_mf1=0.5453
  best ep 2  val_mf1=0.6134  (717s)  TEST mf1=0.6235  wf1=0.8159  acc=0.8149

[16/48] SKIP fusion_intermediate_tl_facs_plus_bs_80_b1_3c (existing, mf1=0.6734)

[17/48] SKIP fusion_intermediate_tl_facs_plus_bs_80_b2_3c (existing, mf1=0.6018)

[18/48] SKIP fusion_intermediate_tl_facs_plus_bs_80_b3_3c (existing, mf1=0.6473)

[19/48]

==== fusion_intermediate_scratch × 3c × B1 × lm=faceapi/facs_plus_bs_80(dim=80) ====
  Train N=5287  augment=False  is_coord=False  lr=0.001
  class counts train: [432, 4526, 329]
  ep   1  loss=0.4481  val_mf1=0.6683
  ep   5  loss=0.2928  val_mf1=0.5922
  ep  10  loss=0.2458  val_mf1=0.5296
  ep  15  loss=0.2294  val_mf1=0.5583
  best ep 1  val_mf1=0.6683  (667s)  TEST mf1=0.6885  wf1=0.8361  acc=0.8342

[20/48]

==== fusion_intermediate_scratch × 3c × B2 × lm=faceapi/facs_plus_bs_80(dim=80) ====
  Train N=5287  augment=False  is_coord=False  lr=0.001
  class counts train: [432, 4526, 329]
  ep   1  loss=0.7921  val_mf1=0.6204
  ep   5  loss=0.3992  val_mf1=0.6666
  ep  10  loss=0.2319  val_mf1=0.6963
  ep  15  loss=0.1613  val_mf1=0.5925
  ep  20  loss=0.1197  val_mf1=0.6475
  ep  25  loss=0.0900  val_mf1=0.6062
  best ep 10  val_mf1=0.6963  (1041s)  TEST mf1=0.6509  wf1=0.8366  acc=0.8364

[21/48]

==== fusion_intermediate_scratch × 3c × B3 × lm=faceapi/facs_plus_bs_80(dim=80) ====
  Train N=5287  augment=True  is_coord=False  lr=0.001
  class counts train: [432, 4526, 329]
  ep   1  loss=0.8194  val_mf1=0.6300
  ep   5  loss=0.4356  val_mf1=0.6048
  ep  10  loss=0.3206  val_mf1=0.6948
  ep  15  loss=0.2644  val_mf1=0.6915
  ep  20  loss=0.2190  val_mf1=0.7056
  ep  25  loss=0.1723  val_mf1=0.6129
  ep  30  loss=0.1230  val_mf1=0.6758
  ep  35  loss=0.1111  val_mf1=0.6245
  ep  40  loss=0.0828  val_mf1=0.6317
  best ep 27  val_mf1=0.7089  (1778s)  TEST mf1=0.6561  wf1=0.8401  acc=0.8439

[22/48] SKIP fusion_intermediate_tl_facs_plus_bs_80_faceapi_b1_3c (existing, mf1=0.6986)

[23/48] SKIP fusion_intermediate_tl_facs_plus_bs_80_faceapi_b2_3c (existing, mf1=0.6440)

[24/48] SKIP fusion_intermediate_tl_facs_plus_bs_80_faceapi_b3_3c (existing, mf1=0.6850)

[25/48]

==== fusion_intermediate_scratch × 7c × B1 × lm=mediapipe/facs_28(dim=28) ====
  Train N=5287  augment=False  is_coord=False  lr=0.001
  class counts train: [4526, 416, 287, 27, 2, 13, 16]
  ep   1  loss=0.6009  val_mf1=0.2255
  ep   5  loss=0.3622  val_mf1=0.2197
  ep  10  loss=0.3339  val_mf1=0.1889
  ep  15  loss=0.3184  val_mf1=0.2616
  ep  20  loss=0.2773  val_mf1=0.1617
  ep  25  loss=0.2311  val_mf1=0.1682
  ep  30  loss=0.1912  val_mf1=0.1872
  best ep 15  val_mf1=0.2616  (1277s)  TEST mf1=0.2653  wf1=0.8311  acc=0.8385

[26/48]

==== fusion_intermediate_scratch × 7c × B2 × lm=mediapipe/facs_28(dim=28) ====
  Train N=5287  augment=False  is_coord=False  lr=0.001
  class counts train: [4526, 416, 287, 27, 2, 13, 16]
  ep   1  loss=1.3547  val_mf1=0.2217
  ep   5  loss=0.2753  val_mf1=0.2070
  ep  10  loss=0.1546  val_mf1=0.2309
  ep  15  loss=0.1217  val_mf1=0.2041
  best ep 3  val_mf1=0.2634  (758s)  TEST mf1=0.2583  wf1=0.7291  acc=0.7169

[27/48]

==== fusion_intermediate_scratch × 7c × B3 × lm=mediapipe/facs_28(dim=28) ====
  Train N=5287  augment=True  is_coord=False  lr=0.001
  class counts train: [4526, 416, 287, 27, 2, 13, 16]
  ep   1  loss=1.4862  val_mf1=0.2040
  ep   5  loss=0.3528  val_mf1=0.2662
  ep  10  loss=0.1886  val_mf1=0.2556
  ep  15  loss=0.1370  val_mf1=0.2448
  ep  20  loss=0.1133  val_mf1=0.2417
  best ep 6  val_mf1=0.2706  (884s)  TEST mf1=0.2692  wf1=0.7874  acc=0.7750

[28/48] SKIP fusion_intermediate_tl_facs_28_b1_7c (existing, mf1=0.2842)

[29/48] SKIP fusion_intermediate_tl_facs_28_b2_7c (existing, mf1=0.2881)

[30/48] SKIP fusion_intermediate_tl_facs_28_b3_7c (existing, mf1=0.3000)

[31/48]

==== fusion_intermediate_scratch × 7c × B1 × lm=faceapi/facs_28(dim=28) ====
  Train N=5287  augment=False  is_coord=False  lr=0.001
  class counts train: [4526, 416, 287, 27, 2, 13, 16]
  ep   1  loss=0.5589  val_mf1=0.3301
  ep   5  loss=0.3004  val_mf1=0.3206
  ep  10  loss=0.2747  val_mf1=0.3012
  ep  15  loss=0.2477  val_mf1=0.3440
  ep  20  loss=0.2296  val_mf1=0.2955
  best ep 8  val_mf1=0.3492  (972s)  TEST mf1=0.3363  wf1=0.8863  acc=0.8870

[32/48]

==== fusion_intermediate_scratch × 7c × B2 × lm=faceapi/facs_28(dim=28) ====
  Train N=5287  augment=False  is_coord=False  lr=0.001
  class counts train: [4526, 416, 287, 27, 2, 13, 16]
  ep   1  loss=1.2480  val_mf1=0.3041
  ep   5  loss=0.2473  val_mf1=0.3380
  ep  10  loss=0.1301  val_mf1=0.3121
  ep  15  loss=0.0947  val_mf1=0.2684
  ep  20  loss=0.0802  val_mf1=0.2856
  best ep 5  val_mf1=0.3380  (841s)  TEST mf1=0.2995  wf1=0.8386  acc=0.8353

[33/48]

==== fusion_intermediate_scratch × 7c × B3 × lm=faceapi/facs_28(dim=28) ====
  Train N=5287  augment=True  is_coord=False  lr=0.001
  class counts train: [4526, 416, 287, 27, 2, 13, 16]
  ep   1  loss=1.2563  val_mf1=0.3035
  ep   5  loss=0.2521  val_mf1=0.3094
  ep  10  loss=0.1448  val_mf1=0.2830
  ep  15  loss=0.0994  val_mf1=0.2771
  best ep 3  val_mf1=0.3390  (769s)  TEST mf1=0.2865  wf1=0.8002  acc=0.7804

[34/48] SKIP fusion_intermediate_tl_facs_28_faceapi_b1_7c (existing, mf1=0.2476)

[35/48] SKIP fusion_intermediate_tl_facs_28_faceapi_b2_7c (existing, mf1=0.3085)

[36/48] SKIP fusion_intermediate_tl_facs_28_faceapi_b3_7c (existing, mf1=0.2845)

[37/48]

==== fusion_intermediate_scratch × 7c × B1 × lm=mediapipe/facs_plus_bs_80(dim=80) ====
  Train N=5287  augment=False  is_coord=False  lr=0.001
  class counts train: [4526, 416, 287, 27, 2, 13, 16]
  ep   1  loss=0.5776  val_mf1=0.2613
  ep   5  loss=0.3675  val_mf1=0.2485
  ep  10  loss=0.3258  val_mf1=0.1899
  ep  15  loss=0.3116  val_mf1=0.1985
  ep  20  loss=0.2693  val_mf1=0.2317
  ep  25  loss=0.2519  val_mf1=0.2256
  best ep 13  val_mf1=0.2649  (1177s)  TEST mf1=0.2449  wf1=0.8129  acc=0.8310

[38/48]

==== fusion_intermediate_scratch × 7c × B2 × lm=mediapipe/facs_plus_bs_80(dim=80) ====
  Train N=5287  augment=False  is_coord=False  lr=0.001
  class counts train: [4526, 416, 287, 27, 2, 13, 16]
  ep   1  loss=1.2767  val_mf1=0.2462
  ep   5  loss=0.2997  val_mf1=0.2374
  ep  10  loss=0.1730  val_mf1=0.2073
  ep  15  loss=0.1229  val_mf1=0.2364
  ep  20  loss=0.1012  val_mf1=0.2189
  best ep 9  val_mf1=0.3267  (1004s)  TEST mf1=0.2147  wf1=0.7358  acc=0.7287

[39/48]

==== fusion_intermediate_scratch × 7c × B3 × lm=mediapipe/facs_plus_bs_80(dim=80) ====
  Train N=5287  augment=True  is_coord=False  lr=0.001
  class counts train: [4526, 416, 287, 27, 2, 13, 16]
  ep   1  loss=1.3786  val_mf1=0.2275
  ep   5  loss=0.3069  val_mf1=0.2323
  ep  10  loss=0.1776  val_mf1=0.2228
  ep  15  loss=0.1261  val_mf1=0.2210
  best ep 2  val_mf1=0.2750  (723s)  TEST mf1=0.2300  wf1=0.7475  acc=0.7180

[40/48] SKIP fusion_intermediate_tl_facs_plus_bs_80_b1_7c (existing, mf1=0.2466)

[41/48] SKIP fusion_intermediate_tl_facs_plus_bs_80_b2_7c (existing, mf1=0.2895)

[42/48] SKIP fusion_intermediate_tl_facs_plus_bs_80_b3_7c (existing, mf1=0.2834)

[43/48]

==== fusion_intermediate_scratch × 7c × B1 × lm=faceapi/facs_plus_bs_80(dim=80) ====
  Train N=5287  augment=False  is_coord=False  lr=0.001
  class counts train: [4526, 416, 287, 27, 2, 13, 16]
  ep   1  loss=0.5521  val_mf1=0.2173
  ep   5  loss=0.3185  val_mf1=0.2832
  ep  10  loss=0.2665  val_mf1=0.3016
  ep  15  loss=0.2481  val_mf1=0.3137
  ep  20  loss=0.2160  val_mf1=0.2650
  ep  25  loss=0.1971  val_mf1=0.2510
  ep  30  loss=0.1808  val_mf1=0.2735
  ep  35  loss=0.1583  val_mf1=0.2841
  ep  40  loss=0.1410  val_mf1=0.3273
  ep  45  loss=0.1108  val_mf1=0.3000
  best ep 33  val_mf1=0.3407  (2015s)  TEST mf1=0.3036  wf1=0.8495  acc=0.8471

[44/48]

==== fusion_intermediate_scratch × 7c × B2 × lm=faceapi/facs_plus_bs_80(dim=80) ====
  Train N=5287  augment=False  is_coord=False  lr=0.001
  class counts train: [4526, 416, 287, 27, 2, 13, 16]
  ep   1  loss=1.2651  val_mf1=0.3134
  ep   5  loss=0.2611  val_mf1=0.2861
  ep  10  loss=0.1541  val_mf1=0.2938
  ep  15  loss=0.1010  val_mf1=0.2415
  best ep 2  val_mf1=0.3533  (735s)  TEST mf1=0.3019  wf1=0.7994  acc=0.7729

[45/48]

==== fusion_intermediate_scratch × 7c × B3 × lm=faceapi/facs_plus_bs_80(dim=80) ====
  Train N=5287  augment=True  is_coord=False  lr=0.001
  class counts train: [4526, 416, 287, 27, 2, 13, 16]
  ep   1  loss=1.2343  val_mf1=0.2944
  ep   5  loss=0.2350  val_mf1=0.3181
  ep  10  loss=0.1425  val_mf1=0.2835
  ep  15  loss=0.1071  val_mf1=0.2862
  best ep 3  val_mf1=0.3939  (788s)  TEST mf1=0.2845  wf1=0.8023  acc=0.7869

[46/48] SKIP fusion_intermediate_tl_facs_plus_bs_80_faceapi_b1_7c (existing, mf1=0.2797)

[47/48] SKIP fusion_intermediate_tl_facs_plus_bs_80_faceapi_b2_7c (existing, mf1=0.3101)

[48/48] SKIP fusion_intermediate_tl_facs_plus_bs_80_faceapi_b3_7c (existing, mf1=0.3033)

Sweep done: trained=24, skipped_existing=24
Saved: /mnt/extended-home/fitra_dosen/2025_iris_fer_taufik/MultimodalEmoLearn/models/frontonly_conf60/3class/Unified/fusion_intermediate_scratch_facs_28/results.json
Saved: /mnt/extended-home/fitra_dosen/2025_iris_fer_taufik/MultimodalEmoLearn/models/frontonly_conf60/3class/Unified/fusion_intermediate_tl_facs_28/results.json
Saved: /mnt/extended-home/fitra_dosen/2025_iris_fer_taufik/MultimodalEmoLearn/models/frontonly_conf60/3class/Unified/fusion_intermediate_scratch_facs_28_faceapi/results.json
Saved: /mnt/extended-home/fitra_dosen/2025_iris_fer_taufik/MultimodalEmoLearn/models/frontonly_conf60/3class/Unified/fusion_intermediate_tl_facs_28_faceapi/results.json
Saved: /mnt/extended-home/fitra_dosen/2025_iris_fer_taufik/MultimodalEmoLearn/models/frontonly_conf60/3class/Unified/fusion_intermediate_scratch_facs_plus_bs_80/results.json
Saved: /mnt/extended-home/fitra_dosen/2025_iris_fer_taufik/MultimodalEmoLearn/models/frontonly_conf60/3class/Unified/fusion_intermediate_tl_facs_plus_bs_80/results.json
Saved: /mnt/extended-home/fitra_dosen/2025_iris_fer_taufik/MultimodalEmoLearn/models/frontonly_conf60/3class/Unified/fusion_intermediate_scratch_facs_plus_bs_80_faceapi/results.json
Saved: /mnt/extended-home/fitra_dosen/2025_iris_fer_taufik/MultimodalEmoLearn/models/frontonly_conf60/3class/Unified/fusion_intermediate_tl_facs_plus_bs_80_faceapi/results.json
Saved: /mnt/extended-home/fitra_dosen/2025_iris_fer_taufik/MultimodalEmoLearn/models/frontonly_conf60/7class/Unified/fusion_intermediate_scratch_facs_28/results.json
Saved: /mnt/extended-home/fitra_dosen/2025_iris_fer_taufik/MultimodalEmoLearn/models/frontonly_conf60/7class/Unified/fusion_intermediate_tl_facs_28/results.json
Saved: /mnt/extended-home/fitra_dosen/2025_iris_fer_taufik/MultimodalEmoLearn/models/frontonly_conf60/7class/Unified/fusion_intermediate_scratch_facs_28_faceapi/results.json
Saved: /mnt/extended-home/fitra_dosen/2025_iris_fer_taufik/MultimodalEmoLearn/models/frontonly_conf60/7class/Unified/fusion_intermediate_tl_facs_28_faceapi/results.json
Saved: /mnt/extended-home/fitra_dosen/2025_iris_fer_taufik/MultimodalEmoLearn/models/frontonly_conf60/7class/Unified/fusion_intermediate_scratch_facs_plus_bs_80/results.json
Saved: /mnt/extended-home/fitra_dosen/2025_iris_fer_taufik/MultimodalEmoLearn/models/frontonly_conf60/7class/Unified/fusion_intermediate_tl_facs_plus_bs_80/results.json
Saved: /mnt/extended-home/fitra_dosen/2025_iris_fer_taufik/MultimodalEmoLearn/models/frontonly_conf60/7class/Unified/fusion_intermediate_scratch_facs_plus_bs_80_faceapi/results.json
Saved: /mnt/extended-home/fitra_dosen/2025_iris_fer_taufik/MultimodalEmoLearn/models/frontonly_conf60/7class/Unified/fusion_intermediate_tl_facs_plus_bs_80_faceapi/results.json

========================================================================================================================
SUMMARY: Unified protocol fusion macro_f1
========================================================================================================================
  scheme  fusion         mode    variant   feature           lm_src            B1        B2        B3
  3c     intermediate   concat  scratch   facs_28           mediapipe     0.5214    0.5415    0.6481
  3c     intermediate   concat  tl        facs_28           mediapipe     0.7142    0.6108    0.7229
  3c     intermediate   concat  scratch   facs_28           faceapi       0.7581    0.7107    0.7193
  3c     intermediate   concat  tl        facs_28           faceapi       0.6868    0.7525    0.7156
  3c     intermediate   concat  scratch   facs_plus_bs_80   mediapipe     0.5899    0.6106    0.6235
  3c     intermediate   concat  tl        facs_plus_bs_80   mediapipe     0.6734    0.6018    0.6473
  3c     intermediate   concat  scratch   facs_plus_bs_80   faceapi       0.6885    0.6509    0.6561
  3c     intermediate   concat  tl        facs_plus_bs_80   faceapi       0.6986    0.6440    0.6850
  7c     intermediate   concat  scratch   facs_28           mediapipe     0.2653    0.2583    0.2692
  7c     intermediate   concat  tl        facs_28           mediapipe     0.2842    0.2881    0.3000
  7c     intermediate   concat  scratch   facs_28           faceapi       0.3363    0.2995    0.2865
  7c     intermediate   concat  tl        facs_28           faceapi       0.2476    0.3085    0.2845
  7c     intermediate   concat  scratch   facs_plus_bs_80   mediapipe     0.2449    0.2147    0.2300
  7c     intermediate   concat  tl        facs_plus_bs_80   mediapipe     0.2466    0.2895    0.2834
  7c     intermediate   concat  scratch   facs_plus_bs_80   faceapi       0.3036    0.3019    0.2845
  7c     intermediate   concat  tl        facs_plus_bs_80   faceapi       0.2797    0.3101    0.3033
[retry_run] ✅ Succeeded on attempt 1
[2026-05-19T02:00:13+07:00] GPU1 sweep done
