[2026-05-19T16:19:26+07:00] === GPU2 CK+/JAFFE intermediate chain launched ===
[2026-05-19T16:19:26+07:00] --- Intermediate ckplus_7class ---
[retry_run] Attempt 1/3: CUDA_VISIBLE_DEVICES=2 /mnt/extended-home/fitra_dosen/2025_iris_fer_taufik/miniconda3/envs/2025_iris_fer_taufik/bin/python -u scripts/run_unified_fusion.py --data-dir data/benchmark/ckplus_7class --output-prefix models/benchmark/ckplus_7class --fusions intermediate --variants scratch tl --landmark-features raw_136 facs_28 blendshape_52 facs_plus_bs_80 --landmark-sources mediapipe --scenarios b1 b2 b3 --classes 3 7
Device: cuda
DATA_DIR: /mnt/extended-home/fitra_dosen/2025_iris_fer_taufik/MultimodalEmoLearn/data/benchmark/ckplus_7class
Output: /mnt/extended-home/fitra_dosen/2025_iris_fer_taufik/MultimodalEmoLearn/models/benchmark/ckplus_7class
Total runs: 48
Pre-loaded 12 existing runs (use --force-retrain to ignore)

[1/48] SKIP fusion_intermediate_scratch_b1_3c (existing, mf1=0.4946)

[2/48] SKIP fusion_intermediate_scratch_b2_3c (existing, mf1=0.6040)

[3/48] SKIP fusion_intermediate_scratch_b3_3c (existing, mf1=0.7068)

[4/48] SKIP fusion_intermediate_tl_b1_3c (existing, mf1=0.8601)

[5/48] SKIP fusion_intermediate_tl_b2_3c (existing, mf1=0.7901)

[6/48] SKIP fusion_intermediate_tl_b3_3c (existing, mf1=0.9251)

[7/48]

==== fusion_intermediate_scratch × 3c × B1 × lm=mediapipe/facs_28(dim=28) ====
  Train N=508  augment=False  is_coord=False  lr=0.001
  class counts train: [123, 260, 125]
  ep   1  loss=0.9978  val_mf1=0.2286
  ep   5  loss=0.4866  val_mf1=0.7465
  ep  10  loss=0.3347  val_mf1=0.9089
  ep  15  loss=0.2938  val_mf1=0.8554
  ep  20  loss=0.2642  val_mf1=0.9232
  ep  25  loss=0.1898  val_mf1=0.9232
  ep  30  loss=0.2815  val_mf1=0.8016
  ep  35  loss=0.1766  val_mf1=0.8384
  ep  40  loss=0.2789  val_mf1=0.9325
  ep  45  loss=0.1885  val_mf1=0.6712
  best ep 32  val_mf1=0.9672  (257s)  TEST mf1=0.8932  wf1=0.8938  acc=0.8983

[8/48]

==== fusion_intermediate_scratch × 3c × B2 × lm=mediapipe/facs_28(dim=28) ====
  Train N=508  augment=False  is_coord=False  lr=0.001
  class counts train: [123, 260, 125]
  ep   1  loss=1.0214  val_mf1=0.2286
  ep   5  loss=0.4669  val_mf1=0.7628
  ep  10  loss=0.3788  val_mf1=0.8322
  ep  15  loss=0.3342  val_mf1=0.8833
  ep  20  loss=0.3307  val_mf1=0.7071
  best ep 9  val_mf1=0.9344  (133s)  TEST mf1=0.8289  wf1=0.8156  acc=0.8136

[9/48]

==== fusion_intermediate_scratch × 3c × B3 × lm=mediapipe/facs_28(dim=28) ====
  Train N=508  augment=True  is_coord=False  lr=0.001
  class counts train: [123, 260, 125]
  ep   1  loss=1.0393  val_mf1=0.2286
  ep   5  loss=0.4642  val_mf1=0.6989
  ep  10  loss=0.3970  val_mf1=0.8402
  ep  15  loss=0.3240  val_mf1=0.8304
  ep  20  loss=0.3255  val_mf1=0.7452
  ep  25  loss=0.2850  val_mf1=0.8043
  ep  30  loss=0.2376  val_mf1=0.7873
  best ep 18  val_mf1=0.9685  (181s)  TEST mf1=0.9026  wf1=0.9130  acc=0.9153

[10/48]

==== fusion_intermediate_tl × 3c × B1 × lm=mediapipe/facs_28(dim=28) ====
  Train N=508  augment=False  is_coord=False  lr=0.0001
  class counts train: [123, 260, 125]
  ep   1  loss=1.1766  val_mf1=0.2376
  ep   5  loss=0.7037  val_mf1=0.7082
  ep  10  loss=0.2095  val_mf1=0.8534
  ep  15  loss=0.0952  val_mf1=0.9311
  ep  20  loss=0.0480  val_mf1=0.9343
  ep  25  loss=0.0329  val_mf1=0.9626
  ep  30  loss=0.0288  val_mf1=0.9700
  ep  35  loss=0.0199  val_mf1=0.9168
  ep  40  loss=0.0166  val_mf1=0.9449
  ep  45  loss=0.0596  val_mf1=0.9449
  best ep 30  val_mf1=0.9700  (141s)  TEST mf1=0.9560  wf1=0.9499  acc=0.9492

[11/48]

==== fusion_intermediate_tl × 3c × B2 × lm=mediapipe/facs_28(dim=28) ====
  Train N=508  augment=False  is_coord=False  lr=0.0001
  class counts train: [123, 260, 125]
  ep   1  loss=1.1635  val_mf1=0.2281
  ep   5  loss=0.6859  val_mf1=0.8222
  ep  10  loss=0.2084  val_mf1=0.9127
  ep  15  loss=0.0912  val_mf1=0.9311
  ep  20  loss=0.0612  val_mf1=0.9158
  ep  25  loss=0.0869  val_mf1=0.9449
  ep  30  loss=0.0414  val_mf1=0.9168
  ep  35  loss=0.0209  val_mf1=0.9449
  best ep 22  val_mf1=0.9672  (116s)  TEST mf1=0.9174  wf1=0.9296  acc=0.9322

[12/48]

==== fusion_intermediate_tl × 3c × B3 × lm=mediapipe/facs_28(dim=28) ====
  Train N=508  augment=True  is_coord=False  lr=0.0001
  class counts train: [123, 260, 125]
  ep   1  loss=1.1675  val_mf1=0.2341
  ep   5  loss=0.6973  val_mf1=0.8290
  ep  10  loss=0.2345  val_mf1=0.8754
  ep  15  loss=0.0984  val_mf1=0.8866
  ep  20  loss=0.0945  val_mf1=0.8922
  ep  25  loss=0.0463  val_mf1=0.9142
  ep  30  loss=0.0296  val_mf1=0.9333
  best ep 18  val_mf1=0.9626  (104s)  TEST mf1=0.9219  wf1=0.9331  acc=0.9322

[13/48]

==== fusion_intermediate_scratch × 3c × B1 × lm=mediapipe/blendshape_52(dim=52) ====
  Train N=508  augment=False  is_coord=False  lr=0.001
  class counts train: [123, 260, 125]
  ep   1  loss=0.9967  val_mf1=0.2286
  ep   5  loss=0.4230  val_mf1=0.8499
  ep  10  loss=0.3399  val_mf1=0.8860
  ep  15  loss=0.2604  val_mf1=0.8638
  ep  20  loss=0.2242  val_mf1=0.9056
  ep  25  loss=0.1826  val_mf1=0.8968
  ep  30  loss=0.2373  val_mf1=0.9150
  ep  35  loss=0.1799  val_mf1=0.8830
  ep  40  loss=0.1280  val_mf1=0.8669
  ep  45  loss=0.1362  val_mf1=0.8828
  best ep 31  val_mf1=0.9344  (252s)  TEST mf1=0.9026  wf1=0.9130  acc=0.9153

[14/48]

==== fusion_intermediate_scratch × 3c × B2 × lm=mediapipe/blendshape_52(dim=52) ====
  Train N=508  augment=False  is_coord=False  lr=0.001
  class counts train: [123, 260, 125]
  ep   1  loss=1.0117  val_mf1=0.1190
  ep   5  loss=0.4033  val_mf1=0.8640
  ep  10  loss=0.2887  val_mf1=0.8526
  ep  15  loss=0.2381  val_mf1=0.8872
  ep  20  loss=0.2485  val_mf1=0.8392
  ep  25  loss=0.1907  val_mf1=0.9297
  ep  30  loss=0.1999  val_mf1=0.8985
  ep  35  loss=0.1614  val_mf1=0.8955
  ep  40  loss=0.1965  val_mf1=0.9089
  best ep 26  val_mf1=0.9537  (227s)  TEST mf1=0.8369  wf1=0.8336  acc=0.8305

[15/48]

==== fusion_intermediate_scratch × 3c × B3 × lm=mediapipe/blendshape_52(dim=52) ====
  Train N=508  augment=True  is_coord=False  lr=0.001
  class counts train: [123, 260, 125]
  ep   1  loss=1.0221  val_mf1=0.1190
  ep   5  loss=0.4083  val_mf1=0.8299
  ep  10  loss=0.2862  val_mf1=0.8918
  ep  15  loss=0.2650  val_mf1=0.8920
  ep  20  loss=0.2427  val_mf1=0.8641
  best ep 9  val_mf1=0.9344  (134s)  TEST mf1=0.8705  wf1=0.8777  acc=0.8814

[16/48]

==== fusion_intermediate_tl × 3c × B1 × lm=mediapipe/blendshape_52(dim=52) ====
  Train N=508  augment=False  is_coord=False  lr=0.0001
  class counts train: [123, 260, 125]
  ep   1  loss=1.1483  val_mf1=0.3507
  ep   5  loss=0.6447  val_mf1=0.6834
  ep  10  loss=0.2046  val_mf1=0.9208
  ep  15  loss=0.0754  val_mf1=0.9022
  ep  20  loss=0.0489  val_mf1=0.9424
  ep  25  loss=0.0786  val_mf1=0.8911
  ep  30  loss=0.0407  val_mf1=0.8771
  ep  35  loss=0.0451  val_mf1=0.8594
  ep  40  loss=0.0810  val_mf1=0.8562
  ep  45  loss=0.0212  val_mf1=0.9105
  ep  50  loss=0.0119  val_mf1=0.9311
  best ep 37  val_mf1=0.9626  (159s)  TEST mf1=0.9077  wf1=0.9166  acc=0.9153

[17/48]

==== fusion_intermediate_tl × 3c × B2 × lm=mediapipe/blendshape_52(dim=52) ====
  Train N=508  augment=False  is_coord=False  lr=0.0001
  class counts train: [123, 260, 125]
  ep   1  loss=1.1635  val_mf1=0.3235
  ep   5  loss=0.6570  val_mf1=0.7558
  ep  10  loss=0.2396  val_mf1=0.9064
  ep  15  loss=0.0840  val_mf1=0.9249
  ep  20  loss=0.0691  val_mf1=0.8077
  ep  25  loss=0.0494  val_mf1=0.9038
  ep  30  loss=0.0261  val_mf1=0.9326
  best ep 19  val_mf1=0.9347  (108s)  TEST mf1=0.9315  wf1=0.9332  acc=0.9322

[18/48]

==== fusion_intermediate_tl × 3c × B3 × lm=mediapipe/blendshape_52(dim=52) ====
  Train N=508  augment=True  is_coord=False  lr=0.0001
  class counts train: [123, 260, 125]
  ep   1  loss=1.1699  val_mf1=0.3288
  ep   5  loss=0.6720  val_mf1=0.7919
  ep  10  loss=0.2538  val_mf1=0.8866
  ep  15  loss=0.0929  val_mf1=0.9278
  ep  20  loss=0.0812  val_mf1=0.9103
  ep  25  loss=0.0478  val_mf1=0.9311
  ep  30  loss=0.0299  val_mf1=0.9103
  ep  35  loss=0.0428  val_mf1=0.8730
  best ep 21  val_mf1=0.9323  (118s)  TEST mf1=0.9219  wf1=0.9331  acc=0.9322

[19/48]

==== fusion_intermediate_scratch × 3c × B1 × lm=mediapipe/facs_plus_bs_80(dim=80) ====
  Train N=508  augment=False  is_coord=False  lr=0.001
  class counts train: [123, 260, 125]
  ep   1  loss=0.9792  val_mf1=0.2286
  ep   5  loss=0.4160  val_mf1=0.8295
  ep  10  loss=0.3024  val_mf1=0.8632
  ep  15  loss=0.1879  val_mf1=0.8932
  ep  20  loss=0.2303  val_mf1=0.9064
  best ep 9  val_mf1=0.9344  (137s)  TEST mf1=0.8882  wf1=0.8965  acc=0.8983

[20/48]

==== fusion_intermediate_scratch × 3c × B2 × lm=mediapipe/facs_plus_bs_80(dim=80) ====
  Train N=508  augment=False  is_coord=False  lr=0.001
  class counts train: [123, 260, 125]
  ep   1  loss=1.0005  val_mf1=0.2286
  ep   5  loss=0.4004  val_mf1=0.7895
  ep  10  loss=0.3041  val_mf1=0.8982
  ep  15  loss=0.2510  val_mf1=0.8979
  ep  20  loss=0.1959  val_mf1=0.8725
  best ep 9  val_mf1=0.9175  (138s)  TEST mf1=0.9053  wf1=0.9150  acc=0.9153

[21/48]

==== fusion_intermediate_scratch × 3c × B3 × lm=mediapipe/facs_plus_bs_80(dim=80) ====
  Train N=508  augment=True  is_coord=False  lr=0.001
  class counts train: [123, 260, 125]
  ep   1  loss=1.0132  val_mf1=0.2286
  ep   5  loss=0.3679  val_mf1=0.7895
  ep  10  loss=0.2500  val_mf1=0.8778
  ep  15  loss=0.2376  val_mf1=0.9114
  ep  20  loss=0.2172  val_mf1=0.9297
  best ep 8  val_mf1=0.9359  (131s)  TEST mf1=0.9026  wf1=0.9130  acc=0.9153

[22/48]

==== fusion_intermediate_tl × 3c × B1 × lm=mediapipe/facs_plus_bs_80(dim=80) ====
  Train N=508  augment=False  is_coord=False  lr=0.0001
  class counts train: [123, 260, 125]
  ep   1  loss=1.1443  val_mf1=0.4021
  ep   5  loss=0.7088  val_mf1=0.6303
  ep  10  loss=0.2317  val_mf1=0.8685
  ep  15  loss=0.0996  val_mf1=0.9297
  ep  20  loss=0.0537  val_mf1=0.8778
  ep  25  loss=0.0352  val_mf1=0.8778
  ep  30  loss=0.0704  val_mf1=0.8810
  ep  35  loss=0.0389  val_mf1=0.8608
  ep  40  loss=0.0230  val_mf1=0.9626
  ep  45  loss=0.0130  val_mf1=0.9472
  ep  50  loss=0.0118  val_mf1=0.9449
  best ep 40  val_mf1=0.9626  (160s)  TEST mf1=0.9550  wf1=0.9495  acc=0.9492

[23/48]

==== fusion_intermediate_tl × 3c × B2 × lm=mediapipe/facs_plus_bs_80(dim=80) ====
  Train N=508  augment=False  is_coord=False  lr=0.0001
  class counts train: [123, 260, 125]
  ep   1  loss=1.1589  val_mf1=0.3746
  ep   5  loss=0.6824  val_mf1=0.7919
  ep  10  loss=0.2125  val_mf1=0.8787
  ep  15  loss=0.0884  val_mf1=0.9038
  ep  20  loss=0.0610  val_mf1=0.8459
  ep  25  loss=0.0636  val_mf1=0.8402
  ep  30  loss=0.0526  val_mf1=0.9129
  best ep 16  val_mf1=0.9179  (99s)  TEST mf1=0.9135  wf1=0.9143  acc=0.9153

[24/48]

==== fusion_intermediate_tl × 3c × B3 × lm=mediapipe/facs_plus_bs_80(dim=80) ====
  Train N=508  augment=True  is_coord=False  lr=0.0001
  class counts train: [123, 260, 125]
  ep   1  loss=1.1787  val_mf1=0.4053
  ep   5  loss=0.6891  val_mf1=0.7393
  ep  10  loss=0.2415  val_mf1=0.8625
  ep  15  loss=0.1033  val_mf1=0.9152
  ep  20  loss=0.0732  val_mf1=0.8366
  ep  25  loss=0.0557  val_mf1=0.8476
  ep  30  loss=0.0777  val_mf1=0.9492
  ep  35  loss=0.0246  val_mf1=0.9449
  best ep 23  val_mf1=0.9626  (123s)  TEST mf1=0.9036  wf1=0.9003  acc=0.8983

[25/48] SKIP fusion_intermediate_scratch_b1_7c (existing, mf1=0.3826)

[26/48] SKIP fusion_intermediate_scratch_b2_7c (existing, mf1=0.3658)

[27/48] SKIP fusion_intermediate_scratch_b3_7c (existing, mf1=0.3662)

[28/48] SKIP fusion_intermediate_tl_b1_7c (existing, mf1=0.7538)

[29/48] SKIP fusion_intermediate_tl_b2_7c (existing, mf1=0.7231)

[30/48] SKIP fusion_intermediate_tl_b3_7c (existing, mf1=0.8582)

[31/48]

==== fusion_intermediate_scratch × 7c × B1 × lm=mediapipe/facs_28(dim=28) ====
  Train N=508  augment=False  is_coord=False  lr=0.001
  class counts train: [260, 57, 23, 35, 17, 50, 66]
  ep   1  loss=1.7261  val_mf1=0.0980
  ep   5  loss=0.7709  val_mf1=0.4366
  ep  10  loss=0.6842  val_mf1=0.7207
  ep  15  loss=0.5134  val_mf1=0.6769
  ep  20  loss=0.4285  val_mf1=0.7905
  ep  25  loss=0.4036  val_mf1=0.7607
  ep  30  loss=0.4200  val_mf1=0.7528
  best ep 18  val_mf1=0.8371  (189s)  TEST mf1=0.6360  wf1=0.8007  acc=0.8136

[32/48]

==== fusion_intermediate_scratch × 7c × B2 × lm=mediapipe/facs_28(dim=28) ====
  Train N=508  augment=False  is_coord=False  lr=0.001
  class counts train: [260, 57, 23, 35, 17, 50, 66]
  ep   1  loss=1.9003  val_mf1=0.0980
  ep   5  loss=0.9173  val_mf1=0.6996
  ep  10  loss=0.6286  val_mf1=0.6525
  ep  15  loss=0.5325  val_mf1=0.7795
  ep  20  loss=0.4532  val_mf1=0.7192
  ep  25  loss=0.4203  val_mf1=0.6568
  ep  30  loss=0.3214  val_mf1=0.6692
  ep  35  loss=0.3466  val_mf1=0.7934
  ep  40  loss=0.3017  val_mf1=0.6804
  ep  45  loss=0.2170  val_mf1=0.8288
  ep  50  loss=0.2003  val_mf1=0.8521
  best ep 50  val_mf1=0.8521  (280s)  TEST mf1=0.7140  wf1=0.7983  acc=0.7797

[33/48]

==== fusion_intermediate_scratch × 7c × B3 × lm=mediapipe/facs_28(dim=28) ====
  Train N=508  augment=True  is_coord=False  lr=0.001
  class counts train: [260, 57, 23, 35, 17, 50, 66]
  ep   1  loss=1.8841  val_mf1=0.0980
  ep   5  loss=0.9094  val_mf1=0.6968
  ep  10  loss=0.6433  val_mf1=0.7431
  ep  15  loss=0.5958  val_mf1=0.5791
  ep  20  loss=0.5021  val_mf1=0.7214
  best ep 9  val_mf1=0.8048  (137s)  TEST mf1=0.7137  wf1=0.7701  acc=0.7288

[34/48]

==== fusion_intermediate_tl × 7c × B1 × lm=mediapipe/facs_28(dim=28) ====
  Train N=508  augment=False  is_coord=False  lr=0.0001
  class counts train: [260, 57, 23, 35, 17, 50, 66]
  ep   1  loss=1.9649  val_mf1=0.2463
  ep   5  loss=1.2758  val_mf1=0.5193
  ep  10  loss=0.7082  val_mf1=0.4852
  ep  15  loss=0.4885  val_mf1=0.4852
  ep  20  loss=0.3710  val_mf1=0.7131
  ep  25  loss=0.2586  val_mf1=0.7521
  ep  30  loss=0.1985  val_mf1=0.7889
  ep  35  loss=0.1276  val_mf1=0.7890
  ep  40  loss=0.0973  val_mf1=0.9002
  ep  45  loss=0.0897  val_mf1=0.9481
  ep  50  loss=0.0556  val_mf1=0.9481
  best ep 41  val_mf1=0.9481  (161s)  TEST mf1=0.8586  wf1=0.9075  acc=0.8983

[35/48]

==== fusion_intermediate_tl × 7c × B2 × lm=mediapipe/facs_28(dim=28) ====
  Train N=508  augment=False  is_coord=False  lr=0.0001
  class counts train: [260, 57, 23, 35, 17, 50, 66]
  ep   1  loss=1.9972  val_mf1=0.1165
  ep   5  loss=1.5532  val_mf1=0.6919
  ep  10  loss=0.8715  val_mf1=0.7261
  ep  15  loss=0.4790  val_mf1=0.7143
  ep  20  loss=0.2861  val_mf1=0.7539
  ep  25  loss=0.1873  val_mf1=0.8664
  ep  30  loss=0.1315  val_mf1=0.7184
  best ep 19  val_mf1=0.9191  (108s)  TEST mf1=0.8568  wf1=0.9007  acc=0.8983

[36/48]

==== fusion_intermediate_tl × 7c × B3 × lm=mediapipe/facs_28(dim=28) ====
  Train N=508  augment=True  is_coord=False  lr=0.0001
  class counts train: [260, 57, 23, 35, 17, 50, 66]
  ep   1  loss=2.0115  val_mf1=0.0666
  ep   5  loss=1.6045  val_mf1=0.5281
  ep  10  loss=0.9169  val_mf1=0.6300
  ep  15  loss=0.5067  val_mf1=0.8272
  ep  20  loss=0.2999  val_mf1=0.9070
  ep  25  loss=0.1963  val_mf1=0.7823
  ep  30  loss=0.1461  val_mf1=0.7868
  ep  35  loss=0.0983  val_mf1=0.7997
  ep  40  loss=0.0821  val_mf1=0.7678
  ep  45  loss=0.0708  val_mf1=0.7712
  ep  50  loss=0.0925  val_mf1=0.8154
  best ep 38  val_mf1=0.9390  (160s)  TEST mf1=0.7693  wf1=0.8979  acc=0.9153

[37/48]

==== fusion_intermediate_scratch × 7c × B1 × lm=mediapipe/blendshape_52(dim=52) ====
  Train N=508  augment=False  is_coord=False  lr=0.001
  class counts train: [260, 57, 23, 35, 17, 50, 66]
  ep   1  loss=1.7444  val_mf1=0.0980
  ep   5  loss=0.7350  val_mf1=0.4694
  ep  10  loss=0.6181  val_mf1=0.5965
  ep  15  loss=0.5004  val_mf1=0.7449
  ep  20  loss=0.4073  val_mf1=0.8615
  ep  25  loss=0.3645  val_mf1=0.8179
  ep  30  loss=0.3070  val_mf1=0.8615
  ep  35  loss=0.3715  val_mf1=0.7651
  best ep 23  val_mf1=0.9147  (218s)  TEST mf1=0.6913  wf1=0.8321  acc=0.8305

[38/48]

==== fusion_intermediate_scratch × 7c × B2 × lm=mediapipe/blendshape_52(dim=52) ====
  Train N=508  augment=False  is_coord=False  lr=0.001
  class counts train: [260, 57, 23, 35, 17, 50, 66]
  ep   1  loss=1.9550  val_mf1=0.1143
  ep   5  loss=1.0191  val_mf1=0.7320
  ep  10  loss=0.7167  val_mf1=0.8177
  ep  15  loss=0.4924  val_mf1=0.7725
  ep  20  loss=0.4033  val_mf1=0.8540
  ep  25  loss=0.4122  val_mf1=0.7625
  ep  30  loss=0.3583  val_mf1=0.7216
  best ep 16  val_mf1=0.9025  (176s)  TEST mf1=0.6460  wf1=0.7070  acc=0.6780

[39/48]

==== fusion_intermediate_scratch × 7c × B3 × lm=mediapipe/blendshape_52(dim=52) ====
  Train N=508  augment=True  is_coord=False  lr=0.001
  class counts train: [260, 57, 23, 35, 17, 50, 66]
  ep   1  loss=2.0014  val_mf1=0.0980
  ep   5  loss=1.0070  val_mf1=0.7539
  ep  10  loss=0.7156  val_mf1=0.8429
  ep  15  loss=0.5023  val_mf1=0.7088
  ep  20  loss=0.3924  val_mf1=0.8191
  best ep 9  val_mf1=0.8928  (136s)  TEST mf1=0.6568  wf1=0.7862  acc=0.7797

[40/48]

==== fusion_intermediate_tl × 7c × B1 × lm=mediapipe/blendshape_52(dim=52) ====
  Train N=508  augment=False  is_coord=False  lr=0.0001
  class counts train: [260, 57, 23, 35, 17, 50, 66]
  ep   1  loss=2.0532  val_mf1=0.1584
  ep   5  loss=1.3527  val_mf1=0.5133
  ep  10  loss=0.7268  val_mf1=0.5072
  ep  15  loss=0.5150  val_mf1=0.5977
  ep  20  loss=0.3492  val_mf1=0.6031
  ep  25  loss=0.2901  val_mf1=0.7048
  ep  30  loss=0.2119  val_mf1=0.8639
  ep  35  loss=0.1483  val_mf1=0.8784
  ep  40  loss=0.1150  val_mf1=0.9287
  ep  45  loss=0.0965  val_mf1=0.9208
  ep  50  loss=0.0783  val_mf1=0.9286
  best ep 39  val_mf1=0.9287  (158s)  TEST mf1=0.8167  wf1=0.8744  acc=0.8644

[41/48]

==== fusion_intermediate_tl × 7c × B2 × lm=mediapipe/blendshape_52(dim=52) ====
  Train N=508  augment=False  is_coord=False  lr=0.0001
  class counts train: [260, 57, 23, 35, 17, 50, 66]
  ep   1  loss=2.0417  val_mf1=0.1419
  ep   5  loss=1.6082  val_mf1=0.5500
  ep  10  loss=0.9521  val_mf1=0.7614
  ep  15  loss=0.5333  val_mf1=0.8201
  ep  20  loss=0.2735  val_mf1=0.7164
  ep  25  loss=0.1801  val_mf1=0.7684
  ep  30  loss=0.1264  val_mf1=0.7555
  ep  35  loss=0.0995  val_mf1=0.8337
  ep  40  loss=0.0780  val_mf1=0.8841
  ep  45  loss=0.0654  val_mf1=0.8943
  best ep 32  val_mf1=0.9065  (147s)  TEST mf1=0.8410  wf1=0.9071  acc=0.9153

[42/48]

==== fusion_intermediate_tl × 7c × B3 × lm=mediapipe/blendshape_52(dim=52) ====
  Train N=508  augment=True  is_coord=False  lr=0.0001
  class counts train: [260, 57, 23, 35, 17, 50, 66]
  ep   1  loss=2.0329  val_mf1=0.1348
  ep   5  loss=1.6518  val_mf1=0.4833
  ep  10  loss=0.9910  val_mf1=0.7624
  ep  15  loss=0.5666  val_mf1=0.8187
  ep  20  loss=0.2927  val_mf1=0.8120
  ep  25  loss=0.1798  val_mf1=0.8573
  ep  30  loss=0.1345  val_mf1=0.8337
  ep  35  loss=0.1096  val_mf1=0.8784
  best ep 21  val_mf1=0.9287  (115s)  TEST mf1=0.7622  wf1=0.8270  acc=0.8305

[43/48]

==== fusion_intermediate_scratch × 7c × B1 × lm=mediapipe/facs_plus_bs_80(dim=80) ====
  Train N=508  augment=False  is_coord=False  lr=0.001
  class counts train: [260, 57, 23, 35, 17, 50, 66]
  ep   1  loss=1.6853  val_mf1=0.0980
  ep   5  loss=0.7270  val_mf1=0.5567
  ep  10  loss=0.5262  val_mf1=0.6934
  ep  15  loss=0.4564  val_mf1=0.8626
  ep  20  loss=0.4164  val_mf1=0.8238
  ep  25  loss=0.2959  val_mf1=0.8451
  ep  30  loss=0.3631  val_mf1=0.8859
  ep  35  loss=0.2933  val_mf1=0.8939
  ep  40  loss=0.2354  val_mf1=0.8127
  ep  45  loss=0.2208  val_mf1=0.7824
  ep  50  loss=0.2085  val_mf1=0.7860
  best ep 46  val_mf1=0.9147  (280s)  TEST mf1=0.8646  wf1=0.9313  acc=0.9322

[44/48]

==== fusion_intermediate_scratch × 7c × B2 × lm=mediapipe/facs_plus_bs_80(dim=80) ====
  Train N=508  augment=False  is_coord=False  lr=0.001
  class counts train: [260, 57, 23, 35, 17, 50, 66]
  ep   1  loss=2.0079  val_mf1=0.0980
  ep   5  loss=0.9503  val_mf1=0.6660
  ep  10  loss=0.5553  val_mf1=0.8072
  ep  15  loss=0.4347  val_mf1=0.8410
  ep  20  loss=0.2978  val_mf1=0.8281
  ep  25  loss=0.3823  val_mf1=0.7868
  ep  30  loss=0.3138  val_mf1=0.7774
  best ep 19  val_mf1=0.8740  (191s)  TEST mf1=0.7251  wf1=0.8223  acc=0.8136

[45/48]

==== fusion_intermediate_scratch × 7c × B3 × lm=mediapipe/facs_plus_bs_80(dim=80) ====
  Train N=508  augment=True  is_coord=False  lr=0.001
  class counts train: [260, 57, 23, 35, 17, 50, 66]
  ep   1  loss=1.9975  val_mf1=0.0980
  ep   5  loss=0.9558  val_mf1=0.6225
  ep  10  loss=0.5483  val_mf1=0.8735
  ep  15  loss=0.4118  val_mf1=0.8610
  ep  20  loss=0.3369  val_mf1=0.8209
  ep  25  loss=0.3810  val_mf1=0.7949
  ep  30  loss=0.3263  val_mf1=0.8396
  ep  35  loss=0.1718  val_mf1=0.8249
  best ep 22  val_mf1=0.8952  (207s)  TEST mf1=0.6476  wf1=0.7754  acc=0.7458

[46/48]

==== fusion_intermediate_tl × 7c × B1 × lm=mediapipe/facs_plus_bs_80(dim=80) ====
  Train N=508  augment=False  is_coord=False  lr=0.0001
  class counts train: [260, 57, 23, 35, 17, 50, 66]
  ep   1  loss=1.9834  val_mf1=0.1660
  ep   5  loss=1.3400  val_mf1=0.5056
  ep  10  loss=0.7443  val_mf1=0.5270
  ep  15  loss=0.4820  val_mf1=0.5855
  ep  20  loss=0.3610  val_mf1=0.6360
  ep  25  loss=0.3023  val_mf1=0.6109
  ep  30  loss=0.2115  val_mf1=0.7496
  ep  35  loss=0.1629  val_mf1=0.8224
  ep  40  loss=0.1135  val_mf1=0.8976
  ep  45  loss=0.1206  val_mf1=0.9287
  ep  50  loss=0.1225  val_mf1=0.8443
  best ep 38  val_mf1=0.9287  (160s)  TEST mf1=0.7983  wf1=0.8662  acc=0.8475

[47/48]

==== fusion_intermediate_tl × 7c × B2 × lm=mediapipe/facs_plus_bs_80(dim=80) ====
  Train N=508  augment=False  is_coord=False  lr=0.0001
  class counts train: [260, 57, 23, 35, 17, 50, 66]
  ep   1  loss=2.0076  val_mf1=0.0763
  ep   5  loss=1.5890  val_mf1=0.5476
  ep  10  loss=0.9150  val_mf1=0.6669
  ep  15  loss=0.5380  val_mf1=0.7929
  ep  20  loss=0.3120  val_mf1=0.8164
  ep  25  loss=0.2153  val_mf1=0.8199
  ep  30  loss=0.1589  val_mf1=0.8492
  ep  35  loss=0.1174  val_mf1=0.8796
  ep  40  loss=0.0856  val_mf1=0.8104
  ep  45  loss=0.1185  val_mf1=0.6813
  best ep 32  val_mf1=0.9191  (149s)  TEST mf1=0.8598  wf1=0.9218  acc=0.9153

[48/48]

==== fusion_intermediate_tl × 7c × B3 × lm=mediapipe/facs_plus_bs_80(dim=80) ====
  Train N=508  augment=True  is_coord=False  lr=0.0001
  class counts train: [260, 57, 23, 35, 17, 50, 66]
  ep   1  loss=2.0189  val_mf1=0.1048
  ep   5  loss=1.5630  val_mf1=0.6109
  ep  10  loss=0.8760  val_mf1=0.7310
  ep  15  loss=0.4874  val_mf1=0.8709
  ep  20  loss=0.2876  val_mf1=0.8328
  ep  25  loss=0.2074  val_mf1=0.9019
  ep  30  loss=0.1447  val_mf1=0.9639
  ep  35  loss=0.0957  val_mf1=1.0000
  ep  40  loss=0.0869  val_mf1=0.9584
  ep  45  loss=0.0978  val_mf1=0.9258
  best ep 32  val_mf1=1.0000  (149s)  TEST mf1=0.7453  wf1=0.8815  acc=0.8983

Sweep done: trained=36, skipped_existing=12
Saved: /mnt/extended-home/fitra_dosen/2025_iris_fer_taufik/MultimodalEmoLearn/models/benchmark/ckplus_7class/3class/Unified/fusion_intermediate_scratch/results.json
Saved: /mnt/extended-home/fitra_dosen/2025_iris_fer_taufik/MultimodalEmoLearn/models/benchmark/ckplus_7class/3class/Unified/fusion_intermediate_tl/results.json
Saved: /mnt/extended-home/fitra_dosen/2025_iris_fer_taufik/MultimodalEmoLearn/models/benchmark/ckplus_7class/3class/Unified/fusion_intermediate_scratch_facs_28/results.json
Saved: /mnt/extended-home/fitra_dosen/2025_iris_fer_taufik/MultimodalEmoLearn/models/benchmark/ckplus_7class/3class/Unified/fusion_intermediate_tl_facs_28/results.json
Saved: /mnt/extended-home/fitra_dosen/2025_iris_fer_taufik/MultimodalEmoLearn/models/benchmark/ckplus_7class/3class/Unified/fusion_intermediate_scratch_blendshape_52/results.json
Saved: /mnt/extended-home/fitra_dosen/2025_iris_fer_taufik/MultimodalEmoLearn/models/benchmark/ckplus_7class/3class/Unified/fusion_intermediate_tl_blendshape_52/results.json
Saved: /mnt/extended-home/fitra_dosen/2025_iris_fer_taufik/MultimodalEmoLearn/models/benchmark/ckplus_7class/3class/Unified/fusion_intermediate_scratch_facs_plus_bs_80/results.json
Saved: /mnt/extended-home/fitra_dosen/2025_iris_fer_taufik/MultimodalEmoLearn/models/benchmark/ckplus_7class/3class/Unified/fusion_intermediate_tl_facs_plus_bs_80/results.json
Saved: /mnt/extended-home/fitra_dosen/2025_iris_fer_taufik/MultimodalEmoLearn/models/benchmark/ckplus_7class/7class/Unified/fusion_intermediate_scratch/results.json
Saved: /mnt/extended-home/fitra_dosen/2025_iris_fer_taufik/MultimodalEmoLearn/models/benchmark/ckplus_7class/7class/Unified/fusion_intermediate_tl/results.json
Saved: /mnt/extended-home/fitra_dosen/2025_iris_fer_taufik/MultimodalEmoLearn/models/benchmark/ckplus_7class/7class/Unified/fusion_intermediate_scratch_facs_28/results.json
Saved: /mnt/extended-home/fitra_dosen/2025_iris_fer_taufik/MultimodalEmoLearn/models/benchmark/ckplus_7class/7class/Unified/fusion_intermediate_tl_facs_28/results.json
Saved: /mnt/extended-home/fitra_dosen/2025_iris_fer_taufik/MultimodalEmoLearn/models/benchmark/ckplus_7class/7class/Unified/fusion_intermediate_scratch_blendshape_52/results.json
Saved: /mnt/extended-home/fitra_dosen/2025_iris_fer_taufik/MultimodalEmoLearn/models/benchmark/ckplus_7class/7class/Unified/fusion_intermediate_tl_blendshape_52/results.json
Saved: /mnt/extended-home/fitra_dosen/2025_iris_fer_taufik/MultimodalEmoLearn/models/benchmark/ckplus_7class/7class/Unified/fusion_intermediate_scratch_facs_plus_bs_80/results.json
Saved: /mnt/extended-home/fitra_dosen/2025_iris_fer_taufik/MultimodalEmoLearn/models/benchmark/ckplus_7class/7class/Unified/fusion_intermediate_tl_facs_plus_bs_80/results.json

========================================================================================================================
SUMMARY: Unified protocol fusion macro_f1
========================================================================================================================
  scheme  fusion         mode    variant   feature           lm_src            B1        B2        B3
  3c     intermediate   concat  scratch   raw_136           mediapipe     0.4946    0.6040    0.7068
  3c     intermediate   concat  tl        raw_136           mediapipe     0.8601    0.7901    0.9251
  3c     intermediate   concat  scratch   facs_28           mediapipe     0.8932    0.8289    0.9026
  3c     intermediate   concat  tl        facs_28           mediapipe     0.9560    0.9174    0.9219
  3c     intermediate   concat  scratch   blendshape_52     mediapipe     0.9026    0.8369    0.8705
  3c     intermediate   concat  tl        blendshape_52     mediapipe     0.9077    0.9315    0.9219
  3c     intermediate   concat  scratch   facs_plus_bs_80   mediapipe     0.8882    0.9053    0.9026
  3c     intermediate   concat  tl        facs_plus_bs_80   mediapipe     0.9550    0.9135    0.9036
  7c     intermediate   concat  scratch   raw_136           mediapipe     0.3826    0.3658    0.3662
  7c     intermediate   concat  tl        raw_136           mediapipe     0.7538    0.7231    0.8582
  7c     intermediate   concat  scratch   facs_28           mediapipe     0.6360    0.7140    0.7137
  7c     intermediate   concat  tl        facs_28           mediapipe     0.8586    0.8568    0.7693
  7c     intermediate   concat  scratch   blendshape_52     mediapipe     0.6913    0.6460    0.6568
  7c     intermediate   concat  tl        blendshape_52     mediapipe     0.8167    0.8410    0.7622
  7c     intermediate   concat  scratch   facs_plus_bs_80   mediapipe     0.8646    0.7251    0.6476
  7c     intermediate   concat  tl        facs_plus_bs_80   mediapipe     0.7983    0.8598    0.7453
[retry_run] ✅ Succeeded on attempt 1
[2026-05-19T17:58:52+07:00] --- Intermediate jaffe_7class ---
[retry_run] Attempt 1/3: CUDA_VISIBLE_DEVICES=2 /mnt/extended-home/fitra_dosen/2025_iris_fer_taufik/miniconda3/envs/2025_iris_fer_taufik/bin/python -u scripts/run_unified_fusion.py --data-dir data/benchmark/jaffe_7class --output-prefix models/benchmark/jaffe_7class --fusions intermediate --variants scratch tl --landmark-features raw_136 facs_28 blendshape_52 facs_plus_bs_80 --landmark-sources mediapipe --scenarios b1 b2 b3 --classes 3 7
Device: cuda
DATA_DIR: /mnt/extended-home/fitra_dosen/2025_iris_fer_taufik/MultimodalEmoLearn/data/benchmark/jaffe_7class
Output: /mnt/extended-home/fitra_dosen/2025_iris_fer_taufik/MultimodalEmoLearn/models/benchmark/jaffe_7class
Total runs: 48
Pre-loaded 48 existing runs (use --force-retrain to ignore)

[1/48] SKIP fusion_intermediate_scratch_b1_3c (existing, mf1=0.5410)

[2/48] SKIP fusion_intermediate_scratch_b2_3c (existing, mf1=0.6157)

[3/48] SKIP fusion_intermediate_scratch_b3_3c (existing, mf1=0.3344)

[4/48] SKIP fusion_intermediate_tl_b1_3c (existing, mf1=0.4057)

[5/48] SKIP fusion_intermediate_tl_b2_3c (existing, mf1=0.3483)

[6/48] SKIP fusion_intermediate_tl_b3_3c (existing, mf1=0.3798)

[7/48] SKIP fusion_intermediate_scratch_facs_28_b1_3c (existing, mf1=0.3397)

[8/48] SKIP fusion_intermediate_scratch_facs_28_b2_3c (existing, mf1=0.3397)

[9/48] SKIP fusion_intermediate_scratch_facs_28_b3_3c (existing, mf1=0.4841)

[10/48] SKIP fusion_intermediate_tl_facs_28_b1_3c (existing, mf1=0.3403)

[11/48] SKIP fusion_intermediate_tl_facs_28_b2_3c (existing, mf1=0.7734)

[12/48] SKIP fusion_intermediate_tl_facs_28_b3_3c (existing, mf1=0.7109)

[13/48] SKIP fusion_intermediate_scratch_blendshape_52_b1_3c (existing, mf1=0.2529)

[14/48] SKIP fusion_intermediate_scratch_blendshape_52_b2_3c (existing, mf1=0.4068)

[15/48] SKIP fusion_intermediate_scratch_blendshape_52_b3_3c (existing, mf1=0.4068)

[16/48] SKIP fusion_intermediate_tl_blendshape_52_b1_3c (existing, mf1=0.4259)

[17/48] SKIP fusion_intermediate_tl_blendshape_52_b2_3c (existing, mf1=0.4841)

[18/48] SKIP fusion_intermediate_tl_blendshape_52_b3_3c (existing, mf1=0.5541)

[19/48] SKIP fusion_intermediate_scratch_facs_plus_bs_80_b1_3c (existing, mf1=0.5117)

[20/48] SKIP fusion_intermediate_scratch_facs_plus_bs_80_b2_3c (existing, mf1=0.3773)

[21/48] SKIP fusion_intermediate_scratch_facs_plus_bs_80_b3_3c (existing, mf1=0.5114)

[22/48] SKIP fusion_intermediate_tl_facs_plus_bs_80_b1_3c (existing, mf1=0.1550)

[23/48] SKIP fusion_intermediate_tl_facs_plus_bs_80_b2_3c (existing, mf1=0.3857)

[24/48] SKIP fusion_intermediate_tl_facs_plus_bs_80_b3_3c (existing, mf1=0.6168)

[25/48] SKIP fusion_intermediate_scratch_b1_7c (existing, mf1=0.3012)

[26/48] SKIP fusion_intermediate_scratch_b2_7c (existing, mf1=0.0816)

[27/48] SKIP fusion_intermediate_scratch_b3_7c (existing, mf1=0.1002)

[28/48] SKIP fusion_intermediate_tl_b1_7c (existing, mf1=0.1766)

[29/48] SKIP fusion_intermediate_tl_b2_7c (existing, mf1=0.1982)

[30/48] SKIP fusion_intermediate_tl_b3_7c (existing, mf1=0.1426)

[31/48] SKIP fusion_intermediate_scratch_facs_28_b1_7c (existing, mf1=0.2574)

[32/48] SKIP fusion_intermediate_scratch_facs_28_b2_7c (existing, mf1=0.2701)

[33/48] SKIP fusion_intermediate_scratch_facs_28_b3_7c (existing, mf1=0.3561)

[34/48] SKIP fusion_intermediate_tl_facs_28_b1_7c (existing, mf1=0.2038)

[35/48] SKIP fusion_intermediate_tl_facs_28_b2_7c (existing, mf1=0.1526)

[36/48] SKIP fusion_intermediate_tl_facs_28_b3_7c (existing, mf1=0.3061)

[37/48] SKIP fusion_intermediate_scratch_blendshape_52_b1_7c (existing, mf1=0.3379)

[38/48] SKIP fusion_intermediate_scratch_blendshape_52_b2_7c (existing, mf1=0.4312)

[39/48] SKIP fusion_intermediate_scratch_blendshape_52_b3_7c (existing, mf1=0.4261)

[40/48] SKIP fusion_intermediate_tl_blendshape_52_b1_7c (existing, mf1=0.2737)

[41/48] SKIP fusion_intermediate_tl_blendshape_52_b2_7c (existing, mf1=0.2236)

[42/48] SKIP fusion_intermediate_tl_blendshape_52_b3_7c (existing, mf1=0.5255)

[43/48] SKIP fusion_intermediate_scratch_facs_plus_bs_80_b1_7c (existing, mf1=0.4489)

[44/48] SKIP fusion_intermediate_scratch_facs_plus_bs_80_b2_7c (existing, mf1=0.5287)

[45/48] SKIP fusion_intermediate_scratch_facs_plus_bs_80_b3_7c (existing, mf1=0.1315)

[46/48] SKIP fusion_intermediate_tl_facs_plus_bs_80_b1_7c (existing, mf1=0.2437)

[47/48] SKIP fusion_intermediate_tl_facs_plus_bs_80_b2_7c (existing, mf1=0.1197)

[48/48] SKIP fusion_intermediate_tl_facs_plus_bs_80_b3_7c (existing, mf1=0.0914)

Sweep done: trained=0, skipped_existing=48
Saved: /mnt/extended-home/fitra_dosen/2025_iris_fer_taufik/MultimodalEmoLearn/models/benchmark/jaffe_7class/3class/Unified/fusion_intermediate_scratch/results.json
Saved: /mnt/extended-home/fitra_dosen/2025_iris_fer_taufik/MultimodalEmoLearn/models/benchmark/jaffe_7class/3class/Unified/fusion_intermediate_tl/results.json
Saved: /mnt/extended-home/fitra_dosen/2025_iris_fer_taufik/MultimodalEmoLearn/models/benchmark/jaffe_7class/3class/Unified/fusion_intermediate_scratch_facs_28/results.json
Saved: /mnt/extended-home/fitra_dosen/2025_iris_fer_taufik/MultimodalEmoLearn/models/benchmark/jaffe_7class/3class/Unified/fusion_intermediate_tl_facs_28/results.json
Saved: /mnt/extended-home/fitra_dosen/2025_iris_fer_taufik/MultimodalEmoLearn/models/benchmark/jaffe_7class/3class/Unified/fusion_intermediate_scratch_blendshape_52/results.json
Saved: /mnt/extended-home/fitra_dosen/2025_iris_fer_taufik/MultimodalEmoLearn/models/benchmark/jaffe_7class/3class/Unified/fusion_intermediate_tl_blendshape_52/results.json
Saved: /mnt/extended-home/fitra_dosen/2025_iris_fer_taufik/MultimodalEmoLearn/models/benchmark/jaffe_7class/3class/Unified/fusion_intermediate_scratch_facs_plus_bs_80/results.json
Saved: /mnt/extended-home/fitra_dosen/2025_iris_fer_taufik/MultimodalEmoLearn/models/benchmark/jaffe_7class/3class/Unified/fusion_intermediate_tl_facs_plus_bs_80/results.json
Saved: /mnt/extended-home/fitra_dosen/2025_iris_fer_taufik/MultimodalEmoLearn/models/benchmark/jaffe_7class/7class/Unified/fusion_intermediate_scratch/results.json
Saved: /mnt/extended-home/fitra_dosen/2025_iris_fer_taufik/MultimodalEmoLearn/models/benchmark/jaffe_7class/7class/Unified/fusion_intermediate_tl/results.json
Saved: /mnt/extended-home/fitra_dosen/2025_iris_fer_taufik/MultimodalEmoLearn/models/benchmark/jaffe_7class/7class/Unified/fusion_intermediate_scratch_facs_28/results.json
Saved: /mnt/extended-home/fitra_dosen/2025_iris_fer_taufik/MultimodalEmoLearn/models/benchmark/jaffe_7class/7class/Unified/fusion_intermediate_tl_facs_28/results.json
Saved: /mnt/extended-home/fitra_dosen/2025_iris_fer_taufik/MultimodalEmoLearn/models/benchmark/jaffe_7class/7class/Unified/fusion_intermediate_scratch_blendshape_52/results.json
Saved: /mnt/extended-home/fitra_dosen/2025_iris_fer_taufik/MultimodalEmoLearn/models/benchmark/jaffe_7class/7class/Unified/fusion_intermediate_tl_blendshape_52/results.json
Saved: /mnt/extended-home/fitra_dosen/2025_iris_fer_taufik/MultimodalEmoLearn/models/benchmark/jaffe_7class/7class/Unified/fusion_intermediate_scratch_facs_plus_bs_80/results.json
Saved: /mnt/extended-home/fitra_dosen/2025_iris_fer_taufik/MultimodalEmoLearn/models/benchmark/jaffe_7class/7class/Unified/fusion_intermediate_tl_facs_plus_bs_80/results.json

========================================================================================================================
SUMMARY: Unified protocol fusion macro_f1
========================================================================================================================
  scheme  fusion         mode    variant   feature           lm_src            B1        B2        B3
  3c     intermediate   concat  scratch   raw_136           mediapipe     0.5410    0.6157    0.3344
  3c     intermediate   concat  tl        raw_136           mediapipe     0.4057    0.3483    0.3798
  3c     intermediate   concat  scratch   facs_28           mediapipe     0.3397    0.3397    0.4841
  3c     intermediate   concat  tl        facs_28           mediapipe     0.3403    0.7734    0.7109
  3c     intermediate   concat  scratch   blendshape_52     mediapipe     0.2529    0.4068    0.4068
  3c     intermediate   concat  tl        blendshape_52     mediapipe     0.4259    0.4841    0.5541
  3c     intermediate   concat  scratch   facs_plus_bs_80   mediapipe     0.5117    0.3773    0.5114
  3c     intermediate   concat  tl        facs_plus_bs_80   mediapipe     0.1550    0.3857    0.6168
  7c     intermediate   concat  scratch   raw_136           mediapipe     0.3012    0.0816    0.1002
  7c     intermediate   concat  tl        raw_136           mediapipe     0.1766    0.1982    0.1426
  7c     intermediate   concat  scratch   facs_28           mediapipe     0.2574    0.2701    0.3561
  7c     intermediate   concat  tl        facs_28           mediapipe     0.2038    0.1526    0.3061
  7c     intermediate   concat  scratch   blendshape_52     mediapipe     0.3379    0.4312    0.4261
  7c     intermediate   concat  tl        blendshape_52     mediapipe     0.2737    0.2236    0.5255
  7c     intermediate   concat  scratch   facs_plus_bs_80   mediapipe     0.4489    0.5287    0.1315
  7c     intermediate   concat  tl        facs_plus_bs_80   mediapipe     0.2437    0.1197    0.0914
[retry_run] ✅ Succeeded on attempt 1
[2026-05-19T17:59:01+07:00] === GPU2 CK+/JAFFE intermediate chain done ===
