[2026-05-17T10:28:41+07:00] GPU 2 chain final: waiting for [B+D] PID 1687537...
[2026-05-19T02:12:46+07:00] PID 1687537 done. Launching [F+G] chain.
===================================================================
=== [F] Derived features (blendshape_52 + FB80) B2/B3 sekunder ===
===================================================================
--- kdef_7class ---
Device: cuda
DATA_DIR: /mnt/extended-home/fitra_dosen/2025_iris_fer_taufik/MultimodalEmoLearn/data/benchmark/kdef_7class
Output: /mnt/extended-home/fitra_dosen/2025_iris_fer_taufik/MultimodalEmoLearn/models/benchmark/kdef_7class
Total runs: 16
Pre-loaded 8 existing runs (use --force-retrain to ignore)

[1/16]

==== blendshape_52 × mediapipe × fcnn × 3c × B2 ====
  Train N=2353  in_dim=52  augment=False
  ep   1  loss=0.6027  val_mf1=0.7676
  ep  10  loss=0.4044  val_mf1=0.7914
  ep  20  loss=0.3226  val_mf1=0.8016
  ep  30  loss=0.3202  val_mf1=0.8334
  ep  40  loss=0.2827  val_mf1=0.8192
  ep  50  loss=0.2373  val_mf1=0.7896
  best ep 45  val_mf1=0.8355  (41s)  TEST mf1=0.7659  wf1=0.7730  acc=0.7721

[2/16]

==== blendshape_52 × mediapipe × fcnn × 3c × B3 ====
  Train N=2353  in_dim=52  augment=True
  ep   1  loss=0.6129  val_mf1=0.7533
  ep  10  loss=0.4255  val_mf1=0.7670
  ep  20  loss=0.3551  val_mf1=0.7712
  ep  30  loss=0.3616  val_mf1=0.8030
  best ep 15  val_mf1=0.8094  (24s)  TEST mf1=0.7462  wf1=0.7476  acc=0.7483

[3/16]

==== blendshape_52 × mediapipe × cnn1d × 3c × B2 ====
  Train N=2353  in_dim=52  augment=False
  ep   1  loss=0.8152  val_mf1=0.5384
  ep  10  loss=0.4052  val_mf1=0.8021
  ep  20  loss=0.3112  val_mf1=0.7858
  ep  30  loss=0.2905  val_mf1=0.8030
  ep  40  loss=0.2741  val_mf1=0.8026
  best ep 25  val_mf1=0.8613  (35s)  TEST mf1=0.7088  wf1=0.7219  acc=0.7211

[4/16]

==== blendshape_52 × mediapipe × cnn1d × 3c × B3 ====
  Train N=2353  in_dim=52  augment=True
  ep   1  loss=0.8218  val_mf1=0.4173
  ep  10  loss=0.4585  val_mf1=0.7916
  ep  20  loss=0.3598  val_mf1=0.7865
  ep  30  loss=0.3466  val_mf1=0.7659
  best ep 15  val_mf1=0.8375  (27s)  TEST mf1=0.7145  wf1=0.7338  acc=0.7313

[5/16]

==== blendshape_52 × mediapipe × fcnn × 7c × B2 ====
  Train N=2353  in_dim=52  augment=False
  ep   1  loss=1.3558  val_mf1=0.7074
  ep  10  loss=0.8344  val_mf1=0.7631
  ep  20  loss=0.7011  val_mf1=0.7643
  best ep 7  val_mf1=0.7755  (18s)  TEST mf1=0.5982  wf1=0.5982  acc=0.6122

[6/16]

==== blendshape_52 × mediapipe × fcnn × 7c × B3 ====
  Train N=2353  in_dim=52  augment=True
  ep   1  loss=1.3700  val_mf1=0.6915
  ep  10  loss=0.8791  val_mf1=0.7596
  ep  20  loss=0.7613  val_mf1=0.7524
  best ep 7  val_mf1=0.7697  (18s)  TEST mf1=0.6051  wf1=0.6051  acc=0.6190

[7/16]

==== blendshape_52 × mediapipe × cnn1d × 7c × B2 ====
  Train N=2353  in_dim=52  augment=False
  ep   1  loss=1.5465  val_mf1=0.5333
  ep  10  loss=0.8448  val_mf1=0.6584
  ep  20  loss=0.7423  val_mf1=0.7286
  ep  30  loss=0.6451  val_mf1=0.7455
  ep  40  loss=0.5940  val_mf1=0.7790
  best ep 33  val_mf1=0.7818  (42s)  TEST mf1=0.6228  wf1=0.6228  acc=0.6395

[8/16]

==== blendshape_52 × mediapipe × cnn1d × 7c × B3 ====
  Train N=2353  in_dim=52  augment=True
  ep   1  loss=1.5523  val_mf1=0.4885
  ep  10  loss=0.9194  val_mf1=0.7047
  ep  20  loss=0.8462  val_mf1=0.7139
  ep  30  loss=0.7376  val_mf1=0.7190
  ep  40  loss=0.7225  val_mf1=0.7445
  ep  50  loss=0.7050  val_mf1=0.7614
  best ep 37  val_mf1=0.7736  (44s)  TEST mf1=0.5996  wf1=0.5996  acc=0.6156

[9/16]

==== facs_plus_bs_80 × mediapipe × fcnn × 3c × B2 ====
  Train N=2353  in_dim=80  augment=False
  ep   1  loss=0.6238  val_mf1=0.7225
  ep  10  loss=0.3421  val_mf1=0.7787
  ep  20  loss=0.2913  val_mf1=0.8515
  ep  30  loss=0.2745  val_mf1=0.8779
  best ep 21  val_mf1=0.8845  (51s)  TEST mf1=0.7286  wf1=0.7615  acc=0.7653

[10/16]

==== facs_plus_bs_80 × mediapipe × fcnn × 3c × B3 ====
  Train N=2353  in_dim=80  augment=True
  ep   1  loss=0.6481  val_mf1=0.7486
  ep  10  loss=0.3961  val_mf1=0.7906
  ep  20  loss=0.3479  val_mf1=0.8059
  ep  30  loss=0.3268  val_mf1=0.8071
  best ep 21  val_mf1=0.8399  (55s)  TEST mf1=0.7584  wf1=0.7730  acc=0.7721

[11/16]

==== facs_plus_bs_80 × mediapipe × cnn1d × 3c × B2 ====
  Train N=2353  in_dim=80  augment=False
  ep   1  loss=0.8418  val_mf1=0.4464
  ep  10  loss=0.4187  val_mf1=0.7345
  ep  20  loss=0.3337  val_mf1=0.7996
  ep  30  loss=0.3071  val_mf1=0.7250
  best ep 18  val_mf1=0.8093  (46s)  TEST mf1=0.7500  wf1=0.7615  acc=0.7585

[12/16]

==== facs_plus_bs_80 × mediapipe × cnn1d × 3c × B3 ====
  Train N=2353  in_dim=80  augment=True
  ep   1  loss=0.8551  val_mf1=0.4917
  ep  10  loss=0.4504  val_mf1=0.7092
  ep  20  loss=0.3814  val_mf1=0.8110
  ep  30  loss=0.3523  val_mf1=0.7540
  best ep 20  val_mf1=0.8110  (60s)  TEST mf1=0.7451  wf1=0.7579  acc=0.7551

[13/16]

==== facs_plus_bs_80 × mediapipe × fcnn × 7c × B2 ====
  Train N=2353  in_dim=80  augment=False
  ep   1  loss=1.3317  val_mf1=0.6776
  ep  10  loss=0.7735  val_mf1=0.7387
  ep  20  loss=0.6927  val_mf1=0.7178
  best ep 9  val_mf1=0.7845  (33s)  TEST mf1=0.5492  wf1=0.5492  acc=0.5680

[14/16]

==== facs_plus_bs_80 × mediapipe × fcnn × 7c × B3 ====
  Train N=2353  in_dim=80  augment=True
  ep   1  loss=1.3742  val_mf1=0.6693
  ep  10  loss=0.8366  val_mf1=0.7555
  ep  20  loss=0.7927  val_mf1=0.7380
  ep  30  loss=0.6980  val_mf1=0.7249
  best ep 23  val_mf1=0.8017  (55s)  TEST mf1=0.5884  wf1=0.5884  acc=0.6122

[15/16]

==== facs_plus_bs_80 × mediapipe × cnn1d × 7c × B2 ====
  Train N=2353  in_dim=80  augment=False
  ep   1  loss=1.6328  val_mf1=0.3817
  ep  10  loss=0.8803  val_mf1=0.7404
  ep  20  loss=0.7769  val_mf1=0.7341
  ep  30  loss=0.6712  val_mf1=0.7832
  ep  40  loss=0.6399  val_mf1=0.7618
  best ep 26  val_mf1=0.8135  (56s)  TEST mf1=0.5654  wf1=0.5654  acc=0.5816

[16/16]

==== facs_plus_bs_80 × mediapipe × cnn1d × 7c × B3 ====
  Train N=2353  in_dim=80  augment=True
  ep   1  loss=1.6363  val_mf1=0.5464
  ep  10  loss=0.9483  val_mf1=0.6928
  ep  20  loss=0.8522  val_mf1=0.7560
  best ep 11  val_mf1=0.7573  (44s)  TEST mf1=0.5490  wf1=0.5490  acc=0.5714

Sweep done: trained=16, skipped_existing=0
Saved: /mnt/extended-home/fitra_dosen/2025_iris_fer_taufik/MultimodalEmoLearn/models/benchmark/kdef_7class/3class/Unified/blendshape_52/results.json
Saved: /mnt/extended-home/fitra_dosen/2025_iris_fer_taufik/MultimodalEmoLearn/models/benchmark/kdef_7class/3class/Unified/facs_plus_bs_80/results.json
Saved: /mnt/extended-home/fitra_dosen/2025_iris_fer_taufik/MultimodalEmoLearn/models/benchmark/kdef_7class/7class/Unified/blendshape_52/results.json
Saved: /mnt/extended-home/fitra_dosen/2025_iris_fer_taufik/MultimodalEmoLearn/models/benchmark/kdef_7class/7class/Unified/facs_plus_bs_80/results.json

===============================================================================================
SUMMARY: derived features macro_f1
===============================================================================================
  scheme  feat                src         arch          B1        B2        B3
  3c     blendshape_52       mediapipe   fcnn      0.6835    0.7659    0.7462
  3c     blendshape_52       mediapipe   cnn1d     0.7480    0.7088    0.7145
  3c     facs_plus_bs_80     mediapipe   fcnn      0.7751    0.7286    0.7584
  3c     facs_plus_bs_80     mediapipe   cnn1d     0.7000    0.7500    0.7451
  3c     facs_plus_bs_80     faceapi     fcnn        -         -         -   
  3c     facs_plus_bs_80     faceapi     cnn1d       -         -         -   
  7c     blendshape_52       mediapipe   fcnn      0.6015    0.5982    0.6051
  7c     blendshape_52       mediapipe   cnn1d     0.5821    0.6228    0.5996
  7c     facs_plus_bs_80     mediapipe   fcnn      0.5966    0.5492    0.5884
  7c     facs_plus_bs_80     mediapipe   cnn1d     0.5590    0.5654    0.5490
  7c     facs_plus_bs_80     faceapi     fcnn        -         -         -   
  7c     facs_plus_bs_80     faceapi     cnn1d       -         -         -   
--- rafdb_7class ---
Device: cuda
DATA_DIR: /mnt/extended-home/fitra_dosen/2025_iris_fer_taufik/MultimodalEmoLearn/data/benchmark/rafdb_7class
Output: /mnt/extended-home/fitra_dosen/2025_iris_fer_taufik/MultimodalEmoLearn/models/benchmark/rafdb_7class
Total runs: 16
Pre-loaded 8 existing runs (use --force-retrain to ignore)

[1/16]

==== blendshape_52 × mediapipe × fcnn × 3c × B2 ====
  Train N=9404  in_dim=52  augment=False
  ep   1  loss=0.8267  val_mf1=0.5967
  ep  10  loss=0.7282  val_mf1=0.6468
  ep  20  loss=0.7010  val_mf1=0.6526
  ep  30  loss=0.6602  val_mf1=0.6320
  ep  40  loss=0.6488  val_mf1=0.6498
  best ep 26  val_mf1=0.6553  (139s)  TEST mf1=0.6720  wf1=0.7004  acc=0.6965

[2/16]

==== blendshape_52 × mediapipe × fcnn × 3c × B3 ====
  Train N=9404  in_dim=52  augment=True
  ep   1  loss=0.8294  val_mf1=0.6051
  ep  10  loss=0.7411  val_mf1=0.6403
  ep  20  loss=0.7186  val_mf1=0.6442
  ep  30  loss=0.6854  val_mf1=0.6287
  best ep 17  val_mf1=0.6459  (108s)  TEST mf1=0.6656  wf1=0.6925  acc=0.6921

[3/16]

==== blendshape_52 × mediapipe × cnn1d × 3c × B2 ====
  Train N=9404  in_dim=52  augment=False
  ep   1  loss=0.9265  val_mf1=0.5086
  ep  10  loss=0.7418  val_mf1=0.6193
  ep  20  loss=0.7010  val_mf1=0.6182
  ep  30  loss=0.6790  val_mf1=0.6335
  ep  40  loss=0.6465  val_mf1=0.6482
  best ep 33  val_mf1=0.6484  (173s)  TEST mf1=0.6537  wf1=0.6857  acc=0.6856

[4/16]

==== blendshape_52 × mediapipe × cnn1d × 3c × B3 ====
  Train N=9404  in_dim=52  augment=True
  ep   1  loss=0.9379  val_mf1=0.4748
  ep  10  loss=0.7651  val_mf1=0.6089
  ep  20  loss=0.7408  val_mf1=0.5542
  best ep 13  val_mf1=0.6303  (102s)  TEST mf1=0.6513  wf1=0.6836  acc=0.6826

[5/16]

==== blendshape_52 × mediapipe × fcnn × 7c × B2 ====
  Train N=9404  in_dim=52  augment=False
  ep   1  loss=1.5431  val_mf1=0.4313
  ep  10  loss=1.2495  val_mf1=0.4723
  ep  20  loss=1.1195  val_mf1=0.4495
  best ep 6  val_mf1=0.4774  (71s)  TEST mf1=0.4717  wf1=0.5938  acc=0.5780

[6/16]

==== blendshape_52 × mediapipe × fcnn × 7c × B3 ====
  Train N=9404  in_dim=52  augment=True
  ep   1  loss=1.5472  val_mf1=0.4139
  ep  10  loss=1.2806  val_mf1=0.4718
  ep  20  loss=1.1786  val_mf1=0.4488
  best ep 12  val_mf1=0.4755  (92s)  TEST mf1=0.4732  wf1=0.5914  acc=0.5763

[7/16]

==== blendshape_52 × mediapipe × cnn1d × 7c × B2 ====
  Train N=9404  in_dim=52  augment=False
  ep   1  loss=1.6868  val_mf1=0.3573
  ep  10  loss=1.2847  val_mf1=0.4087
  ep  20  loss=1.1095  val_mf1=0.4408
  ep  30  loss=0.9905  val_mf1=0.4532
  ep  40  loss=0.9030  val_mf1=0.4432
  best ep 34  val_mf1=0.4660  (175s)  TEST mf1=0.4793  wf1=0.6007  acc=0.5841

[8/16]

==== blendshape_52 × mediapipe × cnn1d × 7c × B3 ====
  Train N=9404  in_dim=52  augment=True
  ep   1  loss=1.7114  val_mf1=0.3242
  ep  10  loss=1.3434  val_mf1=0.4225
  ep  20  loss=1.2200  val_mf1=0.4406
  ep  30  loss=1.1408  val_mf1=0.4533
  ep  40  loss=1.0854  val_mf1=0.4357
  ep  50  loss=1.0282  val_mf1=0.4379
  best ep 37  val_mf1=0.4625  (182s)  TEST mf1=0.4546  wf1=0.5809  acc=0.5664

[9/16]

==== facs_plus_bs_80 × mediapipe × fcnn × 3c × B2 ====
  Train N=9404  in_dim=80  augment=False
  ep   1  loss=0.8183  val_mf1=0.6125
  ep  10  loss=0.6896  val_mf1=0.6576
  ep  20  loss=0.6684  val_mf1=0.6690
  ep  30  loss=0.6235  val_mf1=0.6747
  ep  40  loss=0.5967  val_mf1=0.6745
  best ep 26  val_mf1=0.6799  (227s)  TEST mf1=0.6843  wf1=0.7122  acc=0.7088

[10/16]

==== facs_plus_bs_80 × mediapipe × fcnn × 3c × B3 ====
  Train N=9404  in_dim=80  augment=True
  ep   1  loss=0.8318  val_mf1=0.6034
  ep  10  loss=0.7146  val_mf1=0.6368
  ep  20  loss=0.7002  val_mf1=0.6385
  ep  30  loss=0.6660  val_mf1=0.6691
  ep  40  loss=0.6442  val_mf1=0.6571
  best ep 26  val_mf1=0.6742  (256s)  TEST mf1=0.6777  wf1=0.7062  acc=0.6999

[11/16]

==== facs_plus_bs_80 × mediapipe × cnn1d × 3c × B2 ====
  Train N=9404  in_dim=80  augment=False
  ep   1  loss=0.9292  val_mf1=0.5405
  ep  10  loss=0.7411  val_mf1=0.6204
  ep  20  loss=0.7087  val_mf1=0.5951
  ep  30  loss=0.6921  val_mf1=0.6185
  best ep 21  val_mf1=0.6469  (217s)  TEST mf1=0.6578  wf1=0.6848  acc=0.6775

[12/16]

==== facs_plus_bs_80 × mediapipe × cnn1d × 3c × B3 ====
  Train N=9404  in_dim=80  augment=True
  ep   1  loss=0.9392  val_mf1=0.4920
  ep  10  loss=0.7616  val_mf1=0.5967
  ep  20  loss=0.7283  val_mf1=0.5792
  ep  30  loss=0.7085  val_mf1=0.6241
  ep  40  loss=0.6880  val_mf1=0.6423
  ep  50  loss=0.6892  val_mf1=0.6241
  best ep 46  val_mf1=0.6476  (336s)  TEST mf1=0.6716  wf1=0.7009  acc=0.7003

[13/16]

==== facs_plus_bs_80 × mediapipe × fcnn × 7c × B2 ====
  Train N=9404  in_dim=80  augment=False
  ep   1  loss=1.5241  val_mf1=0.4565
  ep  10  loss=1.1720  val_mf1=0.4709
  ep  20  loss=1.0314  val_mf1=0.4894
  ep  30  loss=0.9305  val_mf1=0.4867
  ep  40  loss=0.8689  val_mf1=0.5059
  best ep 31  val_mf1=0.5167  (258s)  TEST mf1=0.5236  wf1=0.6344  acc=0.6192

[14/16]

==== facs_plus_bs_80 × mediapipe × fcnn × 7c × B3 ====
  Train N=9404  in_dim=80  augment=True
  ep   1  loss=1.5374  val_mf1=0.4336
  ep  10  loss=1.2302  val_mf1=0.4605
  ep  20  loss=1.1173  val_mf1=0.4794
  ep  30  loss=1.0336  val_mf1=0.4887
  ep  40  loss=1.0006  val_mf1=0.4904
  best ep 28  val_mf1=0.4986  (275s)  TEST mf1=0.5122  wf1=0.6241  acc=0.6097

[15/16]

==== facs_plus_bs_80 × mediapipe × cnn1d × 7c × B2 ====
  Train N=9404  in_dim=80  augment=False
  ep   1  loss=1.6804  val_mf1=0.3844
  ep  10  loss=1.3002  val_mf1=0.4104
  ep  20  loss=1.1420  val_mf1=0.4257
  ep  30  loss=1.0313  val_mf1=0.4622
  ep  40  loss=0.9376  val_mf1=0.4720
  best ep 28  val_mf1=0.4821  (256s)  TEST mf1=0.4983  wf1=0.6084  acc=0.6005

[16/16]

==== facs_plus_bs_80 × mediapipe × cnn1d × 7c × B3 ====
  Train N=9404  in_dim=80  augment=True
  ep   1  loss=1.6974  val_mf1=0.3736
  ep  10  loss=1.3563  val_mf1=0.4198
  ep  20  loss=1.2432  val_mf1=0.4375
  ep  30  loss=1.1566  val_mf1=0.4632
  ep  40  loss=1.0844  val_mf1=0.4757
  ep  50  loss=1.0406  val_mf1=0.4657
  best ep 38  val_mf1=0.4829  (403s)  TEST mf1=0.4836  wf1=0.6047  acc=0.5991

Sweep done: trained=16, skipped_existing=0
Saved: /mnt/extended-home/fitra_dosen/2025_iris_fer_taufik/MultimodalEmoLearn/models/benchmark/rafdb_7class/3class/Unified/blendshape_52/results.json
Saved: /mnt/extended-home/fitra_dosen/2025_iris_fer_taufik/MultimodalEmoLearn/models/benchmark/rafdb_7class/3class/Unified/facs_plus_bs_80/results.json
Saved: /mnt/extended-home/fitra_dosen/2025_iris_fer_taufik/MultimodalEmoLearn/models/benchmark/rafdb_7class/7class/Unified/blendshape_52/results.json
Saved: /mnt/extended-home/fitra_dosen/2025_iris_fer_taufik/MultimodalEmoLearn/models/benchmark/rafdb_7class/7class/Unified/facs_plus_bs_80/results.json

===============================================================================================
SUMMARY: derived features macro_f1
===============================================================================================
  scheme  feat                src         arch          B1        B2        B3
  3c     blendshape_52       mediapipe   fcnn      0.6787    0.6720    0.6656
  3c     blendshape_52       mediapipe   cnn1d     0.6628    0.6537    0.6513
  3c     facs_plus_bs_80     mediapipe   fcnn      0.6915    0.6843    0.6777
  3c     facs_plus_bs_80     mediapipe   cnn1d     0.6683    0.6578    0.6716
  3c     facs_plus_bs_80     faceapi     fcnn        -         -         -   
  3c     facs_plus_bs_80     faceapi     cnn1d       -         -         -   
  7c     blendshape_52       mediapipe   fcnn      0.5033    0.4717    0.4732
  7c     blendshape_52       mediapipe   cnn1d     0.4822    0.4793    0.4546
  7c     facs_plus_bs_80     mediapipe   fcnn      0.5418    0.5236    0.5122
  7c     facs_plus_bs_80     mediapipe   cnn1d     0.4431    0.4983    0.4836
  7c     facs_plus_bs_80     faceapi     fcnn        -         -         -   
  7c     facs_plus_bs_80     faceapi     cnn1d       -         -         -   
--- ckplus_7class ---
Device: cuda
DATA_DIR: /mnt/extended-home/fitra_dosen/2025_iris_fer_taufik/MultimodalEmoLearn/data/benchmark/ckplus_7class
Output: /mnt/extended-home/fitra_dosen/2025_iris_fer_taufik/MultimodalEmoLearn/models/benchmark/ckplus_7class
Total runs: 16
Pre-loaded 8 existing runs (use --force-retrain to ignore)

[1/16]

==== blendshape_52 × mediapipe × fcnn × 3c × B2 ====
  Train N=508  in_dim=52  augment=False
  ep   1  loss=0.8137  val_mf1=0.2286
  ep  10  loss=0.2764  val_mf1=0.9160
  ep  20  loss=0.2087  val_mf1=0.8918
  ep  30  loss=0.1818  val_mf1=0.8920
  best ep 19  val_mf1=0.9518  (8s)  TEST mf1=0.8337  wf1=0.8320  acc=0.8305

[2/16]

==== blendshape_52 × mediapipe × fcnn × 3c × B3 ====
  Train N=508  in_dim=52  augment=True
  ep   1  loss=0.8170  val_mf1=0.2286
  ep  10  loss=0.3110  val_mf1=0.9160
  ep  20  loss=0.2308  val_mf1=0.9264
  ep  30  loss=0.2019  val_mf1=0.9264
  ep  40  loss=0.2102  val_mf1=0.8782
  best ep 28  val_mf1=0.9537  (4s)  TEST mf1=0.8493  wf1=0.8625  acc=0.8644

[3/16]

==== blendshape_52 × mediapipe × cnn1d × 3c × B2 ====
  Train N=508  in_dim=52  augment=False
  ep   1  loss=0.8439  val_mf1=0.2286
  ep  10  loss=0.4400  val_mf1=0.8912
  ep  20  loss=0.2791  val_mf1=0.8215
  best ep 13  val_mf1=0.9010  (4s)  TEST mf1=0.8044  wf1=0.8115  acc=0.8136

[4/16]

==== blendshape_52 × mediapipe × cnn1d × 3c × B3 ====
  Train N=508  in_dim=52  augment=True
  ep   1  loss=0.8371  val_mf1=0.2286
  ep  10  loss=0.4815  val_mf1=0.8505
  ep  20  loss=0.3213  val_mf1=0.8568
  ep  30  loss=0.3199  val_mf1=0.8264
  best ep 16  val_mf1=0.9056  (8s)  TEST mf1=0.7834  wf1=0.7826  acc=0.7797

[5/16]

==== blendshape_52 × mediapipe × fcnn × 7c × B2 ====
  Train N=508  in_dim=52  augment=False
  ep   1  loss=1.6300  val_mf1=0.0190
  ep  10  loss=0.4396  val_mf1=0.7493
  ep  20  loss=0.3554  val_mf1=0.8302
  ep  30  loss=0.3681  val_mf1=0.8214
  ep  40  loss=0.2775  val_mf1=0.8333
  best ep 27  val_mf1=0.8402  (11s)  TEST mf1=0.6203  wf1=0.6980  acc=0.6610

[6/16]

==== blendshape_52 × mediapipe × fcnn × 7c × B3 ====
  Train N=508  in_dim=52  augment=True
  ep   1  loss=1.6345  val_mf1=0.0269
  ep  10  loss=0.4744  val_mf1=0.7966
  ep  20  loss=0.3853  val_mf1=0.8045
  best ep 8  val_mf1=0.8678  (6s)  TEST mf1=0.6761  wf1=0.6948  acc=0.6780

[7/16]

==== blendshape_52 × mediapipe × cnn1d × 7c × B2 ====
  Train N=508  in_dim=52  augment=False
  ep   1  loss=1.6395  val_mf1=0.0943
  ep  10  loss=0.6790  val_mf1=0.8407
  ep  20  loss=0.4395  val_mf1=0.7221
  best ep 7  val_mf1=0.8553  (6s)  TEST mf1=0.6177  wf1=0.7863  acc=0.7797

[8/16]

==== blendshape_52 × mediapipe × cnn1d × 7c × B3 ====
  Train N=508  in_dim=52  augment=True
  ep   1  loss=1.6493  val_mf1=0.0157
  ep  10  loss=0.7616  val_mf1=0.7953
  ep  20  loss=0.5056  val_mf1=0.7153
  best ep 13  val_mf1=0.8421  (7s)  TEST mf1=0.5612  wf1=0.6838  acc=0.6610

[9/16]

==== facs_plus_bs_80 × mediapipe × fcnn × 3c × B2 ====
  Train N=508  in_dim=80  augment=False
  ep   1  loss=0.7816  val_mf1=0.2286
  ep  10  loss=0.2575  val_mf1=0.8637
  ep  20  loss=0.2425  val_mf1=0.9424
  ep  30  loss=0.1712  val_mf1=0.9297
  best ep 23  val_mf1=0.9593  (15s)  TEST mf1=0.8637  wf1=0.8661  acc=0.8644

[10/16]

==== facs_plus_bs_80 × mediapipe × fcnn × 3c × B3 ====
  Train N=508  in_dim=80  augment=True
  ep   1  loss=0.8208  val_mf1=0.2286
  ep  10  loss=0.2783  val_mf1=0.8366
  ep  20  loss=0.3182  val_mf1=0.8592
  ep  30  loss=0.2261  val_mf1=0.9150
  best ep 23  val_mf1=0.9297  (18s)  TEST mf1=0.8605  wf1=0.8798  acc=0.8814

[11/16]

==== facs_plus_bs_80 × mediapipe × cnn1d × 3c × B2 ====
  Train N=508  in_dim=80  augment=False
  ep   1  loss=0.9250  val_mf1=0.2286
  ep  10  loss=0.4790  val_mf1=0.6334
  ep  20  loss=0.3021  val_mf1=0.7437
  ep  30  loss=0.3101  val_mf1=0.8776
  ep  40  loss=0.2815  val_mf1=0.8209
  ep  50  loss=0.2625  val_mf1=0.8322
  best ep 38  val_mf1=0.9075  (23s)  TEST mf1=0.7449  wf1=0.7335  acc=0.7288

[12/16]

==== facs_plus_bs_80 × mediapipe × cnn1d × 3c × B3 ====
  Train N=508  in_dim=80  augment=True
  ep   1  loss=0.9137  val_mf1=0.2286
  ep  10  loss=0.5031  val_mf1=0.7668
  ep  20  loss=0.3495  val_mf1=0.7792
  ep  30  loss=0.3397  val_mf1=0.8280
  ep  40  loss=0.3166  val_mf1=0.8678
  ep  50  loss=0.3007  val_mf1=0.8968
  best ep 49  val_mf1=0.9025  (26s)  TEST mf1=0.7705  wf1=0.7664  acc=0.7627

[13/16]

==== facs_plus_bs_80 × mediapipe × fcnn × 7c × B2 ====
  Train N=508  in_dim=80  augment=False
  ep   1  loss=1.6474  val_mf1=0.0980
  ep  10  loss=0.5113  val_mf1=0.7870
  best ep 4  val_mf1=0.8487  (8s)  TEST mf1=0.5822  wf1=0.7451  acc=0.7288

[14/16]

==== facs_plus_bs_80 × mediapipe × fcnn × 7c × B3 ====
  Train N=508  in_dim=80  augment=True
  ep   1  loss=1.6869  val_mf1=0.0980
  ep  10  loss=0.5852  val_mf1=0.7465
  best ep 4  val_mf1=0.9023  (9s)  TEST mf1=0.6120  wf1=0.7628  acc=0.7458

[15/16]

==== facs_plus_bs_80 × mediapipe × cnn1d × 7c × B2 ====
  Train N=508  in_dim=80  augment=False
  ep   1  loss=1.8097  val_mf1=0.0157
  ep  10  loss=0.8189  val_mf1=0.6333
  ep  20  loss=0.5083  val_mf1=0.7200
  ep  30  loss=0.4344  val_mf1=0.6652
  ep  40  loss=0.3794  val_mf1=0.6785
  ep  50  loss=0.3160  val_mf1=0.7270
  best ep 38  val_mf1=0.8822  (22s)  TEST mf1=0.6006  wf1=0.7551  acc=0.7458

[16/16]

==== facs_plus_bs_80 × mediapipe × cnn1d × 7c × B3 ====
  Train N=508  in_dim=80  augment=True
  ep   1  loss=1.8007  val_mf1=0.0157
  ep  10  loss=0.8494  val_mf1=0.6842
  ep  20  loss=0.5767  val_mf1=0.6899
  ep  30  loss=0.4439  val_mf1=0.6671
  ep  40  loss=0.4289  val_mf1=0.7635
  best ep 29  val_mf1=0.7972  (23s)  TEST mf1=0.5777  wf1=0.6822  acc=0.6610

Sweep done: trained=16, skipped_existing=0
Saved: /mnt/extended-home/fitra_dosen/2025_iris_fer_taufik/MultimodalEmoLearn/models/benchmark/ckplus_7class/3class/Unified/blendshape_52/results.json
Saved: /mnt/extended-home/fitra_dosen/2025_iris_fer_taufik/MultimodalEmoLearn/models/benchmark/ckplus_7class/3class/Unified/facs_plus_bs_80/results.json
Saved: /mnt/extended-home/fitra_dosen/2025_iris_fer_taufik/MultimodalEmoLearn/models/benchmark/ckplus_7class/7class/Unified/blendshape_52/results.json
Saved: /mnt/extended-home/fitra_dosen/2025_iris_fer_taufik/MultimodalEmoLearn/models/benchmark/ckplus_7class/7class/Unified/facs_plus_bs_80/results.json

===============================================================================================
SUMMARY: derived features macro_f1
===============================================================================================
  scheme  feat                src         arch          B1        B2        B3
  3c     blendshape_52       mediapipe   fcnn      0.8605    0.8337    0.8493
  3c     blendshape_52       mediapipe   cnn1d     0.8391    0.8044    0.7834
  3c     facs_plus_bs_80     mediapipe   fcnn      0.8921    0.8637    0.8605
  3c     facs_plus_bs_80     mediapipe   cnn1d     0.7963    0.7449    0.7705
  3c     facs_plus_bs_80     faceapi     fcnn        -         -         -   
  3c     facs_plus_bs_80     faceapi     cnn1d       -         -         -   
  7c     blendshape_52       mediapipe   fcnn      0.6839    0.6203    0.6761
  7c     blendshape_52       mediapipe   cnn1d     0.5881    0.6177    0.5612
  7c     facs_plus_bs_80     mediapipe   fcnn      0.7323    0.5822    0.6120
  7c     facs_plus_bs_80     mediapipe   cnn1d     0.6559    0.6006    0.5777
  7c     facs_plus_bs_80     faceapi     fcnn        -         -         -   
  7c     facs_plus_bs_80     faceapi     cnn1d       -         -         -   
--- jaffe_7class ---
Device: cuda
DATA_DIR: /mnt/extended-home/fitra_dosen/2025_iris_fer_taufik/MultimodalEmoLearn/data/benchmark/jaffe_7class
Output: /mnt/extended-home/fitra_dosen/2025_iris_fer_taufik/MultimodalEmoLearn/models/benchmark/jaffe_7class
Total runs: 16
Pre-loaded 8 existing runs (use --force-retrain to ignore)

[1/16]

==== blendshape_52 × mediapipe × fcnn × 3c × B2 ====
  Train N=152  in_dim=52  augment=False
  ep   1  loss=1.0409  val_mf1=0.1481
  ep  10  loss=0.3765  val_mf1=0.7000
  ep  20  loss=0.1843  val_mf1=0.5897
  best ep 11  val_mf1=0.7354  (4s)  TEST mf1=0.4046  wf1=0.5221  acc=0.5500

[2/16]

==== blendshape_52 × mediapipe × fcnn × 3c × B3 ====
  Train N=152  in_dim=52  augment=True
  ep   1  loss=1.0582  val_mf1=0.1481
  ep  10  loss=0.4006  val_mf1=0.7000
  ep  20  loss=0.2356  val_mf1=0.5897
  ep  30  loss=0.2108  val_mf1=0.5897
  best ep 19  val_mf1=0.7677  (4s)  TEST mf1=0.6793  wf1=0.7270  acc=0.7250

[3/16]

==== blendshape_52 × mediapipe × cnn1d × 3c × B2 ====
  Train N=152  in_dim=52  augment=False
  ep   1  loss=1.0574  val_mf1=0.1481
  ep  10  loss=0.4899  val_mf1=0.5887
  ep  20  loss=0.3411  val_mf1=0.5594
  ep  30  loss=0.2679  val_mf1=0.6296
  ep  40  loss=0.2475  val_mf1=0.5167
  best ep 30  val_mf1=0.6296  (6s)  TEST mf1=0.3539  wf1=0.5182  acc=0.6250

[4/16]

==== blendshape_52 × mediapipe × cnn1d × 3c × B3 ====
  Train N=152  in_dim=52  augment=True
  ep   1  loss=1.0715  val_mf1=0.1481
  ep  10  loss=0.5163  val_mf1=0.5524
  ep  20  loss=0.3781  val_mf1=0.5746
  best ep 14  val_mf1=0.5897  (3s)  TEST mf1=0.3539  wf1=0.5182  acc=0.6250

[5/16]

==== blendshape_52 × mediapipe × fcnn × 7c × B2 ====
  Train N=152  in_dim=52  augment=False
  ep   1  loss=1.9686  val_mf1=0.0357
  ep  10  loss=0.9176  val_mf1=0.3143
  ep  20  loss=0.5457  val_mf1=0.5857
  ep  30  loss=0.4764  val_mf1=0.5857
  ep  40  loss=0.3655  val_mf1=0.5431
  best ep 26  val_mf1=0.6673  (4s)  TEST mf1=0.3110  wf1=0.3123  acc=0.3500

[6/16]

==== blendshape_52 × mediapipe × fcnn × 7c × B3 ====
  Train N=152  in_dim=52  augment=True
  ep   1  loss=1.9741  val_mf1=0.0357
  ep  10  loss=0.9539  val_mf1=0.3143
  ep  20  loss=0.5961  val_mf1=0.5857
  best ep 14  val_mf1=0.6082  (3s)  TEST mf1=0.4304  wf1=0.4364  acc=0.4500

[7/16]

==== blendshape_52 × mediapipe × cnn1d × 7c × B2 ====
  Train N=152  in_dim=52  augment=False
  ep   1  loss=1.9474  val_mf1=0.0357
  ep  10  loss=1.2183  val_mf1=0.0408
  ep  20  loss=0.9817  val_mf1=0.4598
  ep  30  loss=0.6903  val_mf1=0.4510
  ep  40  loss=0.6153  val_mf1=0.4510
  ep  50  loss=0.6015  val_mf1=0.4871
  best ep 37  val_mf1=0.6701  (5s)  TEST mf1=0.3029  wf1=0.2958  acc=0.3000

[8/16]

==== blendshape_52 × mediapipe × cnn1d × 7c × B3 ====
  Train N=152  in_dim=52  augment=True
  ep   1  loss=1.9683  val_mf1=0.0357
  ep  10  loss=1.2200  val_mf1=0.2065
  ep  20  loss=1.0378  val_mf1=0.4847
  ep  30  loss=0.7347  val_mf1=0.4272
  ep  40  loss=0.6986  val_mf1=0.4546
  ep  50  loss=0.6699  val_mf1=0.4955
  best ep 37  val_mf1=0.6565  (4s)  TEST mf1=0.2989  wf1=0.2888  acc=0.3000

[9/16]

==== facs_plus_bs_80 × mediapipe × fcnn × 3c × B2 ====
  Train N=152  in_dim=80  augment=False
  ep   1  loss=1.0320  val_mf1=0.2424
  ep  10  loss=0.2610  val_mf1=0.5652
  ep  20  loss=0.1266  val_mf1=0.5897
  best ep 9  val_mf1=0.7000  (3s)  TEST mf1=0.3773  wf1=0.4914  acc=0.5000

[10/16]

==== facs_plus_bs_80 × mediapipe × fcnn × 3c × B3 ====
  Train N=152  in_dim=80  augment=True
  ep   1  loss=1.0417  val_mf1=0.2424
  ep  10  loss=0.3169  val_mf1=0.7515
  ep  20  loss=0.1918  val_mf1=0.5897
  best ep 10  val_mf1=0.7515  (4s)  TEST mf1=0.3922  wf1=0.5120  acc=0.5250

[11/16]

==== facs_plus_bs_80 × mediapipe × cnn1d × 3c × B2 ====
  Train N=152  in_dim=80  augment=False
  ep   1  loss=1.0932  val_mf1=0.1481
  ep  10  loss=0.5990  val_mf1=0.4889
  ep  20  loss=0.4616  val_mf1=0.5342
  best ep 11  val_mf1=0.5494  (4s)  TEST mf1=0.3397  wf1=0.5002  acc=0.6000

[12/16]

==== facs_plus_bs_80 × mediapipe × cnn1d × 3c × B3 ====
  Train N=152  in_dim=80  augment=True
  ep   1  loss=1.0907  val_mf1=0.1481
  ep  10  loss=0.6377  val_mf1=0.2424
  ep  20  loss=0.5539  val_mf1=0.5594
  ep  30  loss=0.4216  val_mf1=0.5425
  ep  40  loss=0.3071  val_mf1=0.5425
  ep  50  loss=0.3999  val_mf1=0.5136
  best ep 36  val_mf1=0.6000  (9s)  TEST mf1=0.4370  wf1=0.5444  acc=0.6000

[13/16]

==== facs_plus_bs_80 × mediapipe × fcnn × 7c × B2 ====
  Train N=152  in_dim=80  augment=False
  ep   1  loss=1.9382  val_mf1=0.0357
  ep  10  loss=0.8213  val_mf1=0.3524
  ep  20  loss=0.5898  val_mf1=0.5857
  ep  30  loss=0.4779  val_mf1=0.5473
  ep  40  loss=0.2993  val_mf1=0.7483
  ep  50  loss=0.1880  val_mf1=0.6224
  best ep 39  val_mf1=0.7605  (7s)  TEST mf1=0.2912  wf1=0.2807  acc=0.3250

[14/16]

==== facs_plus_bs_80 × mediapipe × fcnn × 7c × B3 ====
  Train N=152  in_dim=80  augment=True
  ep   1  loss=1.9109  val_mf1=0.0357
  ep  10  loss=0.9019  val_mf1=0.4796
  ep  20  loss=0.7195  val_mf1=0.5857
  best ep 11  val_mf1=0.6888  (4s)  TEST mf1=0.1081  wf1=0.1135  acc=0.1750

[15/16]

==== facs_plus_bs_80 × mediapipe × cnn1d × 7c × B2 ====
  Train N=152  in_dim=80  augment=False
  ep   1  loss=1.9762  val_mf1=0.0357
  ep  10  loss=1.3277  val_mf1=0.0357
  ep  20  loss=1.1105  val_mf1=0.3827
  ep  30  loss=0.7162  val_mf1=0.3333
  ep  40  loss=0.7340  val_mf1=0.3970
  best ep 26  val_mf1=0.5587  (6s)  TEST mf1=0.1145  wf1=0.1046  acc=0.2000

[16/16]

==== facs_plus_bs_80 × mediapipe × cnn1d × 7c × B3 ====
  Train N=152  in_dim=80  augment=True
  ep   1  loss=1.9969  val_mf1=0.0357
  ep  10  loss=1.3221  val_mf1=0.0357
  ep  20  loss=1.1406  val_mf1=0.2904
  ep  30  loss=0.7987  val_mf1=0.4571
  ep  40  loss=0.7371  val_mf1=0.3193
  ep  50  loss=0.8047  val_mf1=0.3929
  best ep 44  val_mf1=0.4994  (8s)  TEST mf1=0.2416  wf1=0.2390  acc=0.3000

Sweep done: trained=16, skipped_existing=0
Saved: /mnt/extended-home/fitra_dosen/2025_iris_fer_taufik/MultimodalEmoLearn/models/benchmark/jaffe_7class/3class/Unified/blendshape_52/results.json
Saved: /mnt/extended-home/fitra_dosen/2025_iris_fer_taufik/MultimodalEmoLearn/models/benchmark/jaffe_7class/3class/Unified/facs_plus_bs_80/results.json
Saved: /mnt/extended-home/fitra_dosen/2025_iris_fer_taufik/MultimodalEmoLearn/models/benchmark/jaffe_7class/7class/Unified/blendshape_52/results.json
Saved: /mnt/extended-home/fitra_dosen/2025_iris_fer_taufik/MultimodalEmoLearn/models/benchmark/jaffe_7class/7class/Unified/facs_plus_bs_80/results.json

===============================================================================================
SUMMARY: derived features macro_f1
===============================================================================================
  scheme  feat                src         arch          B1        B2        B3
  3c     blendshape_52       mediapipe   fcnn      0.3101    0.4046    0.6793
  3c     blendshape_52       mediapipe   cnn1d     0.3029    0.3539    0.3539
  3c     facs_plus_bs_80     mediapipe   fcnn      0.2434    0.3773    0.3922
  3c     facs_plus_bs_80     mediapipe   cnn1d     0.4025    0.3397    0.4370
  3c     facs_plus_bs_80     faceapi     fcnn        -         -         -   
  3c     facs_plus_bs_80     faceapi     cnn1d       -         -         -   
  7c     blendshape_52       mediapipe   fcnn      0.1418    0.3110    0.4304
  7c     blendshape_52       mediapipe   cnn1d     0.2491    0.3029    0.2989
  7c     facs_plus_bs_80     mediapipe   fcnn      0.2544    0.2912    0.1081
  7c     facs_plus_bs_80     mediapipe   cnn1d     0.1561    0.1145    0.2416
  7c     facs_plus_bs_80     faceapi     fcnn        -         -         -   
  7c     facs_plus_bs_80     faceapi     cnn1d       -         -         -   

===================================================================
=== [G] Gated Early Fusion sekunder B2/B3 ===
===================================================================
--- kdef_7class ---
Device: cuda
DATA_DIR: /mnt/extended-home/fitra_dosen/2025_iris_fer_taufik/MultimodalEmoLearn/data/benchmark/kdef_7class
Output: /mnt/extended-home/fitra_dosen/2025_iris_fer_taufik/MultimodalEmoLearn/models/benchmark/kdef_7class
Total runs: 8
Pre-loaded 4 existing runs (use --force-retrain to ignore)

[1/8]

==== fusion_early_gated_scratch × 3c × B2 × lm=mediapipe/raw_136(dim=136) ====
  Train N=2353  augment=False  is_coord=True  lr=0.001  early_fusion_mode=gated
  class counts train: [674, 334, 1345]
  ep   1  loss=1.1559  val_mf1=0.3487
  ep   5  loss=0.4535  val_mf1=0.7254
  ep  10  loss=0.3514  val_mf1=0.8339
  ep  15  loss=0.2526  val_mf1=0.8327
  ep  20  loss=0.1645  val_mf1=0.8936
  ep  25  loss=0.1160  val_mf1=0.8631
  ep  30  loss=0.1347  val_mf1=0.8940
  ep  35  loss=0.0881  val_mf1=0.8936
  ep  40  loss=0.0756  val_mf1=0.8682
  ep  45  loss=0.0554  val_mf1=0.8976
  best ep 34  val_mf1=0.9138  (1057s)  TEST mf1=0.7800  wf1=0.8045  acc=0.8027
  Saved gated checkpoint: /mnt/extended-home/fitra_dosen/2025_iris_fer_taufik/MultimodalEmoLearn/models/benchmark/kdef_7class/3class/Unified/fusion_early_gated_scratch/checkpoints/b2.pt

[2/8]

==== fusion_early_gated_scratch × 3c × B3 × lm=mediapipe/raw_136(dim=136) ====
  Train N=2353  augment=True  is_coord=True  lr=0.001  early_fusion_mode=gated
  class counts train: [674, 334, 1345]
  ep   1  loss=1.1692  val_mf1=0.1576
  ep   5  loss=0.5321  val_mf1=0.7650
  ep  10  loss=0.4481  val_mf1=0.8522
  ep  15  loss=0.4003  val_mf1=0.8169
  ep  20  loss=0.3293  val_mf1=0.8685
  ep  25  loss=0.2825  val_mf1=0.8878
  ep  30  loss=0.2569  val_mf1=0.9085
  ep  35  loss=0.2141  val_mf1=0.8999
  ep  40  loss=0.2272  val_mf1=0.9249
  ep  45  loss=0.2054  val_mf1=0.9270
  ep  50  loss=0.2024  val_mf1=0.9323
  best ep 50  val_mf1=0.9323  (905s)  TEST mf1=0.8048  wf1=0.8335  acc=0.8333
  Saved gated checkpoint: /mnt/extended-home/fitra_dosen/2025_iris_fer_taufik/MultimodalEmoLearn/models/benchmark/kdef_7class/3class/Unified/fusion_early_gated_scratch/checkpoints/b3.pt

[3/8]

==== fusion_early_gated_tl × 3c × B2 × lm=mediapipe/raw_136(dim=136) ====
  Train N=2353  augment=False  is_coord=True  lr=0.0001  early_fusion_mode=gated
  class counts train: [674, 334, 1345]
  ep   1  loss=0.5718  val_mf1=0.8819
  ep   5  loss=0.0502  val_mf1=0.9425
  ep  10  loss=0.0334  val_mf1=0.9589
  ep  15  loss=0.0224  val_mf1=0.9819
  ep  20  loss=0.0170  val_mf1=0.9528
  ep  25  loss=0.0021  val_mf1=0.9698
  ep  30  loss=0.0513  val_mf1=0.9479
  best ep 15  val_mf1=0.9819  (187s)  TEST mf1=0.9509  wf1=0.9492  acc=0.9490
  Saved gated checkpoint: /mnt/extended-home/fitra_dosen/2025_iris_fer_taufik/MultimodalEmoLearn/models/benchmark/kdef_7class/3class/Unified/fusion_early_gated_tl/checkpoints/b2.pt

[4/8]

==== fusion_early_gated_tl × 3c × B3 × lm=mediapipe/raw_136(dim=136) ====
  Train N=2353  augment=True  is_coord=True  lr=0.0001  early_fusion_mode=gated
  class counts train: [674, 334, 1345]
  ep   1  loss=0.6809  val_mf1=0.8785
  ep   5  loss=0.1024  val_mf1=0.8585
  ep  10  loss=0.0533  val_mf1=0.9792
  ep  15  loss=0.0448  val_mf1=0.9709
  ep  20  loss=0.0347  val_mf1=0.9421
  best ep 8  val_mf1=0.9861  (170s)  TEST mf1=0.9121  wf1=0.9193  acc=0.9184
  Saved gated checkpoint: /mnt/extended-home/fitra_dosen/2025_iris_fer_taufik/MultimodalEmoLearn/models/benchmark/kdef_7class/3class/Unified/fusion_early_gated_tl/checkpoints/b3.pt

[5/8]

==== fusion_early_gated_scratch × 7c × B2 × lm=mediapipe/raw_136(dim=136) ====
  Train N=2353  augment=False  is_coord=True  lr=0.001  early_fusion_mode=gated
  class counts train: [334, 337, 336, 337, 338, 334, 337]
  ep   1  loss=1.9722  val_mf1=0.3386
  ep   5  loss=0.9267  val_mf1=0.6579
  ep  10  loss=0.6588  val_mf1=0.7646
  ep  15  loss=0.4417  val_mf1=0.7799
  ep  20  loss=0.2912  val_mf1=0.7811
  ep  25  loss=0.2207  val_mf1=0.8116
  ep  30  loss=0.1683  val_mf1=0.7800
  ep  35  loss=0.1408  val_mf1=0.8024
  ep  40  loss=0.1256  val_mf1=0.7969
  ep  45  loss=0.0993  val_mf1=0.8240
  ep  50  loss=0.0750  val_mf1=0.7778
  best ep 39  val_mf1=0.8311  (809s)  TEST mf1=0.7323  wf1=0.7323  acc=0.7381
  Saved gated checkpoint: /mnt/extended-home/fitra_dosen/2025_iris_fer_taufik/MultimodalEmoLearn/models/benchmark/kdef_7class/7class/Unified/fusion_early_gated_scratch/checkpoints/b2.pt

[6/8]

==== fusion_early_gated_scratch × 7c × B3 × lm=mediapipe/raw_136(dim=136) ====
  Train N=2353  augment=True  is_coord=True  lr=0.001  early_fusion_mode=gated
  class counts train: [334, 337, 336, 337, 338, 334, 337]
  ep   1  loss=2.0196  val_mf1=0.1693
  ep   5  loss=1.0999  val_mf1=0.6734
  ep  10  loss=0.9066  val_mf1=0.7359
  ep  15  loss=0.7238  val_mf1=0.7777
  ep  20  loss=0.5942  val_mf1=0.7641
  ep  25  loss=0.5215  val_mf1=0.8000
  ep  30  loss=0.4385  val_mf1=0.8315
  ep  35  loss=0.4076  val_mf1=0.7894
  ep  40  loss=0.3790  val_mf1=0.8351
  ep  45  loss=0.3124  val_mf1=0.8292
  ep  50  loss=0.2564  val_mf1=0.8058
  best ep 39  val_mf1=0.8598  (852s)  TEST mf1=0.7502  wf1=0.7502  acc=0.7585
  Saved gated checkpoint: /mnt/extended-home/fitra_dosen/2025_iris_fer_taufik/MultimodalEmoLearn/models/benchmark/kdef_7class/7class/Unified/fusion_early_gated_scratch/checkpoints/b3.pt

[7/8]

==== fusion_early_gated_tl × 7c × B2 × lm=mediapipe/raw_136(dim=136) ====
  Train N=2353  augment=False  is_coord=True  lr=0.0001  early_fusion_mode=gated
  class counts train: [334, 337, 336, 337, 338, 334, 337]
  ep   1  loss=1.3494  val_mf1=0.7464
  ep   5  loss=0.1150  val_mf1=0.8043
  ep  10  loss=0.0479  val_mf1=0.8396
  ep  15  loss=0.0315  val_mf1=0.8705
  ep  20  loss=0.0233  val_mf1=0.8384
  best ep 9  val_mf1=0.8894  (153s)  TEST mf1=0.8532  wf1=0.8532  acc=0.8537
  Saved gated checkpoint: /mnt/extended-home/fitra_dosen/2025_iris_fer_taufik/MultimodalEmoLearn/models/benchmark/kdef_7class/7class/Unified/fusion_early_gated_tl/checkpoints/b2.pt

[8/8]

==== fusion_early_gated_tl × 7c × B3 × lm=mediapipe/raw_136(dim=136) ====
  Train N=2353  augment=True  is_coord=True  lr=0.0001  early_fusion_mode=gated
  class counts train: [334, 337, 336, 337, 338, 334, 337]
  ep   1  loss=1.4826  val_mf1=0.6744
  ep   5  loss=0.2900  val_mf1=0.8029
  ep  10  loss=0.1196  val_mf1=0.8757
  ep  15  loss=0.0930  val_mf1=0.8600
  ep  20  loss=0.0624  val_mf1=0.8465
  ep  25  loss=0.0556  val_mf1=0.8661
  ep  30  loss=0.0411  val_mf1=0.8551
  ep  35  loss=0.0291  val_mf1=0.8820
  ep  40  loss=0.0339  val_mf1=0.8944
  ep  45  loss=0.0361  val_mf1=0.8629
  ep  50  loss=0.0371  val_mf1=0.8484
  best ep 38  val_mf1=0.9122  (357s)  TEST mf1=0.8802  wf1=0.8802  acc=0.8810
  Saved gated checkpoint: /mnt/extended-home/fitra_dosen/2025_iris_fer_taufik/MultimodalEmoLearn/models/benchmark/kdef_7class/7class/Unified/fusion_early_gated_tl/checkpoints/b3.pt

Sweep done: trained=8, skipped_existing=0
Saved: /mnt/extended-home/fitra_dosen/2025_iris_fer_taufik/MultimodalEmoLearn/models/benchmark/kdef_7class/3class/Unified/fusion_early_gated_scratch/results.json
Saved: /mnt/extended-home/fitra_dosen/2025_iris_fer_taufik/MultimodalEmoLearn/models/benchmark/kdef_7class/3class/Unified/fusion_early_gated_tl/results.json
Saved: /mnt/extended-home/fitra_dosen/2025_iris_fer_taufik/MultimodalEmoLearn/models/benchmark/kdef_7class/7class/Unified/fusion_early_gated_scratch/results.json
Saved: /mnt/extended-home/fitra_dosen/2025_iris_fer_taufik/MultimodalEmoLearn/models/benchmark/kdef_7class/7class/Unified/fusion_early_gated_tl/results.json

========================================================================================================================
SUMMARY: Unified protocol fusion macro_f1
========================================================================================================================
  scheme  fusion         mode    variant   feature           lm_src            B1        B2        B3
  3c     early          gated   scratch   raw_136           mediapipe        nan    0.7800    0.8048
  3c     early          gated   tl        raw_136           mediapipe        nan    0.9509    0.9121
  7c     early          gated   scratch   raw_136           mediapipe        nan    0.7323    0.7502
  7c     early          gated   tl        raw_136           mediapipe        nan    0.8532    0.8802
--- rafdb_7class ---
Device: cuda
DATA_DIR: /mnt/extended-home/fitra_dosen/2025_iris_fer_taufik/MultimodalEmoLearn/data/benchmark/rafdb_7class
Output: /mnt/extended-home/fitra_dosen/2025_iris_fer_taufik/MultimodalEmoLearn/models/benchmark/rafdb_7class
Total runs: 8
Pre-loaded 4 existing runs (use --force-retrain to ignore)

[1/8]

==== fusion_early_gated_scratch × 3c × B2 × lm=mediapipe/raw_136(dim=136) ====
  Train N=9404  augment=False  is_coord=True  lr=0.001  early_fusion_mode=gated
  class counts train: [4726, 1880, 2798]
  ep   1  loss=0.9090  val_mf1=0.6262
  ep   5  loss=0.6820  val_mf1=0.6540
  ep  10  loss=0.5267  val_mf1=0.7122
  ep  15  loss=0.3439  val_mf1=0.7429
  ep  20  loss=0.1911  val_mf1=0.7353
  ep  25  loss=0.1292  val_mf1=0.7541
  ep  30  loss=0.0832  val_mf1=0.7567
  ep  35  loss=0.0670  val_mf1=0.7626
  ep  40  loss=0.0635  val_mf1=0.7543
  ep  45  loss=0.0455  val_mf1=0.7709
  ep  50  loss=0.0374  val_mf1=0.7620
  best ep 45  val_mf1=0.7709  (2793s)  TEST mf1=0.7554  wf1=0.7829  acc=0.7841
  Saved gated checkpoint: /mnt/extended-home/fitra_dosen/2025_iris_fer_taufik/MultimodalEmoLearn/models/benchmark/rafdb_7class/3class/Unified/fusion_early_gated_scratch/checkpoints/b2.pt

[2/8]

==== fusion_early_gated_scratch × 3c × B3 × lm=mediapipe/raw_136(dim=136) ====
  Train N=9404  augment=True  is_coord=True  lr=0.001  early_fusion_mode=gated
  class counts train: [4726, 1880, 2798]
  ep   1  loss=0.9568  val_mf1=0.5940
  ep   5  loss=0.7529  val_mf1=0.6328
  ep  10  loss=0.7029  val_mf1=0.6773
  ep  15  loss=0.6297  val_mf1=0.7044
  ep  20  loss=0.5430  val_mf1=0.7575
  ep  25  loss=0.4650  val_mf1=0.7785
  ep  30  loss=0.4134  val_mf1=0.7826
  ep  35  loss=0.3685  val_mf1=0.7958
  ep  40  loss=0.3311  val_mf1=0.8091
  ep  45  loss=0.2846  val_mf1=0.8194
  ep  50  loss=0.2282  val_mf1=0.8218
  best ep 50  val_mf1=0.8218  (11929s)  TEST mf1=0.8213  wf1=0.8426  acc=0.8423
  Saved gated checkpoint: /mnt/extended-home/fitra_dosen/2025_iris_fer_taufik/MultimodalEmoLearn/models/benchmark/rafdb_7class/3class/Unified/fusion_early_gated_scratch/checkpoints/b3.pt

[3/8]

==== fusion_early_gated_tl × 3c × B2 × lm=mediapipe/raw_136(dim=136) ====
  Train N=9404  augment=False  is_coord=True  lr=0.0001  early_fusion_mode=gated
  class counts train: [4726, 1880, 2798]
  ep   1  loss=0.6479  val_mf1=0.7311
  ep   5  loss=0.1148  val_mf1=0.7684
  ep  10  loss=0.0615  val_mf1=0.7802
  ep  15  loss=0.0469  val_mf1=0.7936
  ep  20  loss=0.0436  val_mf1=0.7912
  ep  25  loss=0.0277  val_mf1=0.7669
  ep  30  loss=0.0341  val_mf1=0.7820
  ep  35  loss=0.0080  val_mf1=0.7969
  ep  40  loss=0.0161  val_mf1=0.7921
  ep  45  loss=0.0242  val_mf1=0.7922
  ep  50  loss=0.0149  val_mf1=0.8061
  best ep 49  val_mf1=0.8124  (2392s)  TEST mf1=0.8103  wf1=0.8327  acc=0.8324
  Saved gated checkpoint: /mnt/extended-home/fitra_dosen/2025_iris_fer_taufik/MultimodalEmoLearn/models/benchmark/rafdb_7class/3class/Unified/fusion_early_gated_tl/checkpoints/b2.pt

[4/8]

==== fusion_early_gated_tl × 3c × B3 × lm=mediapipe/raw_136(dim=136) ====
  Train N=9404  augment=True  is_coord=True  lr=0.0001  early_fusion_mode=gated
  class counts train: [4726, 1880, 2798]
  ep   1  loss=0.7417  val_mf1=0.7245
  ep   5  loss=0.2783  val_mf1=0.7858
  ep  10  loss=0.1439  val_mf1=0.7996
  ep  15  loss=0.1030  val_mf1=0.8184
  ep  20  loss=0.0783  val_mf1=0.8242
  ep  25  loss=0.0574  val_mf1=0.8178
  ep  30  loss=0.0630  val_mf1=0.8230
  ep  35  loss=0.0394  val_mf1=0.8057
  ep  40  loss=0.0440  val_mf1=0.8188
  best ep 27  val_mf1=0.8244  (2055s)  TEST mf1=0.8278  wf1=0.8482  acc=0.8481
  Saved gated checkpoint: /mnt/extended-home/fitra_dosen/2025_iris_fer_taufik/MultimodalEmoLearn/models/benchmark/rafdb_7class/3class/Unified/fusion_early_gated_tl/checkpoints/b3.pt

[5/8]

==== fusion_early_gated_scratch × 7c × B2 × lm=mediapipe/raw_136(dim=136) ====
  Train N=9404  augment=False  is_coord=True  lr=0.001  early_fusion_mode=gated
  class counts train: [1880, 3725, 1515, 511, 212, 560, 1001]
  ep   1  loss=1.6053  val_mf1=0.4393
  ep   5  loss=0.9372  val_mf1=0.5281
  ep  10  loss=0.5326  val_mf1=0.5842
  ep  15  loss=0.3266  val_mf1=0.6258
  ep  20  loss=0.2017  val_mf1=0.6283
  ep  25  loss=0.1468  val_mf1=0.6181
  ep  30  loss=0.1032  val_mf1=0.6204
  ep  35  loss=0.0934  val_mf1=0.6149
  ep  40  loss=0.0705  val_mf1=0.6301
  ep  45  loss=0.0610  val_mf1=0.6314
  ep  50  loss=0.0508  val_mf1=0.6285
  best ep 45  val_mf1=0.6314  (4675s)  TEST mf1=0.6557  wf1=0.7444  acc=0.7483
  Saved gated checkpoint: /mnt/extended-home/fitra_dosen/2025_iris_fer_taufik/MultimodalEmoLearn/models/benchmark/rafdb_7class/7class/Unified/fusion_early_gated_scratch/checkpoints/b2.pt

[6/8]

==== fusion_early_gated_scratch × 7c × B3 × lm=mediapipe/raw_136(dim=136) ====
  Train N=9404  augment=True  is_coord=True  lr=0.001  early_fusion_mode=gated
  class counts train: [1880, 3725, 1515, 511, 212, 560, 1001]
  ep   1  loss=1.6867  val_mf1=0.4126
  ep   5  loss=1.2534  val_mf1=0.5085
  ep  10  loss=1.0436  val_mf1=0.5417
  ep  15  loss=0.8338  val_mf1=0.5952
  ep  20  loss=0.6621  val_mf1=0.6427
  ep  25  loss=0.5460  val_mf1=0.6815
  ep  30  loss=0.4649  val_mf1=0.6811
  ep  35  loss=0.4074  val_mf1=0.6978
  ep  40  loss=0.3471  val_mf1=0.7091
  ep  45  loss=0.3086  val_mf1=0.6942
  ep  50  loss=0.2565  val_mf1=0.7108
  best ep 44  val_mf1=0.7262  (5097s)  TEST mf1=0.7139  wf1=0.8006  acc=0.7970
  Saved gated checkpoint: /mnt/extended-home/fitra_dosen/2025_iris_fer_taufik/MultimodalEmoLearn/models/benchmark/rafdb_7class/7class/Unified/fusion_early_gated_scratch/checkpoints/b3.pt

[7/8]

==== fusion_early_gated_tl × 7c × B2 × lm=mediapipe/raw_136(dim=136) ====
  Train N=9404  augment=False  is_coord=True  lr=0.0001  early_fusion_mode=gated
  class counts train: [1880, 3725, 1515, 511, 212, 560, 1001]
  ep   1  loss=1.1275  val_mf1=0.5884
  ep   5  loss=0.1192  val_mf1=0.6518
  ep  10  loss=0.0616  val_mf1=0.6753
  ep  15  loss=0.0383  val_mf1=0.6751
  ep  20  loss=0.0356  val_mf1=0.6952
  ep  25  loss=0.0302  val_mf1=0.6541
  ep  30  loss=0.0211  val_mf1=0.6788
  ep  35  loss=0.0284  val_mf1=0.6968
  ep  40  loss=0.0155  val_mf1=0.7079
  ep  45  loss=0.0210  val_mf1=0.6616
  ep  50  loss=0.0265  val_mf1=0.6902
  best ep 42  val_mf1=0.7096  (2383s)  TEST mf1=0.6979  wf1=0.7931  acc=0.7946
  Saved gated checkpoint: /mnt/extended-home/fitra_dosen/2025_iris_fer_taufik/MultimodalEmoLearn/models/benchmark/rafdb_7class/7class/Unified/fusion_early_gated_tl/checkpoints/b2.pt

[8/8]

==== fusion_early_gated_tl × 7c × B3 × lm=mediapipe/raw_136(dim=136) ====
  Train N=9404  augment=True  is_coord=True  lr=0.0001  early_fusion_mode=gated
  class counts train: [1880, 3725, 1515, 511, 212, 560, 1001]
  ep   1  loss=1.2680  val_mf1=0.5879
  ep   5  loss=0.3126  val_mf1=0.6665
  ep  10  loss=0.1569  val_mf1=0.7140
  ep  15  loss=0.1090  val_mf1=0.7205
  ep  20  loss=0.0836  val_mf1=0.7047
  ep  25  loss=0.0625  val_mf1=0.7264
  ep  30  loss=0.0624  val_mf1=0.7081
  ep  35  loss=0.0462  val_mf1=0.7171
  best ep 24  val_mf1=0.7361  (1903s)  TEST mf1=0.7273  wf1=0.8152  acc=0.8185
  Saved gated checkpoint: /mnt/extended-home/fitra_dosen/2025_iris_fer_taufik/MultimodalEmoLearn/models/benchmark/rafdb_7class/7class/Unified/fusion_early_gated_tl/checkpoints/b3.pt

Sweep done: trained=8, skipped_existing=0
Saved: /mnt/extended-home/fitra_dosen/2025_iris_fer_taufik/MultimodalEmoLearn/models/benchmark/rafdb_7class/3class/Unified/fusion_early_gated_scratch/results.json
Saved: /mnt/extended-home/fitra_dosen/2025_iris_fer_taufik/MultimodalEmoLearn/models/benchmark/rafdb_7class/3class/Unified/fusion_early_gated_tl/results.json
Saved: /mnt/extended-home/fitra_dosen/2025_iris_fer_taufik/MultimodalEmoLearn/models/benchmark/rafdb_7class/7class/Unified/fusion_early_gated_scratch/results.json
Saved: /mnt/extended-home/fitra_dosen/2025_iris_fer_taufik/MultimodalEmoLearn/models/benchmark/rafdb_7class/7class/Unified/fusion_early_gated_tl/results.json

========================================================================================================================
SUMMARY: Unified protocol fusion macro_f1
========================================================================================================================
  scheme  fusion         mode    variant   feature           lm_src            B1        B2        B3
  3c     early          gated   scratch   raw_136           mediapipe        nan    0.7554    0.8213
  3c     early          gated   tl        raw_136           mediapipe        nan    0.8103    0.8278
  7c     early          gated   scratch   raw_136           mediapipe        nan    0.6557    0.7139
  7c     early          gated   tl        raw_136           mediapipe        nan    0.6979    0.7273
--- ckplus_7class ---
Device: cuda
DATA_DIR: /mnt/extended-home/fitra_dosen/2025_iris_fer_taufik/MultimodalEmoLearn/data/benchmark/ckplus_7class
Output: /mnt/extended-home/fitra_dosen/2025_iris_fer_taufik/MultimodalEmoLearn/models/benchmark/ckplus_7class
Total runs: 8
Pre-loaded 4 existing runs (use --force-retrain to ignore)

[1/8]

==== fusion_early_gated_scratch × 3c × B2 × lm=mediapipe/raw_136(dim=136) ====
  Train N=508  augment=False  is_coord=True  lr=0.001  early_fusion_mode=gated
  class counts train: [123, 260, 125]
  ep   1  loss=1.2375  val_mf1=0.1190
  ep   5  loss=1.1327  val_mf1=0.2939
  ep  10  loss=1.0792  val_mf1=0.2775
  ep  15  loss=0.8504  val_mf1=0.4479
  ep  20  loss=0.7458  val_mf1=0.5569
  ep  25  loss=0.6037  val_mf1=0.6843
  ep  30  loss=0.6162  val_mf1=0.6806
  ep  35  loss=0.5018  val_mf1=0.8185
  ep  40  loss=0.4631  val_mf1=0.7389
  ep  45  loss=0.3221  val_mf1=0.7775
  ep  50  loss=0.2568  val_mf1=0.6264
  best ep 36  val_mf1=0.8349  (330s)  TEST mf1=0.7444  wf1=0.7587  acc=0.7797
  Saved gated checkpoint: /mnt/extended-home/fitra_dosen/2025_iris_fer_taufik/MultimodalEmoLearn/models/benchmark/ckplus_7class/3class/Unified/fusion_early_gated_scratch/checkpoints/b2.pt

[2/8]

==== fusion_early_gated_scratch × 3c × B3 × lm=mediapipe/raw_136(dim=136) ====
  Train N=508  augment=True  is_coord=True  lr=0.001  early_fusion_mode=gated
  class counts train: [123, 260, 125]
  ep   1  loss=1.2121  val_mf1=0.1190
  ep   5  loss=1.1436  val_mf1=0.3360
  ep  10  loss=0.9649  val_mf1=0.4388
  ep  15  loss=0.7462  val_mf1=0.6024
  ep  20  loss=0.6676  val_mf1=0.6397
  ep  25  loss=0.5645  val_mf1=0.7112
  ep  30  loss=0.5733  val_mf1=0.7676
  ep  35  loss=0.5270  val_mf1=0.7448
  ep  40  loss=0.4367  val_mf1=0.8067
  ep  45  loss=0.3350  val_mf1=0.7676
  ep  50  loss=0.3678  val_mf1=0.7752
  best ep 49  val_mf1=0.8222  (327s)  TEST mf1=0.7868  wf1=0.7871  acc=0.7966
  Saved gated checkpoint: /mnt/extended-home/fitra_dosen/2025_iris_fer_taufik/MultimodalEmoLearn/models/benchmark/ckplus_7class/3class/Unified/fusion_early_gated_scratch/checkpoints/b3.pt

[3/8]

==== fusion_early_gated_tl × 3c × B2 × lm=mediapipe/raw_136(dim=136) ====
  Train N=508  augment=False  is_coord=True  lr=0.0001  early_fusion_mode=gated
  class counts train: [123, 260, 125]
  ep   1  loss=0.9835  val_mf1=0.5407
  ep   5  loss=0.1423  val_mf1=0.8557
  ep  10  loss=0.0710  val_mf1=0.9492
  ep  15  loss=0.0217  val_mf1=0.9433
  ep  20  loss=0.0150  val_mf1=0.9348
  ep  25  loss=0.0090  val_mf1=0.9150
  best ep 10  val_mf1=0.9492  (92s)  TEST mf1=0.8466  wf1=0.8162  acc=0.8136
  Saved gated checkpoint: /mnt/extended-home/fitra_dosen/2025_iris_fer_taufik/MultimodalEmoLearn/models/benchmark/ckplus_7class/3class/Unified/fusion_early_gated_tl/checkpoints/b2.pt

[4/8]

==== fusion_early_gated_tl × 3c × B3 × lm=mediapipe/raw_136(dim=136) ====
  Train N=508  augment=True  is_coord=True  lr=0.0001  early_fusion_mode=gated
  class counts train: [123, 260, 125]
  ep   1  loss=1.0113  val_mf1=0.4681
  ep   5  loss=0.2357  val_mf1=0.8357
  ep  10  loss=0.1148  val_mf1=0.8894
  ep  15  loss=0.0796  val_mf1=0.9348
  ep  20  loss=0.0515  val_mf1=0.7250
  ep  25  loss=0.0503  val_mf1=0.8691
  best ep 11  val_mf1=0.9641  (95s)  TEST mf1=0.8398  wf1=0.8492  acc=0.8475
  Saved gated checkpoint: /mnt/extended-home/fitra_dosen/2025_iris_fer_taufik/MultimodalEmoLearn/models/benchmark/ckplus_7class/3class/Unified/fusion_early_gated_tl/checkpoints/b3.pt

[5/8]

==== fusion_early_gated_scratch × 7c × B2 × lm=mediapipe/raw_136(dim=136) ====
  Train N=508  augment=False  is_coord=True  lr=0.001  early_fusion_mode=gated
  class counts train: [260, 57, 23, 35, 17, 50, 66]
  ep   1  loss=2.0644  val_mf1=0.0119
  ep   5  loss=1.8853  val_mf1=0.2612
  ep  10  loss=1.4548  val_mf1=0.1989
  ep  15  loss=1.0329  val_mf1=0.3113
  ep  20  loss=0.7713  val_mf1=0.4225
  ep  25  loss=0.5495  val_mf1=0.5058
  ep  30  loss=0.4099  val_mf1=0.4515
  ep  35  loss=0.3035  val_mf1=0.3292
  ep  40  loss=0.1850  val_mf1=0.3979
  best ep 25  val_mf1=0.5058  (259s)  TEST mf1=0.4233  wf1=0.4433  acc=0.3898
  Saved gated checkpoint: /mnt/extended-home/fitra_dosen/2025_iris_fer_taufik/MultimodalEmoLearn/models/benchmark/ckplus_7class/7class/Unified/fusion_early_gated_scratch/checkpoints/b2.pt

[6/8]

==== fusion_early_gated_scratch × 7c × B3 × lm=mediapipe/raw_136(dim=136) ====
  Train N=508  augment=True  is_coord=True  lr=0.001  early_fusion_mode=gated
  class counts train: [260, 57, 23, 35, 17, 50, 66]
  ep   1  loss=2.1043  val_mf1=0.0119
  ep   5  loss=1.9197  val_mf1=0.1521
  ep  10  loss=1.7613  val_mf1=0.1980
  ep  15  loss=1.4397  val_mf1=0.3218
  ep  20  loss=1.1574  val_mf1=0.3802
  ep  25  loss=0.8264  val_mf1=0.4747
  ep  30  loss=0.7224  val_mf1=0.5332
  ep  35  loss=0.5429  val_mf1=0.5773
  ep  40  loss=0.5000  val_mf1=0.5296
  ep  45  loss=0.4056  val_mf1=0.6376
  ep  50  loss=0.4371  val_mf1=0.6322
  best ep 49  val_mf1=0.7121  (331s)  TEST mf1=0.5473  wf1=0.6708  acc=0.6441
  Saved gated checkpoint: /mnt/extended-home/fitra_dosen/2025_iris_fer_taufik/MultimodalEmoLearn/models/benchmark/ckplus_7class/7class/Unified/fusion_early_gated_scratch/checkpoints/b3.pt

[7/8]

==== fusion_early_gated_tl × 7c × B2 × lm=mediapipe/raw_136(dim=136) ====
  Train N=508  augment=False  is_coord=True  lr=0.0001  early_fusion_mode=gated
  class counts train: [260, 57, 23, 35, 17, 50, 66]
  ep   1  loss=1.7378  val_mf1=0.1887
  ep   5  loss=0.3126  val_mf1=0.5978
  ep  10  loss=0.0855  val_mf1=0.6886
  ep  15  loss=0.0500  val_mf1=0.6802
  ep  20  loss=0.0390  val_mf1=0.7503
  ep  25  loss=0.0320  val_mf1=0.6793
  ep  30  loss=0.0250  val_mf1=0.7178
  ep  35  loss=0.0207  val_mf1=0.6583
  best ep 24  val_mf1=0.7894  (142s)  TEST mf1=0.8571  wf1=0.9154  acc=0.9153
  Saved gated checkpoint: /mnt/extended-home/fitra_dosen/2025_iris_fer_taufik/MultimodalEmoLearn/models/benchmark/ckplus_7class/7class/Unified/fusion_early_gated_tl/checkpoints/b2.pt

[8/8]

==== fusion_early_gated_tl × 7c × B3 × lm=mediapipe/raw_136(dim=136) ====
  Train N=508  augment=True  is_coord=True  lr=0.0001  early_fusion_mode=gated
  class counts train: [260, 57, 23, 35, 17, 50, 66]
  ep   1  loss=1.8729  val_mf1=0.2236
  ep   5  loss=0.5113  val_mf1=0.7279
  ep  10  loss=0.1657  val_mf1=0.8846
  ep  15  loss=0.0863  val_mf1=0.9776
  ep  20  loss=0.0580  val_mf1=0.9850
  ep  25  loss=0.0594  val_mf1=0.9049
  ep  30  loss=0.0475  val_mf1=0.9535
  best ep 16  val_mf1=1.0000  (114s)  TEST mf1=0.8510  wf1=0.9346  acc=0.9322
  Saved gated checkpoint: /mnt/extended-home/fitra_dosen/2025_iris_fer_taufik/MultimodalEmoLearn/models/benchmark/ckplus_7class/7class/Unified/fusion_early_gated_tl/checkpoints/b3.pt

Sweep done: trained=8, skipped_existing=0
Saved: /mnt/extended-home/fitra_dosen/2025_iris_fer_taufik/MultimodalEmoLearn/models/benchmark/ckplus_7class/3class/Unified/fusion_early_gated_scratch/results.json
Saved: /mnt/extended-home/fitra_dosen/2025_iris_fer_taufik/MultimodalEmoLearn/models/benchmark/ckplus_7class/3class/Unified/fusion_early_gated_tl/results.json
Saved: /mnt/extended-home/fitra_dosen/2025_iris_fer_taufik/MultimodalEmoLearn/models/benchmark/ckplus_7class/7class/Unified/fusion_early_gated_scratch/results.json
Saved: /mnt/extended-home/fitra_dosen/2025_iris_fer_taufik/MultimodalEmoLearn/models/benchmark/ckplus_7class/7class/Unified/fusion_early_gated_tl/results.json

========================================================================================================================
SUMMARY: Unified protocol fusion macro_f1
========================================================================================================================
  scheme  fusion         mode    variant   feature           lm_src            B1        B2        B3
  3c     early          gated   scratch   raw_136           mediapipe        nan    0.7444    0.7868
  3c     early          gated   tl        raw_136           mediapipe        nan    0.8466    0.8398
  7c     early          gated   scratch   raw_136           mediapipe        nan    0.4233    0.5473
  7c     early          gated   tl        raw_136           mediapipe        nan    0.8571    0.8510
--- jaffe_7class ---
Device: cuda
DATA_DIR: /mnt/extended-home/fitra_dosen/2025_iris_fer_taufik/MultimodalEmoLearn/data/benchmark/jaffe_7class
Output: /mnt/extended-home/fitra_dosen/2025_iris_fer_taufik/MultimodalEmoLearn/models/benchmark/jaffe_7class
Total runs: 8
Pre-loaded 4 existing runs (use --force-retrain to ignore)

[1/8]

==== fusion_early_gated_scratch × 3c × B2 × lm=mediapipe/raw_136(dim=136) ====
  Train N=152  augment=False  is_coord=True  lr=0.001  early_fusion_mode=gated
  class counts train: [44, 21, 87]
  ep   1  loss=1.2329  val_mf1=0.0833
  ep   5  loss=1.0716  val_mf1=0.2424
  ep  10  loss=1.0717  val_mf1=0.1481
  ep  15  loss=0.8028  val_mf1=0.4222
  ep  20  loss=0.7389  val_mf1=0.4688
  ep  25  loss=0.4468  val_mf1=0.4732
  ep  30  loss=0.4207  val_mf1=0.5109
  ep  35  loss=0.2870  val_mf1=0.4819
  best ep 24  val_mf1=0.7291  (87s)  TEST mf1=0.4358  wf1=0.5862  acc=0.6250
  Saved gated checkpoint: /mnt/extended-home/fitra_dosen/2025_iris_fer_taufik/MultimodalEmoLearn/models/benchmark/jaffe_7class/3class/Unified/fusion_early_gated_scratch/checkpoints/b2.pt

[2/8]

==== fusion_early_gated_scratch × 3c × B3 × lm=mediapipe/raw_136(dim=136) ====
  Train N=152  augment=True  is_coord=True  lr=0.001  early_fusion_mode=gated
  class counts train: [44, 21, 87]
  ep   1  loss=1.2430  val_mf1=0.0833
  ep   5  loss=1.1729  val_mf1=0.2424
  ep  10  loss=1.1267  val_mf1=0.0833
  ep  15  loss=1.0175  val_mf1=0.7117
  ep  20  loss=0.9389  val_mf1=0.5873
  ep  25  loss=0.5975  val_mf1=0.4381
  ep  30  loss=0.6068  val_mf1=0.4692
  ep  35  loss=0.4476  val_mf1=0.6289
  ep  40  loss=0.3632  val_mf1=0.4889
  ep  45  loss=0.4007  val_mf1=0.4247
  ep  50  loss=0.3662  val_mf1=0.5430
  best ep 36  val_mf1=0.7540  (107s)  TEST mf1=0.4166  wf1=0.5494  acc=0.5750
  Saved gated checkpoint: /mnt/extended-home/fitra_dosen/2025_iris_fer_taufik/MultimodalEmoLearn/models/benchmark/jaffe_7class/3class/Unified/fusion_early_gated_scratch/checkpoints/b3.pt

[3/8]

==== fusion_early_gated_tl × 3c × B2 × lm=mediapipe/raw_136(dim=136) ====
  Train N=152  augment=False  is_coord=True  lr=0.0001  early_fusion_mode=gated
  class counts train: [44, 21, 87]
  ep   1  loss=0.9560  val_mf1=0.4148
  ep   5  loss=0.2133  val_mf1=0.2424
  ep  10  loss=0.0547  val_mf1=0.5444
  ep  15  loss=0.0295  val_mf1=0.5524
  ep  20  loss=0.0247  val_mf1=0.5524
  best ep 8  val_mf1=0.5897  (31s)  TEST mf1=0.4377  wf1=0.5950  acc=0.6750
  Saved gated checkpoint: /mnt/extended-home/fitra_dosen/2025_iris_fer_taufik/MultimodalEmoLearn/models/benchmark/jaffe_7class/3class/Unified/fusion_early_gated_tl/checkpoints/b2.pt

[4/8]

==== fusion_early_gated_tl × 3c × B3 × lm=mediapipe/raw_136(dim=136) ====
  Train N=152  augment=True  is_coord=True  lr=0.0001  early_fusion_mode=gated
  class counts train: [44, 21, 87]
  ep   1  loss=1.1223  val_mf1=0.4630
  ep   5  loss=0.3852  val_mf1=0.4759
  ep  10  loss=0.1141  val_mf1=0.5399
  ep  15  loss=0.0692  val_mf1=0.5080
  ep  20  loss=0.0411  val_mf1=0.5080
  best ep 8  val_mf1=0.5897  (33s)  TEST mf1=0.5841  wf1=0.6862  acc=0.7250
  Saved gated checkpoint: /mnt/extended-home/fitra_dosen/2025_iris_fer_taufik/MultimodalEmoLearn/models/benchmark/jaffe_7class/3class/Unified/fusion_early_gated_tl/checkpoints/b3.pt

[5/8]

==== fusion_early_gated_scratch × 7c × B2 × lm=mediapipe/raw_136(dim=136) ====
  Train N=152  augment=False  is_coord=True  lr=0.001  early_fusion_mode=gated
  class counts train: [21, 23, 22, 21, 23, 21, 21]
  ep   1  loss=2.0849  val_mf1=0.0357
  ep   5  loss=1.9578  val_mf1=0.0357
  ep  10  loss=1.8759  val_mf1=0.0357
  ep  15  loss=1.7372  val_mf1=0.2168
  ep  20  loss=1.4383  val_mf1=0.3158
  ep  25  loss=1.2016  val_mf1=0.5071
  ep  30  loss=0.9905  val_mf1=0.3605
  ep  35  loss=0.6889  val_mf1=0.5388
  ep  40  loss=0.5690  val_mf1=0.6997
  ep  45  loss=0.5573  val_mf1=0.8082
  ep  50  loss=0.3290  val_mf1=0.6673
  best ep 43  val_mf1=0.8439  (107s)  TEST mf1=0.1796  wf1=0.1754  acc=0.2750
  Saved gated checkpoint: /mnt/extended-home/fitra_dosen/2025_iris_fer_taufik/MultimodalEmoLearn/models/benchmark/jaffe_7class/7class/Unified/fusion_early_gated_scratch/checkpoints/b2.pt

[6/8]

==== fusion_early_gated_scratch × 7c × B3 × lm=mediapipe/raw_136(dim=136) ====
  Train N=152  augment=True  is_coord=True  lr=0.001  early_fusion_mode=gated
  class counts train: [21, 23, 22, 21, 23, 21, 21]
  ep   1  loss=2.1717  val_mf1=0.0357
  ep   5  loss=2.0726  val_mf1=0.0357
  ep  10  loss=1.9595  val_mf1=0.0357
  ep  15  loss=1.8492  val_mf1=0.1653
  ep  20  loss=1.6731  val_mf1=0.3414
  ep  25  loss=1.5296  val_mf1=0.2296
  ep  30  loss=1.4270  val_mf1=0.2861
  ep  35  loss=1.1509  val_mf1=0.3551
  ep  40  loss=1.1223  val_mf1=0.5279
  ep  45  loss=0.9972  val_mf1=0.6616
  ep  50  loss=0.8339  val_mf1=0.6864
  best ep 50  val_mf1=0.6864  (107s)  TEST mf1=0.2767  wf1=0.2642  acc=0.3750
  Saved gated checkpoint: /mnt/extended-home/fitra_dosen/2025_iris_fer_taufik/MultimodalEmoLearn/models/benchmark/jaffe_7class/7class/Unified/fusion_early_gated_scratch/checkpoints/b3.pt

[7/8]

==== fusion_early_gated_tl × 7c × B2 × lm=mediapipe/raw_136(dim=136) ====
  Train N=152  augment=False  is_coord=True  lr=0.0001  early_fusion_mode=gated
  class counts train: [21, 23, 22, 21, 23, 21, 21]
  ep   1  loss=1.7992  val_mf1=0.0390
  ep   5  loss=0.6892  val_mf1=0.2041
  ep  10  loss=0.3065  val_mf1=0.2341
  ep  15  loss=0.1402  val_mf1=0.4660
  ep  20  loss=0.0913  val_mf1=0.5340
  ep  25  loss=0.0817  val_mf1=0.6769
  ep  30  loss=0.0664  val_mf1=0.6129
  ep  35  loss=0.0576  val_mf1=0.6939
  ep  40  loss=0.0601  val_mf1=0.6129
  ep  45  loss=0.0391  val_mf1=0.6565
  ep  50  loss=0.0426  val_mf1=0.6565
  best ep 35  val_mf1=0.6939  (68s)  TEST mf1=0.4226  wf1=0.4104  acc=0.4500
  Saved gated checkpoint: /mnt/extended-home/fitra_dosen/2025_iris_fer_taufik/MultimodalEmoLearn/models/benchmark/jaffe_7class/7class/Unified/fusion_early_gated_tl/checkpoints/b2.pt

[8/8]

==== fusion_early_gated_tl × 7c × B3 × lm=mediapipe/raw_136(dim=136) ====
  Train N=152  augment=True  is_coord=True  lr=0.0001  early_fusion_mode=gated
  class counts train: [21, 23, 22, 21, 23, 21, 21]
  ep   1  loss=1.9375  val_mf1=0.0357
  ep   5  loss=1.1541  val_mf1=0.2153
  ep  10  loss=0.6035  val_mf1=0.3659
  ep  15  loss=0.3563  val_mf1=0.6136
  ep  20  loss=0.1842  val_mf1=0.6105
  ep  25  loss=0.1595  val_mf1=0.7116
  ep  30  loss=0.1073  val_mf1=0.7857
  ep  35  loss=0.0955  val_mf1=0.5629
  best ep 24  val_mf1=0.8095  (55s)  TEST mf1=0.2315  wf1=0.2360  acc=0.3000
  Saved gated checkpoint: /mnt/extended-home/fitra_dosen/2025_iris_fer_taufik/MultimodalEmoLearn/models/benchmark/jaffe_7class/7class/Unified/fusion_early_gated_tl/checkpoints/b3.pt

Sweep done: trained=8, skipped_existing=0
Saved: /mnt/extended-home/fitra_dosen/2025_iris_fer_taufik/MultimodalEmoLearn/models/benchmark/jaffe_7class/3class/Unified/fusion_early_gated_scratch/results.json
Saved: /mnt/extended-home/fitra_dosen/2025_iris_fer_taufik/MultimodalEmoLearn/models/benchmark/jaffe_7class/3class/Unified/fusion_early_gated_tl/results.json
Saved: /mnt/extended-home/fitra_dosen/2025_iris_fer_taufik/MultimodalEmoLearn/models/benchmark/jaffe_7class/7class/Unified/fusion_early_gated_scratch/results.json
Saved: /mnt/extended-home/fitra_dosen/2025_iris_fer_taufik/MultimodalEmoLearn/models/benchmark/jaffe_7class/7class/Unified/fusion_early_gated_tl/results.json

========================================================================================================================
SUMMARY: Unified protocol fusion macro_f1
========================================================================================================================
  scheme  fusion         mode    variant   feature           lm_src            B1        B2        B3
  3c     early          gated   scratch   raw_136           mediapipe        nan    0.4358    0.4166
  3c     early          gated   tl        raw_136           mediapipe        nan    0.4377    0.5841
  7c     early          gated   scratch   raw_136           mediapipe        nan    0.1796    0.2767
  7c     early          gated   tl        raw_136           mediapipe        nan    0.4226    0.2315
=== GPU 2 chain [F+G] done at 2026-05-19T14:40:46+07:00 ===
