[2026-05-20T07:14:47+07:00] === GPU2 RAF-DB intermediate boost launched (race vs GPU 1) ===
[retry_run] Attempt 1/3: CUDA_VISIBLE_DEVICES=2 /mnt/extended-home/fitra_dosen/2025_iris_fer_taufik/miniconda3/envs/2025_iris_fer_taufik/bin/python -u scripts/run_unified_fusion.py --data-dir data/benchmark/rafdb_7class --output-prefix models/benchmark/rafdb_7class --fusions intermediate --variants scratch tl --landmark-features raw_136 facs_28 blendshape_52 facs_plus_bs_80 --landmark-sources mediapipe --scenarios b1 b2 b3 --classes 3 7
Device: cuda
DATA_DIR: /mnt/extended-home/fitra_dosen/2025_iris_fer_taufik/MultimodalEmoLearn/data/benchmark/rafdb_7class
Output: /mnt/extended-home/fitra_dosen/2025_iris_fer_taufik/MultimodalEmoLearn/models/benchmark/rafdb_7class
Total runs: 48
Pre-loaded 12 existing runs (use --force-retrain to ignore)

[1/48] SKIP fusion_intermediate_scratch_b1_3c (existing, mf1=0.7675)

[2/48] SKIP fusion_intermediate_scratch_b2_3c (existing, mf1=0.7645)

[3/48] SKIP fusion_intermediate_scratch_b3_3c (existing, mf1=0.8025)

[4/48] SKIP fusion_intermediate_tl_b1_3c (existing, mf1=0.8273)

[5/48] SKIP fusion_intermediate_tl_b2_3c (existing, mf1=0.8019)

[6/48] SKIP fusion_intermediate_tl_b3_3c (existing, mf1=0.8362)

[7/48]

==== fusion_intermediate_scratch × 3c × B1 × lm=mediapipe/facs_28(dim=28) ====
  Train N=9404  augment=False  is_coord=False  lr=0.001
  class counts train: [4726, 1880, 2798]
  ep   1  loss=0.8441  val_mf1=0.6293
  ep   5  loss=0.6775  val_mf1=0.6692
  ep  10  loss=0.5300  val_mf1=0.7186
  ep  15  loss=0.3622  val_mf1=0.7302
  ep  20  loss=0.2007  val_mf1=0.7642
  ep  25  loss=0.1284  val_mf1=0.7641
  ep  30  loss=0.0822  val_mf1=0.7498
  ep  35  loss=0.0763  val_mf1=0.7577
  ep  40  loss=0.0523  val_mf1=0.7506
  best ep 29  val_mf1=0.7700  (3520s)  TEST mf1=0.7710  wf1=0.8000  acc=0.8014

[8/48]

==== fusion_intermediate_scratch × 3c × B2 × lm=mediapipe/facs_28(dim=28) ====
  Train N=9404  augment=False  is_coord=False  lr=0.001
  class counts train: [4726, 1880, 2798]
  ep   1  loss=0.8942  val_mf1=0.6069
  ep   5  loss=0.7275  val_mf1=0.6462
  ep  10  loss=0.5812  val_mf1=0.7051
  ep  15  loss=0.3807  val_mf1=0.7478
  ep  20  loss=0.2140  val_mf1=0.7459
  ep  25  loss=0.1327  val_mf1=0.7499
  ep  30  loss=0.1016  val_mf1=0.7514
  ep  35  loss=0.0817  val_mf1=0.7524
  best ep 23  val_mf1=0.7599  (3001s)  TEST mf1=0.7667  wf1=0.7914  acc=0.7909

[9/48]

==== fusion_intermediate_scratch × 3c × B3 × lm=mediapipe/facs_28(dim=28) ====
  Train N=9404  augment=True  is_coord=False  lr=0.001
  class counts train: [4726, 1880, 2798]
  ep   1  loss=0.8991  val_mf1=0.5837
  ep   5  loss=0.7382  val_mf1=0.6363
  ep  10  loss=0.6018  val_mf1=0.7096
  ep  15  loss=0.3988  val_mf1=0.7440
  ep  20  loss=0.2189  val_mf1=0.7658
  ep  25  loss=0.1363  val_mf1=0.7587
  ep  30  loss=0.1053  val_mf1=0.7499
  ep  35  loss=0.0818  val_mf1=0.7525
  ep  40  loss=0.0574  val_mf1=0.7584
  ep  45  loss=0.0462  val_mf1=0.7432
  ep  50  loss=0.0428  val_mf1=0.7568
  best ep 41  val_mf1=0.7750  (4006s)  TEST mf1=0.7686  wf1=0.7954  acc=0.7939

[10/48]

==== fusion_intermediate_tl × 3c × B1 × lm=mediapipe/facs_28(dim=28) ====
  Train N=9404  augment=False  is_coord=False  lr=0.0001
  class counts train: [4726, 1880, 2798]
  ep   1  loss=0.8868  val_mf1=0.7087
  ep   5  loss=0.1744  val_mf1=0.7775
  ep  10  loss=0.0722  val_mf1=0.7898
  ep  15  loss=0.0359  val_mf1=0.8043
  ep  20  loss=0.0359  val_mf1=0.7992
  ep  25  loss=0.0338  val_mf1=0.8084
  ep  30  loss=0.0340  val_mf1=0.7958
  ep  35  loss=0.0224  val_mf1=0.8057
  ep  40  loss=0.0282  val_mf1=0.7800
  ep  45  loss=0.0182  val_mf1=0.8148
  ep  50  loss=0.0195  val_mf1=0.7986
  best ep 38  val_mf1=0.8346  (2024s)  TEST mf1=0.8295  wf1=0.8508  acc=0.8508

[11/48]

==== fusion_intermediate_tl × 3c × B2 × lm=mediapipe/facs_28(dim=28) ====
  Train N=9404  augment=False  is_coord=False  lr=0.0001
  class counts train: [4726, 1880, 2798]
  ep   1  loss=0.8797  val_mf1=0.6753
  ep   5  loss=0.1720  val_mf1=0.7642
  ep  10  loss=0.0676  val_mf1=0.7974
  ep  15  loss=0.0529  val_mf1=0.8086
  ep  20  loss=0.0509  val_mf1=0.8215
  ep  25  loss=0.0300  val_mf1=0.8023
  ep  30  loss=0.0332  val_mf1=0.8149
  ep  35  loss=0.0196  val_mf1=0.8161
  ep  40  loss=0.0189  val_mf1=0.8239
  ep  45  loss=0.0157  val_mf1=0.8227
  ep  50  loss=0.0123  val_mf1=0.8231
  best ep 44  val_mf1=0.8312  (2028s)  TEST mf1=0.8218  wf1=0.8415  acc=0.8420

[12/48]

==== fusion_intermediate_tl × 3c × B3 × lm=mediapipe/facs_28(dim=28) ====
  Train N=9404  augment=True  is_coord=False  lr=0.0001
  class counts train: [4726, 1880, 2798]
  ep   1  loss=0.9058  val_mf1=0.6463
  ep   5  loss=0.1877  val_mf1=0.7847
  ep  10  loss=0.0676  val_mf1=0.8097
  ep  15  loss=0.0556  val_mf1=0.7976
  ep  20  loss=0.0511  val_mf1=0.8037
  ep  25  loss=0.0160  val_mf1=0.8083
  ep  30  loss=0.0358  val_mf1=0.8159
  ep  35  loss=0.0209  val_mf1=0.8241
  ep  40  loss=0.0186  val_mf1=0.8019
  ep  45  loss=0.0119  val_mf1=0.8212
  ep  50  loss=0.0117  val_mf1=0.8266
  best ep 37  val_mf1=0.8279  (2004s)  TEST mf1=0.8192  wf1=0.8403  acc=0.8403

[13/48]

==== fusion_intermediate_scratch × 3c × B1 × lm=mediapipe/blendshape_52(dim=52) ====
  Train N=9404  augment=False  is_coord=False  lr=0.001
  class counts train: [4726, 1880, 2798]
  ep   1  loss=0.8393  val_mf1=0.6269
  ep   5  loss=0.6957  val_mf1=0.6510
  ep  10  loss=0.5257  val_mf1=0.7300
  ep  15  loss=0.3528  val_mf1=0.7532
  ep  20  loss=0.2033  val_mf1=0.7508
  ep  25  loss=0.1228  val_mf1=0.7544
  ep  30  loss=0.0791  val_mf1=0.7494
  best ep 19  val_mf1=0.7655  (2759s)  TEST mf1=0.7667  wf1=0.7946  acc=0.7950

[14/48]

==== fusion_intermediate_scratch × 3c × B2 × lm=mediapipe/blendshape_52(dim=52) ====
  Train N=9404  augment=False  is_coord=False  lr=0.001
  class counts train: [4726, 1880, 2798]
  ep   1  loss=0.8724  val_mf1=0.6184
  ep   5  loss=0.7044  val_mf1=0.6761
  ep  10  loss=0.5092  val_mf1=0.7240
  ep  15  loss=0.3128  val_mf1=0.7501
  ep  20  loss=0.1678  val_mf1=0.7512
  ep  25  loss=0.1089  val_mf1=0.7571
  ep  30  loss=0.0891  val_mf1=0.7524
  ep  35  loss=0.0735  val_mf1=0.7530
  ep  40  loss=0.0449  val_mf1=0.7396
  best ep 25  val_mf1=0.7571  (2988s)  TEST mf1=0.7637  wf1=0.7901  acc=0.7881

[15/48]

==== fusion_intermediate_scratch × 3c × B3 × lm=mediapipe/blendshape_52(dim=52) ====
  Train N=9404  augment=True  is_coord=False  lr=0.001
  class counts train: [4726, 1880, 2798]
  ep   1  loss=0.8752  val_mf1=0.5982
  ep   5  loss=0.7216  val_mf1=0.6470
  ep  10  loss=0.5317  val_mf1=0.7449
  ep  15  loss=0.3190  val_mf1=0.7509
  ep  20  loss=0.1660  val_mf1=0.7647
  ep  25  loss=0.1125  val_mf1=0.7631
  ep  30  loss=0.0796  val_mf1=0.7613
  best ep 19  val_mf1=0.7684  (2656s)  TEST mf1=0.7655  wf1=0.7923  acc=0.7943

[16/48]

==== fusion_intermediate_tl × 3c × B1 × lm=mediapipe/blendshape_52(dim=52) ====
  Train N=9404  augment=False  is_coord=False  lr=0.0001
  class counts train: [4726, 1880, 2798]
  ep   1  loss=0.9180  val_mf1=0.6989
  ep   5  loss=0.1807  val_mf1=0.7664
