Device: cuda
Train=5287  Val=579  Test=929
Test class dist: [186, 688, 55]

Loading models...
All checkpoints loaded.
Computing LateFusion best_w from val set...
  best_w_cnn=0.15  val_f1=0.6229
LateFusion best_w_cnn = 0.15

Computing test predictions...

=== Test Metrics ===
  CNN_TL              : macro=0.5168  weighted=0.6110
  EarlyFusion_TL      : macro=0.5872  weighted=0.7735
  Intermediate_TL     : macro=0.6645  weighted=0.8185
  LateFusion_TL       : macro=0.6370  weighted=0.7947

=== Generating per-model Grad-CAM plots ===
  Saved: gradcam_cnn_tl_error.png
  Saved: gradcam_earlyfusion_tl_error.png
  Saved: gradcam_intermediate_tl_error.png
  Saved: gradcam_latefusion_tl_error.png

=== Generating cross-model comparison plots ===
Sampel salah di semua 4 model: 33
  Saved: gradcam_comparison_cls0_sample273.png
  Saved: gradcam_comparison_cls0_sample61.png
  Saved: gradcam_comparison_cls0_sample850.png
  Saved: gradcam_comparison_cls1_sample628.png
  Saved: gradcam_comparison_cls1_sample733.png
  Saved: gradcam_comparison_cls1_sample129.png
  Saved: gradcam_comparison_cls2_sample767.png
  Saved: gradcam_comparison_cls2_sample763.png
  Saved: gradcam_comparison_cls2_sample337.png

============================================================
RINGKASAN METRICS — 3-class Primer test set
============================================================

CNN_TL  macro_f1=0.5168  weighted_f1=0.6110
              precision    recall  f1-score   support

    positive       0.36      0.95      0.52       186
     neutral       0.99      0.49      0.66       688
    negative       0.30      0.51      0.38        55

    accuracy                           0.58       929
   macro avg       0.55      0.65      0.52       929
weighted avg       0.82      0.58      0.61       929


EarlyFusion_TL  macro_f1=0.5872  weighted_f1=0.7735
              precision    recall  f1-score   support

    positive       0.67      0.48      0.56       186
     neutral       0.83      0.90      0.87       688
    negative       0.34      0.33      0.33        55

    accuracy                           0.78       929
   macro avg       0.62      0.57      0.59       929
weighted avg       0.77      0.78      0.77       929


Intermediate_TL  macro_f1=0.6645  weighted_f1=0.8185
              precision    recall  f1-score   support

    positive       0.68      0.80      0.73       186
     neutral       0.90      0.85      0.88       688
    negative       0.37      0.40      0.39        55

    accuracy                           0.81       929
   macro avg       0.65      0.68      0.66       929
weighted avg       0.83      0.81      0.82       929


LateFusion_TL  macro_f1=0.6370  weighted_f1=0.7947
              precision    recall  f1-score   support

    positive       0.61      0.93      0.73       186
     neutral       0.94      0.78      0.85       688
    negative       0.29      0.38      0.33        55

    accuracy                           0.78       929
   macro avg       0.61      0.70      0.64       929
weighted avg       0.83      0.78      0.79       929


Semua output disimpan di: /mnt/extended-home/fitra_dosen/2025_iris_fer_taufik/MultimodalEmoLearn/outputs/gradcam
Done.
