Device: cuda
Val=579  Test=929
Test class dist: [688, 183, 50, 2, 1, 2, 3]

Loading models...
All checkpoints loaded.
LateFusion best_w_cnn = 0.10

Computing test predictions...

=== Test Metrics ===
  CNN                 : macro=0.2738  weighted=0.8132
  EarlyFusion_TL      : macro=0.2643  weighted=0.7743
  Intermediate_TL     : macro=0.2878  weighted=0.7823
  LateFusion          : macro=0.2460  weighted=0.8049

=== Generating per-model Grad-CAM plots ===
  [CNN] kelas aktif (≥5 sampel, ada benar+salah): ['angry', 'disgust', 'fear']
  Saved: gradcam_cnn_error.png
  [EarlyFusion_TL] kelas aktif (≥5 sampel, ada benar+salah): ['angry', 'disgust', 'fear']
  Saved: gradcam_earlyfusion_tl_error.png
  [Intermediate_TL] kelas aktif (≥5 sampel, ada benar+salah): ['angry', 'disgust', 'fear']
  Saved: gradcam_intermediate_tl_error.png
  [LateFusion] kelas aktif (≥5 sampel, ada benar+salah): ['angry', 'disgust', 'fear']
  Saved: gradcam_latefusion_error.png

=== Generating cross-model comparison plots ===
Sampel salah di semua 4 model: 33
  Saved: gradcam_comparison_angry_s890.png
  Saved: gradcam_comparison_angry_s888.png
  Saved: gradcam_comparison_disgust_s61.png
  Saved: gradcam_comparison_disgust_s273.png
  Saved: gradcam_comparison_fear_s562.png
  Saved: gradcam_comparison_fear_s767.png
  Saved: gradcam_comparison_happy_s828.png
  Saved: gradcam_comparison_happy_s762.png
  Saved: gradcam_comparison_neutral_s851.png
  Saved: gradcam_comparison_sad_s337.png
  Saved: gradcam_comparison_sad_s338.png
  Saved: gradcam_comparison_surprise_s289.png
  Saved: gradcam_comparison_surprise_s894.png

============================================================
RINGKASAN METRICS — 7-class Primer test set
============================================================

CNN  macro_f1=0.2738  weighted_f1=0.8132
              precision    recall  f1-score   support

       angry       0.89      0.87      0.88       688
     disgust       0.69      0.77      0.73       183
        fear       0.29      0.32      0.30        50
       happy       0.00      0.00      0.00         2
     neutral       0.00      0.00      0.00         1
         sad       0.00      0.00      0.00         2
    surprise       0.00      0.00      0.00         3

    accuracy                           0.81       929
   macro avg       0.27      0.28      0.27       929
weighted avg       0.81      0.81      0.81       929


EarlyFusion_TL  macro_f1=0.2643  weighted_f1=0.7743
              precision    recall  f1-score   support

       angry       0.86      0.86      0.86       688
     disgust       0.67      0.51      0.58       183
        fear       0.31      0.60      0.41        50
       happy       0.00      0.00      0.00         2
     neutral       0.00      0.00      0.00         1
         sad       0.00      0.00      0.00         2
    surprise       0.00      0.00      0.00         3

    accuracy                           0.77       929
   macro avg       0.26      0.28      0.26       929
weighted avg       0.78      0.77      0.77       929


Intermediate_TL  macro_f1=0.2878  weighted_f1=0.7823
              precision    recall  f1-score   support

       angry       0.97      0.72      0.83       688
     disgust       0.61      0.91      0.73       183
        fear       0.30      0.90      0.45        50
       happy       0.00      0.00      0.00         2
     neutral       0.00      0.00      0.00         1
         sad       0.00      0.00      0.00         2
    surprise       0.00      0.00      0.00         3

    accuracy                           0.76       929
   macro avg       0.27      0.36      0.29       929
weighted avg       0.86      0.76      0.78       929


LateFusion  macro_f1=0.2460  weighted_f1=0.8049
              precision    recall  f1-score   support

       angry       0.85      0.94      0.89       688
     disgust       0.80      0.60      0.69       183
        fear       0.18      0.12      0.14        50
       happy       0.00      0.00      0.00         2
     neutral       0.00      0.00      0.00         1
         sad       0.00      0.00      0.00         2
    surprise       0.00      0.00      0.00         3

    accuracy                           0.82       929
   macro avg       0.26      0.24      0.25       929
weighted avg       0.80      0.82      0.80       929


Semua output disimpan di: /mnt/extended-home/fitra_dosen/2025_iris_fer_taufik/MultimodalEmoLearn/outputs/gradcam_7c
Done.
