Device: cuda

========== IF-TL  landmark=mediapipe  3c ==========
  ep  1/30  (425s)  loss=0.7603  tr_acc=0.7044  val_mf1=0.3008  val_acc=0.8221
  ep  2/30  (309s)  loss=0.4965  tr_acc=0.8483  val_mf1=0.3999  val_acc=0.8273
  ep  3/30  (153s)  loss=0.3909  tr_acc=0.8727  val_mf1=0.5494  val_acc=0.8325
  ep  4/30  (164s)  loss=0.3266  tr_acc=0.8886  val_mf1=0.5911  val_acc=0.8342
  ep  5/30  (151s)  loss=0.2824  tr_acc=0.9059  val_mf1=0.5225  val_acc=0.8256
  ep  6/30  (145s)  loss=0.2315  tr_acc=0.9237  val_mf1=0.5569  val_acc=0.7910
  ep  7/30  (149s)  loss=0.1906  tr_acc=0.9375  val_mf1=0.5498  val_acc=0.7927
  ep  8/30  (147s)  loss=0.1494  tr_acc=0.9544  val_mf1=0.4678  val_acc=0.7841
  ep  9/30  (144s)  loss=0.1242  tr_acc=0.9633  val_mf1=0.5396  val_acc=0.8066
  ep 10/30  (146s)  loss=0.0953  tr_acc=0.9765  val_mf1=0.5552  val_acc=0.7755
  ep 11/30  (145s)  loss=0.0832  tr_acc=0.9775  val_mf1=0.5470  val_acc=0.8187
  ep 12/30  (146s)  loss=0.0747  tr_acc=0.9812  val_mf1=0.5595  val_acc=0.7962
  best epoch 4  val_mf1=0.5911  (2425s)  peak_vram=871MB
  TEST: macro_f1=0.6893  wf1=0.8202  acc=0.8052

========== IF-TL  landmark=faceapi  3c ==========
  ep  1/30  (142s)  loss=0.7731  tr_acc=0.6907  val_mf1=0.3011  val_acc=0.8238
  ep  2/30  (142s)  loss=0.5013  tr_acc=0.8483  val_mf1=0.3412  val_acc=0.8256
  ep  3/30  (144s)  loss=0.3954  tr_acc=0.8680  val_mf1=0.4773  val_acc=0.8325
  ep  4/30  (150s)  loss=0.3297  tr_acc=0.8898  val_mf1=0.4858  val_acc=0.8377
  ep  5/30  (148s)  loss=0.2821  tr_acc=0.9064  val_mf1=0.4270  val_acc=0.8325
  ep  6/30  (142s)  loss=0.2390  tr_acc=0.9199  val_mf1=0.4452  val_acc=0.8256
  ep  7/30  (144s)  loss=0.1964  tr_acc=0.9386  val_mf1=0.4443  val_acc=0.8238
  ep  8/30  (145s)  loss=0.1489  tr_acc=0.9572  val_mf1=0.3922  val_acc=0.8204
  ep  9/30  (145s)  loss=0.1202  tr_acc=0.9676  val_mf1=0.4772  val_acc=0.8135
  ep 10/30  (148s)  loss=0.0965  tr_acc=0.9769  val_mf1=0.5274  val_acc=0.8187
  ep 11/30  (142s)  loss=0.0897  tr_acc=0.9775  val_mf1=0.4766  val_acc=0.8342
  ep 12/30  (144s)  loss=0.0747  tr_acc=0.9812  val_mf1=0.4827  val_acc=0.8083
  ep 13/30  (140s)  loss=0.0659  tr_acc=0.9837  val_mf1=0.5031  val_acc=0.8377
  ep 14/30  (147s)  loss=0.0519  tr_acc=0.9884  val_mf1=0.4880  val_acc=0.8221
  ep 15/30  (147s)  loss=0.0449  tr_acc=0.9909  val_mf1=0.4630  val_acc=0.7876
  ep 16/30  (145s)  loss=0.0520  tr_acc=0.9881  val_mf1=0.3265  val_acc=0.8221
  ep 17/30  (146s)  loss=0.0409  tr_acc=0.9907  val_mf1=0.4339  val_acc=0.8135
  ep 18/30  (144s)  loss=0.0554  tr_acc=0.9864  val_mf1=0.3824  val_acc=0.8238
  best epoch 10  val_mf1=0.5274  (2824s)  peak_vram=872MB
  TEST: macro_f1=0.6292  wf1=0.7946  acc=0.7815

========== IF-TL  landmark=mediapipe  7c ==========
  ep  1/30  (150s)  loss=1.5163  tr_acc=0.5087  val_mf1=0.1289  val_acc=0.8221
  ep  2/30  (171s)  loss=0.8837  tr_acc=0.8320  val_mf1=0.1341  val_acc=0.8221
  ep  3/30  (154s)  loss=0.6068  tr_acc=0.8621  val_mf1=0.2053  val_acc=0.8325
  ep  4/30  (152s)  loss=0.4702  tr_acc=0.8761  val_mf1=0.2160  val_acc=0.8377
  ep  5/30  (155s)  loss=0.3830  tr_acc=0.8989  val_mf1=0.2047  val_acc=0.8238
  ep  6/30  (160s)  loss=0.3248  tr_acc=0.9085  val_mf1=0.2604  val_acc=0.8411
  ep  7/30  (169s)  loss=0.2813  tr_acc=0.9223  val_mf1=0.2292  val_acc=0.8428
  ep  8/30  (168s)  loss=0.2369  tr_acc=0.9371  val_mf1=0.2642  val_acc=0.8428
  ep  9/30  (169s)  loss=0.2074  tr_acc=0.9487  val_mf1=0.1990  val_acc=0.7945
  ep 10/30  (168s)  loss=0.1722  tr_acc=0.9619  val_mf1=0.2422  val_acc=0.8204
  ep 11/30  (150s)  loss=0.1445  tr_acc=0.9693  val_mf1=0.2154  val_acc=0.8152
  ep 12/30  (152s)  loss=0.1328  tr_acc=0.9705  val_mf1=0.1850  val_acc=0.8290
  ep 13/30  (149s)  loss=0.1216  tr_acc=0.9742  val_mf1=0.2229  val_acc=0.8411
  ep 14/30  (165s)  loss=0.1143  tr_acc=0.9744  val_mf1=0.2391  val_acc=0.8135
  ep 15/30  (165s)  loss=0.0985  tr_acc=0.9818  val_mf1=0.1962  val_acc=0.7755
  ep 16/30  (167s)  loss=0.0916  tr_acc=0.9828  val_mf1=0.2043  val_acc=0.8238
  best epoch 8  val_mf1=0.2642  (2774s)  peak_vram=872MB
  TEST: macro_f1=0.2422  wf1=0.7757  acc=0.7696

========== IF-TL  landmark=faceapi  7c ==========
  ep  1/30  (173s)  loss=1.5167  tr_acc=0.5034  val_mf1=0.1291  val_acc=0.8238
  ep  2/30  (191s)  loss=0.8853  tr_acc=0.8311  val_mf1=0.1577  val_acc=0.8307
  ep  3/30  (154s)  loss=0.6052  tr_acc=0.8621  val_mf1=0.1949  val_acc=0.8325
  ep  4/30  (149s)  loss=0.4713  tr_acc=0.8741  val_mf1=0.2303  val_acc=0.8273
  ep  5/30  (148s)  loss=0.3829  tr_acc=0.8977  val_mf1=0.2122  val_acc=0.8342
  ep  6/30  (151s)  loss=0.3316  tr_acc=0.9087  val_mf1=0.2212  val_acc=0.8290
  ep  7/30  (148s)  loss=0.2808  tr_acc=0.9248  val_mf1=0.2521  val_acc=0.8256
  ep  8/30  (150s)  loss=0.2344  tr_acc=0.9398  val_mf1=0.2425  val_acc=0.8307
  ep  9/30  (151s)  loss=0.2028  tr_acc=0.9502  val_mf1=0.2491  val_acc=0.8100
  ep 10/30  (148s)  loss=0.1699  tr_acc=0.9617  val_mf1=0.2333  val_acc=0.8048
  ep 11/30  (150s)  loss=0.1402  tr_acc=0.9723  val_mf1=0.2060  val_acc=0.7824
  ep 12/30  (143s)  loss=0.1316  tr_acc=0.9733  val_mf1=0.2199  val_acc=0.8411
  ep 13/30  (146s)  loss=0.1368  tr_acc=0.9699  val_mf1=0.2423  val_acc=0.8256
  ep 14/30  (144s)  loss=0.1119  tr_acc=0.9784  val_mf1=0.2475  val_acc=0.8135
  ep 15/30  (146s)  loss=0.1017  tr_acc=0.9805  val_mf1=0.2325  val_acc=0.8290
  best epoch 7  val_mf1=0.2521  (2477s)  peak_vram=873MB
  TEST: macro_f1=0.2802  wf1=0.7984  acc=0.7901

Saved: /mnt/extended-home/fitra_dosen/2025_iris_fer_taufik/MultimodalEmoLearn/models/frontonly_conf60/3class/IntermediateFusion_TL_compare/compare_landmark_source.json

Saved: /mnt/extended-home/fitra_dosen/2025_iris_fer_taufik/MultimodalEmoLearn/models/frontonly_conf60/7class/IntermediateFusion_TL_compare/compare_landmark_source.json

======================================================================
Summary: IntermediateFusion_TL B1 (image+landmark)
======================================================================

  --- 3-class ---
  metric                 MediaPipe   face-api.js     delta
  test_macro_f1            0.6893        0.6292   -0.0600
  test_weighted_f1         0.8202        0.7946   -0.0256
  test_accuracy            0.8052        0.7815   -0.0237

  --- 7-class ---
  metric                 MediaPipe   face-api.js     delta
  test_macro_f1            0.2422        0.2802   +0.0380
  test_weighted_f1         0.7757        0.7984   +0.0227
  test_accuracy            0.7696        0.7901   +0.0205
