=== KDEF landmark sweep ===
Device: cuda
DATA_DIR: /mnt/extended-home/fitra_dosen/2025_iris_fer_taufik/MultimodalEmoLearn/data/benchmark/kdef_7class
Output: /mnt/extended-home/fitra_dosen/2025_iris_fer_taufik/MultimodalEmoLearn/models/benchmark/kdef_7class
Total runs: 8

[1/8]

==== mediapipe × raw_136 × fcnn × 3c × B1 ====
  Train N=2353  in_dim=136  augment=False
  class counts train: [674, 334, 1345]
  ep   1  loss=0.9421  val_mf1=0.2989
  ep  10  loss=0.5288  val_mf1=0.4338
  ep  20  loss=0.4836  val_mf1=0.6627
  ep  30  loss=0.4501  val_mf1=0.6242
  ep  40  loss=0.4586  val_mf1=0.5673
  best ep 29  val_mf1=0.7836  (27s)  TEST mf1=0.6937  wf1=0.6885  acc=0.6973

[2/8]

==== mediapipe × raw_136 × cnn1d × 3c × B1 ====
  Train N=2353  in_dim=136  augment=False
  class counts train: [674, 334, 1345]
  ep   1  loss=1.0161  val_mf1=0.2433
  ep  10  loss=0.5912  val_mf1=0.7578
  ep  20  loss=0.4910  val_mf1=0.7976
  ep  30  loss=0.4686  val_mf1=0.7847
  ep  40  loss=0.4342  val_mf1=0.8313
  ep  50  loss=0.4249  val_mf1=0.6303
  best ep 46  val_mf1=0.8431  (66s)  TEST mf1=0.7099  wf1=0.7376  acc=0.7381

[3/8]

==== mediapipe × facs_28 × fcnn × 3c × B1 ====
  Train N=2353  in_dim=28  augment=False
  class counts train: [674, 334, 1345]
  ep   1  loss=0.7340  val_mf1=0.7342
  ep  10  loss=0.4332  val_mf1=0.8150
  ep  20  loss=0.3830  val_mf1=0.7315
  ep  30  loss=0.3738  val_mf1=0.8408
  best ep 21  val_mf1=0.8897  (41s)  TEST mf1=0.7223  wf1=0.7552  acc=0.7551

[4/8]

==== mediapipe × facs_28 × cnn1d × 3c × B1 ====
  Train N=2353  in_dim=28  augment=False
  class counts train: [674, 334, 1345]
  ep   1  loss=0.8490  val_mf1=0.6122
  ep  10  loss=0.4856  val_mf1=0.8113
  ep  20  loss=0.4435  val_mf1=0.7739
  ep  30  loss=0.4298  val_mf1=0.8393
  ep  40  loss=0.4165  val_mf1=0.8513
  ep  50  loss=0.4137  val_mf1=0.8341
  best ep 44  val_mf1=0.8665  (62s)  TEST mf1=0.7063  wf1=0.7359  acc=0.7381

[5/8]

==== mediapipe × raw_136 × fcnn × 7c × B1 ====
  Train N=2353  in_dim=136  augment=False
  class counts train: [334, 337, 336, 337, 338, 334, 337]
  ep   1  loss=1.8727  val_mf1=0.1418
  ep  10  loss=1.0264  val_mf1=0.2753
  ep  20  loss=0.9569  val_mf1=0.5304
  ep  30  loss=0.9011  val_mf1=0.4176
  best ep 21  val_mf1=0.6465  (16s)  TEST mf1=0.5078  wf1=0.5078  acc=0.5476

[6/8]

==== mediapipe × raw_136 × cnn1d × 7c × B1 ====
  Train N=2353  in_dim=136  augment=False
  class counts train: [334, 337, 336, 337, 338, 334, 337]
  ep   1  loss=1.9681  val_mf1=0.2101
  ep  10  loss=1.0808  val_mf1=0.5221
  ep  20  loss=0.9867  val_mf1=0.5658
  ep  30  loss=0.9294  val_mf1=0.6499
  ep  40  loss=0.8741  val_mf1=0.5171
  ep  50  loss=0.8546  val_mf1=0.6546
  best ep 49  val_mf1=0.7144  (60s)  TEST mf1=0.6042  wf1=0.6042  acc=0.6190

[7/8]

==== mediapipe × facs_28 × fcnn × 7c × B1 ====
  Train N=2353  in_dim=28  augment=False
  class counts train: [334, 337, 336, 337, 338, 334, 337]
  ep   1  loss=1.5266  val_mf1=0.5695
  ep  10  loss=0.8665  val_mf1=0.7432
  ep  20  loss=0.8189  val_mf1=0.7554
  ep  30  loss=0.7283  val_mf1=0.7507
  ep  40  loss=0.7205  val_mf1=0.7746
  ep  50  loss=0.6873  val_mf1=0.7589
  best ep 41  val_mf1=0.8005  (55s)  TEST mf1=0.6066  wf1=0.6066  acc=0.6293

[8/8]

==== mediapipe × facs_28 × cnn1d × 7c × B1 ====
  Train N=2353  in_dim=28  augment=False
  class counts train: [334, 337, 336, 337, 338, 334, 337]
  ep   1  loss=1.7765  val_mf1=0.4747
  ep  10  loss=0.9958  val_mf1=0.7140
  ep  20  loss=0.9064  val_mf1=0.6995
  ep  30  loss=0.8630  val_mf1=0.7441
  best ep 17  val_mf1=0.7568  (38s)  TEST mf1=0.6341  wf1=0.6341  acc=0.6395
Saved: /mnt/extended-home/fitra_dosen/2025_iris_fer_taufik/MultimodalEmoLearn/models/benchmark/kdef_7class/3class/Unified/raw_136/results.json
Saved: /mnt/extended-home/fitra_dosen/2025_iris_fer_taufik/MultimodalEmoLearn/models/benchmark/kdef_7class/3class/Unified/facs_28/results.json
Saved: /mnt/extended-home/fitra_dosen/2025_iris_fer_taufik/MultimodalEmoLearn/models/benchmark/kdef_7class/7class/Unified/raw_136/results.json
Saved: /mnt/extended-home/fitra_dosen/2025_iris_fer_taufik/MultimodalEmoLearn/models/benchmark/kdef_7class/7class/Unified/facs_28/results.json

===============================================================================================
SUMMARY: Unified protocol macro_f1
===============================================================================================
  scheme  feat      src         arch          B1        B2        B3
  3c     raw_136   mediapipe   fcnn      0.6937      -         -   
  3c     raw_136   mediapipe   cnn1d     0.7099      -         -   
  3c     facs_28   mediapipe   fcnn      0.7223      -         -   
  3c     facs_28   mediapipe   cnn1d     0.7063      -         -   
  7c     raw_136   mediapipe   fcnn      0.5078      -         -   
  7c     raw_136   mediapipe   cnn1d     0.6042      -         -   
  7c     facs_28   mediapipe   fcnn      0.6066      -         -   
  7c     facs_28   mediapipe   cnn1d     0.6341      -         -   
=== KDEF image sweep ===
Device: cuda
DATA_DIR: /mnt/extended-home/fitra_dosen/2025_iris_fer_taufik/MultimodalEmoLearn/data/benchmark/kdef_7class
Output: /mnt/extended-home/fitra_dosen/2025_iris_fer_taufik/MultimodalEmoLearn/models/benchmark/kdef_7class
Total runs: 4

[1/4]

==== cnn_scratch × 3c × B1 ====
  Train N=2353  img_shape=(224, 224, 3)  augment=False  lr=0.001
  class counts train: [674, 334, 1345]
  ep   1  loss=1.0487  val_mf1=0.2433
  ep   5  loss=0.9391  val_mf1=0.2433
  ep  10  loss=0.5632  val_mf1=0.7744
  ep  15  loss=0.3388  val_mf1=0.8148
  ep  20  loss=0.2582  val_mf1=0.7881
  ep  25  loss=0.1872  val_mf1=0.8432
  ep  30  loss=0.1383  val_mf1=0.8520
  ep  35  loss=0.1018  val_mf1=0.8016
  best ep 21  val_mf1=0.8640  (576s)  TEST mf1=0.7845  wf1=0.7888  acc=0.7891

[2/4]

==== cnn_tl × 3c × B1 ====
  Train N=2353  img_shape=(224, 224, 3)  augment=False  lr=0.0001
  class counts train: [674, 334, 1345]
  ep   1  loss=0.5593  val_mf1=0.8953
  ep   5  loss=0.0338  val_mf1=0.9636
  ep  10  loss=0.0260  val_mf1=0.9207
  ep  15  loss=0.0203  val_mf1=0.9547
  ep  20  loss=0.0035  val_mf1=0.9690
  ep  25  loss=0.0274  val_mf1=0.9557
  ep  30  loss=0.0361  val_mf1=0.9690
  ep  35  loss=0.0018  val_mf1=0.9798
  ep  40  loss=0.0013  val_mf1=0.9817
  ep  45  loss=0.0199  val_mf1=0.9363
  ep  50  loss=0.0166  val_mf1=0.9636
  best ep 40  val_mf1=0.9817  (377s)  TEST mf1=0.9454  wf1=0.9491  acc=0.9490

[3/4]

==== cnn_scratch × 7c × B1 ====
  Train N=2353  img_shape=(224, 224, 3)  augment=False  lr=0.001
  class counts train: [334, 337, 336, 337, 338, 334, 337]
  ep   1  loss=2.0597  val_mf1=0.1260
  ep   5  loss=1.4367  val_mf1=0.4961
  ep  10  loss=0.8110  val_mf1=0.6795
  ep  15  loss=0.5452  val_mf1=0.7127
  ep  20  loss=0.3893  val_mf1=0.7485
  ep  25  loss=0.2468  val_mf1=0.7769
  ep  30  loss=0.1828  val_mf1=0.7635
  ep  35  loss=0.1234  val_mf1=0.7721
  ep  40  loss=0.1392  val_mf1=0.7986
  ep  45  loss=0.0854  val_mf1=0.7994
  ep  50  loss=0.0613  val_mf1=0.8127
  best ep 47  val_mf1=0.8260  (795s)  TEST mf1=0.7920  wf1=0.7920  acc=0.7959

[4/4]

==== cnn_tl × 7c × B1 ====
  Train N=2353  img_shape=(224, 224, 3)  augment=False  lr=0.0001
  class counts train: [334, 337, 336, 337, 338, 334, 337]
  ep   1  loss=1.3272  val_mf1=0.7881
  ep   5  loss=0.0776  val_mf1=0.8153
  ep  10  loss=0.0558  val_mf1=0.8493
  ep  15  loss=0.0417  val_mf1=0.8575
  ep  20  loss=0.0154  val_mf1=0.8755
  ep  25  loss=0.0211  val_mf1=0.8600
  ep  30  loss=0.0182  val_mf1=0.8837
  ep  35  loss=0.0172  val_mf1=0.8652
  ep  40  loss=0.0052  val_mf1=0.8948
  ep  45  loss=0.0020  val_mf1=0.9076
  ep  50  loss=0.0424  val_mf1=0.8754
  best ep 43  val_mf1=0.9117  (376s)  TEST mf1=0.8966  wf1=0.8966  acc=0.8980
Saved: /mnt/extended-home/fitra_dosen/2025_iris_fer_taufik/MultimodalEmoLearn/models/benchmark/kdef_7class/3class/Unified/cnn_scratch/results.json
Saved: /mnt/extended-home/fitra_dosen/2025_iris_fer_taufik/MultimodalEmoLearn/models/benchmark/kdef_7class/3class/Unified/cnn_tl/results.json
Saved: /mnt/extended-home/fitra_dosen/2025_iris_fer_taufik/MultimodalEmoLearn/models/benchmark/kdef_7class/7class/Unified/cnn_scratch/results.json
Saved: /mnt/extended-home/fitra_dosen/2025_iris_fer_taufik/MultimodalEmoLearn/models/benchmark/kdef_7class/7class/Unified/cnn_tl/results.json

================================================================================
SUMMARY: Unified protocol image-based macro_f1
================================================================================
  scheme  arch                B1        B2        B3
  3c     cnn_scratch     0.7845       nan       nan
  3c     cnn_tl          0.9454       nan       nan
  7c     cnn_scratch     0.7920       nan       nan
  7c     cnn_tl          0.8966       nan       nan
=== KDEF fusion sweep ===
Device: cuda
DATA_DIR: /mnt/extended-home/fitra_dosen/2025_iris_fer_taufik/MultimodalEmoLearn/data/benchmark/kdef_7class
Output: /mnt/extended-home/fitra_dosen/2025_iris_fer_taufik/MultimodalEmoLearn/models/benchmark/kdef_7class
Total runs: 8

[1/8]

==== fusion_early_scratch × 3c × B1 × lm=mediapipe ====
  Train N=2353  augment=False  lr=0.001
  class counts train: [674, 334, 1345]
  ep   1  loss=1.0588  val_mf1=0.2518
  ep   5  loss=0.5406  val_mf1=0.6742
  ep  10  loss=0.3767  val_mf1=0.7477
  ep  15  loss=0.2584  val_mf1=0.8335
  ep  20  loss=0.1915  val_mf1=0.8619
  ep  25  loss=0.1544  val_mf1=0.8554
  ep  30  loss=0.1282  val_mf1=0.8664
  ep  35  loss=0.1132  val_mf1=0.8755
  ep  40  loss=0.0911  val_mf1=0.8593
  ep  45  loss=0.0614  val_mf1=0.8423
  ep  50  loss=0.0510  val_mf1=0.8296
  best ep 47  val_mf1=0.9006  (809s)  TEST mf1=0.7926  wf1=0.8144  acc=0.8129

[2/8]

==== fusion_early_tl × 3c × B1 × lm=mediapipe ====
  Train N=2353  augment=False  lr=0.0001
  class counts train: [674, 334, 1345]
  ep   1  loss=0.7344  val_mf1=0.8389
  ep   5  loss=0.0361  val_mf1=0.9418
  ep  10  loss=0.0337  val_mf1=0.9422
  ep  15  loss=0.0517  val_mf1=0.9541
  ep  20  loss=0.0056  val_mf1=0.9656
  ep  25  loss=0.0415  val_mf1=0.9508
  ep  30  loss=0.0077  val_mf1=0.9784
  ep  35  loss=0.0071  val_mf1=0.9760
  ep  40  loss=0.0024  val_mf1=0.9717
  ep  45  loss=0.0082  val_mf1=0.9648
  ep  50  loss=0.0108  val_mf1=0.9530
  best ep 37  val_mf1=0.9841  (397s)  TEST mf1=0.9441  wf1=0.9491  acc=0.9490

[3/8]

==== fusion_intermediate_scratch × 3c × B1 × lm=mediapipe ====
  Train N=2353  augment=False  lr=0.001
  class counts train: [674, 334, 1345]
  ep   1  loss=1.0342  val_mf1=0.3721
  ep   5  loss=0.6500  val_mf1=0.2761
  ep  10  loss=0.5327  val_mf1=0.5694
  ep  15  loss=0.4687  val_mf1=0.7168
  ep  20  loss=0.4016  val_mf1=0.7173
  ep  25  loss=0.3171  val_mf1=0.7605
  ep  30  loss=0.2109  val_mf1=0.7023
  ep  35  loss=0.1765  val_mf1=0.7205
  best ep 21  val_mf1=0.8065  (567s)  TEST mf1=0.7817  wf1=0.7989  acc=0.7959

[4/8]

==== fusion_intermediate_tl × 3c × B1 × lm=mediapipe ====
  Train N=2353  augment=False  lr=0.0001
  class counts train: [674, 334, 1345]
  ep   1  loss=1.1538  val_mf1=0.6647
  ep   5  loss=0.1249  val_mf1=0.8880
  ep  10  loss=0.0475  val_mf1=0.9689
  ep  15  loss=0.0351  val_mf1=0.9269
  ep  20  loss=0.0183  val_mf1=0.9686
  ep  25  loss=0.0096  val_mf1=0.9729
  best ep 14  val_mf1=0.9813  (239s)  TEST mf1=0.9405  wf1=0.9424  acc=0.9422

[5/8]

==== fusion_early_scratch × 7c × B1 × lm=mediapipe ====
  Train N=2353  augment=False  lr=0.001
  class counts train: [334, 337, 336, 337, 338, 334, 337]
  ep   1  loss=2.0412  val_mf1=0.0784
  ep   5  loss=1.8798  val_mf1=0.2648
  ep  10  loss=0.8473  val_mf1=0.7027
  ep  15  loss=0.5741  val_mf1=0.7497
  ep  20  loss=0.4087  val_mf1=0.7989
  ep  25  loss=0.2697  val_mf1=0.7992
  ep  30  loss=0.2072  val_mf1=0.7668
  ep  35  loss=0.1676  val_mf1=0.7785
  ep  40  loss=0.1406  val_mf1=0.7840
  best ep 28  val_mf1=0.8382  (694s)  TEST mf1=0.7305  wf1=0.7305  acc=0.7381

[6/8]

==== fusion_early_tl × 7c × B1 × lm=mediapipe ====
  Train N=2353  augment=False  lr=0.0001
  class counts train: [334, 337, 336, 337, 338, 334, 337]
  ep   1  loss=1.4439  val_mf1=0.7360
  ep   5  loss=0.0882  val_mf1=0.8607
  ep  10  loss=0.0353  val_mf1=0.8357
  ep  15  loss=0.0468  val_mf1=0.8569
  ep  20  loss=0.0150  val_mf1=0.8766
  ep  25  loss=0.0348  val_mf1=0.8478
  ep  30  loss=0.0434  val_mf1=0.8776
  ep  35  loss=0.0260  val_mf1=0.9088
  ep  40  loss=0.0033  val_mf1=0.9393
  ep  45  loss=0.0022  val_mf1=0.9393
  ep  50  loss=0.0016  val_mf1=0.9182
  best ep 43  val_mf1=0.9425  (407s)  TEST mf1=0.9140  wf1=0.9140  acc=0.9150

[7/8]

==== fusion_intermediate_scratch × 7c × B1 × lm=mediapipe ====
  Train N=2353  augment=False  lr=0.001
  class counts train: [334, 337, 336, 337, 338, 334, 337]
  ep   1  loss=2.0465  val_mf1=0.1037
  ep   5  loss=1.2926  val_mf1=0.0936
  ep  10  loss=1.0165  val_mf1=0.3902
  ep  15  loss=0.8449  val_mf1=0.4783
  ep  20  loss=0.7487  val_mf1=0.4777
  ep  25  loss=0.6098  val_mf1=0.6315
  ep  30  loss=0.4624  val_mf1=0.6644
  ep  35  loss=0.3384  val_mf1=0.8085
  ep  40  loss=0.2607  val_mf1=0.7546
  ep  45  loss=0.2026  val_mf1=0.6995
  ep  50  loss=0.1854  val_mf1=0.7748
  best ep 35  val_mf1=0.8085  (771s)  TEST mf1=0.7305  wf1=0.7305  acc=0.7313

[8/8]

==== fusion_intermediate_tl × 7c × B1 × lm=mediapipe ====
  Train N=2353  augment=False  lr=0.0001
  class counts train: [334, 337, 336, 337, 338, 334, 337]
  ep   1  loss=1.9961  val_mf1=0.4011
  ep   5  loss=0.6042  val_mf1=0.8190
  ep  10  loss=0.1525  val_mf1=0.8884
  ep  15  loss=0.0829  val_mf1=0.9141
  ep  20  loss=0.0623  val_mf1=0.8888
  ep  25  loss=0.0396  val_mf1=0.8924
  ep  30  loss=0.0768  val_mf1=0.8126
  best ep 15  val_mf1=0.9141  (249s)  TEST mf1=0.8632  wf1=0.8632  acc=0.8639
Saved: /mnt/extended-home/fitra_dosen/2025_iris_fer_taufik/MultimodalEmoLearn/models/benchmark/kdef_7class/3class/Unified/fusion_early_scratch/results.json
Saved: /mnt/extended-home/fitra_dosen/2025_iris_fer_taufik/MultimodalEmoLearn/models/benchmark/kdef_7class/3class/Unified/fusion_early_tl/results.json
Saved: /mnt/extended-home/fitra_dosen/2025_iris_fer_taufik/MultimodalEmoLearn/models/benchmark/kdef_7class/3class/Unified/fusion_intermediate_scratch/results.json
Saved: /mnt/extended-home/fitra_dosen/2025_iris_fer_taufik/MultimodalEmoLearn/models/benchmark/kdef_7class/3class/Unified/fusion_intermediate_tl/results.json
Saved: /mnt/extended-home/fitra_dosen/2025_iris_fer_taufik/MultimodalEmoLearn/models/benchmark/kdef_7class/7class/Unified/fusion_early_scratch/results.json
Saved: /mnt/extended-home/fitra_dosen/2025_iris_fer_taufik/MultimodalEmoLearn/models/benchmark/kdef_7class/7class/Unified/fusion_early_tl/results.json
Saved: /mnt/extended-home/fitra_dosen/2025_iris_fer_taufik/MultimodalEmoLearn/models/benchmark/kdef_7class/7class/Unified/fusion_intermediate_scratch/results.json
Saved: /mnt/extended-home/fitra_dosen/2025_iris_fer_taufik/MultimodalEmoLearn/models/benchmark/kdef_7class/7class/Unified/fusion_intermediate_tl/results.json

====================================================================================================
SUMMARY: Unified protocol fusion macro_f1
====================================================================================================
  scheme  fusion         variant   lm_src            B1        B2        B3
  3c     early          scratch   mediapipe     0.7926       nan       nan
  3c     early          tl        mediapipe     0.9441       nan       nan
  3c     intermediate   scratch   mediapipe     0.7817       nan       nan
  3c     intermediate   tl        mediapipe     0.9405       nan       nan
  7c     early          scratch   mediapipe     0.7305       nan       nan
  7c     early          tl        mediapipe     0.9140       nan       nan
  7c     intermediate   scratch   mediapipe     0.7305       nan       nan
  7c     intermediate   tl        mediapipe     0.8632       nan       nan
=== KDEF unified sweep DONE ===
