[2026-05-17T08:13:30+07:00] Waiting for derived sweep PID 1176533 to finish...
[2026-05-17T08:29:00+07:00] GPU 0 free. Launching Late Fusion chain.
===================================================================
=== Late Fusion B1: kdef_7class ===
===================================================================
Device: cuda
DATA_DIR: /mnt/extended-home/fitra_dosen/2025_iris_fer_taufik/MultimodalEmoLearn/data/benchmark/kdef_7class
Output prefix: /mnt/extended-home/fitra_dosen/2025_iris_fer_taufik/MultimodalEmoLearn/models/benchmark/kdef_7class
Cache dir: /mnt/extended-home/fitra_dosen/2025_iris_fer_taufik/MultimodalEmoLearn/models/benchmark/kdef_7class/late_fusion_cache

[3c × B1] Landmark branch
  Training landmark_fcnn × 3c × B1 (aug=False)
    best ep 29  val_mf1=0.7836  (15s)

[3c × scratch × B1] Image branch
  Training image_cnn_scratch × 3c × B1 (lr=0.001, aug=False)
    best ep 36  val_mf1=0.8870  (781s)
  Computing late fusion weight sweep...
  best_w_image=0.75  val_mf1=0.8902  TEST mf1=0.8487  wf1=0.8478  acc=0.8469

[3c × tl × B1] Image branch
  Training image_cnn_tl × 3c × B1 (lr=0.0001, aug=False)
    best ep 8  val_mf1=0.9869  (175s)
  Computing late fusion weight sweep...
  best_w_image=0.55  val_mf1=0.9869  TEST mf1=0.9343  wf1=0.9357  acc=0.9354

[7c × B1] Landmark branch
  Training landmark_fcnn × 7c × B1 (aug=False)
    best ep 21  val_mf1=0.6465  (14s)

[7c × scratch × B1] Image branch
  Training image_cnn_scratch × 7c × B1 (lr=0.001, aug=False)
    best ep 18  val_mf1=0.8411  (519s)
  Computing late fusion weight sweep...
  best_w_image=0.40  val_mf1=0.8569  TEST mf1=0.7774  wf1=0.7774  acc=0.7823

[7c × tl × B1] Image branch
  Training image_cnn_tl × 7c × B1 (lr=0.0001, aug=False)
    best ep 32  val_mf1=0.9116  (354s)
  Computing late fusion weight sweep...
  best_w_image=0.55  val_mf1=0.9148  TEST mf1=0.8995  wf1=0.8995  acc=0.9014
Saved: /mnt/extended-home/fitra_dosen/2025_iris_fer_taufik/MultimodalEmoLearn/models/benchmark/kdef_7class/3class/Unified/fusion_late_scratch/results.json
Saved: /mnt/extended-home/fitra_dosen/2025_iris_fer_taufik/MultimodalEmoLearn/models/benchmark/kdef_7class/3class/Unified/fusion_late_tl/results.json
Saved: /mnt/extended-home/fitra_dosen/2025_iris_fer_taufik/MultimodalEmoLearn/models/benchmark/kdef_7class/7class/Unified/fusion_late_scratch/results.json
Saved: /mnt/extended-home/fitra_dosen/2025_iris_fer_taufik/MultimodalEmoLearn/models/benchmark/kdef_7class/7class/Unified/fusion_late_tl/results.json

==========================================================================================
SUMMARY: Late Fusion Unified Protocol macro_f1
==========================================================================================
  scheme  variant         B1        B2        B3
  3c     scratch     0.8487       nan       nan
  3c     tl          0.9343       nan       nan
  7c     scratch     0.7774       nan       nan
  7c     tl          0.8995       nan       nan
===================================================================
=== Late Fusion B1: rafdb_7class ===
===================================================================
Device: cuda
DATA_DIR: /mnt/extended-home/fitra_dosen/2025_iris_fer_taufik/MultimodalEmoLearn/data/benchmark/rafdb_7class
Output prefix: /mnt/extended-home/fitra_dosen/2025_iris_fer_taufik/MultimodalEmoLearn/models/benchmark/rafdb_7class
Cache dir: /mnt/extended-home/fitra_dosen/2025_iris_fer_taufik/MultimodalEmoLearn/models/benchmark/rafdb_7class/late_fusion_cache

[3c × B1] Landmark branch
  Training landmark_fcnn × 3c × B1 (aug=False)
    best ep 22  val_mf1=0.6556  (49s)

[3c × scratch × B1] Image branch
  Training image_cnn_scratch × 3c × B1 (lr=0.001, aug=False)
    best ep 16  val_mf1=0.7906  (2100s)
  Computing late fusion weight sweep...
  best_w_image=0.80  val_mf1=0.7921  TEST mf1=0.7893  wf1=0.8131  acc=0.8113

[3c × tl × B1] Image branch
  Training image_cnn_tl × 3c × B1 (lr=0.0001, aug=False)
    best ep 20  val_mf1=0.8231  (1129s)
  Computing late fusion weight sweep...
  best_w_image=0.70  val_mf1=0.8257  TEST mf1=0.8094  wf1=0.8315  acc=0.8317

[7c × B1] Landmark branch
  Training landmark_fcnn × 7c × B1 (aug=False)
    best ep 44  val_mf1=0.5164  (91s)

[7c × scratch × B1] Image branch
  Training image_cnn_scratch × 7c × B1 (lr=0.001, aug=False)
    best ep 23  val_mf1=0.6873  (3321s)
  Computing late fusion weight sweep...
  best_w_image=0.80  val_mf1=0.6898  TEST mf1=0.6976  wf1=0.7939  acc=0.7990

[7c × tl × B1] Image branch
  Training image_cnn_tl × 7c × B1 (lr=0.0001, aug=False)
    best ep 38  val_mf1=0.7426  (2117s)
  Computing late fusion weight sweep...
  best_w_image=0.60  val_mf1=0.7462  TEST mf1=0.7460  wf1=0.8303  acc=0.8314
Saved: /mnt/extended-home/fitra_dosen/2025_iris_fer_taufik/MultimodalEmoLearn/models/benchmark/rafdb_7class/3class/Unified/fusion_late_scratch/results.json
Saved: /mnt/extended-home/fitra_dosen/2025_iris_fer_taufik/MultimodalEmoLearn/models/benchmark/rafdb_7class/3class/Unified/fusion_late_tl/results.json
Saved: /mnt/extended-home/fitra_dosen/2025_iris_fer_taufik/MultimodalEmoLearn/models/benchmark/rafdb_7class/7class/Unified/fusion_late_scratch/results.json
Saved: /mnt/extended-home/fitra_dosen/2025_iris_fer_taufik/MultimodalEmoLearn/models/benchmark/rafdb_7class/7class/Unified/fusion_late_tl/results.json

==========================================================================================
SUMMARY: Late Fusion Unified Protocol macro_f1
==========================================================================================
  scheme  variant         B1        B2        B3
  3c     scratch     0.7893       nan       nan
  3c     tl          0.8094       nan       nan
  7c     scratch     0.6976       nan       nan
  7c     tl          0.7460       nan       nan
===================================================================
=== Late Fusion B1: ckplus_7class ===
===================================================================
Device: cuda
DATA_DIR: /mnt/extended-home/fitra_dosen/2025_iris_fer_taufik/MultimodalEmoLearn/data/benchmark/ckplus_7class
Output prefix: /mnt/extended-home/fitra_dosen/2025_iris_fer_taufik/MultimodalEmoLearn/models/benchmark/ckplus_7class
Cache dir: /mnt/extended-home/fitra_dosen/2025_iris_fer_taufik/MultimodalEmoLearn/models/benchmark/ckplus_7class/late_fusion_cache

[3c × scratch × B1] Image branch
  Training image_cnn_scratch × 3c × B1 (lr=0.001, aug=False)
Traceback (most recent call last):
  File "/mnt/extended-home/fitra_dosen/2025_iris_fer_taufik/MultimodalEmoLearn/scripts/compute_late_fusion_unified.py", line 495, in <module>
    main()
  File "/mnt/extended-home/fitra_dosen/2025_iris_fer_taufik/MultimodalEmoLearn/scripts/compute_late_fusion_unified.py", line 395, in main
    img_val, img_test, img_rec = train_image_branch(arch_image, scen, nc)
                                 ^^^^^^^^^^^^^^^^^^^^^^^^^^^^^^^^^^^^^^^^
  File "/mnt/extended-home/fitra_dosen/2025_iris_fer_taufik/MultimodalEmoLearn/scripts/compute_late_fusion_unified.py", line 175, in train_image_branch
    loss.backward(); optim.step()
    ^^^^^^^^^^^^^^^
  File "/mnt/extended-home/fitra_dosen/2025_iris_fer_taufik/miniconda3/envs/2025_iris_fer_taufik/lib/python3.12/site-packages/torch/_tensor.py", line 581, in backward
    torch.autograd.backward(
  File "/mnt/extended-home/fitra_dosen/2025_iris_fer_taufik/miniconda3/envs/2025_iris_fer_taufik/lib/python3.12/site-packages/torch/autograd/__init__.py", line 347, in backward
    _engine_run_backward(
  File "/mnt/extended-home/fitra_dosen/2025_iris_fer_taufik/miniconda3/envs/2025_iris_fer_taufik/lib/python3.12/site-packages/torch/autograd/graph.py", line 825, in _engine_run_backward
    return Variable._execution_engine.run_backward(  # Calls into the C++ engine to run the backward pass
           ^^^^^^^^^^^^^^^^^^^^^^^^^^^^^^^^^^^^^^^^^^^^^^^^^^^^^^^^^^^^^^^^^^^^^^^^^^^^^^^^^^^^^^^^^^^^^^
torch.OutOfMemoryError: CUDA out of memory. Tried to allocate 98.00 MiB. GPU 0 has a total capacity of 44.32 GiB of which 98.00 MiB is free. Process 962578 has 1.29 GiB memory in use. Process 3237319 has 13.38 GiB memory in use. Process 886427 has 2.74 GiB memory in use. Process 1683050 has 24.16 GiB memory in use. Including non-PyTorch memory, this process has 2.58 GiB memory in use. Of the allocated memory 2.05 GiB is allocated by PyTorch, and 23.48 MiB is reserved by PyTorch but unallocated. If reserved but unallocated memory is large try setting PYTORCH_CUDA_ALLOC_CONF=expandable_segments:True to avoid fragmentation.  See documentation for Memory Management  (https://pytorch.org/docs/stable/notes/cuda.html#environment-variables)
