=== Phase 1A done at 2026-05-16T16:42:41+07:00, starting Phase 1B ===
Device: cuda
Cache dir: /mnt/extended-home/fitra_dosen/2025_iris_fer_taufik/MultimodalEmoLearn/models/frontonly_conf60/late_fusion_cache

[3c × B1] Landmark branch
  Training landmark_fcnn × 3c × B1 (aug=False)
    best ep 6  val_mf1=0.5010  (16s)

[3c × B2] Landmark branch
  Training landmark_fcnn × 3c × B2 (aug=False)
    best ep 40  val_mf1=0.5176  (38s)

[3c × B3] Landmark branch
  Training landmark_fcnn × 3c × B3 (aug=True)
    best ep 12  val_mf1=0.5291  (29s)

[3c × scratch × B1] Image branch
  Training image_cnn_scratch × 3c × B1 (lr=0.001, aug=False)
    best ep 18  val_mf1=0.5603  (1400s)
  Computing late fusion weight sweep...
  best_w_image=0.95  val_mf1=0.5669  TEST mf1=0.4962  wf1=0.7655  acc=0.7966

[3c × scratch × B2] Image branch
  Training image_cnn_scratch × 3c × B2 (lr=0.001, aug=False)
    best ep 4  val_mf1=0.5352  (839s)
  Computing late fusion weight sweep...
  best_w_image=0.75  val_mf1=0.5517  TEST mf1=0.4725  wf1=0.6545  acc=0.6297

[3c × scratch × B3] Image branch
  Training image_cnn_scratch × 3c × B3 (lr=0.001, aug=True)
    best ep 11  val_mf1=0.5483  (1148s)
  Computing late fusion weight sweep...
  best_w_image=0.80  val_mf1=0.5866  TEST mf1=0.5974  wf1=0.7589  acc=0.7449

[3c × tl × B1] Image branch
  Training image_cnn_tl × 3c × B1 (lr=0.0001, aug=False)
    best ep 7  val_mf1=0.4493  (425s)
  Computing late fusion weight sweep...
  best_w_image=0.00  val_mf1=0.5010  TEST mf1=0.5087  wf1=0.7867  acc=0.8202

[3c × tl × B2] Image branch
  Training image_cnn_tl × 3c × B2 (lr=0.0001, aug=False)
    best ep 1  val_mf1=0.5357  (309s)
  Computing late fusion weight sweep...
  best_w_image=0.80  val_mf1=0.5499  TEST mf1=0.7090  wf1=0.8329  acc=0.8181

[3c × tl × B3] Image branch
  Training image_cnn_tl × 3c × B3 (lr=0.0001, aug=True)
    best ep 5  val_mf1=0.6009  (389s)
  Computing late fusion weight sweep...
  best_w_image=0.60  val_mf1=0.6167  TEST mf1=0.7067  wf1=0.8190  acc=0.8041

[7c × B1] Landmark branch
  Training landmark_fcnn × 7c × B1 (aug=False)
    best ep 13  val_mf1=0.2484  (22s)

[7c × B2] Landmark branch
  Training landmark_fcnn × 7c × B2 (aug=False)
    best ep 17  val_mf1=0.2264  (25s)

[7c × B3] Landmark branch
  Training landmark_fcnn × 7c × B3 (aug=True)
    best ep 16  val_mf1=0.2458  (35s)

[7c × scratch × B1] Image branch
  Training image_cnn_scratch × 7c × B1 (lr=0.001, aug=False)
    best ep 7  val_mf1=0.1810  (956s)
  Computing late fusion weight sweep...
  best_w_image=0.10  val_mf1=0.2507  TEST mf1=0.2338  wf1=0.7746  acc=0.7858

[7c × scratch × B2] Image branch
  Training image_cnn_scratch × 7c × B2 (lr=0.001, aug=False)
    best ep 4  val_mf1=0.1582  (839s)
  Computing late fusion weight sweep...
  best_w_image=0.00  val_mf1=0.2264  TEST mf1=0.1827  wf1=0.6768  acc=0.6416

[7c × scratch × B3] Image branch
  Training image_cnn_scratch × 7c × B3 (lr=0.001, aug=True)
    best ep 9  val_mf1=0.2341  (1043s)
  Computing late fusion weight sweep...
  best_w_image=0.25  val_mf1=0.2832  TEST mf1=0.2551  wf1=0.7676  acc=0.7330

[7c × tl × B1] Image branch
  Training image_cnn_tl × 7c × B1 (lr=0.0001, aug=False)
    best ep 2  val_mf1=0.2354  (327s)
  Computing late fusion weight sweep...
  best_w_image=0.05  val_mf1=0.2505  TEST mf1=0.2325  wf1=0.7738  acc=0.7804

[7c × tl × B2] Image branch
  Training image_cnn_tl × 7c × B2 (lr=0.0001, aug=False)
    best ep 1  val_mf1=0.2332  (307s)
  Computing late fusion weight sweep...
  best_w_image=0.55  val_mf1=0.2523  TEST mf1=0.2828  wf1=0.8122  acc=0.7804

[7c × tl × B3] Image branch
  Training image_cnn_tl × 7c × B3 (lr=0.0001, aug=True)
    best ep 1  val_mf1=0.2871  (310s)
  Computing late fusion weight sweep...
  best_w_image=0.90  val_mf1=0.2936  TEST mf1=0.2902  wf1=0.8030  acc=0.7890
Saved: /mnt/extended-home/fitra_dosen/2025_iris_fer_taufik/MultimodalEmoLearn/models/frontonly_conf60/3class/Unified/fusion_late_scratch/results.json
Saved: /mnt/extended-home/fitra_dosen/2025_iris_fer_taufik/MultimodalEmoLearn/models/frontonly_conf60/3class/Unified/fusion_late_tl/results.json
Saved: /mnt/extended-home/fitra_dosen/2025_iris_fer_taufik/MultimodalEmoLearn/models/frontonly_conf60/7class/Unified/fusion_late_scratch/results.json
Saved: /mnt/extended-home/fitra_dosen/2025_iris_fer_taufik/MultimodalEmoLearn/models/frontonly_conf60/7class/Unified/fusion_late_tl/results.json

==========================================================================================
SUMMARY: Late Fusion Unified Protocol macro_f1
==========================================================================================
  scheme  variant         B1        B2        B3
  3c     scratch     0.4962    0.4725    0.5974
  3c     tl          0.5087    0.7090    0.7067
  7c     scratch     0.2338    0.1827    0.2551
  7c     tl          0.2325    0.2828    0.2902
=== Phase 1B done at 2026-05-16T19:05:49+07:00 ===
