WARNING: All log messages before absl::InitializeLog() is called are written to STDERR
W0000 00:00:1778944316.047243  926418 face_landmarker_graph.cc:174] Sets FaceBlendshapesGraph acceleration to xnnpack by default.
I0000 00:00:1778944316.104777  926418 gl_context_egl.cc:85] Successfully initialized EGL. Major : 1 Minor: 5
I0000 00:00:1778944316.547872  926473 gl_context.cc:385] GL version: 3.2 (OpenGL ES 3.2 NVIDIA 535.261.03), renderer: NVIDIA L40/PCIe/SSE2
INFO: Created TensorFlow Lite XNNPACK delegate for CPU.
W0000 00:00:1778944316.554584  926420 inference_feedback_manager.cc:114] Feedback manager requires a model with a single signature inference. Disabling support for feedback tensors.

============================================================
  PREPARE CK+ (7-class, Contempt dropped)
============================================================
  INFO: dropping 'Contempt' (18 images)
  Total samples (after dropping unsupported classes): 636
  Unique subjects: 118
  Subject split  →  train:94  val:11  test:13
    train: 508 samples
      val: 69 samples
     test: 59 samples

  Building train (508 samples) ...
    extract 100/508  (load_fail=0, no_face=0)
    extract 200/508  (load_fail=0, no_face=0)
    extract 300/508  (load_fail=0, no_face=0)
    extract 400/508  (load_fail=0, no_face=0)
    extract 500/508  (load_fail=0, no_face=0)
    extract 508/508  (load_fail=0, no_face=0)
    extracted 508 valid samples
    computing heatmaps ...
    heatmap 200/508
    heatmap 400/508
    heatmap 508/508

  Building val (69 samples) ...
    extract 69/69  (load_fail=0, no_face=0)
    extracted 69 valid samples
    computing heatmaps ...
    heatmap 69/69

  Building test (59 samples) ...
    extract 59/59  (load_fail=0, no_face=0)
    extracted 59 valid samples
    computing heatmaps ...
    heatmap 59/59

  Saved: /mnt/extended-home/fitra_dosen/2025_iris_fer_taufik/MultimodalEmoLearn/data/benchmark/ckplus_7class
    train: N= 508, subjects=94, dist=[neutral=260, happy=57, sad=23, angry=35, fearful=17, disgusted=50, surprised=66]
      val: N=  69, subjects=11, dist=[neutral=36, happy=9, sad=3, angry=5, fearful=3, disgusted=4, surprised=9]
     test: N=  59, subjects=13, dist=[neutral=31, happy=3, sad=2, angry=5, fearful=5, disgusted=5, surprised=8]

============================================================
DONE!
============================================================
Exception ignored in: <function FaceLandmarker.__del__ at 0x7f210e1da8e0>
Traceback (most recent call last):
  File "/mnt/extended-home/fitra_dosen/2025_iris_fer_taufik/miniconda3/envs/2025_iris_fer_taufik/lib/python3.12/site-packages/mediapipe/tasks/python/vision/face_landmarker.py", line 3353, in __del__
  File "/mnt/extended-home/fitra_dosen/2025_iris_fer_taufik/miniconda3/envs/2025_iris_fer_taufik/lib/python3.12/site-packages/mediapipe/tasks/python/vision/face_landmarker.py", line 3328, in close
  File "/mnt/extended-home/fitra_dosen/2025_iris_fer_taufik/miniconda3/envs/2025_iris_fer_taufik/lib/python3.12/site-packages/mediapipe/tasks/python/core/serial_dispatcher.py", line 74, in shutdown_aware_handler
  File "/mnt/extended-home/fitra_dosen/2025_iris_fer_taufik/miniconda3/envs/2025_iris_fer_taufik/lib/python3.12/site-packages/mediapipe/tasks/python/core/mediapipe_c_utils.py", line 126, in dispatcher_wrapper
TypeError: 'NoneType' object is not callable
=== CK+ preprocess done at $(date -Iseconds) ===
