WARNING: All log messages before absl::InitializeLog() is called are written to STDERR
W0000 00:00:1780745783.603378 3896437 face_landmarker_graph.cc:174] Sets FaceBlendshapesGraph acceleration to xnnpack by default.
I0000 00:00:1780745784.004064 3896437 gl_context_egl.cc:85] Successfully initialized EGL. Major : 1 Minor: 5
I0000 00:00:1780745784.165879 3896488 gl_context.cc:385] GL version: 3.2 (OpenGL ES 3.2 NVIDIA 535.261.03), renderer: NVIDIA L40/PCIe/SSE2
INFO: Created TensorFlow Lite XNNPACK delegate for CPU.
W0000 00:00:1780745784.191167 3896439 inference_feedback_manager.cc:114] Feedback manager requires a model with a single signature inference. Disabling support for feedback tensors.
============================================================
  CK+ Kaggle 7-class (contempt in, neutral out)
============================================================

[1] Remapping existing ckplus_7class (drop neutral, remap labels)...
  train: 508 → 248 (dropped 260 neutral)
  val: 69 → 33 (dropped 36 neutral)
  test: 59 → 28 (dropped 31 neutral)

[2] Processing contempt images from raw folder...
  Processed: 18 valid, 0 skipped
  contempt → train: 14 samples
  contempt → val: 1 samples
  contempt → test: 3 samples

[3] Merging and saving...
  train: N= 262, subjects=96, [anger=35, contempt=14, disgust=50, fear=17, happy=57, sadness=23, surprised=66]
    val: N=  34, subjects=10, [anger=5, contempt=1, disgust=4, fear=3, happy=9, sadness=3, surprised=9]
   test: N=  31, subjects=13, [anger=5, contempt=3, disgust=5, fear=5, happy=3, sadness=2, surprised=8]

  Saved to: /mnt/extended-home/fitra_dosen/2025_iris_fer_taufik/MultimodalEmoLearn/data/benchmark/ckplus_kaggle7class
  Total samples: 327

Done.
Exception ignored in: <function FaceLandmarker.__del__ at 0x7fe4f9fea7a0>
Traceback (most recent call last):
  File "/mnt/extended-home/fitra_dosen/2025_iris_fer_taufik/miniconda3/envs/2025_iris_fer_taufik/lib/python3.12/site-packages/mediapipe/tasks/python/vision/face_landmarker.py", line 3353, in __del__
  File "/mnt/extended-home/fitra_dosen/2025_iris_fer_taufik/miniconda3/envs/2025_iris_fer_taufik/lib/python3.12/site-packages/mediapipe/tasks/python/vision/face_landmarker.py", line 3328, in close
  File "/mnt/extended-home/fitra_dosen/2025_iris_fer_taufik/miniconda3/envs/2025_iris_fer_taufik/lib/python3.12/site-packages/mediapipe/tasks/python/core/serial_dispatcher.py", line 74, in shutdown_aware_handler
  File "/mnt/extended-home/fitra_dosen/2025_iris_fer_taufik/miniconda3/envs/2025_iris_fer_taufik/lib/python3.12/site-packages/mediapipe/tasks/python/core/mediapipe_c_utils.py", line 126, in dispatcher_wrapper
TypeError: 'NoneType' object is not callable
