============================================================
  CK+ Kaggle Original (shawon10/ckplus, 981 img, 7c)
============================================================
  Raw dir: /mnt/extended-home/fitra_dosen/2025_iris_fer_taufik/MultimodalEmoLearn/data/benchmark/ckplus_kaggle_raw/CK+48
  Total samples: 981
    anger: 135
    contempt: 54
    disgust: 177
    fear: 75
    happy: 207
    sadness: 84
    surprise: 249
  Subjects: total=118, train=94, val=11, test=13
  train: 780 samples
  val: 108 samples
  test: 93 samples
WARNING: All log messages before absl::InitializeLog() is called are written to STDERR
W0000 00:00:1780800698.774101 4062663 face_landmarker_graph.cc:174] Sets FaceBlendshapesGraph acceleration to xnnpack by default.
I0000 00:00:1780800699.281392 4062663 gl_context_egl.cc:85] Successfully initialized EGL. Major : 1 Minor: 5
I0000 00:00:1780800699.452265 4062717 gl_context.cc:385] GL version: 3.2 (OpenGL ES 3.2 NVIDIA 535.261.03), renderer: NVIDIA L40/PCIe/SSE2
INFO: Created TensorFlow Lite XNNPACK delegate for CPU.
W0000 00:00:1780800699.660946 4062668 inference_feedback_manager.cc:114] Feedback manager requires a model with a single signature inference. Disabling support for feedback tensors.

  Building train (780 samples)...
    extract 100/780  (no_load=0, no_face=0)
    extract 200/780  (no_load=0, no_face=0)
    extract 300/780  (no_load=0, no_face=0)
    extract 400/780  (no_load=0, no_face=0)
    extract 500/780  (no_load=0, no_face=0)
    extract 600/780  (no_load=0, no_face=0)
    extract 700/780  (no_load=0, no_face=0)
    extract 780/780  (no_load=0, no_face=0)
    valid: 780
    computing heatmaps...
    heatmap 100/780
    heatmap 200/780
    heatmap 300/780
    heatmap 400/780
    heatmap 500/780
    heatmap 600/780
    heatmap 700/780
    heatmap 780/780
    train: N=780, dist={'anger': 105, 'contempt': 36, 'disgust': 150, 'fear': 51, 'happy': 171, 'sadness': 69, 'surprise': 198}

  Building val (108 samples)...
    extract 100/108  (no_load=0, no_face=0)
    extract 108/108  (no_load=0, no_face=0)
    valid: 108
    computing heatmaps...
    heatmap 100/108
    heatmap 108/108
    val: N=108, dist={'anger': 15, 'contempt': 9, 'disgust': 12, 'fear': 9, 'happy': 27, 'sadness': 9, 'surprise': 27}

  Building test (93 samples)...
    extract 93/93  (no_load=0, no_face=0)
    valid: 93
    computing heatmaps...
    heatmap 93/93
    test: N=93, dist={'anger': 15, 'contempt': 9, 'disgust': 15, 'fear': 15, 'happy': 9, 'sadness': 6, 'surprise': 24}

  Saved to: /mnt/extended-home/fitra_dosen/2025_iris_fer_taufik/MultimodalEmoLearn/data/benchmark/ckplus_kaggle_orig, total valid: 981

Done.
Exception ignored in: <function FaceLandmarker.__del__ at 0x7fe871530360>
Traceback (most recent call last):
  File "/mnt/extended-home/fitra_dosen/2025_iris_fer_taufik/miniconda3/envs/2025_iris_fer_taufik/lib/python3.12/site-packages/mediapipe/tasks/python/vision/face_landmarker.py", line 3353, in __del__
  File "/mnt/extended-home/fitra_dosen/2025_iris_fer_taufik/miniconda3/envs/2025_iris_fer_taufik/lib/python3.12/site-packages/mediapipe/tasks/python/vision/face_landmarker.py", line 3328, in close
  File "/mnt/extended-home/fitra_dosen/2025_iris_fer_taufik/miniconda3/envs/2025_iris_fer_taufik/lib/python3.12/site-packages/mediapipe/tasks/python/core/serial_dispatcher.py", line 74, in shutdown_aware_handler
  File "/mnt/extended-home/fitra_dosen/2025_iris_fer_taufik/miniconda3/envs/2025_iris_fer_taufik/lib/python3.12/site-packages/mediapipe/tasks/python/core/mediapipe_c_utils.py", line 126, in dispatcher_wrapper
TypeError: 'NoneType' object is not callable
