=== RAF-DB landmark sweep ===
Device: cuda
DATA_DIR: /mnt/extended-home/fitra_dosen/2025_iris_fer_taufik/MultimodalEmoLearn/data/benchmark/rafdb_7class
Output: /mnt/extended-home/fitra_dosen/2025_iris_fer_taufik/MultimodalEmoLearn/models/benchmark/rafdb_7class
Total runs: 8

[1/8]

==== mediapipe × raw_136 × fcnn × 3c × B1 ====
  Train N=9404  in_dim=136  augment=False
  class counts train: [4726, 1880, 2798]
  ep   1  loss=0.8160  val_mf1=0.4515
  ep  10  loss=0.6672  val_mf1=0.5999
  ep  20  loss=0.6422  val_mf1=0.6137
  ep  30  loss=0.6202  val_mf1=0.5669
  best ep 22  val_mf1=0.6556  (106s)  TEST mf1=0.6724  wf1=0.7037  acc=0.7050

[2/8]

==== mediapipe × raw_136 × cnn1d × 3c × B1 ====
  Train N=9404  in_dim=136  augment=False
  class counts train: [4726, 1880, 2798]
  ep   1  loss=0.9210  val_mf1=0.5421
  ep  10  loss=0.7469  val_mf1=0.5962
  ep  20  loss=0.7075  val_mf1=0.6331
  ep  30  loss=0.6896  val_mf1=0.6398
  ep  40  loss=0.6748  val_mf1=0.6417
  ep  50  loss=0.6611  val_mf1=0.6452
  best ep 46  val_mf1=0.6558  (278s)  TEST mf1=0.6720  wf1=0.7050  acc=0.7030

[3/8]

==== mediapipe × facs_28 × fcnn × 3c × B1 ====
  Train N=9404  in_dim=28  augment=False
  class counts train: [4726, 1880, 2798]
  ep   1  loss=0.8139  val_mf1=0.6100
  ep  10  loss=0.6788  val_mf1=0.6374
  ep  20  loss=0.6622  val_mf1=0.6553
  ep  30  loss=0.6437  val_mf1=0.6217
  ep  40  loss=0.6298  val_mf1=0.6371
  ep  50  loss=0.6198  val_mf1=0.6745
  best ep 42  val_mf1=0.6771  (258s)  TEST mf1=0.6856  wf1=0.7158  acc=0.7139

[4/8]

==== mediapipe × facs_28 × cnn1d × 3c × B1 ====
  Train N=9404  in_dim=28  augment=False
  class counts train: [4726, 1880, 2798]
  ep   1  loss=0.8845  val_mf1=0.5642
  ep  10  loss=0.7284  val_mf1=0.6196
  ep  20  loss=0.7060  val_mf1=0.6307
  ep  30  loss=0.6989  val_mf1=0.6201
  ep  40  loss=0.6855  val_mf1=0.6440
  ep  50  loss=0.6858  val_mf1=0.6589
  best ep 50  val_mf1=0.6589  (278s)  TEST mf1=0.6709  wf1=0.7003  acc=0.7027

[5/8]

==== mediapipe × raw_136 × fcnn × 7c × B1 ====
  Train N=9404  in_dim=136  augment=False
  class counts train: [1880, 3725, 1515, 511, 212, 560, 1001]
  ep   1  loss=1.2941  val_mf1=0.2449
  ep  10  loss=1.0299  val_mf1=0.4184
  ep  20  loss=0.9708  val_mf1=0.4605
  ep  30  loss=0.9442  val_mf1=0.4103
  ep  40  loss=0.9151  val_mf1=0.4417
  ep  50  loss=0.8968  val_mf1=0.3880
  best ep 44  val_mf1=0.5164  (153s)  TEST mf1=0.5373  wf1=0.6532  acc=0.6625

[6/8]

==== mediapipe × raw_136 × cnn1d × 7c × B1 ====
  Train N=9404  in_dim=136  augment=False
  class counts train: [1880, 3725, 1515, 511, 212, 560, 1001]
  ep   1  loss=1.4564  val_mf1=0.2705
  ep  10  loss=1.1332  val_mf1=0.3669
  ep  20  loss=1.0788  val_mf1=0.4203
  ep  30  loss=1.0445  val_mf1=0.4394
  ep  40  loss=1.0159  val_mf1=0.4678
  ep  50  loss=0.9904  val_mf1=0.4736
  best ep 44  val_mf1=0.5019  (308s)  TEST mf1=0.5015  wf1=0.6266  acc=0.6488

[7/8]

==== mediapipe × facs_28 × fcnn × 7c × B1 ====
  Train N=9404  in_dim=28  augment=False
  class counts train: [1880, 3725, 1515, 511, 212, 560, 1001]
  ep   1  loss=1.2538  val_mf1=0.3651
  ep  10  loss=1.0515  val_mf1=0.4249
  ep  20  loss=1.0080  val_mf1=0.4368
  best ep 14  val_mf1=0.4660  (155s)  TEST mf1=0.4734  wf1=0.6211  acc=0.6373

[8/8]

==== mediapipe × facs_28 × cnn1d × 7c × B1 ====
  Train N=9404  in_dim=28  augment=False
  class counts train: [1880, 3725, 1515, 511, 212, 560, 1001]
  ep   1  loss=1.3688  val_mf1=0.3105
  ep  10  loss=1.1149  val_mf1=0.3815
  ep  20  loss=1.0772  val_mf1=0.4351
  ep  30  loss=1.0479  val_mf1=0.4310
  ep  40  loss=1.0413  val_mf1=0.4551
  ep  50  loss=1.0166  val_mf1=0.4147
  best ep 43  val_mf1=0.4651  (275s)  TEST mf1=0.4722  wf1=0.6133  acc=0.6400
Saved: /mnt/extended-home/fitra_dosen/2025_iris_fer_taufik/MultimodalEmoLearn/models/benchmark/rafdb_7class/3class/Unified/raw_136/results.json
Saved: /mnt/extended-home/fitra_dosen/2025_iris_fer_taufik/MultimodalEmoLearn/models/benchmark/rafdb_7class/3class/Unified/facs_28/results.json
Saved: /mnt/extended-home/fitra_dosen/2025_iris_fer_taufik/MultimodalEmoLearn/models/benchmark/rafdb_7class/7class/Unified/raw_136/results.json
Saved: /mnt/extended-home/fitra_dosen/2025_iris_fer_taufik/MultimodalEmoLearn/models/benchmark/rafdb_7class/7class/Unified/facs_28/results.json

===============================================================================================
SUMMARY: Unified protocol macro_f1
===============================================================================================
  scheme  feat      src         arch          B1        B2        B3
  3c     raw_136   mediapipe   fcnn      0.6724      -         -   
  3c     raw_136   mediapipe   cnn1d     0.6720      -         -   
  3c     facs_28   mediapipe   fcnn      0.6856      -         -   
  3c     facs_28   mediapipe   cnn1d     0.6709      -         -   
  7c     raw_136   mediapipe   fcnn      0.5373      -         -   
  7c     raw_136   mediapipe   cnn1d     0.5015      -         -   
  7c     facs_28   mediapipe   fcnn      0.4734      -         -   
  7c     facs_28   mediapipe   cnn1d     0.4722      -         -   
=== RAF-DB image sweep ===
Device: cuda
DATA_DIR: /mnt/extended-home/fitra_dosen/2025_iris_fer_taufik/MultimodalEmoLearn/data/benchmark/rafdb_7class
Output: /mnt/extended-home/fitra_dosen/2025_iris_fer_taufik/MultimodalEmoLearn/models/benchmark/rafdb_7class
Total runs: 4

[1/4]

==== cnn_scratch × 3c × B1 ====
  Train N=9404  img_shape=(224, 224, 3)  augment=False  lr=0.001
  class counts train: [4726, 1880, 2798]
  ep   1  loss=1.0528  val_mf1=0.3623
  ep   5  loss=0.6178  val_mf1=0.7105
  ep  10  loss=0.4113  val_mf1=0.7695
  ep  15  loss=0.2620  val_mf1=0.7709
  ep  20  loss=0.1604  val_mf1=0.7793
  ep  25  loss=0.0993  val_mf1=0.7752
  ep  30  loss=0.0796  val_mf1=0.7781
  ep  35  loss=0.0748  val_mf1=0.7744
  best ep 22  val_mf1=0.7851  (3075s)  TEST mf1=0.7809  wf1=0.8055  acc=0.8045

[2/4]

==== cnn_tl × 3c × B1 ====
  Train N=9404  img_shape=(224, 224, 3)  augment=False  lr=0.0001
  class counts train: [4726, 1880, 2798]
  ep   1  loss=0.7060  val_mf1=0.7225
  ep   5  loss=0.0937  val_mf1=0.7753
  ep  10  loss=0.0536  val_mf1=0.7965
  ep  15  loss=0.0214  val_mf1=0.8095
  ep  20  loss=0.0291  val_mf1=0.8073
  ep  25  loss=0.0376  val_mf1=0.8025
  ep  30  loss=0.0205  val_mf1=0.8090
  ep  35  loss=0.0246  val_mf1=0.8099
  ep  40  loss=0.0258  val_mf1=0.8091
  ep  45  loss=0.0191  val_mf1=0.8127
  best ep 33  val_mf1=0.8293  (1870s)  TEST mf1=0.8254  wf1=0.8452  acc=0.8454

[3/4]

==== cnn_scratch × 7c × B1 ====
  Train N=9404  img_shape=(224, 224, 3)  augment=False  lr=0.001
  class counts train: [1880, 3725, 1515, 511, 212, 560, 1001]
  ep   1  loss=1.6056  val_mf1=0.2351
  ep   5  loss=0.7949  val_mf1=0.6088
  ep  10  loss=0.4784  val_mf1=0.6348
  ep  15  loss=0.2659  val_mf1=0.6529
  ep  20  loss=0.1675  val_mf1=0.6686
  ep  25  loss=0.1140  val_mf1=0.6659
  best ep 12  val_mf1=0.6776  (2208s)  TEST mf1=0.6887  wf1=0.7816  acc=0.7844

[4/4]

==== cnn_tl × 7c × B1 ====
  Train N=9404  img_shape=(224, 224, 3)  augment=False  lr=0.0001
  class counts train: [1880, 3725, 1515, 511, 212, 560, 1001]
  ep   1  loss=1.1395  val_mf1=0.5905
  ep   5  loss=0.1010  val_mf1=0.7146
  ep  10  loss=0.0650  val_mf1=0.7261
  ep  15  loss=0.0362  val_mf1=0.7219
  ep  20  loss=0.0364  val_mf1=0.7154
  ep  25  loss=0.0285  val_mf1=0.7195
  best ep 10  val_mf1=0.7261  (976s)  TEST mf1=0.7255  wf1=0.8137  acc=0.8151
Saved: /mnt/extended-home/fitra_dosen/2025_iris_fer_taufik/MultimodalEmoLearn/models/benchmark/rafdb_7class/3class/Unified/cnn_scratch/results.json
Saved: /mnt/extended-home/fitra_dosen/2025_iris_fer_taufik/MultimodalEmoLearn/models/benchmark/rafdb_7class/3class/Unified/cnn_tl/results.json
Saved: /mnt/extended-home/fitra_dosen/2025_iris_fer_taufik/MultimodalEmoLearn/models/benchmark/rafdb_7class/7class/Unified/cnn_scratch/results.json
Saved: /mnt/extended-home/fitra_dosen/2025_iris_fer_taufik/MultimodalEmoLearn/models/benchmark/rafdb_7class/7class/Unified/cnn_tl/results.json

================================================================================
SUMMARY: Unified protocol image-based macro_f1
================================================================================
  scheme  arch                B1        B2        B3
  3c     cnn_scratch     0.7809       nan       nan
  3c     cnn_tl          0.8254       nan       nan
  7c     cnn_scratch     0.6887       nan       nan
  7c     cnn_tl          0.7255       nan       nan
=== RAF-DB fusion sweep ===
Device: cuda
DATA_DIR: /mnt/extended-home/fitra_dosen/2025_iris_fer_taufik/MultimodalEmoLearn/data/benchmark/rafdb_7class
Output: /mnt/extended-home/fitra_dosen/2025_iris_fer_taufik/MultimodalEmoLearn/models/benchmark/rafdb_7class
Total runs: 8

[1/8]

==== fusion_early_scratch × 3c × B1 × lm=mediapipe ====
  Train N=9404  augment=False  lr=0.001
  class counts train: [4726, 1880, 2798]
  ep   1  loss=0.9349  val_mf1=0.6186
  ep   5  loss=0.6809  val_mf1=0.6423
  ep  10  loss=0.5526  val_mf1=0.7169
  ep  15  loss=0.4033  val_mf1=0.7495
  ep  20  loss=0.2530  val_mf1=0.7543
  ep  25  loss=0.1456  val_mf1=0.7611
  ep  30  loss=0.0993  val_mf1=0.7612
  ep  35  loss=0.0676  val_mf1=0.7599
  best ep 22  val_mf1=0.7651  (3051s)  TEST mf1=0.7723  wf1=0.7969  acc=0.7973

[2/8]

==== fusion_early_tl × 3c × B1 × lm=mediapipe ====
  Train N=9404  augment=False  lr=0.0001
  class counts train: [4726, 1880, 2798]
  ep   1  loss=0.6949  val_mf1=0.7559
  ep   5  loss=0.0894  val_mf1=0.7766
  ep  10  loss=0.0473  val_mf1=0.7888
  ep  15  loss=0.0314  val_mf1=0.7977
  ep  20  loss=0.0296  val_mf1=0.8019
  ep  25  loss=0.0248  val_mf1=0.8049
  ep  30  loss=0.0141  val_mf1=0.8062
  ep  35  loss=0.0234  val_mf1=0.8123
  ep  40  loss=0.0155  val_mf1=0.8156
  ep  45  loss=0.0205  val_mf1=0.8237
  ep  50  loss=0.0116  val_mf1=0.8014
  best ep 45  val_mf1=0.8237  (1951s)  TEST mf1=0.8041  wf1=0.8283  acc=0.8290

[3/8]

==== fusion_intermediate_scratch × 3c × B1 × lm=mediapipe ====
  Train N=9404  augment=False  lr=0.001
  class counts train: [4726, 1880, 2798]
  ep   1  loss=0.8661  val_mf1=0.4313
  ep   5  loss=0.6831  val_mf1=0.5559
  ep  10  loss=0.6125  val_mf1=0.7005
  ep  15  loss=0.4472  val_mf1=0.7311
  ep  20  loss=0.2728  val_mf1=0.7572
  ep  25  loss=0.1517  val_mf1=0.7437
  ep  30  loss=0.1038  val_mf1=0.7576
  ep  35  loss=0.0754  val_mf1=0.7357
  ep  40  loss=0.0534  val_mf1=0.7508
  ep  45  loss=0.0550  val_mf1=0.7503
  ep  50  loss=0.0395  val_mf1=0.7414
  best ep 44  val_mf1=0.7613  (3963s)  TEST mf1=0.7675  wf1=0.7946  acc=0.7919

[4/8]

==== fusion_intermediate_tl × 3c × B1 × lm=mediapipe ====
  Train N=9404  augment=False  lr=0.0001
  class counts train: [4726, 1880, 2798]
  ep   1  loss=0.9201  val_mf1=0.6690
  ep   5  loss=0.1867  val_mf1=0.7831
  ep  10  loss=0.0841  val_mf1=0.7918
  ep  15  loss=0.0569  val_mf1=0.7951
  ep  20  loss=0.0508  val_mf1=0.8012
  ep  25  loss=0.0312  val_mf1=0.8054
  ep  30  loss=0.0253  val_mf1=0.7914
  ep  35  loss=0.0308  val_mf1=0.8137
  ep  40  loss=0.0169  val_mf1=0.8181
  ep  45  loss=0.0213  val_mf1=0.7991
  ep  50  loss=0.0113  val_mf1=0.7999
  best ep 49  val_mf1=0.8290  (2017s)  TEST mf1=0.8273  wf1=0.8473  acc=0.8474

[5/8]

==== fusion_early_scratch × 7c × B1 × lm=mediapipe ====
  Train N=9404  augment=False  lr=0.001
  class counts train: [1880, 3725, 1515, 511, 212, 560, 1001]
  ep   1  loss=1.5914  val_mf1=0.3067
  ep   5  loss=0.9562  val_mf1=0.5574
  ep  10  loss=0.6619  val_mf1=0.6381
  ep  15  loss=0.3984  val_mf1=0.6514
  ep  20  loss=0.2251  val_mf1=0.6584
  ep  25  loss=0.1378  val_mf1=0.6400
  ep  30  loss=0.1116  val_mf1=0.6470
  best ep 16  val_mf1=0.6631  (2554s)  TEST mf1=0.6595  wf1=0.7588  acc=0.7636

[6/8]

==== fusion_early_tl × 7c × B1 × lm=mediapipe ====
  Train N=9404  augment=False  lr=0.0001
  class counts train: [1880, 3725, 1515, 511, 212, 560, 1001]
  ep   1  loss=1.1593  val_mf1=0.5745
  ep   5  loss=0.1317  val_mf1=0.6492
  ep  10  loss=0.0637  val_mf1=0.6627
  ep  15  loss=0.0456  val_mf1=0.6748
  ep  20  loss=0.0358  val_mf1=0.6782
  best ep 8  val_mf1=0.6956  (955s)  TEST mf1=0.6743  wf1=0.7714  acc=0.7684

[7/8]

==== fusion_intermediate_scratch × 7c × B1 × lm=mediapipe ====
  Train N=9404  augment=False  lr=0.001
  class counts train: [1880, 3725, 1515, 511, 212, 560, 1001]
  ep   1  loss=1.3768  val_mf1=0.2759
  ep   5  loss=1.0732  val_mf1=0.1693
  ep  10  loss=0.8690  val_mf1=0.5201
  ep  15  loss=0.6448  val_mf1=0.5584
  ep  20  loss=0.3777  val_mf1=0.6248
  ep  25  loss=0.2222  val_mf1=0.6242
  ep  30  loss=0.1536  val_mf1=0.6220
  ep  35  loss=0.1026  val_mf1=0.6262
  ep  40  loss=0.0872  val_mf1=0.6327
  best ep 29  val_mf1=0.6503  (3563s)  TEST mf1=0.6774  wf1=0.7742  acc=0.7762

[8/8]

==== fusion_intermediate_tl × 7c × B1 × lm=mediapipe ====
  Train N=9404  augment=False  lr=0.0001
  class counts train: [1880, 3725, 1515, 511, 212, 560, 1001]
  ep   1  loss=1.5531  val_mf1=0.3734
  ep   5  loss=0.4010  val_mf1=0.6885
  ep  10  loss=0.1308  val_mf1=0.6889
  ep  15  loss=0.0839  val_mf1=0.7156
  ep  20  loss=0.0605  val_mf1=0.6777
  ep  25  loss=0.0474  val_mf1=0.6941
  ep  30  loss=0.0525  val_mf1=0.7267
  ep  35  loss=0.0392  val_mf1=0.7052
  ep  40  loss=0.0240  val_mf1=0.7206
  ep  45  loss=0.0259  val_mf1=0.7101
  best ep 32  val_mf1=0.7271  (1935s)  TEST mf1=0.7204  wf1=0.8112  acc=0.8110

Sweep done: trained=8, skipped_existing=0
Saved: /mnt/extended-home/fitra_dosen/2025_iris_fer_taufik/MultimodalEmoLearn/models/benchmark/rafdb_7class/3class/Unified/fusion_early_scratch/results.json
Saved: /mnt/extended-home/fitra_dosen/2025_iris_fer_taufik/MultimodalEmoLearn/models/benchmark/rafdb_7class/3class/Unified/fusion_early_tl/results.json
Saved: /mnt/extended-home/fitra_dosen/2025_iris_fer_taufik/MultimodalEmoLearn/models/benchmark/rafdb_7class/3class/Unified/fusion_intermediate_scratch/results.json
Saved: /mnt/extended-home/fitra_dosen/2025_iris_fer_taufik/MultimodalEmoLearn/models/benchmark/rafdb_7class/3class/Unified/fusion_intermediate_tl/results.json
Saved: /mnt/extended-home/fitra_dosen/2025_iris_fer_taufik/MultimodalEmoLearn/models/benchmark/rafdb_7class/7class/Unified/fusion_early_scratch/results.json
Saved: /mnt/extended-home/fitra_dosen/2025_iris_fer_taufik/MultimodalEmoLearn/models/benchmark/rafdb_7class/7class/Unified/fusion_early_tl/results.json
Saved: /mnt/extended-home/fitra_dosen/2025_iris_fer_taufik/MultimodalEmoLearn/models/benchmark/rafdb_7class/7class/Unified/fusion_intermediate_scratch/results.json
Saved: /mnt/extended-home/fitra_dosen/2025_iris_fer_taufik/MultimodalEmoLearn/models/benchmark/rafdb_7class/7class/Unified/fusion_intermediate_tl/results.json

====================================================================================================
SUMMARY: Unified protocol fusion macro_f1
====================================================================================================
  scheme  fusion         variant   lm_src            B1        B2        B3
  3c     early          scratch   mediapipe     0.7723       nan       nan
  3c     early          tl        mediapipe     0.8041       nan       nan
  3c     intermediate   scratch   mediapipe     0.7675       nan       nan
  3c     intermediate   tl        mediapipe     0.8273       nan       nan
  7c     early          scratch   mediapipe     0.6595       nan       nan
  7c     early          tl        mediapipe     0.6743       nan       nan
  7c     intermediate   scratch   mediapipe     0.6774       nan       nan
  7c     intermediate   tl        mediapipe     0.7204       nan       nan
=== RAF-DB sweep done at 2026-05-17T04:23:25+07:00 ===
