Device: cuda
Train=5287  Val=579  Test=929
Class dist train: [4526, 416, 287, 27, 2, 13, 16]

[cnn] training...
  val=0.2496  test_macro=0.2738  (2071.7s)

[early_fusion_tl] training...
  val=0.2397  test_macro=0.2643  (439.3s)

[intermediate_tl] training...
  val=0.2715  test_macro=0.2887  (739.6s)

[late_fusion] training CNN branch...
  CNN val=0.2445

[late_fusion] training FCNN branch...
  FCNN val=0.2704
  ensemble val=0.2724  test_macro=0.2460  best_w_cnn=0.10

=== Checkpoints saved to: /mnt/extended-home/fitra_dosen/2025_iris_fer_taufik/MultimodalEmoLearn/models/frontonly_conf60/gradcam_ckpts_7c
  cnn.pth
  early_fusion_tl.pth
  intermediate_tl.pth
  late_fusion_cnn.pth
  late_fusion_fcnn.pth
