Device: cuda
Total runs: 36

[1/36]

==== blendshape_52 × mediapipe × fcnn × 3c × B1 ====
  Train N=5287  in_dim=52  augment=False
  ep   1  loss=0.4563  val_mf1=0.4524
  ep  10  loss=0.3252  val_mf1=0.5005
  ep  20  loss=0.2909  val_mf1=0.4551
  best ep 10  val_mf1=0.5005  (70s)  TEST mf1=0.5688  wf1=0.8028  acc=0.8202

[2/36]

==== blendshape_52 × mediapipe × fcnn × 3c × B2 ====
  Train N=5287  in_dim=52  augment=False
  ep   1  loss=0.8334  val_mf1=0.5805
  ep  10  loss=0.5392  val_mf1=0.5512
  best ep 1  val_mf1=0.5805  (45s)  TEST mf1=0.6474  wf1=0.7864  acc=0.7664

[3/36]

==== blendshape_52 × mediapipe × fcnn × 3c × B3 ====
  Train N=5287  in_dim=52  augment=True
  ep   1  loss=0.8410  val_mf1=0.5686
  ep  10  loss=0.5741  val_mf1=0.5787
  ep  20  loss=0.4993  val_mf1=0.5728
  best ep 14  val_mf1=0.5853  (80s)  TEST mf1=0.6211  wf1=0.7926  acc=0.7772

[4/36]

==== blendshape_52 × mediapipe × cnn1d × 3c × B1 ====
  Train N=5287  in_dim=52  augment=False
  ep   1  loss=0.5326  val_mf1=0.3695
  ep  10  loss=0.3528  val_mf1=0.4651
  ep  20  loss=0.3149  val_mf1=0.4064
  best ep 6  val_mf1=0.4822  (63s)  TEST mf1=0.5311  wf1=0.8045  acc=0.8353

[5/36]

==== blendshape_52 × mediapipe × cnn1d × 3c × B2 ====
  Train N=5287  in_dim=52  augment=False
  ep   1  loss=0.9336  val_mf1=0.4373
  ep  10  loss=0.5990  val_mf1=0.4602
  ep  20  loss=0.4716  val_mf1=0.4077
  ep  30  loss=0.3588  val_mf1=0.4323
  best ep 21  val_mf1=0.5352  (103s)  TEST mf1=0.6016  wf1=0.8006  acc=0.7901

[6/36]

==== blendshape_52 × mediapipe × cnn1d × 3c × B3 ====
  Train N=5287  in_dim=52  augment=True
  ep   1  loss=0.9480  val_mf1=0.3688
  ep  10  loss=0.6581  val_mf1=0.5095
  ep  20  loss=0.5736  val_mf1=0.5064
  best ep 5  val_mf1=0.5558  (58s)  TEST mf1=0.6340  wf1=0.8093  acc=0.7750

[7/36]

==== blendshape_52 × mediapipe × fcnn × 7c × B1 ====
  Train N=5287  in_dim=52  augment=False
  ep   1  loss=0.6195  val_mf1=0.1773
  ep  10  loss=0.3485  val_mf1=0.2176
  best ep 3  val_mf1=0.2470  (51s)  TEST mf1=0.2782  wf1=0.8181  acc=0.8235

[8/36]

==== blendshape_52 × mediapipe × fcnn × 7c × B2 ====
  Train N=5287  in_dim=52  augment=False
  ep   1  loss=1.2130  val_mf1=0.1991
  ep  10  loss=0.4123  val_mf1=0.2608
  ep  20  loss=0.3212  val_mf1=0.2617
  best ep 5  val_mf1=0.2785  (56s)  TEST mf1=0.2177  wf1=0.7009  acc=0.6459

[9/36]

==== blendshape_52 × mediapipe × fcnn × 7c × B3 ====
  Train N=5287  in_dim=52  augment=True
  ep   1  loss=1.2354  val_mf1=0.1654
  ep  10  loss=0.4781  val_mf1=0.2798
  ep  20  loss=0.3886  val_mf1=0.2748
  best ep 14  val_mf1=0.3056  (82s)  TEST mf1=0.2654  wf1=0.7342  acc=0.6846

[10/36]

==== blendshape_52 × mediapipe × cnn1d × 7c × B1 ====
  Train N=5287  in_dim=52  augment=False
  ep   1  loss=0.7989  val_mf1=0.1442
  ep  10  loss=0.3876  val_mf1=0.1611
  ep  20  loss=0.3437  val_mf1=0.1860
  best ep 7  val_mf1=0.2062  (64s)  TEST mf1=0.2411  wf1=0.7981  acc=0.8202

[11/36]

==== blendshape_52 × mediapipe × cnn1d × 7c × B2 ====
  Train N=5287  in_dim=52  augment=False
  ep   1  loss=1.4488  val_mf1=0.1773
  ep  10  loss=0.4118  val_mf1=0.2212
  ep  20  loss=0.2880  val_mf1=0.2201
  best ep 5  val_mf1=0.2241  (58s)  TEST mf1=0.2390  wf1=0.7687  acc=0.7287

[12/36]

==== blendshape_52 × mediapipe × cnn1d × 7c × B3 ====
  Train N=5287  in_dim=52  augment=True
  ep   1  loss=1.4995  val_mf1=0.1794
  ep  10  loss=0.5126  val_mf1=0.1961
  ep  20  loss=0.3973  val_mf1=0.2254
  ep  30  loss=0.3566  val_mf1=0.2517
  ep  40  loss=0.3196  val_mf1=0.2166
  ep  50  loss=0.2977  val_mf1=0.2365
  best ep 43  val_mf1=0.2641  (138s)  TEST mf1=0.2178  wf1=0.7000  acc=0.6372

[13/36]

==== facs_plus_bs_80 × mediapipe × fcnn × 3c × B1 ====
  Train N=5287  in_dim=80  augment=False
  ep   1  loss=0.4479  val_mf1=0.4529
  ep  10  loss=0.3158  val_mf1=0.4427
  ep  20  loss=0.2825  val_mf1=0.4537
  ep  30  loss=0.2578  val_mf1=0.5165
  best ep 23  val_mf1=0.5467  (143s)  TEST mf1=0.5600  wf1=0.8283  acc=0.8525

[14/36]

==== facs_plus_bs_80 × mediapipe × fcnn × 3c × B2 ====
  Train N=5287  in_dim=80  augment=False
  ep   1  loss=0.7948  val_mf1=0.5648
  ep  10  loss=0.4750  val_mf1=0.5131
  best ep 1  val_mf1=0.5648  (61s)  TEST mf1=0.6363  wf1=0.8087  acc=0.7815

[15/36]

==== facs_plus_bs_80 × mediapipe × fcnn × 3c × B3 ====
  Train N=5287  in_dim=80  augment=True
  ep   1  loss=0.8212  val_mf1=0.5525
  ep  10  loss=0.5505  val_mf1=0.5578
  ep  20  loss=0.4640  val_mf1=0.5741
  best ep 13  val_mf1=0.5910  (110s)  TEST mf1=0.6376  wf1=0.7997  acc=0.7686

[16/36]

==== facs_plus_bs_80 × mediapipe × cnn1d × 3c × B1 ====
  Train N=5287  in_dim=80  augment=False
  ep   1  loss=0.5466  val_mf1=0.3459
  ep  10  loss=0.3658  val_mf1=0.4608
  ep  20  loss=0.3264  val_mf1=0.3623
  best ep 10  val_mf1=0.4608  (100s)  TEST mf1=0.6175  wf1=0.8116  acc=0.8267

[17/36]

==== facs_plus_bs_80 × mediapipe × cnn1d × 3c × B2 ====
  Train N=5287  in_dim=80  augment=False
  ep   1  loss=0.9531  val_mf1=0.3523
  ep  10  loss=0.6559  val_mf1=0.5079
  ep  20  loss=0.5127  val_mf1=0.4713
  ep  30  loss=0.4030  val_mf1=0.4710
  best ep 17  val_mf1=0.5647  (129s)  TEST mf1=0.6382  wf1=0.8092  acc=0.8009

[18/36]

==== facs_plus_bs_80 × mediapipe × cnn1d × 3c × B3 ====
  Train N=5287  in_dim=80  augment=True
  ep   1  loss=0.9740  val_mf1=0.4431
  ep  10  loss=0.6937  val_mf1=0.4827
  ep  20  loss=0.5902  val_mf1=0.5332
  ep  30  loss=0.5014  val_mf1=0.4893
  ep  40  loss=0.4965  val_mf1=0.4929
  best ep 34  val_mf1=0.5422  (209s)  TEST mf1=0.5910  wf1=0.8074  acc=0.7901

[19/36]

==== facs_plus_bs_80 × faceapi × fcnn × 3c × B1 ====
  Train N=5287  in_dim=80  augment=False
  ep   1  loss=0.4278  val_mf1=0.4952
  ep  10  loss=0.2673  val_mf1=0.5269
  ep  20  loss=0.2282  val_mf1=0.5815
  best ep 13  val_mf1=0.7202  (106s)  TEST mf1=0.7350  wf1=0.8693  acc=0.8687

[20/36]

==== facs_plus_bs_80 × faceapi × fcnn × 3c × B2 ====
  Train N=5287  in_dim=80  augment=False
  ep   1  loss=0.7275  val_mf1=0.6091
  ep  10  loss=0.3854  val_mf1=0.6732
  ep  20  loss=0.3004  val_mf1=0.6240
  best ep 8  val_mf1=0.6956  (87s)  TEST mf1=0.7116  wf1=0.8621  acc=0.8471

[21/36]

==== facs_plus_bs_80 × faceapi × fcnn × 3c × B3 ====
  Train N=5287  in_dim=80  augment=True
  ep   1  loss=0.7395  val_mf1=0.6062
  ep  10  loss=0.4431  val_mf1=0.5940
  ep  20  loss=0.3640  val_mf1=0.6379
  best ep 7  val_mf1=0.6870  (87s)  TEST mf1=0.6603  wf1=0.8299  acc=0.8095

[22/36]

==== facs_plus_bs_80 × faceapi × cnn1d × 3c × B1 ====
  Train N=5287  in_dim=80  augment=False
  ep   1  loss=0.5354  val_mf1=0.3701
  ep  10  loss=0.3127  val_mf1=0.4888
  ep  20  loss=0.2728  val_mf1=0.5433
  ep  30  loss=0.2535  val_mf1=0.5911
  best ep 19  val_mf1=0.6164  (137s)  TEST mf1=0.6936  wf1=0.8663  acc=0.8751

[23/36]

==== facs_plus_bs_80 × faceapi × cnn1d × 3c × B2 ====
  Train N=5287  in_dim=80  augment=False
  ep   1  loss=0.9141  val_mf1=0.5335
  ep  10  loss=0.5603  val_mf1=0.6888
  ep  20  loss=0.4246  val_mf1=0.5316
  best ep 13  val_mf1=0.7048  (112s)  TEST mf1=0.7156  wf1=0.8553  acc=0.8288

[24/36]

==== facs_plus_bs_80 × faceapi × cnn1d × 3c × B3 ====
  Train N=5287  in_dim=80  augment=True
  ep   1  loss=0.9217  val_mf1=0.5170
  ep  10  loss=0.6046  val_mf1=0.6052
  ep  20  loss=0.5052  val_mf1=0.5488
  best ep 13  val_mf1=0.6981  (117s)  TEST mf1=0.7261  wf1=0.8657  acc=0.8536

[25/36]

==== facs_plus_bs_80 × mediapipe × fcnn × 7c × B1 ====
  Train N=5287  in_dim=80  augment=False
  ep   1  loss=0.6635  val_mf1=0.1980
  ep  10  loss=0.3418  val_mf1=0.2547
  ep  20  loss=0.3115  val_mf1=0.2126
  best ep 10  val_mf1=0.2547  (92s)  TEST mf1=0.2631  wf1=0.8131  acc=0.8213

[26/36]

==== facs_plus_bs_80 × mediapipe × fcnn × 7c × B2 ====
  Train N=5287  in_dim=80  augment=False
  ep   1  loss=1.1956  val_mf1=0.1763
  ep  10  loss=0.3635  val_mf1=0.2300
  ep  20  loss=0.3013  val_mf1=0.2325
  best ep 12  val_mf1=0.3244  (97s)  TEST mf1=0.2969  wf1=0.7930  acc=0.7578

[27/36]

==== facs_plus_bs_80 × mediapipe × fcnn × 7c × B3 ====
  Train N=5287  in_dim=80  augment=True
  ep   1  loss=1.2807  val_mf1=0.1346
  ep  10  loss=0.4453  val_mf1=0.3027
  ep  20  loss=0.3703  val_mf1=0.2964
  ep  30  loss=0.3248  val_mf1=0.2831
  best ep 18  val_mf1=0.3327  (130s)  TEST mf1=0.2654  wf1=0.7435  acc=0.7051

[28/36]

==== facs_plus_bs_80 × mediapipe × cnn1d × 7c × B1 ====
  Train N=5287  in_dim=80  augment=False
  ep   1  loss=0.8273  val_mf1=0.1617
  ep  10  loss=0.4033  val_mf1=0.1381
  ep  20  loss=0.3627  val_mf1=0.1485
  ep  30  loss=0.3320  val_mf1=0.1856
  best ep 16  val_mf1=0.2207  (121s)  TEST mf1=0.2849  wf1=0.8236  acc=0.8321

[29/36]

==== facs_plus_bs_80 × mediapipe × cnn1d × 7c × B2 ====
  Train N=5287  in_dim=80  augment=False
  ep   1  loss=1.5420  val_mf1=0.1876
  ep  10  loss=0.4569  val_mf1=0.1810
  ep  20  loss=0.3188  val_mf1=0.2106
  ep  30  loss=0.2845  val_mf1=0.2451
  ep  40  loss=0.2391  val_mf1=0.2056
  best ep 33  val_mf1=0.2874  (186s)  TEST mf1=0.2496  wf1=0.7765  acc=0.7309

[30/36]

==== facs_plus_bs_80 × mediapipe × cnn1d × 7c × B3 ====
  Train N=5287  in_dim=80  augment=True
  ep   1  loss=1.5686  val_mf1=0.2262
  ep  10  loss=0.5544  val_mf1=0.2419
  ep  20  loss=0.3947  val_mf1=0.2340
  ep  30  loss=0.3680  val_mf1=0.2297
  best ep 23  val_mf1=0.2447  (158s)  TEST mf1=0.2244  wf1=0.7330  acc=0.6803

[31/36]

==== facs_plus_bs_80 × faceapi × fcnn × 7c × B1 ====
  Train N=5287  in_dim=80  augment=False
  ep   1  loss=0.6370  val_mf1=0.2304
  ep  10  loss=0.2793  val_mf1=0.3293
  ep  20  loss=0.2421  val_mf1=0.2832
  best ep 10  val_mf1=0.3293  (92s)  TEST mf1=0.2687  wf1=0.8124  acc=0.8192

[32/36]

==== facs_plus_bs_80 × faceapi × fcnn × 7c × B2 ====
  Train N=5287  in_dim=80  augment=False
  ep   1  loss=1.1158  val_mf1=0.2447
  ep  10  loss=0.2758  val_mf1=0.3214
  ep  20  loss=0.2292  val_mf1=0.3558
  ep  30  loss=0.2013  val_mf1=0.3787
  best ep 23  val_mf1=0.3864  (137s)  TEST mf1=0.3331  wf1=0.8360  acc=0.8181

[33/36]

==== facs_plus_bs_80 × faceapi × fcnn × 7c × B3 ====
  Train N=5287  in_dim=80  augment=True
  ep   1  loss=1.1586  val_mf1=0.2590
  ep  10  loss=0.3465  val_mf1=0.3483
  best ep 3  val_mf1=0.3521  (70s)  TEST mf1=0.2886  wf1=0.7946  acc=0.7524

[34/36]

==== facs_plus_bs_80 × faceapi × cnn1d × 7c × B1 ====
  Train N=5287  in_dim=80  augment=False
  ep   1  loss=0.8163  val_mf1=0.2038
  ep  10  loss=0.3501  val_mf1=0.2615
  ep  20  loss=0.3070  val_mf1=0.2939
  ep  30  loss=0.2855  val_mf1=0.2487
  ep  40  loss=0.2566  val_mf1=0.2554
  best ep 26  val_mf1=0.3130  (161s)  TEST mf1=0.3279  wf1=0.8851  acc=0.8870

[35/36]

==== facs_plus_bs_80 × faceapi × cnn1d × 7c × B2 ====
  Train N=5287  in_dim=80  augment=False
  ep   1  loss=1.5382  val_mf1=0.2363
  ep  10  loss=0.4041  val_mf1=0.2857
  ep  20  loss=0.2595  val_mf1=0.2939
  ep  30  loss=0.2375  val_mf1=0.2796
  ep  40  loss=0.2018  val_mf1=0.2965
  ep  50  loss=0.1770  val_mf1=0.2872
  best ep 41  val_mf1=0.3214  (198s)  TEST mf1=0.2820  wf1=0.8325  acc=0.8062

[36/36]

==== facs_plus_bs_80 × faceapi × cnn1d × 7c × B3 ====
  Train N=5287  in_dim=80  augment=True
  ep   1  loss=1.5528  val_mf1=0.2458
  ep  10  loss=0.4655  val_mf1=0.3278
  ep  20  loss=0.3255  val_mf1=0.3411
  ep  30  loss=0.2883  val_mf1=0.3234
  ep  40  loss=0.2607  val_mf1=0.3111
  best ep 26  val_mf1=0.3785  (172s)  TEST mf1=0.3079  wf1=0.8163  acc=0.7761
Saved: /mnt/extended-home/fitra_dosen/2025_iris_fer_taufik/MultimodalEmoLearn/models/frontonly_conf60/3class/Unified/blendshape_52/results.json
Saved: /mnt/extended-home/fitra_dosen/2025_iris_fer_taufik/MultimodalEmoLearn/models/frontonly_conf60/3class/Unified/facs_plus_bs_80/results.json
Saved: /mnt/extended-home/fitra_dosen/2025_iris_fer_taufik/MultimodalEmoLearn/models/frontonly_conf60/7class/Unified/blendshape_52/results.json
Saved: /mnt/extended-home/fitra_dosen/2025_iris_fer_taufik/MultimodalEmoLearn/models/frontonly_conf60/7class/Unified/facs_plus_bs_80/results.json

===============================================================================================
SUMMARY: derived features macro_f1
===============================================================================================
  scheme  feat                src         arch          B1        B2        B3
  3c     blendshape_52       mediapipe   fcnn      0.5688    0.6474    0.6211
  3c     blendshape_52       mediapipe   cnn1d     0.5311    0.6016    0.6340
  3c     facs_plus_bs_80     mediapipe   fcnn      0.5600    0.6363    0.6376
  3c     facs_plus_bs_80     mediapipe   cnn1d     0.6175    0.6382    0.5910
  3c     facs_plus_bs_80     faceapi     fcnn      0.7350    0.7116    0.6603
  3c     facs_plus_bs_80     faceapi     cnn1d     0.6936    0.7156    0.7261
  7c     blendshape_52       mediapipe   fcnn      0.2782    0.2177    0.2654
  7c     blendshape_52       mediapipe   cnn1d     0.2411    0.2390    0.2178
  7c     facs_plus_bs_80     mediapipe   fcnn      0.2631    0.2969    0.2654
  7c     facs_plus_bs_80     mediapipe   cnn1d     0.2849    0.2496    0.2244
  7c     facs_plus_bs_80     faceapi     fcnn      0.2687    0.3331    0.2886
  7c     facs_plus_bs_80     faceapi     cnn1d     0.3279    0.2820    0.3079
