Device: cuda
Total runs: 48

[1/48]

==== mediapipe × raw_136 × fcnn × 3c × B1 ====
  Train N=5287  in_dim=136  augment=False
  class counts train: [432, 4526, 329]
  ep   1  loss=0.5526  val_mf1=0.3011
  ep  10  loss=0.3732  val_mf1=0.3525
  ep  20  loss=0.3521  val_mf1=0.2971
  best ep 6  val_mf1=0.5010  (47s)  TEST mf1=0.5087  wf1=0.7867  acc=0.8202

[2/48]

==== mediapipe × raw_136 × fcnn × 3c × B2 ====
  Train N=5287  in_dim=136  augment=False
  class counts train: [432, 4526, 329]
  ep   1  loss=0.9694  val_mf1=0.2621
  ep  10  loss=0.6568  val_mf1=0.0789
  ep  20  loss=0.6179  val_mf1=0.4466
  ep  30  loss=0.5729  val_mf1=0.0994
  ep  40  loss=0.5323  val_mf1=0.5176
  ep  50  loss=0.5221  val_mf1=0.4921
  best ep 40  val_mf1=0.5176  (132s)  TEST mf1=0.5104  wf1=0.6307  acc=0.5511

[3/48]

==== mediapipe × raw_136 × fcnn × 3c × B3 ====
  Train N=5287  in_dim=136  augment=True
  class counts train: [432, 4526, 329]
  ep   1  loss=1.0921  val_mf1=0.1020
  ep  10  loss=0.8012  val_mf1=0.4229
  ep  20  loss=0.7695  val_mf1=0.4612
  best ep 12  val_mf1=0.5291  (72s)  TEST mf1=0.5652  wf1=0.6979  acc=0.6738

[4/48]

==== mediapipe × raw_136 × cnn1d × 3c × B1 ====
  Train N=5287  in_dim=136  augment=False
  class counts train: [432, 4526, 329]
  ep   1  loss=0.5631  val_mf1=0.3011
  ep  10  loss=0.4348  val_mf1=0.3374
  ep  20  loss=0.3888  val_mf1=0.4342
  best ep 12  val_mf1=0.5166  (126s)  TEST mf1=0.5336  wf1=0.7878  acc=0.8235

[5/48]

==== mediapipe × raw_136 × cnn1d × 3c × B2 ====
  Train N=5287  in_dim=136  augment=False
  class counts train: [432, 4526, 329]
  ep   1  loss=1.0915  val_mf1=0.2952
  ep  10  loss=0.7743  val_mf1=0.5604
  ep  20  loss=0.6788  val_mf1=0.5210
  best ep 10  val_mf1=0.5604  (117s)  TEST mf1=0.5163  wf1=0.6856  acc=0.6297

[6/48]

==== mediapipe × raw_136 × cnn1d × 3c × B3 ====
  Train N=5287  in_dim=136  augment=True
  class counts train: [432, 4526, 329]
  ep   1  loss=1.1111  val_mf1=0.2976
  ep  10  loss=0.8612  val_mf1=0.5440
  ep  20  loss=0.7943  val_mf1=0.5028
  ep  30  loss=0.7620  val_mf1=0.5376
  ep  40  loss=0.7233  val_mf1=0.5213
  best ep 25  val_mf1=0.5787  (195s)  TEST mf1=0.7005  wf1=0.8172  acc=0.8041

[7/48]

==== faceapi × raw_136 × fcnn × 3c × B1 ====
  Train N=5287  in_dim=136  augment=False
  class counts train: [432, 4526, 329]
  ep   1  loss=0.5063  val_mf1=0.6101
  ep  10  loss=0.3141  val_mf1=0.6067
  ep  20  loss=0.2959  val_mf1=0.6719
  ep  30  loss=0.2756  val_mf1=0.4191
  best ep 18  val_mf1=0.7370  (78s)  TEST mf1=0.7119  wf1=0.8451  acc=0.8471

[8/48]

==== faceapi × raw_136 × fcnn × 3c × B2 ====
  Train N=5287  in_dim=136  augment=False
  class counts train: [432, 4526, 329]
  ep   1  loss=0.8783  val_mf1=0.5314
  ep  10  loss=0.5410  val_mf1=0.2886
  ep  20  loss=0.4833  val_mf1=0.6042
  ep  30  loss=0.4340  val_mf1=0.5898
  ep  40  loss=0.3770  val_mf1=0.2416
  best ep 27  val_mf1=0.6532  (103s)  TEST mf1=0.6827  wf1=0.8156  acc=0.7836

[9/48]

==== faceapi × raw_136 × fcnn × 3c × B3 ====
  Train N=5287  in_dim=136  augment=True
  class counts train: [432, 4526, 329]
  ep   1  loss=0.9695  val_mf1=0.3624
  ep  10  loss=0.6264  val_mf1=0.7130
  ep  20  loss=0.5910  val_mf1=0.5499
  ep  30  loss=0.5650  val_mf1=0.5905
  best ep 15  val_mf1=0.7142  (80s)  TEST mf1=0.6928  wf1=0.8341  acc=0.7976

[10/48]

==== faceapi × raw_136 × cnn1d × 3c × B1 ====
  Train N=5287  in_dim=136  augment=False
  class counts train: [432, 4526, 329]
  ep   1  loss=0.5697  val_mf1=0.3011
  ep  10  loss=0.3687  val_mf1=0.4316
  ep  20  loss=0.3383  val_mf1=0.4881
  best ep 12  val_mf1=0.6892  (128s)  TEST mf1=0.6627  wf1=0.8213  acc=0.8332

[11/48]

==== faceapi × raw_136 × cnn1d × 3c × B2 ====
  Train N=5287  in_dim=136  augment=False
  class counts train: [432, 4526, 329]
  ep   1  loss=1.0668  val_mf1=0.1624
  ep  10  loss=0.6695  val_mf1=0.6420
  ep  20  loss=0.5963  val_mf1=0.5706
  ep  30  loss=0.5584  val_mf1=0.5613
  ep  40  loss=0.4526  val_mf1=0.6959
  ep  50  loss=0.4064  val_mf1=0.6142
  best ep 40  val_mf1=0.6959  (233s)  TEST mf1=0.6885  wf1=0.8187  acc=0.7922

[12/48]

==== faceapi × raw_136 × cnn1d × 3c × B3 ====
  Train N=5287  in_dim=136  augment=True
  class counts train: [432, 4526, 329]
  ep   1  loss=1.1206  val_mf1=0.4480
  ep  10  loss=0.7347  val_mf1=0.5675
  ep  20  loss=0.6768  val_mf1=0.6548
  ep  30  loss=0.6579  val_mf1=0.5643
  best ep 15  val_mf1=0.7098  (149s)  TEST mf1=0.7358  wf1=0.8619  acc=0.8525

[13/48]

==== mediapipe × facs_28 × fcnn × 3c × B1 ====
  Train N=5287  in_dim=28  augment=False
  class counts train: [432, 4526, 329]
  ep   1  loss=0.4722  val_mf1=0.4710
  ep  10  loss=0.3269  val_mf1=0.4233
  ep  20  loss=0.3046  val_mf1=0.4586
  ep  30  loss=0.2926  val_mf1=0.5171
  ep  40  loss=0.2753  val_mf1=0.4468
  ep  50  loss=0.2629  val_mf1=0.5440
  best ep 39  val_mf1=0.5594  (166s)  TEST mf1=0.5594  wf1=0.7314  acc=0.7061

[14/48]

==== mediapipe × facs_28 × fcnn × 3c × B2 ====
  Train N=5287  in_dim=28  augment=False
  class counts train: [432, 4526, 329]
  ep   1  loss=0.8307  val_mf1=0.4224
  ep  10  loss=0.5732  val_mf1=0.4738
  best ep 3  val_mf1=0.5271  (63s)  TEST mf1=0.6122  wf1=0.7815  acc=0.7653

[15/48]

==== mediapipe × facs_28 × fcnn × 3c × B3 ====
  Train N=5287  in_dim=28  augment=True
  class counts train: [432, 4526, 329]
  ep   1  loss=0.9319  val_mf1=0.4895
  ep  10  loss=0.7243  val_mf1=0.5189
  ep  20  loss=0.7161  val_mf1=0.5229
  best ep 12  val_mf1=0.5577  (104s)  TEST mf1=0.6246  wf1=0.8112  acc=0.7879

[16/48]

==== mediapipe × facs_28 × cnn1d × 3c × B1 ====
  Train N=5287  in_dim=28  augment=False
  class counts train: [432, 4526, 329]
  ep   1  loss=0.5769  val_mf1=0.3475
  ep  10  loss=0.3846  val_mf1=0.5348
  ep  20  loss=0.3619  val_mf1=0.4558
  ep  30  loss=0.3459  val_mf1=0.4819
  ep  40  loss=0.3323  val_mf1=0.5795
  ep  50  loss=0.3205  val_mf1=0.4981
  best ep 35  val_mf1=0.5963  (180s)  TEST mf1=0.5274  wf1=0.7593  acc=0.7664

[17/48]

==== mediapipe × facs_28 × cnn1d × 3c × B2 ====
  Train N=5287  in_dim=28  augment=False
  class counts train: [432, 4526, 329]
  ep   1  loss=0.9903  val_mf1=0.4346
  ep  10  loss=0.7335  val_mf1=0.4612
  ep  20  loss=0.6518  val_mf1=0.4475
  best ep 7  val_mf1=0.5340  (80s)  TEST mf1=0.5495  wf1=0.7072  acc=0.6329

[18/48]

==== mediapipe × facs_28 × cnn1d × 3c × B3 ====
  Train N=5287  in_dim=28  augment=True
  class counts train: [432, 4526, 329]
  ep   1  loss=1.0258  val_mf1=0.4489
  ep  10  loss=0.8173  val_mf1=0.4682
  ep  20  loss=0.7638  val_mf1=0.4841
  best ep 5  val_mf1=0.5635  (78s)  TEST mf1=0.5613  wf1=0.6995  acc=0.6286

[19/48]

==== faceapi × facs_28 × fcnn × 3c × B1 ====
  Train N=5287  in_dim=28  augment=False
  class counts train: [432, 4526, 329]
  ep   1  loss=0.4184  val_mf1=0.7077
  ep  10  loss=0.2819  val_mf1=0.6666
  ep  20  loss=0.2601  val_mf1=0.6755
  best ep 7  val_mf1=0.7279  (76s)  TEST mf1=0.7585  wf1=0.8889  acc=0.8870

[20/48]

==== faceapi × facs_28 × fcnn × 3c × B2 ====
  Train N=5287  in_dim=28  augment=False
  class counts train: [432, 4526, 329]
  ep   1  loss=0.7288  val_mf1=0.7039
  ep  10  loss=0.4887  val_mf1=0.6545
  ep  20  loss=0.4435  val_mf1=0.6365
  best ep 12  val_mf1=0.7705  (87s)  TEST mf1=0.7489  wf1=0.8622  acc=0.8536

[21/48]

==== faceapi × facs_28 × fcnn × 3c × B3 ====
  Train N=5287  in_dim=28  augment=True
  class counts train: [432, 4526, 329]
  ep   1  loss=0.7698  val_mf1=0.7355
  ep  10  loss=0.6017  val_mf1=0.6447
  ep  20  loss=0.5956  val_mf1=0.7500
  best ep 6  val_mf1=0.7692  (79s)  TEST mf1=0.7372  wf1=0.8714  acc=0.8547

[22/48]

==== faceapi × facs_28 × cnn1d × 3c × B1 ====
  Train N=5287  in_dim=28  augment=False
  class counts train: [432, 4526, 329]
  ep   1  loss=0.5491  val_mf1=0.5386
  ep  10  loss=0.3297  val_mf1=0.6515
  ep  20  loss=0.3059  val_mf1=0.6100
  best ep 8  val_mf1=0.7129  (83s)  TEST mf1=0.7143  wf1=0.8601  acc=0.8676

[23/48]

==== faceapi × facs_28 × cnn1d × 3c × B2 ====
  Train N=5287  in_dim=28  augment=False
  class counts train: [432, 4526, 329]
  ep   1  loss=0.8971  val_mf1=0.6412
  ep  10  loss=0.6235  val_mf1=0.6482
  ep  20  loss=0.5628  val_mf1=0.5889
  best ep 7  val_mf1=0.7723  (81s)  TEST mf1=0.6997  wf1=0.8530  acc=0.8342

[24/48]

==== faceapi × facs_28 × cnn1d × 3c × B3 ====
  Train N=5287  in_dim=28  augment=True
  class counts train: [432, 4526, 329]
  ep   1  loss=0.9213  val_mf1=0.6313
  ep  10  loss=0.6828  val_mf1=0.7748
  best ep 3  val_mf1=0.7886  (70s)  TEST mf1=0.7120  wf1=0.8652  acc=0.8525

[25/48]

==== mediapipe × raw_136 × fcnn × 7c × B1 ====
  Train N=5287  in_dim=136  augment=False
  class counts train: [4526, 416, 287, 27, 2, 13, 16]
  ep   1  loss=0.6953  val_mf1=0.1291
  ep  10  loss=0.4134  val_mf1=0.0820
  ep  20  loss=0.3865  val_mf1=0.1944
  best ep 13  val_mf1=0.2484  (73s)  TEST mf1=0.2255  wf1=0.7574  acc=0.7578

[26/48]

==== mediapipe × raw_136 × fcnn × 7c × B2 ====
  Train N=5287  in_dim=136  augment=False
  class counts train: [4526, 416, 287, 27, 2, 13, 16]
  ep   1  loss=1.4862  val_mf1=0.0171
  ep  10  loss=0.6463  val_mf1=0.1635
  ep  20  loss=0.5280  val_mf1=0.1981
  ep  30  loss=0.4680  val_mf1=0.1580
  best ep 17  val_mf1=0.2264  (83s)  TEST mf1=0.1827  wf1=0.6768  acc=0.6416

[27/48]

==== mediapipe × raw_136 × fcnn × 7c × B3 ====
  Train N=5287  in_dim=136  augment=True
  class counts train: [4526, 416, 287, 27, 2, 13, 16]
  ep   1  loss=1.8035  val_mf1=0.0178
  ep  10  loss=1.1097  val_mf1=0.0705
  ep  20  loss=0.8821  val_mf1=0.1868
  ep  30  loss=0.7882  val_mf1=0.0602
  best ep 16  val_mf1=0.2458  (84s)  TEST mf1=0.2392  wf1=0.6920  acc=0.6017

[28/48]

==== mediapipe × raw_136 × cnn1d × 7c × B1 ====
  Train N=5287  in_dim=136  augment=False
  class counts train: [4526, 416, 287, 27, 2, 13, 16]
  ep   1  loss=0.7444  val_mf1=0.1291
  ep  10  loss=0.4684  val_mf1=0.1291
  ep  20  loss=0.4135  val_mf1=0.1570
  ep  30  loss=0.3912  val_mf1=0.1926
  best ep 19  val_mf1=0.2493  (152s)  TEST mf1=0.2471  wf1=0.7704  acc=0.7675

[29/48]

==== mediapipe × raw_136 × cnn1d × 7c × B2 ====
  Train N=5287  in_dim=136  augment=False
  class counts train: [4526, 416, 287, 27, 2, 13, 16]
  ep   1  loss=1.7643  val_mf1=0.0359
  ep  10  loss=0.7881  val_mf1=0.2054
  ep  20  loss=0.5411  val_mf1=0.1714
  ep  30  loss=0.4201  val_mf1=0.1889
  ep  40  loss=0.3629  val_mf1=0.1291
  best ep 28  val_mf1=0.2284  (198s)  TEST mf1=0.2673  wf1=0.7385  acc=0.6868

[30/48]

==== mediapipe × raw_136 × cnn1d × 7c × B3 ====
  Train N=5287  in_dim=136  augment=True
  class counts train: [4526, 416, 287, 27, 2, 13, 16]
  ep   1  loss=1.8918  val_mf1=0.0307
  ep  10  loss=1.2369  val_mf1=0.1876
  ep  20  loss=0.9357  val_mf1=0.1806
  ep  30  loss=0.7705  val_mf1=0.2411
  ep  40  loss=0.6580  val_mf1=0.1854
  best ep 29  val_mf1=0.2621  (214s)  TEST mf1=0.2226  wf1=0.5846  acc=0.4930

[31/48]

==== faceapi × raw_136 × fcnn × 7c × B1 ====
  Train N=5287  in_dim=136  augment=False
  class counts train: [4526, 416, 287, 27, 2, 13, 16]
  ep   1  loss=0.6436  val_mf1=0.2381
  ep  10  loss=0.3357  val_mf1=0.2532
  ep  20  loss=0.3034  val_mf1=0.2545
  ep  30  loss=0.2857  val_mf1=0.3082
  ep  40  loss=0.2720  val_mf1=0.2813
  ep  50  loss=0.2468  val_mf1=0.3214
  best ep 39  val_mf1=0.3528  (130s)  TEST mf1=0.3122  wf1=0.8445  acc=0.8450

[32/48]

==== faceapi × raw_136 × fcnn × 7c × B2 ====
  Train N=5287  in_dim=136  augment=False
  class counts train: [4526, 416, 287, 27, 2, 13, 16]
  ep   1  loss=1.3041  val_mf1=0.1933
  ep  10  loss=0.4475  val_mf1=0.2248
  ep  20  loss=0.3589  val_mf1=0.2752
  best ep 9  val_mf1=0.3425  (63s)  TEST mf1=0.2386  wf1=0.5489  acc=0.4467

[33/48]

==== faceapi × raw_136 × fcnn × 7c × B3 ====
  Train N=5287  in_dim=136  augment=True
  class counts train: [4526, 416, 287, 27, 2, 13, 16]
  ep   1  loss=1.6083  val_mf1=0.0838
  ep  10  loss=0.7075  val_mf1=0.2402
  ep  20  loss=0.5910  val_mf1=0.1616
  ep  30  loss=0.5250  val_mf1=0.2427
  best ep 24  val_mf1=0.4655  (104s)  TEST mf1=0.2885  wf1=0.7289  acc=0.6319

[34/48]

==== faceapi × raw_136 × cnn1d × 7c × B1 ====
  Train N=5287  in_dim=136  augment=False
  class counts train: [4526, 416, 287, 27, 2, 13, 16]
  ep   1  loss=0.7619  val_mf1=0.1291
  ep  10  loss=0.3970  val_mf1=0.2262
  ep  20  loss=0.3491  val_mf1=0.3296
  ep  30  loss=0.3288  val_mf1=0.3155
  best ep 20  val_mf1=0.3296  (150s)  TEST mf1=0.3256  wf1=0.8837  acc=0.8827

[35/48]

==== faceapi × raw_136 × cnn1d × 7c × B2 ====
  Train N=5287  in_dim=136  augment=False
  class counts train: [4526, 416, 287, 27, 2, 13, 16]
  ep   1  loss=1.7684  val_mf1=0.0411
  ep  10  loss=0.5806  val_mf1=0.2993
  ep  20  loss=0.3998  val_mf1=0.2679
  best ep 10  val_mf1=0.2993  (118s)  TEST mf1=0.2309  wf1=0.6518  acc=0.5544

[36/48]

==== faceapi × raw_136 × cnn1d × 7c × B3 ====
  Train N=5287  in_dim=136  augment=True
  class counts train: [4526, 416, 287, 27, 2, 13, 16]
  ep   1  loss=1.8548  val_mf1=0.0295
  ep  10  loss=0.8571  val_mf1=0.2138
  ep  20  loss=0.6049  val_mf1=0.2994
  best ep 13  val_mf1=0.3822  (137s)  TEST mf1=0.2218  wf1=0.6142  acc=0.5135

[37/48]

==== mediapipe × facs_28 × fcnn × 7c × B1 ====
  Train N=5287  in_dim=28  augment=False
  class counts train: [4526, 416, 287, 27, 2, 13, 16]
  ep   1  loss=0.6735  val_mf1=0.2498
  ep  10  loss=0.3587  val_mf1=0.2028
  best ep 1  val_mf1=0.2498  (56s)  TEST mf1=0.1972  wf1=0.7126  acc=0.7449

[38/48]

==== mediapipe × facs_28 × fcnn × 7c × B2 ====
  Train N=5287  in_dim=28  augment=False
  class counts train: [4526, 416, 287, 27, 2, 13, 16]
  ep   1  loss=1.2520  val_mf1=0.2638
  ep  10  loss=0.4613  val_mf1=0.2358
  best ep 1  val_mf1=0.2638  (56s)  TEST mf1=0.2351  wf1=0.6361  acc=0.5307

[39/48]

==== mediapipe × facs_28 × fcnn × 7c × B3 ====
  Train N=5287  in_dim=28  augment=True
  class counts train: [4526, 416, 287, 27, 2, 13, 16]
  ep   1  loss=1.5672  val_mf1=0.2073
  ep  10  loss=0.8158  val_mf1=0.2107
  ep  20  loss=0.6619  val_mf1=0.2046
  best ep 9  val_mf1=0.2433  (93s)  TEST mf1=0.2038  wf1=0.5244  acc=0.4220

[40/48]

==== mediapipe × facs_28 × cnn1d × 7c × B1 ====
  Train N=5287  in_dim=28  augment=False
  class counts train: [4526, 416, 287, 27, 2, 13, 16]
  ep   1  loss=0.8549  val_mf1=0.1291
  ep  10  loss=0.4305  val_mf1=0.2000
  ep  20  loss=0.3946  val_mf1=0.2208
  ep  30  loss=0.3810  val_mf1=0.2326
  ep  40  loss=0.3641  val_mf1=0.2422
  best ep 29  val_mf1=0.2809  (163s)  TEST mf1=0.2239  wf1=0.7499  acc=0.7524

[41/48]

==== mediapipe × facs_28 × cnn1d × 7c × B2 ====
  Train N=5287  in_dim=28  augment=False
  class counts train: [4526, 416, 287, 27, 2, 13, 16]
  ep   1  loss=1.7199  val_mf1=0.0886
  ep  10  loss=0.6229  val_mf1=0.1995
  ep  20  loss=0.4269  val_mf1=0.1889
  best ep 12  val_mf1=0.2220  (94s)  TEST mf1=0.2077  wf1=0.5529  acc=0.4682

[42/48]

==== mediapipe × facs_28 × cnn1d × 7c × B3 ====
  Train N=5287  in_dim=28  augment=True
  class counts train: [4526, 416, 287, 27, 2, 13, 16]
  ep   1  loss=1.7731  val_mf1=0.1769
  ep  10  loss=0.9261  val_mf1=0.2368
  ep  20  loss=0.7598  val_mf1=0.2179
  best ep 10  val_mf1=0.2368  (100s)  TEST mf1=0.1769  wf1=0.5464  acc=0.4273

[43/48]

==== faceapi × facs_28 × fcnn × 7c × B1 ====
  Train N=5287  in_dim=28  augment=False
  class counts train: [4526, 416, 287, 27, 2, 13, 16]
  ep   1  loss=0.6180  val_mf1=0.3448
  ep  10  loss=0.3046  val_mf1=0.3173
  best ep 2  val_mf1=0.3486  (59s)  TEST mf1=0.3090  wf1=0.8581  acc=0.8579

[44/48]

==== faceapi × facs_28 × fcnn × 7c × B2 ====
  Train N=5287  in_dim=28  augment=False
  class counts train: [4526, 416, 287, 27, 2, 13, 16]
  ep   1  loss=1.1922  val_mf1=0.3306
  ep  10  loss=0.4662  val_mf1=0.2909
  ep  20  loss=0.3390  val_mf1=0.2872
  ep  30  loss=0.2863  val_mf1=0.3443
  ep  40  loss=0.2614  val_mf1=0.3671
  best ep 25  val_mf1=0.3898  (142s)  TEST mf1=0.3036  wf1=0.8521  acc=0.8138

[45/48]

==== faceapi × facs_28 × fcnn × 7c × B3 ====
  Train N=5287  in_dim=28  augment=True
  class counts train: [4526, 416, 287, 27, 2, 13, 16]
  ep   1  loss=1.3132  val_mf1=0.2918
  ep  10  loss=0.7094  val_mf1=0.2992
  ep  20  loss=0.5851  val_mf1=0.4406
  ep  30  loss=0.5353  val_mf1=0.3373
  best ep 15  val_mf1=0.4443  (115s)  TEST mf1=0.2907  wf1=0.7834  acc=0.7126

[46/48]

==== faceapi × facs_28 × cnn1d × 7c × B1 ====
  Train N=5287  in_dim=28  augment=False
  class counts train: [4526, 416, 287, 27, 2, 13, 16]
  ep   1  loss=0.8245  val_mf1=0.2455
  ep  10  loss=0.3678  val_mf1=0.2986
  ep  20  loss=0.3291  val_mf1=0.3156
  best ep 12  val_mf1=0.3411  (100s)  TEST mf1=0.3114  wf1=0.8672  acc=0.8708

[47/48]

==== faceapi × facs_28 × cnn1d × 7c × B2 ====
  Train N=5287  in_dim=28  augment=False
  class counts train: [4526, 416, 287, 27, 2, 13, 16]
  ep   1  loss=1.6425  val_mf1=0.1727
  ep  10  loss=0.6074  val_mf1=0.3359
  ep  20  loss=0.4230  val_mf1=0.3091
  best ep 6  val_mf1=0.3601  (76s)  TEST mf1=0.3211  wf1=0.8433  acc=0.8149

[48/48]

==== faceapi × facs_28 × cnn1d × 7c × B3 ====
  Train N=5287  in_dim=28  augment=True
  class counts train: [4526, 416, 287, 27, 2, 13, 16]
  ep   1  loss=1.6507  val_mf1=0.2396
  ep  10  loss=0.8212  val_mf1=0.3429
  ep  20  loss=0.6386  val_mf1=0.3655
  best ep 8  val_mf1=0.3671  (90s)  TEST mf1=0.3117  wf1=0.8192  acc=0.7772
Saved: /mnt/extended-home/fitra_dosen/2025_iris_fer_taufik/MultimodalEmoLearn/models/frontonly_conf60/3class/Unified/raw_136/results.json
Saved: /mnt/extended-home/fitra_dosen/2025_iris_fer_taufik/MultimodalEmoLearn/models/frontonly_conf60/3class/Unified/facs_28/results.json
Saved: /mnt/extended-home/fitra_dosen/2025_iris_fer_taufik/MultimodalEmoLearn/models/frontonly_conf60/7class/Unified/raw_136/results.json
Saved: /mnt/extended-home/fitra_dosen/2025_iris_fer_taufik/MultimodalEmoLearn/models/frontonly_conf60/7class/Unified/facs_28/results.json

===============================================================================================
SUMMARY: Unified protocol macro_f1
===============================================================================================
  scheme  feat      src         arch          B1        B2        B3
  3c     raw_136   mediapipe   fcnn      0.5087    0.5104    0.5652
  3c     raw_136   mediapipe   cnn1d     0.5336    0.5163    0.7005
  3c     raw_136   faceapi     fcnn      0.7119    0.6827    0.6928
  3c     raw_136   faceapi     cnn1d     0.6627    0.6885    0.7358
  3c     facs_28   mediapipe   fcnn      0.5594    0.6122    0.6246
  3c     facs_28   mediapipe   cnn1d     0.5274    0.5495    0.5613
  3c     facs_28   faceapi     fcnn      0.7585    0.7489    0.7372
  3c     facs_28   faceapi     cnn1d     0.7143    0.6997    0.7120
  7c     raw_136   mediapipe   fcnn      0.2255    0.1827    0.2392
  7c     raw_136   mediapipe   cnn1d     0.2471    0.2673    0.2226
  7c     raw_136   faceapi     fcnn      0.3122    0.2386    0.2885
  7c     raw_136   faceapi     cnn1d     0.3256    0.2309    0.2218
  7c     facs_28   mediapipe   fcnn      0.1972    0.2351    0.2038
  7c     facs_28   mediapipe   cnn1d     0.2239    0.2077    0.1769
  7c     facs_28   faceapi     fcnn      0.3090    0.3036    0.2907
  7c     facs_28   faceapi     cnn1d     0.3114    0.3211    0.3117
