Device: cuda
Total runs: 12

[1/12]

==== cnn_scratch × 3c × B1 ====
  Train N=5287  img_shape=(224, 224, 3)  augment=False  lr=0.001
  class counts train: [432, 4526, 329]
  ep   1  loss=0.5348  val_mf1=0.3011
  ep   5  loss=0.3662  val_mf1=0.3011
  ep  10  loss=0.2785  val_mf1=0.4100
  ep  15  loss=0.2295  val_mf1=0.3816
  ep  20  loss=0.1823  val_mf1=0.4085
  ep  25  loss=0.1434  val_mf1=0.4367
  ep  30  loss=0.1105  val_mf1=0.3639
  ep  35  loss=0.0945  val_mf1=0.4064
  best ep 21  val_mf1=0.4400  (1133s)  TEST mf1=0.5095  wf1=0.7759  acc=0.8019

[2/12]

==== cnn_scratch × 3c × B2 ====
  Train N=5287  img_shape=(224, 224, 3)  augment=False  lr=0.001
  class counts train: [432, 4526, 329]
  ep   1  loss=0.9539  val_mf1=0.4335
  ep   5  loss=0.5414  val_mf1=0.4321
  ep  10  loss=0.3411  val_mf1=0.4019
  ep  15  loss=0.2323  val_mf1=0.3816
  best ep 4  val_mf1=0.4363  (584s)  TEST mf1=0.4124  wf1=0.5059  acc=0.4855

[3/12]

==== cnn_scratch × 3c × B3 ====
  Train N=5287  img_shape=(224, 224, 3)  augment=True  lr=0.001
  class counts train: [432, 4526, 329]
  ep   1  loss=1.0584  val_mf1=0.4670
  ep   5  loss=0.7181  val_mf1=0.4253
  ep  10  loss=0.5845  val_mf1=0.4248
  ep  15  loss=0.4775  val_mf1=0.4508
  ep  20  loss=0.4214  val_mf1=0.4313
  best ep 8  val_mf1=0.5030  (711s)  TEST mf1=0.5700  wf1=0.7523  acc=0.7374

[4/12]

==== cnn_tl × 3c × B1 ====
  Train N=5287  img_shape=(224, 224, 3)  augment=False  lr=0.0001
  class counts train: [432, 4526, 329]
  ep   1  loss=0.6349  val_mf1=0.4257
  ep   5  loss=0.1267  val_mf1=0.3358
  ep  10  loss=0.0400  val_mf1=0.3346
  ep  15  loss=0.0227  val_mf1=0.3287
  best ep 1  val_mf1=0.4257  (223s)  TEST mf1=0.6348  wf1=0.8031  acc=0.8062

[5/12]

==== cnn_tl × 3c × B2 ====
  Train N=5287  img_shape=(224, 224, 3)  augment=False  lr=0.0001
  class counts train: [432, 4526, 329]
  ep   1  loss=0.4599  val_mf1=0.5317
  ep   5  loss=0.0755  val_mf1=0.4255
  ep  10  loss=0.0353  val_mf1=0.4357
  ep  15  loss=0.0201  val_mf1=0.3287
  best ep 1  val_mf1=0.5317  (241s)  TEST mf1=0.7107  wf1=0.8279  acc=0.8149

[6/12]

==== cnn_tl × 3c × B3 ====
  Train N=5287  img_shape=(224, 224, 3)  augment=True  lr=0.0001
  class counts train: [432, 4526, 329]
  ep   1  loss=0.5950  val_mf1=0.5674
  ep   5  loss=0.2251  val_mf1=0.4672
  ep  10  loss=0.1495  val_mf1=0.4273
  ep  15  loss=0.1117  val_mf1=0.3869
  best ep 4  val_mf1=0.5858  (286s)  TEST mf1=0.6911  wf1=0.8164  acc=0.7955

[7/12]

==== cnn_scratch × 7c × B1 ====
  Train N=5287  img_shape=(224, 224, 3)  augment=False  lr=0.001
  class counts train: [4526, 416, 287, 27, 2, 13, 16]
  ep   1  loss=0.6340  val_mf1=0.1291
  ep   5  loss=0.4097  val_mf1=0.1289
  ep  10  loss=0.3230  val_mf1=0.1599
  ep  15  loss=0.2620  val_mf1=0.1822
  ep  20  loss=0.2009  val_mf1=0.1746
  best ep 8  val_mf1=0.1901  (713s)  TEST mf1=0.2432  wf1=0.7577  acc=0.7922

[8/12]

==== cnn_scratch × 7c × B2 ====
  Train N=5287  img_shape=(224, 224, 3)  augment=False  lr=0.001
  class counts train: [4526, 416, 287, 27, 2, 13, 16]
  ep   1  loss=1.1095  val_mf1=0.1127
  ep   5  loss=0.2385  val_mf1=0.1364
  ep  10  loss=0.1269  val_mf1=0.1360
  ep  15  loss=0.0951  val_mf1=0.1461
  ep  20  loss=0.0767  val_mf1=0.1325
  ep  25  loss=0.0592  val_mf1=0.1329
  ep  30  loss=0.0670  val_mf1=0.1341
  best ep 16  val_mf1=0.1489  (966s)  TEST mf1=0.1903  wf1=0.6543  acc=0.6286

[9/12]

==== cnn_scratch × 7c × B3 ====
  Train N=5287  img_shape=(224, 224, 3)  augment=True  lr=0.001
  class counts train: [4526, 416, 287, 27, 2, 13, 16]
  ep   1  loss=1.4092  val_mf1=0.1149
  ep   5  loss=0.5719  val_mf1=0.1697
  ep  10  loss=0.3929  val_mf1=0.2000
  ep  15  loss=0.3360  val_mf1=0.2010
  ep  20  loss=0.2862  val_mf1=0.1939
  ep  25  loss=0.2468  val_mf1=0.1512
  ep  30  loss=0.2412  val_mf1=0.1721
  best ep 15  val_mf1=0.2010  (929s)  TEST mf1=0.2582  wf1=0.7900  acc=0.7783

[10/12]

==== cnn_tl × 7c × B1 ====
  Train N=5287  img_shape=(224, 224, 3)  augment=False  lr=0.0001
  class counts train: [4526, 416, 287, 27, 2, 13, 16]
  ep   1  loss=1.0117  val_mf1=0.2277
  ep   5  loss=0.1675  val_mf1=0.2140
  ep  10  loss=0.0494  val_mf1=0.1940
  ep  15  loss=0.0378  val_mf1=0.1946
  best ep 1  val_mf1=0.2277  (219s)  TEST mf1=0.2763  wf1=0.8087  acc=0.8105

[11/12]

==== cnn_tl × 7c × B2 ====
  Train N=5287  img_shape=(224, 224, 3)  augment=False  lr=0.0001
  class counts train: [4526, 416, 287, 27, 2, 13, 16]
  ep   1  loss=0.5206  val_mf1=0.2354
  ep   5  loss=0.0651  val_mf1=0.2062
  ep  10  loss=0.0451  val_mf1=0.2025
  ep  15  loss=0.0278  val_mf1=0.1617
  best ep 1  val_mf1=0.2354  (242s)  TEST mf1=0.2964  wf1=0.8164  acc=0.8030

[12/12]

==== cnn_tl × 7c × B3 ====
  Train N=5287  img_shape=(224, 224, 3)  augment=True  lr=0.0001
  class counts train: [4526, 416, 287, 27, 2, 13, 16]
  ep   1  loss=0.7337  val_mf1=0.2870
  ep   5  loss=0.1801  val_mf1=0.2453
  ep  10  loss=0.1238  val_mf1=0.2448
  ep  15  loss=0.0927  val_mf1=0.2432
  best ep 1  val_mf1=0.2870  (233s)  TEST mf1=0.2833  wf1=0.7943  acc=0.7750
Saved: /mnt/extended-home/fitra_dosen/2025_iris_fer_taufik/MultimodalEmoLearn/models/frontonly_conf60/3class/Unified/cnn_scratch/results.json
Saved: /mnt/extended-home/fitra_dosen/2025_iris_fer_taufik/MultimodalEmoLearn/models/frontonly_conf60/3class/Unified/cnn_tl/results.json
Saved: /mnt/extended-home/fitra_dosen/2025_iris_fer_taufik/MultimodalEmoLearn/models/frontonly_conf60/7class/Unified/cnn_scratch/results.json
Saved: /mnt/extended-home/fitra_dosen/2025_iris_fer_taufik/MultimodalEmoLearn/models/frontonly_conf60/7class/Unified/cnn_tl/results.json

================================================================================
SUMMARY: Unified protocol image-based macro_f1
================================================================================
  scheme  arch                B1        B2        B3
  3c     cnn_scratch     0.5095    0.4124    0.5700
  3c     cnn_tl          0.6348    0.7107    0.6911
  7c     cnn_scratch     0.2432    0.1903    0.2582
  7c     cnn_tl          0.2763    0.2964    0.2833
