Device: cuda
Total runs: 24

[1/24]

==== fusion_early_scratch × 3c × B1 ====
  Train N=5287  augment=False  lr=0.001
  class counts train: [432, 4526, 329]
  ep   1  loss=0.5199  val_mf1=0.3004
  ep   5  loss=0.3679  val_mf1=0.3454
  ep  10  loss=0.3059  val_mf1=0.4199
  ep  15  loss=0.2621  val_mf1=0.4090
  ep  20  loss=0.2262  val_mf1=0.3758
  ep  25  loss=0.2093  val_mf1=0.4122
  best ep 13  val_mf1=0.5037  (1208s)  TEST mf1=0.5937  wf1=0.8011  acc=0.8105

[2/24]

==== fusion_early_scratch × 3c × B2 ====
  Train N=5287  augment=False  lr=0.001
  class counts train: [432, 4526, 329]
  ep   1  loss=0.9473  val_mf1=0.3455
  ep   5  loss=0.5012  val_mf1=0.3990
  ep  10  loss=0.2653  val_mf1=0.3311
  ep  15  loss=0.1762  val_mf1=0.3823
  best ep 2  val_mf1=0.4210  (758s)  TEST mf1=0.4464  wf1=0.5909  acc=0.5533

[3/24]

==== fusion_early_scratch × 3c × B3 ====
  Train N=5287  augment=True  lr=0.001
  class counts train: [432, 4526, 329]
  ep   1  loss=1.0177  val_mf1=0.4009
  ep   5  loss=0.7602  val_mf1=0.3899
  ep  10  loss=0.6268  val_mf1=0.4015
  ep  15  loss=0.5270  val_mf1=0.5586
  ep  20  loss=0.4722  val_mf1=0.4831
  ep  25  loss=0.4020  val_mf1=0.5388
  ep  30  loss=0.3465  val_mf1=0.5272
  ep  35  loss=0.3346  val_mf1=0.5225
  best ep 23  val_mf1=0.5778  (1700s)  TEST mf1=0.6217  wf1=0.8171  acc=0.8019

[4/24]

==== fusion_early_tl × 3c × B1 ====
  Train N=5287  augment=False  lr=0.0001
  class counts train: [432, 4526, 329]
  ep   1  loss=0.5729  val_mf1=0.4382
  ep   5  loss=0.1231  val_mf1=0.4525
  ep  10  loss=0.0420  val_mf1=0.3689
  ep  15  loss=0.0092  val_mf1=0.3936
  best ep 4  val_mf1=0.5451  (387s)  TEST mf1=0.5099  wf1=0.7241  acc=0.7158

[5/24]

==== fusion_early_tl × 3c × B2 ====
  Train N=5287  augment=False  lr=0.0001
  class counts train: [432, 4526, 329]
  ep   1  loss=0.4625  val_mf1=0.5285
  ep   5  loss=0.0879  val_mf1=0.4808
  ep  10  loss=0.0501  val_mf1=0.3982
  ep  15  loss=0.0312  val_mf1=0.5133
  best ep 3  val_mf1=0.5295  (364s)  TEST mf1=0.6609  wf1=0.8334  acc=0.8288

[6/24]

==== fusion_early_tl × 3c × B3 ====
  Train N=5287  augment=True  lr=0.0001
  class counts train: [432, 4526, 329]
  ep   1  loss=0.6008  val_mf1=0.5128
  ep   5  loss=0.2312  val_mf1=0.4967
  ep  10  loss=0.1552  val_mf1=0.4904
  ep  15  loss=0.1062  val_mf1=0.4682
  best ep 2  val_mf1=0.5847  (349s)  TEST mf1=0.6903  wf1=0.8216  acc=0.8019

[7/24]

==== fusion_intermediate_scratch × 3c × B1 ====
  Train N=5287  augment=False  lr=0.001
  class counts train: [432, 4526, 329]
  ep   1  loss=0.5349  val_mf1=0.3354
  ep   5  loss=0.3633  val_mf1=0.4371
  ep  10  loss=0.3169  val_mf1=0.4380
  ep  15  loss=0.3002  val_mf1=0.4579
  best ep 4  val_mf1=0.5771  (818s)  TEST mf1=0.5050  wf1=0.7503  acc=0.7858

[8/24]

==== fusion_intermediate_scratch × 3c × B2 ====
  Train N=5287  augment=False  lr=0.001
  class counts train: [432, 4526, 329]
  ep   1  loss=1.0521  val_mf1=0.3721
  ep   5  loss=0.4585  val_mf1=0.5555
  ep  10  loss=0.2399  val_mf1=0.4833
  ep  15  loss=0.1524  val_mf1=0.3853
  ep  20  loss=0.1151  val_mf1=0.3717
  best ep 5  val_mf1=0.5555  (856s)  TEST mf1=0.5373  wf1=0.7773  acc=0.7675

[9/24]

==== fusion_intermediate_scratch × 3c × B3 ====
  Train N=5287  augment=True  lr=0.001
  class counts train: [432, 4526, 329]
  ep   1  loss=1.1128  val_mf1=0.3517
  ep   5  loss=0.7168  val_mf1=0.5432
  ep  10  loss=0.6346  val_mf1=0.5376
  ep  15  loss=0.5471  val_mf1=0.4455
  ep  20  loss=0.5186  val_mf1=0.5348
  ep  25  loss=0.4368  val_mf1=0.3847
  best ep 12  val_mf1=0.5479  (1133s)  TEST mf1=0.6041  wf1=0.7486  acc=0.7180

[10/24]

==== fusion_intermediate_tl × 3c × B1 ====
  Train N=5287  augment=False  lr=0.0001
  class counts train: [432, 4526, 329]
  ep   1  loss=0.6367  val_mf1=0.3171
  ep   5  loss=0.2274  val_mf1=0.3601
  ep  10  loss=0.0799  val_mf1=0.3833
  ep  15  loss=0.0490  val_mf1=0.4513
  best ep 3  val_mf1=0.5063  (378s)  TEST mf1=0.6290  wf1=0.7323  acc=0.7115

[11/24]

==== fusion_intermediate_tl × 3c × B2 ====
  Train N=5287  augment=False  lr=0.0001
  class counts train: [432, 4526, 329]
  ep   1  loss=0.8291  val_mf1=0.5140
  ep   5  loss=0.1287  val_mf1=0.5290
  ep  10  loss=0.0578  val_mf1=0.4724
  ep  15  loss=0.0673  val_mf1=0.3843
  best ep 2  val_mf1=0.5629  (355s)  TEST mf1=0.6878  wf1=0.8228  acc=0.8127

[12/24]

==== fusion_intermediate_tl × 3c × B3 ====
  Train N=5287  augment=True  lr=0.0001
  class counts train: [432, 4526, 329]
  ep   1  loss=0.9141  val_mf1=0.5451
  ep   5  loss=0.3231  val_mf1=0.5077
  ep  10  loss=0.1749  val_mf1=0.5253
  ep  15  loss=0.1375  val_mf1=0.4959
  ep  20  loss=0.1144  val_mf1=0.4704
  ep  25  loss=0.0846  val_mf1=0.4478
  best ep 13  val_mf1=0.5703  (613s)  TEST mf1=0.6910  wf1=0.8518  acc=0.8504

[13/24]

==== fusion_early_scratch × 7c × B1 ====
  Train N=5287  augment=False  lr=0.001
  class counts train: [4526, 416, 287, 27, 2, 13, 16]
  ep   1  loss=0.6326  val_mf1=0.1382
  ep   5  loss=0.4063  val_mf1=0.1289
  ep  10  loss=0.3589  val_mf1=0.1292
  ep  15  loss=0.3055  val_mf1=0.1341
  ep  20  loss=0.2673  val_mf1=0.1576
  ep  25  loss=0.2401  val_mf1=0.1776
  ep  30  loss=0.1958  val_mf1=0.1902
  ep  35  loss=0.1761  val_mf1=0.1791
  ep  40  loss=0.1471  val_mf1=0.1871
  ep  45  loss=0.1197  val_mf1=0.2018
  best ep 33  val_mf1=0.2393  (2140s)  TEST mf1=0.2365  wf1=0.7914  acc=0.8138

[14/24]

==== fusion_early_scratch × 7c × B2 ====
  Train N=5287  augment=False  lr=0.001
  class counts train: [4526, 416, 287, 27, 2, 13, 16]
  ep   1  loss=1.1740  val_mf1=0.1478
  ep   5  loss=0.2797  val_mf1=0.1527
  ep  10  loss=0.1479  val_mf1=0.1402
  ep  15  loss=0.1346  val_mf1=0.1476
  ep  20  loss=0.0956  val_mf1=0.1613
  best ep 9  val_mf1=0.1842  (1053s)  TEST mf1=0.2175  wf1=0.6747  acc=0.6566

[15/24]

==== fusion_early_scratch × 7c × B3 ====
  Train N=5287  augment=True  lr=0.001
  class counts train: [4526, 416, 287, 27, 2, 13, 16]
  ep   1  loss=1.4679  val_mf1=0.1043
  ep   5  loss=0.5836  val_mf1=0.1297
  ep  10  loss=0.4168  val_mf1=0.2352
  ep  15  loss=0.3471  val_mf1=0.2313
  ep  20  loss=0.3033  val_mf1=0.2232
  ep  25  loss=0.2645  val_mf1=0.2225
  ep  30  loss=0.2517  val_mf1=0.2711
  ep  35  loss=0.2130  val_mf1=0.2491
  ep  40  loss=0.2115  val_mf1=0.2290
  ep  45  loss=0.1799  val_mf1=0.2452
  ep  50  loss=0.1704  val_mf1=0.2307
  best ep 42  val_mf1=0.2962  (2239s)  TEST mf1=0.2599  wf1=0.7615  acc=0.7330

[16/24]

==== fusion_early_tl × 7c × B1 ====
  Train N=5287  augment=False  lr=0.0001
  class counts train: [4526, 416, 287, 27, 2, 13, 16]
  ep   1  loss=1.0111  val_mf1=0.2066
  ep   5  loss=0.1546  val_mf1=0.1446
  ep  10  loss=0.0429  val_mf1=0.1450
  ep  15  loss=0.0316  val_mf1=0.1856
  best ep 3  val_mf1=0.2269  (369s)  TEST mf1=0.2906  wf1=0.8266  acc=0.8256

[17/24]

==== fusion_early_tl × 7c × B2 ====
  Train N=5287  augment=False  lr=0.0001
  class counts train: [4526, 416, 287, 27, 2, 13, 16]
  ep   1  loss=0.5387  val_mf1=0.2321
  ep   5  loss=0.0769  val_mf1=0.2232
  ep  10  loss=0.0412  val_mf1=0.1918
  ep  15  loss=0.0257  val_mf1=0.2022
  best ep 1  val_mf1=0.2321  (327s)  TEST mf1=0.2882  wf1=0.7796  acc=0.7621

[18/24]

==== fusion_early_tl × 7c × B3 ====
  Train N=5287  augment=True  lr=0.0001
  class counts train: [4526, 416, 287, 27, 2, 13, 16]
  ep   1  loss=0.7454  val_mf1=0.2665
  ep   5  loss=0.1771  val_mf1=0.2341
  ep  10  loss=0.1112  val_mf1=0.2232
  ep  15  loss=0.0949  val_mf1=0.2515
  ep  20  loss=0.0768  val_mf1=0.2081
  ep  25  loss=0.0552  val_mf1=0.2224
  best ep 12  val_mf1=0.2850  (562s)  TEST mf1=0.2907  wf1=0.8282  acc=0.8235

[19/24]

==== fusion_intermediate_scratch × 7c × B1 ====
  Train N=5287  augment=False  lr=0.001
  class counts train: [4526, 416, 287, 27, 2, 13, 16]
  ep   1  loss=0.6923  val_mf1=0.1905
  ep   5  loss=0.4177  val_mf1=0.1958
  ep  10  loss=0.3659  val_mf1=0.1717
  ep  15  loss=0.3349  val_mf1=0.1495
  ep  20  loss=0.3108  val_mf1=0.1603
  ep  25  loss=0.2771  val_mf1=0.2340
  best ep 12  val_mf1=0.2514  (1172s)  TEST mf1=0.1914  wf1=0.6589  acc=0.6448

[20/24]

==== fusion_intermediate_scratch × 7c × B2 ====
  Train N=5287  augment=False  lr=0.001
  class counts train: [4526, 416, 287, 27, 2, 13, 16]
  ep   1  loss=1.5617  val_mf1=0.0495
  ep   5  loss=0.3467  val_mf1=0.2589
  ep  10  loss=0.2030  val_mf1=0.2315
  ep  15  loss=0.1519  val_mf1=0.2307
  ep  20  loss=0.1147  val_mf1=0.1970
  best ep 5  val_mf1=0.2589  (856s)  TEST mf1=0.2554  wf1=0.8101  acc=0.8116

[21/24]

==== fusion_intermediate_scratch × 7c × B3 ====
  Train N=5287  augment=True  lr=0.001
  class counts train: [4526, 416, 287, 27, 2, 13, 16]
  ep   1  loss=1.7578  val_mf1=0.0081
  ep   5  loss=0.7398  val_mf1=0.1520
  ep  10  loss=0.4876  val_mf1=0.1726
  ep  15  loss=0.4187  val_mf1=0.2395
  ep  20  loss=0.3362  val_mf1=0.1920
  ep  25  loss=0.3154  val_mf1=0.2465
  ep  30  loss=0.2808  val_mf1=0.2333
  ep  35  loss=0.2431  val_mf1=0.2194
  ep  40  loss=0.2362  val_mf1=0.2495
  ep  45  loss=0.2124  val_mf1=0.2182
  best ep 34  val_mf1=0.2591  (2069s)  TEST mf1=0.2455  wf1=0.7809  acc=0.7772

[22/24]

==== fusion_intermediate_tl × 7c × B1 ====
  Train N=5287  augment=False  lr=0.0001
  class counts train: [4526, 416, 287, 27, 2, 13, 16]
  ep   1  loss=1.2004  val_mf1=0.1289
  ep   5  loss=0.2868  val_mf1=0.1999
  ep  10  loss=0.1487  val_mf1=0.1926
  ep  15  loss=0.0755  val_mf1=0.1880
  best ep 4  val_mf1=0.2516  (416s)  TEST mf1=0.2722  wf1=0.7939  acc=0.7869

[23/24]

==== fusion_intermediate_tl × 7c × B2 ====
  Train N=5287  augment=False  lr=0.0001
  class counts train: [4526, 416, 287, 27, 2, 13, 16]
  ep   1  loss=1.4058  val_mf1=0.1642
  ep   5  loss=0.1710  val_mf1=0.2722
  ep  10  loss=0.0885  val_mf1=0.2427
  ep  15  loss=0.0786  val_mf1=0.2252
  best ep 4  val_mf1=0.2731  (412s)  TEST mf1=0.2733  wf1=0.7573  acc=0.7374

[24/24]

==== fusion_intermediate_tl × 7c × B3 ====
  Train N=5287  augment=True  lr=0.0001
  class counts train: [4526, 416, 287, 27, 2, 13, 16]
  ep   1  loss=1.5877  val_mf1=0.1908
  ep   5  loss=0.3047  val_mf1=0.2545
  ep  10  loss=0.1877  val_mf1=0.2635
  ep  15  loss=0.1528  val_mf1=0.2557
  ep  20  loss=0.1307  val_mf1=0.2163
  best ep 6  val_mf1=0.2792  (458s)  TEST mf1=0.3012  wf1=0.8167  acc=0.8052
Saved: /mnt/extended-home/fitra_dosen/2025_iris_fer_taufik/MultimodalEmoLearn/models/frontonly_conf60/3class/Unified/fusion_early_scratch/results.json
Saved: /mnt/extended-home/fitra_dosen/2025_iris_fer_taufik/MultimodalEmoLearn/models/frontonly_conf60/3class/Unified/fusion_early_tl/results.json
Saved: /mnt/extended-home/fitra_dosen/2025_iris_fer_taufik/MultimodalEmoLearn/models/frontonly_conf60/3class/Unified/fusion_intermediate_scratch/results.json
Saved: /mnt/extended-home/fitra_dosen/2025_iris_fer_taufik/MultimodalEmoLearn/models/frontonly_conf60/3class/Unified/fusion_intermediate_tl/results.json
Saved: /mnt/extended-home/fitra_dosen/2025_iris_fer_taufik/MultimodalEmoLearn/models/frontonly_conf60/7class/Unified/fusion_early_scratch/results.json
Saved: /mnt/extended-home/fitra_dosen/2025_iris_fer_taufik/MultimodalEmoLearn/models/frontonly_conf60/7class/Unified/fusion_early_tl/results.json
Saved: /mnt/extended-home/fitra_dosen/2025_iris_fer_taufik/MultimodalEmoLearn/models/frontonly_conf60/7class/Unified/fusion_intermediate_scratch/results.json
Saved: /mnt/extended-home/fitra_dosen/2025_iris_fer_taufik/MultimodalEmoLearn/models/frontonly_conf60/7class/Unified/fusion_intermediate_tl/results.json

==========================================================================================
SUMMARY: Unified protocol fusion macro_f1
==========================================================================================
  scheme  fusion         variant         B1        B2        B3
  3c     early          scratch     0.5937    0.4464    0.6217
  3c     early          tl          0.5099    0.6609    0.6903
  3c     intermediate   scratch     0.5050    0.5373    0.6041
  3c     intermediate   tl          0.6290    0.6878    0.6910
  7c     early          scratch     0.2365    0.2175    0.2599
  7c     early          tl          0.2906    0.2882    0.2907
  7c     intermediate   scratch     0.1914    0.2554    0.2455
  7c     intermediate   tl          0.2722    0.2733    0.3012
