Device: cuda
DATA_DIR: /mnt/extended-home/fitra_dosen/2025_iris_fer_taufik/MultimodalEmoLearn/data/dataset_frontonly_conf60
Output: /mnt/extended-home/fitra_dosen/2025_iris_fer_taufik/MultimodalEmoLearn/models/frontonly_conf60
Total runs: 24

[1/24]

==== fusion_early_scratch × 3c × B1 × lm=faceapi ====
  Train N=5287  augment=False  lr=0.001
  class counts train: [432, 4526, 329]
  ep   1  loss=0.5098  val_mf1=0.3195
  ep   5  loss=0.3708  val_mf1=0.3203
  ep  10  loss=0.3214  val_mf1=0.3194
  ep  15  loss=0.2851  val_mf1=0.3497
  ep  20  loss=0.2508  val_mf1=0.3305
  ep  25  loss=0.2224  val_mf1=0.4434
  ep  30  loss=0.1811  val_mf1=0.3866
  ep  35  loss=0.1652  val_mf1=0.3815
  ep  40  loss=0.1399  val_mf1=0.3837
  best ep 25  val_mf1=0.4434  (1514s)  TEST mf1=0.5368  wf1=0.7846  acc=0.8019

[2/24]

==== fusion_early_scratch × 3c × B2 × lm=faceapi ====
  Train N=5287  augment=False  lr=0.001
  class counts train: [432, 4526, 329]
  ep   1  loss=0.9546  val_mf1=0.3852
  ep   5  loss=0.5127  val_mf1=0.3918
  ep  10  loss=0.2713  val_mf1=0.3961
  ep  15  loss=0.1834  val_mf1=0.3692
  best ep 4  val_mf1=0.4407  (708s)  TEST mf1=0.4483  wf1=0.6563  acc=0.6308

[3/24]

==== fusion_early_scratch × 3c × B3 × lm=faceapi ====
  Train N=5287  augment=True  lr=0.001
  class counts train: [432, 4526, 329]
  ep   1  loss=1.0225  val_mf1=0.4758
  ep   5  loss=0.7814  val_mf1=0.4131
  ep  10  loss=0.6310  val_mf1=0.3684
  ep  15  loss=0.5330  val_mf1=0.5119
  ep  20  loss=0.4736  val_mf1=0.4008
  ep  25  loss=0.4105  val_mf1=0.4541
  ep  30  loss=0.3558  val_mf1=0.5052
  ep  35  loss=0.3415  val_mf1=0.4758
  ep  40  loss=0.3061  val_mf1=0.4446
  ep  45  loss=0.2772  val_mf1=0.4708
  best ep 31  val_mf1=0.5465  (1744s)  TEST mf1=0.6078  wf1=0.8132  acc=0.8009

[4/24]

==== fusion_early_tl × 3c × B1 × lm=faceapi ====
  Train N=5287  augment=False  lr=0.0001
  class counts train: [432, 4526, 329]
  ep   1  loss=0.5725  val_mf1=0.3975
  ep   5  loss=0.1233  val_mf1=0.4838
  ep  10  loss=0.0517  val_mf1=0.4119
  ep  15  loss=0.0091  val_mf1=0.4207
  ep  20  loss=0.0096  val_mf1=0.3956
  best ep 6  val_mf1=0.5209  (386s)  TEST mf1=0.6494  wf1=0.7920  acc=0.7858

[5/24]

==== fusion_early_tl × 3c × B2 × lm=faceapi ====
  Train N=5287  augment=False  lr=0.0001
  class counts train: [432, 4526, 329]
  ep   1  loss=0.4647  val_mf1=0.5313
  ep   5  loss=0.0743  val_mf1=0.4515
  ep  10  loss=0.0490  val_mf1=0.4177
  ep  15  loss=0.0210  val_mf1=0.3611
  best ep 1  val_mf1=0.5313  (295s)  TEST mf1=0.6942  wf1=0.8281  acc=0.8159

[6/24]

==== fusion_early_tl × 3c × B3 × lm=faceapi ====
  Train N=5287  augment=True  lr=0.0001
  class counts train: [432, 4526, 329]
  ep   1  loss=0.6013  val_mf1=0.5218
  ep   5  loss=0.2215  val_mf1=0.5174
  ep  10  loss=0.1614  val_mf1=0.4646
  ep  15  loss=0.1048  val_mf1=0.3817
  best ep 2  val_mf1=0.5610  (313s)  TEST mf1=0.6663  wf1=0.8152  acc=0.7987

[7/24]

==== fusion_intermediate_scratch × 3c × B1 × lm=faceapi ====
  Train N=5287  augment=False  lr=0.001
  class counts train: [432, 4526, 329]
  ep   1  loss=0.4982  val_mf1=0.5042
  ep   5  loss=0.3129  val_mf1=0.6933
  ep  10  loss=0.2691  val_mf1=0.4222
  ep  15  loss=0.2383  val_mf1=0.6270
  ep  20  loss=0.2260  val_mf1=0.7025
  ep  25  loss=0.1971  val_mf1=0.6825
  ep  30  loss=0.1733  val_mf1=0.5601
  ep  35  loss=0.1454  val_mf1=0.6227
  best ep 20  val_mf1=0.7025  (1288s)  TEST mf1=0.7370  wf1=0.8700  acc=0.8676

[8/24]

==== fusion_intermediate_scratch × 3c × B2 × lm=faceapi ====
  Train N=5287  augment=False  lr=0.001
  class counts train: [432, 4526, 329]
  ep   1  loss=0.9270  val_mf1=0.2244
  ep   5  loss=0.4272  val_mf1=0.6456
  ep  10  loss=0.2478  val_mf1=0.6694
  ep  15  loss=0.1580  val_mf1=0.5079
  ep  20  loss=0.1133  val_mf1=0.5695
  ep  25  loss=0.0843  val_mf1=0.5439
  best ep 10  val_mf1=0.6694  (901s)  TEST mf1=0.6548  wf1=0.8369  acc=0.8299

[9/24]

==== fusion_intermediate_scratch × 3c × B3 × lm=faceapi ====
  Train N=5287  augment=True  lr=0.001
  class counts train: [432, 4526, 329]
  ep   1  loss=1.0371  val_mf1=0.1700
  ep   5  loss=0.5961  val_mf1=0.6685
  ep  10  loss=0.5314  val_mf1=0.6517
  ep  15  loss=0.4769  val_mf1=0.6167
  ep  20  loss=0.4197  val_mf1=0.4916
  best ep 5  val_mf1=0.6685  (723s)  TEST mf1=0.6390  wf1=0.7480  acc=0.7244

[10/24]

==== fusion_intermediate_tl × 3c × B1 × lm=faceapi ====
  Train N=5287  augment=False  lr=0.0001
  class counts train: [432, 4526, 329]
  ep   1  loss=0.6402  val_mf1=0.3574
  ep   5  loss=0.2217  val_mf1=0.4120
  ep  10  loss=0.0852  val_mf1=0.5450
  ep  15  loss=0.0393  val_mf1=0.4712
  ep  20  loss=0.0439  val_mf1=0.5282
  ep  25  loss=0.0324  val_mf1=0.3953
  best ep 12  val_mf1=0.5738  (558s)  TEST mf1=0.6935  wf1=0.8462  acc=0.8439

[11/24]

==== fusion_intermediate_tl × 3c × B2 × lm=faceapi ====
  Train N=5287  augment=False  lr=0.0001
  class counts train: [432, 4526, 329]
  ep   1  loss=0.8241  val_mf1=0.5237
  ep   5  loss=0.1470  val_mf1=0.5113
  ep  10  loss=0.0718  val_mf1=0.4878
  ep  15  loss=0.0536  val_mf1=0.4542
  best ep 2  val_mf1=0.5413  (507s)  TEST mf1=0.7177  wf1=0.8376  acc=0.8288

[12/24]

==== fusion_intermediate_tl × 3c × B3 × lm=faceapi ====
  Train N=5287  augment=True  lr=0.0001
  class counts train: [432, 4526, 329]
  ep   1  loss=0.8993  val_mf1=0.5885
  ep   5  loss=0.3285  val_mf1=0.4772
  ep  10  loss=0.1791  val_mf1=0.5396
  ep  15  loss=0.1544  val_mf1=0.4850
  best ep 1  val_mf1=0.5885  (475s)  TEST mf1=0.6937  wf1=0.8042  acc=0.7858

[13/24]

==== fusion_early_scratch × 7c × B1 × lm=faceapi ====
  Train N=5287  augment=False  lr=0.001
  class counts train: [4526, 416, 287, 27, 2, 13, 16]
  ep   1  loss=0.6305  val_mf1=0.1291
  ep   5  loss=0.4132  val_mf1=0.1286
  ep  10  loss=0.3400  val_mf1=0.1781
  ep  15  loss=0.2941  val_mf1=0.2176
  ep  20  loss=0.2490  val_mf1=0.1897
  ep  25  loss=0.2234  val_mf1=0.1708
  ep  30  loss=0.1915  val_mf1=0.1876
  ep  35  loss=0.1474  val_mf1=0.1683
  best ep 24  val_mf1=0.2296  (2318s)  TEST mf1=0.2250  wf1=0.7624  acc=0.7987

[14/24]

==== fusion_early_scratch × 7c × B2 × lm=faceapi ====
  Train N=5287  augment=False  lr=0.001
  class counts train: [4526, 416, 287, 27, 2, 13, 16]
  ep   1  loss=1.1776  val_mf1=0.1667
  ep   5  loss=0.2859  val_mf1=0.1922
  ep  10  loss=0.1521  val_mf1=0.1486
  ep  15  loss=0.1315  val_mf1=0.1644
  ep  20  loss=0.0924  val_mf1=0.1515
  best ep 8  val_mf1=0.1953  (1384s)  TEST mf1=0.1799  wf1=0.5488  acc=0.5145

[15/24]

==== fusion_early_scratch × 7c × B3 × lm=faceapi ====
  Train N=5287  augment=True  lr=0.001
  class counts train: [4526, 416, 287, 27, 2, 13, 16]
  ep   1  loss=1.4775  val_mf1=0.0692
  ep   5  loss=0.5843  val_mf1=0.1172
  ep  10  loss=0.3967  val_mf1=0.1999
  ep  15  loss=0.3573  val_mf1=0.2267
  ep  20  loss=0.2949  val_mf1=0.2252
  ep  25  loss=0.2704  val_mf1=0.2364
  ep  30  loss=0.2448  val_mf1=0.2502
  ep  35  loss=0.2107  val_mf1=0.2599
  ep  40  loss=0.2016  val_mf1=0.2242
  ep  45  loss=0.1836  val_mf1=0.2491
  ep  50  loss=0.1612  val_mf1=0.2489
  best ep 36  val_mf1=0.2721  (3215s)  TEST mf1=0.2545  wf1=0.7589  acc=0.7374

[16/24]

==== fusion_early_tl × 7c × B1 × lm=faceapi ====
  Train N=5287  augment=False  lr=0.0001
  class counts train: [4526, 416, 287, 27, 2, 13, 16]
  ep   1  loss=1.0150  val_mf1=0.1943
  ep   5  loss=0.1567  val_mf1=0.1499
  ep  10  loss=0.0588  val_mf1=0.1447
  ep  15  loss=0.0337  val_mf1=0.1734
  best ep 3  val_mf1=0.2093  (515s)  TEST mf1=0.2655  wf1=0.8182  acc=0.8278

[17/24]

==== fusion_early_tl × 7c × B2 × lm=faceapi ====
  Train N=5287  augment=False  lr=0.0001
  class counts train: [4526, 416, 287, 27, 2, 13, 16]
  ep   1  loss=0.5380  val_mf1=0.2278
  ep   5  loss=0.0707  val_mf1=0.2218
  ep  10  loss=0.0445  val_mf1=0.2037
  ep  15  loss=0.0249  val_mf1=0.2319
  ep  20  loss=0.0317  val_mf1=0.1736
  ep  25  loss=0.0149  val_mf1=0.1679
  best ep 12  val_mf1=0.2434  (767s)  TEST mf1=0.2973  wf1=0.8250  acc=0.8181

[18/24]

==== fusion_early_tl × 7c × B3 × lm=faceapi ====
  Train N=5287  augment=True  lr=0.0001
  class counts train: [4526, 416, 287, 27, 2, 13, 16]
  ep   1  loss=0.7453  val_mf1=0.2630
  ep   5  loss=0.1732  val_mf1=0.2409
  ep  10  loss=0.1097  val_mf1=0.2473
  ep  15  loss=0.0813  val_mf1=0.2373
  ep  20  loss=0.0739  val_mf1=0.2079
  ep  25  loss=0.0608  val_mf1=0.2201
  ep  30  loss=0.0576  val_mf1=0.2318
  ep  35  loss=0.0471  val_mf1=0.2350
  ep  40  loss=0.0512  val_mf1=0.2549
  best ep 26  val_mf1=0.2735  (775s)  TEST mf1=0.3024  wf1=0.8530  acc=0.8396

[19/24]

==== fusion_intermediate_scratch × 7c × B1 × lm=faceapi ====
  Train N=5287  augment=False  lr=0.001
  class counts train: [4526, 416, 287, 27, 2, 13, 16]
  ep   1  loss=0.6615  val_mf1=0.1638
  ep   5  loss=0.3512  val_mf1=0.1703
  ep  10  loss=0.2947  val_mf1=0.3084
  ep  15  loss=0.2394  val_mf1=0.3010
  ep  20  loss=0.2043  val_mf1=0.2182
  ep  25  loss=0.1652  val_mf1=0.2375
  ep  30  loss=0.1361  val_mf1=0.2764
  best ep 17  val_mf1=0.3154  (1155s)  TEST mf1=0.2516  wf1=0.8270  acc=0.8428

[20/24]

==== fusion_intermediate_scratch × 7c × B2 × lm=faceapi ====
  Train N=5287  augment=False  lr=0.001
  class counts train: [4526, 416, 287, 27, 2, 13, 16]
  ep   1  loss=1.4579  val_mf1=0.1636
  ep   5  loss=0.3660  val_mf1=0.2401
  ep  10  loss=0.2056  val_mf1=0.2468
  ep  15  loss=0.1586  val_mf1=0.2224
  ep  20  loss=0.1077  val_mf1=0.2753
  ep  25  loss=0.1119  val_mf1=0.3097
  best ep 11  val_mf1=0.3221  (951s)  TEST mf1=0.3158  wf1=0.8677  acc=0.8579

[21/24]

==== fusion_intermediate_scratch × 7c × B3 × lm=faceapi ====
  Train N=5287  augment=True  lr=0.001
  class counts train: [4526, 416, 287, 27, 2, 13, 16]
  ep   1  loss=1.6547  val_mf1=0.0714
  ep   5  loss=0.5556  val_mf1=0.2627
  ep  10  loss=0.4074  val_mf1=0.1591
  ep  15  loss=0.3151  val_mf1=0.2364
  ep  20  loss=0.2570  val_mf1=0.2115
  ep  25  loss=0.2478  val_mf1=0.2415
  ep  30  loss=0.2269  val_mf1=0.2884
  ep  35  loss=0.1880  val_mf1=0.2520
  ep  40  loss=0.1945  val_mf1=0.3213
  ep  45  loss=0.1573  val_mf1=0.2826
  ep  50  loss=0.1598  val_mf1=0.2988
  best ep 47  val_mf1=0.3769  (1835s)  TEST mf1=0.2794  wf1=0.7904  acc=0.7567

[22/24]

==== fusion_intermediate_tl × 7c × B1 × lm=faceapi ====
  Train N=5287  augment=False  lr=0.0001
  class counts train: [4526, 416, 287, 27, 2, 13, 16]
  ep   1  loss=1.1993  val_mf1=0.1449
  ep   5  loss=0.2814  val_mf1=0.2184
  ep  10  loss=0.1475  val_mf1=0.2040
  ep  15  loss=0.0808  val_mf1=0.1560
  ep  20  loss=0.0709  val_mf1=0.2408
  ep  25  loss=0.0548  val_mf1=0.1974
  ep  30  loss=0.0331  val_mf1=0.1641
  best ep 18  val_mf1=0.2540  (622s)  TEST mf1=0.2944  wf1=0.8354  acc=0.8267

[23/24]

==== fusion_intermediate_tl × 7c × B2 × lm=faceapi ====
  Train N=5287  augment=False  lr=0.0001
  class counts train: [4526, 416, 287, 27, 2, 13, 16]
  ep   1  loss=1.3977  val_mf1=0.1431
  ep   5  loss=0.1713  val_mf1=0.2545
  ep  10  loss=0.0796  val_mf1=0.2549
  ep  15  loss=0.0759  val_mf1=0.1927
  best ep 3  val_mf1=0.2699  (346s)  TEST mf1=0.3023  wf1=0.8260  acc=0.8138

[24/24]

==== fusion_intermediate_tl × 7c × B3 × lm=faceapi ====
  Train N=5287  augment=True  lr=0.0001
  class counts train: [4526, 416, 287, 27, 2, 13, 16]
  ep   1  loss=1.5585  val_mf1=0.2066
  ep   5  loss=0.3046  val_mf1=0.2590
  ep  10  loss=0.1846  val_mf1=0.2156
  ep  15  loss=0.1540  val_mf1=0.2583
  ep  20  loss=0.1163  val_mf1=0.2381
  ep  25  loss=0.0851  val_mf1=0.2265
  ep  30  loss=0.0790  val_mf1=0.2342
  ep  35  loss=0.0765  val_mf1=0.2659
  best ep 21  val_mf1=0.2769  (691s)  TEST mf1=0.2447  wf1=0.7704  acc=0.7664
Saved: /mnt/extended-home/fitra_dosen/2025_iris_fer_taufik/MultimodalEmoLearn/models/frontonly_conf60/3class/Unified/fusion_early_scratch_faceapi/results.json
Saved: /mnt/extended-home/fitra_dosen/2025_iris_fer_taufik/MultimodalEmoLearn/models/frontonly_conf60/3class/Unified/fusion_early_tl_faceapi/results.json
Saved: /mnt/extended-home/fitra_dosen/2025_iris_fer_taufik/MultimodalEmoLearn/models/frontonly_conf60/3class/Unified/fusion_intermediate_scratch_faceapi/results.json
Saved: /mnt/extended-home/fitra_dosen/2025_iris_fer_taufik/MultimodalEmoLearn/models/frontonly_conf60/3class/Unified/fusion_intermediate_tl_faceapi/results.json
Saved: /mnt/extended-home/fitra_dosen/2025_iris_fer_taufik/MultimodalEmoLearn/models/frontonly_conf60/7class/Unified/fusion_early_scratch_faceapi/results.json
Saved: /mnt/extended-home/fitra_dosen/2025_iris_fer_taufik/MultimodalEmoLearn/models/frontonly_conf60/7class/Unified/fusion_early_tl_faceapi/results.json
Saved: /mnt/extended-home/fitra_dosen/2025_iris_fer_taufik/MultimodalEmoLearn/models/frontonly_conf60/7class/Unified/fusion_intermediate_scratch_faceapi/results.json
Saved: /mnt/extended-home/fitra_dosen/2025_iris_fer_taufik/MultimodalEmoLearn/models/frontonly_conf60/7class/Unified/fusion_intermediate_tl_faceapi/results.json

====================================================================================================
SUMMARY: Unified protocol fusion macro_f1
====================================================================================================
  scheme  fusion         variant   lm_src            B1        B2        B3
  3c     early          scratch   faceapi       0.5368    0.4483    0.6078
  3c     early          tl        faceapi       0.6494    0.6942    0.6663
  3c     intermediate   scratch   faceapi       0.7370    0.6548    0.6390
  3c     intermediate   tl        faceapi       0.6935    0.7177    0.6937
  7c     early          scratch   faceapi       0.2250    0.1799    0.2545
  7c     early          tl        faceapi       0.2655    0.2973    0.3024
  7c     intermediate   scratch   faceapi       0.2516    0.3158    0.2794
  7c     intermediate   tl        faceapi       0.2944    0.3023    0.2447
=== FA fusion sweep done at $(date -Iseconds) ===
